Archive member included to satisfy reference by file (symbol)

/Applications/ArmGNUToolchain/14.2.rel1/arm-none-eabi/arm-none-eabi/lib/thumb/v6-m/nofp/libnosys.a(errno.o)
                              newlib_stubs.o (errno)
/Applications/ArmGNUToolchain/14.2.rel1/arm-none-eabi/lib/gcc/arm-none-eabi/14.2.1/thumb/v6-m/nofp/libgcc.a(_divsi3.o)
                              main.o (__aeabi_idiv)
/Applications/ArmGNUToolchain/14.2.rel1/arm-none-eabi/lib/gcc/arm-none-eabi/14.2.1/thumb/v6-m/nofp/libgcc.a(_dvmd_tls.o)
                              /Applications/ArmGNUToolchain/14.2.rel1/arm-none-eabi/lib/gcc/arm-none-eabi/14.2.1/thumb/v6-m/nofp/libgcc.a(_divsi3.o) (__aeabi_idiv0)
/Applications/ArmGNUToolchain/14.2.rel1/arm-none-eabi/lib/gcc/arm-none-eabi/14.2.1/thumb/v6-m/nofp/libgcc.a(_arm_cmpdf2.o)
                              main.o (__aeabi_dcmplt)
/Applications/ArmGNUToolchain/14.2.rel1/arm-none-eabi/lib/gcc/arm-none-eabi/14.2.1/thumb/v6-m/nofp/libgcc.a(_arm_cmpsf2.o)
                              main.o (__aeabi_fcmpeq)
/Applications/ArmGNUToolchain/14.2.rel1/arm-none-eabi/lib/gcc/arm-none-eabi/14.2.1/thumb/v6-m/nofp/libgcc.a(_floatdisf.o)
                              main.o (__aeabi_l2f)
/Applications/ArmGNUToolchain/14.2.rel1/arm-none-eabi/lib/gcc/arm-none-eabi/14.2.1/thumb/v6-m/nofp/libgcc.a(addsf3.o)
                              main.o (__aeabi_fadd)
/Applications/ArmGNUToolchain/14.2.rel1/arm-none-eabi/lib/gcc/arm-none-eabi/14.2.1/thumb/v6-m/nofp/libgcc.a(divsf3.o)
                              main.o (__aeabi_fdiv)
/Applications/ArmGNUToolchain/14.2.rel1/arm-none-eabi/lib/gcc/arm-none-eabi/14.2.1/thumb/v6-m/nofp/libgcc.a(eqsf2.o)
                              /Applications/ArmGNUToolchain/14.2.rel1/arm-none-eabi/lib/gcc/arm-none-eabi/14.2.1/thumb/v6-m/nofp/libgcc.a(_arm_cmpsf2.o) (__eqsf2)
/Applications/ArmGNUToolchain/14.2.rel1/arm-none-eabi/lib/gcc/arm-none-eabi/14.2.1/thumb/v6-m/nofp/libgcc.a(gesf2.o)
                              /Applications/ArmGNUToolchain/14.2.rel1/arm-none-eabi/lib/gcc/arm-none-eabi/14.2.1/thumb/v6-m/nofp/libgcc.a(_arm_cmpsf2.o) (__gesf2)
/Applications/ArmGNUToolchain/14.2.rel1/arm-none-eabi/lib/gcc/arm-none-eabi/14.2.1/thumb/v6-m/nofp/libgcc.a(lesf2.o)
                              /Applications/ArmGNUToolchain/14.2.rel1/arm-none-eabi/lib/gcc/arm-none-eabi/14.2.1/thumb/v6-m/nofp/libgcc.a(_arm_cmpsf2.o) (__lesf2)
/Applications/ArmGNUToolchain/14.2.rel1/arm-none-eabi/lib/gcc/arm-none-eabi/14.2.1/thumb/v6-m/nofp/libgcc.a(mulsf3.o)
                              main.o (__aeabi_fmul)
/Applications/ArmGNUToolchain/14.2.rel1/arm-none-eabi/lib/gcc/arm-none-eabi/14.2.1/thumb/v6-m/nofp/libgcc.a(subsf3.o)
                              main.o (__aeabi_fsub)
/Applications/ArmGNUToolchain/14.2.rel1/arm-none-eabi/lib/gcc/arm-none-eabi/14.2.1/thumb/v6-m/nofp/libgcc.a(fixsfsi.o)
                              main.o (__aeabi_f2iz)
/Applications/ArmGNUToolchain/14.2.rel1/arm-none-eabi/lib/gcc/arm-none-eabi/14.2.1/thumb/v6-m/nofp/libgcc.a(adddf3.o)
                              /Applications/ArmGNUToolchain/14.2.rel1/arm-none-eabi/lib/gcc/arm-none-eabi/14.2.1/thumb/v6-m/nofp/libgcc.a(_floatdisf.o) (__aeabi_dadd)
/Applications/ArmGNUToolchain/14.2.rel1/arm-none-eabi/lib/gcc/arm-none-eabi/14.2.1/thumb/v6-m/nofp/libgcc.a(divdf3.o)
                              motor_control.o (__aeabi_ddiv)
/Applications/ArmGNUToolchain/14.2.rel1/arm-none-eabi/lib/gcc/arm-none-eabi/14.2.1/thumb/v6-m/nofp/libgcc.a(eqdf2.o)
                              /Applications/ArmGNUToolchain/14.2.rel1/arm-none-eabi/lib/gcc/arm-none-eabi/14.2.1/thumb/v6-m/nofp/libgcc.a(_arm_cmpdf2.o) (__eqdf2)
/Applications/ArmGNUToolchain/14.2.rel1/arm-none-eabi/lib/gcc/arm-none-eabi/14.2.1/thumb/v6-m/nofp/libgcc.a(gedf2.o)
                              /Applications/ArmGNUToolchain/14.2.rel1/arm-none-eabi/lib/gcc/arm-none-eabi/14.2.1/thumb/v6-m/nofp/libgcc.a(_arm_cmpdf2.o) (__gedf2)
/Applications/ArmGNUToolchain/14.2.rel1/arm-none-eabi/lib/gcc/arm-none-eabi/14.2.1/thumb/v6-m/nofp/libgcc.a(ledf2.o)
                              /Applications/ArmGNUToolchain/14.2.rel1/arm-none-eabi/lib/gcc/arm-none-eabi/14.2.1/thumb/v6-m/nofp/libgcc.a(_arm_cmpdf2.o) (__ledf2)
/Applications/ArmGNUToolchain/14.2.rel1/arm-none-eabi/lib/gcc/arm-none-eabi/14.2.1/thumb/v6-m/nofp/libgcc.a(muldf3.o)
                              motor_control.o (__aeabi_dmul)
/Applications/ArmGNUToolchain/14.2.rel1/arm-none-eabi/lib/gcc/arm-none-eabi/14.2.1/thumb/v6-m/nofp/libgcc.a(floatsidf.o)
                              motor_control.o (__aeabi_i2d)
/Applications/ArmGNUToolchain/14.2.rel1/arm-none-eabi/lib/gcc/arm-none-eabi/14.2.1/thumb/v6-m/nofp/libgcc.a(floatunsidf.o)
                              /Applications/ArmGNUToolchain/14.2.rel1/arm-none-eabi/lib/gcc/arm-none-eabi/14.2.1/thumb/v6-m/nofp/libgcc.a(_floatdisf.o) (__aeabi_ui2d)
/Applications/ArmGNUToolchain/14.2.rel1/arm-none-eabi/lib/gcc/arm-none-eabi/14.2.1/thumb/v6-m/nofp/libgcc.a(extendsfdf2.o)
[...]
Memory Configuration

Name             Origin             Length             Attributes
flash            0x08000000         0x00010000
ram              0x20000000         0x00002000
*default*        0x00000000         0xffffffff

Linker script and memory map

LOAD main.o
LOAD UART2.o
LOAD startup.o
LOAD serial.o
LOAD newlib_stubs.o
LOAD adc.o
LOAD motor_control.o
LOAD /Applications/ArmGNUToolchain/14.2.rel1/arm-none-eabi/arm-none-eabi/lib/thumb/v6-m/nofp/libnosys.a
LOAD /Applications/ArmGNUToolchain/14.2.rel1/arm-none-eabi/lib/gcc/arm-none-eabi/14.2.1/thumb/v6-m/nofp/libgcc.a
START GROUP
LOAD /Applications/ArmGNUToolchain/14.2.rel1/arm-none-eabi/lib/gcc/arm-none-eabi/14.2.1/thumb/v6-m/nofp/libgcc.a
LOAD /Applications/ArmGNUToolchain/14.2.rel1/arm-none-eabi/arm-none-eabi/lib/thumb/v6-m/nofp/libc_nano.a
LOAD /Applications/ArmGNUToolchain/14.2.rel1/arm-none-eabi/arm-none-eabi/lib/thumb/v6-m/nofp/libm.a
END GROUP

.text           0x08000000     0x6f68
 *(.vectors)
 .vectors       0x08000000       0xb8 startup.o
                0x08000000                Vectors
 *(.after_vectors*)
 .after_vectors
                0x080000b8       0x28 startup.o
                0x080000b8                ResetInit
 *(.text*)
 .text          0x080000e0      0xcac main.o
                0x080000e0                waitms
                0x08000102                TIM2_Handler
                0x080001c8                Hardware_Init
                0x080003e8                SendATCommand
                0x08000460                ReceptionOff
                0x080004b8                GetPeriod
                0x080006a4                PrintNumber
                0x08000744                toggleMagnet
                0x08000780                pickCoin
                0x08000888                detectPerimeter
                0x080008e8                detectCoin
                0x08000ae0                main
 .text          0x08000d8c      0x5c8 UART2.o
                0x08000d8c                ReadCom2
                0x08000e00                WriteCom2
                0x08000ea0                initUART2
                0x08000fec                USART2_Handler
                0x08001018                usart_rx2
                0x08001048                usart_tx2
                0x080010b0                PutBuf2
                0x08001112                GetBuf2
                0x08001168                GetBufCount2
                0x0800117c                eputs2
                0x080011b8                eputc2
                0x080011d6                egetc2
                0x080011f0                egets2
                0x0800127c                ReceivedBytes2
                0x08001294                egetc_echo2
                0x080012ba                egets_echo2
 .text          0x08001354      0x1a8 startup.o
                0x080013cc                initClock
                0x080014d4                EXTI2_3_Handler
                0x080014d4                TIM21_Handler
                0x080014d4                SysTick_Handler
                0x080014d4                I2C1_Handler
                0x080014d4                PendSV_Handler
                0x080014d4                NMI_Handler
                0x080014d4                WWDG_Handler
                0x080014d4                RTC_Handler
                0x080014d4                EXTI4_15_Handler
                0x080014d4                DMA_CH4_5_6_7_Handler
                0x080014d4                Default_Handler
                0x080014d4                LPUART1_Handler
                0x080014d4                EXTI0_1_Handler
                0x080014d4                DMA_CH1_Handler
                0x080014d4                SPI2_Handler
                0x080014d4                DMA_CH2_3_Handler
                0x080014d4                I2C2_Handler
                0x080014d4                SVC_Handler
                0x080014d4                LPTIM1_Handler
                0x080014d4                SPI1_Handler
                0x080014d4                RCC_Handler
                0x080014d4                PVD_Handler
                0x080014d4                ADC_COMP_Handler
                0x080014d4                FLASH_Handler
                0x080014d4                TIM22_Handler
                0x080014d4                TIM6_Handler
                0x080014e8                Hard_Fault_Handler
 .text          0x080014fc      0x5b4 serial.o
                0x080014fc                ReadCom
                0x08001570                WriteCom
                0x08001610                initUART
                0x08001760                USART1_Handler
                0x0800178c                usart_rx
                0x080017bc                usart_tx
                0x08001824                PutBuf
                0x08001886                GetBuf
                0x080018dc                GetBufCount
                0x080018f0                eputs
                0x0800192c                eputc
                0x0800194a                egetc
                0x08001964                egets
                0x080019f0                egetc_echo
                0x08001a16                egets_echo
 .text          0x08001ab0      0x29c newlib_stubs.o
                0x08001ab0                _exit
                0x08001aba                _close
                0x08001ace                _execve
                0x08001af0                _fork
                0x08001b08                _fstat
                0x08001b24                _getpid
                0x08001b30                _kill
                0x08001b50                _link
                0x08001b70                _lseek
                0x08001b86                _stat
                0x08001ba2                _times
                0x08001bb6                _unlink
                0x08001bd4                _wait
                0x08001bf4                _isatty
                0x08001c1c                _sbrk
                0x08001c80                _read
                0x08001cf8                _write
 .text          0x08001d4c      0x10c adc.o
                0x08001d4c                initADC
                0x08001dec                readADC
 .text          0x08001e58      0x3e4 motor_control.o
                0x08001e58                move_backward
                0x08001ea0                move_forward
                0x08001ee8                move_left
                0x08001f30                move_right
                0x08001f78                move_stop
                0x08001fb8                wait_1ms
                0x08001ff0                delayms
                0x08002012                TIM2_Handler_header
                0x080020fc                turn_CW
                0x08002144                turn_CCW
                0x0800218c                turn_random
 .text          0x0800223c        0x0 /Applications/ArmGNUToolchain/14.2.rel1/arm-none-eabi/arm-none-eabi/lib/thumb/v6-m/nofp/libnosys.a(errno.o)
 .text          0x0800223c      0x1d4 /Applications/ArmGNUToolchain/14.2.rel1/arm-none-eabi/lib/gcc/arm-none-eabi/14.2.1/thumb/v6-m/nofp/libgcc.a(_divsi3.o)
                0x0800223c                __aeabi_idiv
                0x0800223c                __divsi3
                0x08002408                __aeabi_idivmod
 .text          0x08002410        0x4 /Applications/ArmGNUToolchain/14.2.rel1/arm-none-eabi/lib/gcc/arm-none-eabi/14.2.1/thumb/v6-m/nofp/libgcc.a(_dvmd_tls.o)
                0x08002410                __aeabi_ldiv0
                0x08002410                __aeabi_idiv0
 .text          0x08002414       0x7c /Applications/ArmGNUToolchain/14.2.rel1/arm-none-eabi/lib/gcc/arm-none-eabi/14.2.1/thumb/v6-m/nofp/libgcc.a(_arm_cmpdf2.o)
                0x08002414                __aeabi_cdrcmple
                0x08002424                __aeabi_cdcmple
                0x08002424                __aeabi_cdcmpeq
                0x08002434                __aeabi_dcmpeq
                0x08002440                __aeabi_dcmplt
                0x08002454                __aeabi_dcmple
                0x08002468                __aeabi_dcmpgt
                0x0800247c                __aeabi_dcmpge
 .text          0x08002490       0x74 /Applications/ArmGNUToolchain/14.2.rel1/arm-none-eabi/lib/gcc/arm-none-eabi/14.2.1/thumb/v6-m/nofp/libgcc.a(_arm_cmpsf2.o)
                0x08002490                __aeabi_cfrcmple
                0x08002498                __aeabi_cfcmple
                0x08002498                __aeabi_cfcmpeq
                0x080024a8                __aeabi_fcmpeq
                0x080024b4                __aeabi_fcmplt
                0x080024c8                __aeabi_fcmple
                0x080024dc                __aeabi_fcmpgt
                0x080024f0                __aeabi_fcmpge
 .text          0x08002504        0x0 /Applications/ArmGNUToolchain/14.2.rel1/arm-none-eabi/lib/gcc/arm-none-eabi/14.2.1/thumb/v6-m/nofp/libgcc.a(_floatdisf.o)
 .text.__floatdisf
                0x08002504       0x68 /Applications/ArmGNUToolchain/14.2.rel1/arm-none-eabi/lib/gcc/arm-none-eabi/14.2.1/thumb/v6-m/nofp/libgcc.a(_floatdisf.o)
                0x08002504                __floatdisf
                0x08002504                __aeabi_l2f
 .text          0x0800256c        0x0 /Applications/ArmGNUToolchain/14.2.rel1/arm-none-eabi/lib/gcc/arm-none-eabi/14.2.1/thumb/v6-m/nofp/libgcc.a(addsf3.o)
 .text.__aeabi_fadd
                0x0800256c      0x41c /Applications/ArmGNUToolchain/14.2.rel1/arm-none-eabi/lib/gcc/arm-none-eabi/14.2.1/thumb/v6-m/nofp/libgcc.a(addsf3.o)
                0x0800256c                __aeabi_fadd
 .text          0x08002988        0x0 /Applications/ArmGNUToolchain/14.2.rel1/arm-none-eabi/lib/gcc/arm-none-eabi/14.2.1/thumb/v6-m/nofp/libgcc.a(divsf3.o)
 .text.__aeabi_fdiv
                0x08002988      0x22c /Applications/ArmGNUToolchain/14.2.rel1/arm-none-eabi/lib/gcc/arm-none-eabi/14.2.1/thumb/v6-m/nofp/libgcc.a(divsf3.o)
                0x08002988                __aeabi_fdiv
 .text          0x08002bb4        0x0 /Applications/ArmGNUToolchain/14.2.rel1/arm-none-eabi/lib/gcc/arm-none-eabi/14.2.1/thumb/v6-m/nofp/libgcc.a(eqsf2.o)
 .text.__eqsf2  0x08002bb4       0x50 /Applications/ArmGNUToolchain/14.2.rel1/arm-none-eabi/lib/gcc/arm-none-eabi/14.2.1/thumb/v6-m/nofp/libgcc.a(eqsf2.o)
                0x08002bb4                __nesf2
                0x08002bb4                __eqsf2
 .text          0x08002c04        0x0 /Applications/ArmGNUToolchain/14.2.rel1/arm-none-eabi/lib/gcc/arm-none-eabi/14.2.1/thumb/v6-m/nofp/libgcc.a(gesf2.o)
 .text.__gesf2  0x08002c04       0x90 /Applications/ArmGNUToolchain/14.2.rel1/arm-none-eabi/lib/gcc/arm-none-eabi/14.2.1/thumb/v6-m/nofp/libgcc.a(gesf2.o)
                0x08002c04                __gtsf2
                0x08002c04                __gesf2
 .text          0x08002c94        0x0 /Applications/ArmGNUToolchain/14.2.rel1/arm-none-eabi/lib/gcc/arm-none-eabi/14.2.1/thumb/v6-m/nofp/libgcc.a(lesf2.o)
 .text.__lesf2  0x08002c94       0x90 /Applications/ArmGNUToolchain/14.2.rel1/arm-none-eabi/lib/gcc/arm-none-eabi/14.2.1/thumb/v6-m/nofp/libgcc.a(lesf2.o)
                0x08002c94                __lesf2
                0x08002c94                __ltsf2
 .text          0x08002d24        0x0 /Applications/ArmGNUToolchain/14.2.rel1/arm-none-eabi/lib/gcc/arm-none-eabi/14.2.1/thumb/v6-m/nofp/libgcc.a(mulsf3.o)
 .text.__aeabi_fmul
                0x08002d24      0x2a4 /Applications/ArmGNUToolchain/14.2.rel1/arm-none-eabi/lib/gcc/arm-none-eabi/14.2.1/thumb/v6-m/nofp/libgcc.a(mulsf3.o)
                0x08002d24                __aeabi_fmul
 .text          0x08002fc8        0x0 /Applications/ArmGNUToolchain/14.2.rel1/arm-none-eabi/lib/gcc/arm-none-eabi/14.2.1/thumb/v6-m/nofp/libgcc.a(subsf3.o)
 .text.__aeabi_fsub
                0x08002fc8      0x484 /Applications/ArmGNUToolchain/14.2.rel1/arm-none-eabi/lib/gcc/arm-none-eabi/14.2.1/thumb/v6-m/nofp/libgcc.a(subsf3.o)
                0x08002fc8                __aeabi_fsub
 .text          0x0800344c        0x0 /Applications/ArmGNUToolchain/14.2.rel1/arm-none-eabi/lib/gcc/arm-none-eabi/14.2.1/thumb/v6-m/nofp/libgcc.a(fixsfsi.o)
 .text.__aeabi_f2iz
                0x0800344c       0x40 /Applications/ArmGNUToolchain/14.2.rel1/arm-none-eabi/lib/gcc/arm-none-eabi/14.2.1/thumb/v6-m/nofp/libgcc.a(fixsfsi.o)
                0x0800344c                __aeabi_f2iz
 .text          0x0800348c        0x0 /Applications/ArmGNUToolchain/14.2.rel1/arm-none-eabi/lib/gcc/arm-none-eabi/14.2.1/thumb/v6-m/nofp/libgcc.a(adddf3.o)
 .text.__aeabi_dadd
                0x0800348c      0x834 /Applications/ArmGNUToolchain/14.2.rel1/arm-none-eabi/lib/gcc/arm-none-eabi/14.2.1/thumb/v6-m/nofp/libgcc.a(adddf3.o)
                0x0800348c                __aeabi_dadd
 .text          0x08003cc0        0x0 /Applications/ArmGNUToolchain/14.2.rel1/arm-none-eabi/lib/gcc/arm-none-eabi/14.2.1/thumb/v6-m/nofp/libgcc.a(divdf3.o)
 .text.__aeabi_ddiv
                0x08003cc0      0x63c /Applications/ArmGNUToolchain/14.2.rel1/arm-none-eabi/lib/gcc/arm-none-eabi/14.2.1/thumb/v6-m/nofp/libgcc.a(divdf3.o)
                0x08003cc0                __aeabi_ddiv
 .text          0x080042fc        0x0 /Applications/ArmGNUToolchain/14.2.rel1/arm-none-eabi/lib/gcc/arm-none-eabi/14.2.1/thumb/v6-m/nofp/libgcc.a(eqdf2.o)
 .text.__eqdf2  0x080042fc       0x8c /Applications/ArmGNUToolchain/14.2.rel1/arm-none-eabi/lib/gcc/arm-none-eabi/14.2.1/thumb/v6-m/nofp/libgcc.a(eqdf2.o)
                0x080042fc                __eqdf2
                0x080042fc                __nedf2
 .text          0x08004388        0x0 /Applications/ArmGNUToolchain/14.2.rel1/arm-none-eabi/lib/gcc/arm-none-eabi/14.2.1/thumb/v6-m/nofp/libgcc.a(gedf2.o)
 .text.__gedf2  0x08004388       0xe0 /Applications/ArmGNUToolchain/14.2.rel1/arm-none-eabi/lib/gcc/arm-none-eabi/14.2.1/thumb/v6-m/nofp/libgcc.a(gedf2.o)
                0x08004388                __gtdf2
                0x08004388                __gedf2
 .text          0x08004468        0x0 /Applications/ArmGNUToolchain/14.2.rel1/arm-none-eabi/lib/gcc/arm-none-eabi/14.2.1/thumb/v6-m/nofp/libgcc.a(ledf2.o)
 .text.__ledf2  0x08004468       0xdc /Applications/ArmGNUToolchain/14.2.rel1/arm-none-eabi/lib/gcc/arm-none-eabi/14.2.1/thumb/v6-m/nofp/libgcc.a(ledf2.o)
                0x08004468                __ltdf2
                0x08004468                __ledf2
 .text          0x08004544        0x0 /Applications/ArmGNUToolchain/14.2.rel1/arm-none-eabi/lib/gcc/arm-none-eabi/14.2.1/thumb/v6-m/nofp/libgcc.a(muldf3.o)
 .text.__aeabi_dmul
                0x08004544      0x590 /Applications/ArmGNUToolchain/14.2.rel1/arm-none-eabi/lib/gcc/arm-none-eabi/14.2.1/thumb/v6-m/nofp/libgcc.a(muldf3.o)
                0x08004544                __aeabi_dmul
 .text          0x08004ad4        0x0 /Applications/ArmGNUToolchain/14.2.rel1/arm-none-eabi/lib/gcc/arm-none-eabi/14.2.1/thumb/v6-m/nofp/libgcc.a(floatsidf.o)
 .text.__aeabi_i2d
                0x08004ad4       0x5c /Applications/ArmGNUToolchain/14.2.rel1/arm-none-eabi/lib/gcc/arm-none-eabi/14.2.1/thumb/v6-m/nofp/libgcc.a(floatsidf.o)
                0x08004ad4                __aeabi_i2d
 .text          0x08004b30        0x0 /Applications/ArmGNUToolchain/14.2.rel1/arm-none-eabi/lib/gcc/arm-none-eabi/14.2.1/thumb/v6-m/nofp/libgcc.a(floatunsidf.o)
 .text.__aeabi_ui2d
                0x08004b30       0x48 /Applications/ArmGNUToolchain/14.2.rel1/arm-none-eabi/lib/gcc/arm-none-eabi/14.2.1/thumb/v6-m/nofp/libgcc.a(floatunsidf.o)
                0x08004b30                __aeabi_ui2d
 .text          0x08004b78        0x0 /Applications/ArmGNUToolchain/14.2.rel1/arm-none-eabi/lib/gcc/arm-none-eabi/14.2.1/thumb/v6-m/nofp/libgcc.a(extendsfdf2.o)
 .text.__aeabi_f2d
                0x08004b78       0x90 /Applications/ArmGNUToolchain/14.2.rel1/arm-none-eabi/lib/gcc/arm-none-eabi/14.2.1/thumb/v6-m/nofp/libgcc.a(extendsfdf2.o)
                0x08004b78                __aeabi_f2d
 .text          0x08004c08        0x0 /Applications/ArmGNUToolchain/14.2.rel1/arm-none-eabi/lib/gcc/arm-none-eabi/14.2.1/thumb/v6-m/nofp/libgcc.a(truncdfsf2.o)
 .text.__aeabi_d2f
                0x08004c08      0x110 /Applications/ArmGNUToolchain/14.2.rel1/arm-none-eabi/lib/gcc/arm-none-eabi/14.2.1/thumb/v6-m/nofp/libgcc.a(truncdfsf2.o)
                0x08004c08                __aeabi_d2f
 .text          0x08004d18      0x114 /Applications/ArmGNUToolchain/14.2.rel1/arm-none-eabi/lib/gcc/arm-none-eabi/14.2.1/thumb/v6-m/nofp/libgcc.a(_udivsi3.o)
                0x08004d18                __udivsi3
                0x08004d18                __aeabi_uidiv
                0x08004e24                __aeabi_uidivmod
 .text          0x08004e2c       0x3c /Applications/ArmGNUToolchain/14.2.rel1/arm-none-eabi/lib/gcc/arm-none-eabi/14.2.1/thumb/v6-m/nofp/libgcc.a(_clzsi2.o)
                0x08004e2c                __clzsi2
 .text          0x08004e68        0x0 /Applications/ArmGNUToolchain/14.2.rel1/arm-none-eabi/arm-none-eabi/lib/thumb/v6-m/nofp/libc_nano.a(libc_a-sprintf.o)
 .text._sprintf_r
                0x08004e68       0x3c /Applications/ArmGNUToolchain/14.2.rel1/arm-none-eabi/arm-none-eabi/lib/thumb/v6-m/nofp/libc_nano.a(libc_a-sprintf.o)
                0x08004e68                _siprintf_r
                0x08004e68                _sprintf_r
 .text.sprintf  0x08004ea4       0x44 /Applications/ArmGNUToolchain/14.2.rel1/arm-none-eabi/arm-none-eabi/lib/thumb/v6-m/nofp/libc_nano.a(libc_a-sprintf.o)
                0x08004ea4                sprintf
                0x08004ea4                siprintf
 .text          0x08004ee8        0x0 /Applications/ArmGNUToolchain/14.2.rel1/arm-none-eabi/arm-none-eabi/lib/thumb/v6-m/nofp/libc_nano.a(libc_a-rand.o)
 .text.srand    0x08004ee8       0x5c /Applications/ArmGNUToolchain/14.2.rel1/arm-none-eabi/arm-none-eabi/lib/thumb/v6-m/nofp/libc_nano.a(libc_a-rand.o)
                0x08004ee8                srand
 .text.rand     0x08004f44       0x7c /Applications/ArmGNUToolchain/14.2.rel1/arm-none-eabi/arm-none-eabi/lib/thumb/v6-m/nofp/libc_nano.a(libc_a-rand.o)
                0x08004f44                rand
 .text          0x08004fc0        0x0 /Applications/ArmGNUToolchain/14.2.rel1/arm-none-eabi/arm-none-eabi/lib/thumb/v6-m/nofp/libc_nano.a(libc_a-printf.o)
 .text._printf_r
                0x08004fc0       0x18 /Applications/ArmGNUToolchain/14.2.rel1/arm-none-eabi/arm-none-eabi/lib/thumb/v6-m/nofp/libc_nano.a(libc_a-printf.o)
                0x08004fc0                _printf_r
                0x08004fc0                _iprintf_r
 .text.printf   0x08004fd8       0x20 /Applications/ArmGNUToolchain/14.2.rel1/arm-none-eabi/arm-none-eabi/lib/thumb/v6-m/nofp/libc_nano.a(libc_a-printf.o)
                0x08004fd8                printf
                0x08004fd8                iprintf
 .text          0x08004ff8        0x0 /Applications/ArmGNUToolchain/14.2.rel1/arm-none-eabi/arm-none-eabi/lib/thumb/v6-m/nofp/libc_nano.a(libc_a-strchr.o)
 .text.strchr   0x08004ff8       0x1c /Applications/ArmGNUToolchain/14.2.rel1/arm-none-eabi/arm-none-eabi/lib/thumb/v6-m/nofp/libc_nano.a(libc_a-strchr.o)
                0x08004ff8                strchr
 .text          0x08005014        0x0 /Applications/ArmGNUToolchain/14.2.rel1/arm-none-eabi/arm-none-eabi/lib/thumb/v6-m/nofp/libc_nano.a(libc_a-impure.o)
 .text          0x08005014        0xe /Applications/ArmGNUToolchain/14.2.rel1/arm-none-eabi/arm-none-eabi/lib/thumb/v6-m/nofp/libc_nano.a(libc_a-strlen.o)
                0x08005014                strlen
 .text          0x08005022        0x0 /Applications/ArmGNUToolchain/14.2.rel1/arm-none-eabi/arm-none-eabi/lib/thumb/v6-m/nofp/libc_nano.a(libc_a-assert.o)
 *fill*         0x08005022        0x2 
 .text.__assert_func
                0x08005024       0x3c /Applications/ArmGNUToolchain/14.2.rel1/arm-none-eabi/arm-none-eabi/lib/thumb/v6-m/nofp/libc_nano.a(libc_a-assert.o)
                0x08005024                __assert_func
 .text.__assert
                0x08005060        0xa /Applications/ArmGNUToolchain/14.2.rel1/arm-none-eabi/arm-none-eabi/lib/thumb/v6-m/nofp/libc_nano.a(libc_a-assert.o)
                0x08005060                __assert
 .text          0x0800506a        0x0 /Applications/ArmGNUToolchain/14.2.rel1/arm-none-eabi/arm-none-eabi/lib/thumb/v6-m/nofp/libc_nano.a(libc_a-nano-svfprintf.o)
 *fill*         0x0800506a        0x2 
 .text.__ssputs_r
                0x0800506c       0xc8 /Applications/ArmGNUToolchain/14.2.rel1/arm-none-eabi/arm-none-eabi/lib/thumb/v6-m/nofp/libc_nano.a(libc_a-nano-svfprintf.o)
                0x0800506c                __ssputs_r
 .text.__ssprint_r
                0x08005134       0xf8 /Applications/ArmGNUToolchain/14.2.rel1/arm-none-eabi/arm-none-eabi/lib/thumb/v6-m/nofp/libc_nano.a(libc_a-nano-svfprintf.o)
                0x08005134                __ssprint_r
 .text._svfprintf_r
                0x0800522c      0x208 /Applications/ArmGNUToolchain/14.2.rel1/arm-none-eabi/arm-none-eabi/lib/thumb/v6-m/nofp/libc_nano.a(libc_a-nano-svfprintf.o)
                0x0800522c                _svfprintf_r
                0x0800522c                _svfiprintf_r
 .text          0x08005434        0x0 /Applications/ArmGNUToolchain/14.2.rel1/arm-none-eabi/arm-none-eabi/lib/thumb/v6-m/nofp/libc_nano.a(libc_a-nano-vfprintf.o)
 .text.__sfputc_r
                0x08005434       0x2a /Applications/ArmGNUToolchain/14.2.rel1/arm-none-eabi/arm-none-eabi/lib/thumb/v6-m/nofp/libc_nano.a(libc_a-nano-vfprintf.o)
 .text.__sfputs_r
                0x0800545e       0x24 /Applications/ArmGNUToolchain/14.2.rel1/arm-none-eabi/arm-none-eabi/lib/thumb/v6-m/nofp/libc_nano.a(libc_a-nano-vfprintf.o)
                0x0800545e                __sfputs_r
 .text.__sprint_r
                0x08005482       0x20 /Applications/ArmGNUToolchain/14.2.rel1/arm-none-eabi/arm-none-eabi/lib/thumb/v6-m/nofp/libc_nano.a(libc_a-nano-vfprintf.o)
                0x08005482                __sprint_r
 *fill*         0x080054a2        0x2 
 .text._vfprintf_r
                0x080054a4      0x240 /Applications/ArmGNUToolchain/14.2.rel1/arm-none-eabi/arm-none-eabi/lib/thumb/v6-m/nofp/libc_nano.a(libc_a-nano-vfprintf.o)
                0x080054a4                _vfiprintf_r
                0x080054a4                _vfprintf_r
 .text.vfprintf
                0x080056e4       0x18 /Applications/ArmGNUToolchain/14.2.rel1/arm-none-eabi/arm-none-eabi/lib/thumb/v6-m/nofp/libc_nano.a(libc_a-nano-vfprintf.o)
                0x080056e4                vfiprintf
                0x080056e4                vfprintf
 .text          0x080056fc        0x0 /Applications/ArmGNUToolchain/14.2.rel1/arm-none-eabi/arm-none-eabi/lib/thumb/v6-m/nofp/libc_nano.a(libc_a-malloc.o)
 .text.malloc   0x080056fc       0x14 /Applications/ArmGNUToolchain/14.2.rel1/arm-none-eabi/arm-none-eabi/lib/thumb/v6-m/nofp/libc_nano.a(libc_a-malloc.o)
                0x080056fc                malloc
 .text.free     0x08005710       0x14 /Applications/ArmGNUToolchain/14.2.rel1/arm-none-eabi/arm-none-eabi/lib/thumb/v6-m/nofp/libc_nano.a(libc_a-malloc.o)
                0x08005710                free
 .text          0x08005724        0x0 /Applications/ArmGNUToolchain/14.2.rel1/arm-none-eabi/arm-none-eabi/lib/thumb/v6-m/nofp/libc_nano.a(libc_a-mallocr.o)
 .text.sbrk_aligned
                0x08005724       0x44 /Applications/ArmGNUToolchain/14.2.rel1/arm-none-eabi/arm-none-eabi/lib/thumb/v6-m/nofp/libc_nano.a(libc_a-mallocr.o)
 .text._malloc_r
                0x08005768      0x100 /Applications/ArmGNUToolchain/14.2.rel1/arm-none-eabi/arm-none-eabi/lib/thumb/v6-m/nofp/libc_nano.a(libc_a-mallocr.o)
                0x08005768                _malloc_r
 .text          0x08005868        0x0 /Applications/ArmGNUToolchain/14.2.rel1/arm-none-eabi/arm-none-eabi/lib/thumb/v6-m/nofp/libc_nano.a(libc_a-nano-vfprintf_i.o)
 .text._printf_common
                0x08005868       0xde /Applications/ArmGNUToolchain/14.2.rel1/arm-none-eabi/arm-none-eabi/lib/thumb/v6-m/nofp/libc_nano.a(libc_a-nano-vfprintf_i.o)
                0x08005868                _printf_common
 *fill*         0x08005946        0x2 
 .text._printf_i
                0x08005948      0x218 /Applications/ArmGNUToolchain/14.2.rel1/arm-none-eabi/arm-none-eabi/lib/thumb/v6-m/nofp/libc_nano.a(libc_a-nano-vfprintf_i.o)
                0x08005948                _printf_i
 .text          0x08005b60        0x0 /Applications/ArmGNUToolchain/14.2.rel1/arm-none-eabi/arm-none-eabi/lib/thumb/v6-m/nofp/libc_nano.a(libc_a-mlock.o)
 .text.__malloc_lock
                0x08005b60       0x10 /Applications/ArmGNUToolchain/14.2.rel1/arm-none-eabi/arm-none-eabi/lib/thumb/v6-m/nofp/libc_nano.a(libc_a-mlock.o)
                0x08005b60                __malloc_lock
 .text.__malloc_unlock
                0x08005b70       0x10 /Applications/ArmGNUToolchain/14.2.rel1/arm-none-eabi/arm-none-eabi/lib/thumb/v6-m/nofp/libc_nano.a(libc_a-mlock.o)
                0x08005b70                __malloc_unlock
 .text          0x08005b80        0x0 /Applications/ArmGNUToolchain/14.2.rel1/arm-none-eabi/arm-none-eabi/lib/thumb/v6-m/nofp/libc_nano.a(libc_a-findfp.o)
 .text.std      0x08005b80       0x6c /Applications/ArmGNUToolchain/14.2.rel1/arm-none-eabi/arm-none-eabi/lib/thumb/v6-m/nofp/libc_nano.a(libc_a-findfp.o)
 .text.stdio_exit_handler
                0x08005bec       0x1c /Applications/ArmGNUToolchain/14.2.rel1/arm-none-eabi/arm-none-eabi/lib/thumb/v6-m/nofp/libc_nano.a(libc_a-findfp.o)
 .text.cleanup_stdio
                0x08005c08       0x3c /Applications/ArmGNUToolchain/14.2.rel1/arm-none-eabi/arm-none-eabi/lib/thumb/v6-m/nofp/libc_nano.a(libc_a-findfp.o)
 .text.__fp_lock
                0x08005c44       0x18 /Applications/ArmGNUToolchain/14.2.rel1/arm-none-eabi/arm-none-eabi/lib/thumb/v6-m/nofp/libc_nano.a(libc_a-findfp.o)
 .text.__fp_unlock
                0x08005c5c       0x18 /Applications/ArmGNUToolchain/14.2.rel1/arm-none-eabi/arm-none-eabi/lib/thumb/v6-m/nofp/libc_nano.a(libc_a-findfp.o)
 .text.global_stdio_init.part.0
                0x08005c74       0x3c /Applications/ArmGNUToolchain/14.2.rel1/arm-none-eabi/arm-none-eabi/lib/thumb/v6-m/nofp/libc_nano.a(libc_a-findfp.o)
 .text.__sfp_lock_acquire
                0x08005cb0       0x10 /Applications/ArmGNUToolchain/14.2.rel1/arm-none-eabi/arm-none-eabi/lib/thumb/v6-m/nofp/libc_nano.a(libc_a-findfp.o)
                0x08005cb0                __sfp_lock_acquire
 .text.__sfp_lock_release
                0x08005cc0       0x10 /Applications/ArmGNUToolchain/14.2.rel1/arm-none-eabi/arm-none-eabi/lib/thumb/v6-m/nofp/libc_nano.a(libc_a-findfp.o)
                0x08005cc0                __sfp_lock_release
 .text.__sfp    0x08005cd0       0xa8 /Applications/ArmGNUToolchain/14.2.rel1/arm-none-eabi/arm-none-eabi/lib/thumb/v6-m/nofp/libc_nano.a(libc_a-findfp.o)
                0x08005cd0                __sfp
 .text.__sinit  0x08005d78       0x30 /Applications/ArmGNUToolchain/14.2.rel1/arm-none-eabi/arm-none-eabi/lib/thumb/v6-m/nofp/libc_nano.a(libc_a-findfp.o)
                0x08005d78                __sinit
 .text.__fp_lock_all
                0x08005da8       0x1c /Applications/ArmGNUToolchain/14.2.rel1/arm-none-eabi/arm-none-eabi/lib/thumb/v6-m/nofp/libc_nano.a(libc_a-findfp.o)
                0x08005da8                __fp_lock_all
 .text.__fp_unlock_all
                0x08005dc4       0x1c /Applications/ArmGNUToolchain/14.2.rel1/arm-none-eabi/arm-none-eabi/lib/thumb/v6-m/nofp/libc_nano.a(libc_a-findfp.o)
                0x08005dc4                __fp_unlock_all
 .text          0x08005de0        0x0 /Applications/ArmGNUToolchain/14.2.rel1/arm-none-eabi/arm-none-eabi/lib/thumb/v6-m/nofp/libc_nano.a(libc_a-fprintf.o)
 .text._fprintf_r
                0x08005de0       0x16 /Applications/ArmGNUToolchain/14.2.rel1/arm-none-eabi/arm-none-eabi/lib/thumb/v6-m/nofp/libc_nano.a(libc_a-fprintf.o)
                0x08005de0                _fprintf_r
                0x08005de0                _fiprintf_r
 *fill*         0x08005df6        0x2 
 .text.fprintf  0x08005df8       0x20 /Applications/ArmGNUToolchain/14.2.rel1/arm-none-eabi/arm-none-eabi/lib/thumb/v6-m/nofp/libc_nano.a(libc_a-fprintf.o)
                0x08005df8                fprintf
                0x08005df8                fiprintf
 .text          0x08005e18        0x0 /Applications/ArmGNUToolchain/14.2.rel1/arm-none-eabi/arm-none-eabi/lib/thumb/v6-m/nofp/libc_nano.a(libc_a-reallocr.o)
 .text._realloc_r
                0x08005e18       0x60 /Applications/ArmGNUToolchain/14.2.rel1/arm-none-eabi/arm-none-eabi/lib/thumb/v6-m/nofp/libc_nano.a(libc_a-reallocr.o)
                0x08005e18                _realloc_r
 .text          0x08005e78        0x0 /Applications/ArmGNUToolchain/14.2.rel1/arm-none-eabi/arm-none-eabi/lib/thumb/v6-m/nofp/libc_nano.a(libc_a-wbuf.o)
 .text.__swbuf_r
                0x08005e78       0x84 /Applications/ArmGNUToolchain/14.2.rel1/arm-none-eabi/arm-none-eabi/lib/thumb/v6-m/nofp/libc_nano.a(libc_a-wbuf.o)
                0x08005e78                __swbuf_r
 .text.__swbuf  0x08005efc       0x14 /Applications/ArmGNUToolchain/14.2.rel1/arm-none-eabi/arm-none-eabi/lib/thumb/v6-m/nofp/libc_nano.a(libc_a-wbuf.o)
                0x08005efc                __swbuf
 .text          0x08005f10        0x0 /Applications/ArmGNUToolchain/14.2.rel1/arm-none-eabi/arm-none-eabi/lib/thumb/v6-m/nofp/libc_nano.a(libc_a-wsetup.o)
 .text.__swsetup_r
                0x08005f10       0xb4 /Applications/ArmGNUToolchain/14.2.rel1/arm-none-eabi/arm-none-eabi/lib/thumb/v6-m/nofp/libc_nano.a(libc_a-wsetup.o)
                0x08005f10                __swsetup_r
 .text          0x08005fc4        0x0 /Applications/ArmGNUToolchain/14.2.rel1/arm-none-eabi/arm-none-eabi/lib/thumb/v6-m/nofp/libc_nano.a(libc_a-fvwrite.o)
 .text.__sfvwrite_r
                0x08005fc4      0x2c4 /Applications/ArmGNUToolchain/14.2.rel1/arm-none-eabi/arm-none-eabi/lib/thumb/v6-m/nofp/libc_nano.a(libc_a-fvwrite.o)
                0x08005fc4                __sfvwrite_r
 .text          0x08006288        0x0 /Applications/ArmGNUToolchain/14.2.rel1/arm-none-eabi/arm-none-eabi/lib/thumb/v6-m/nofp/libc_nano.a(libc_a-fwalk.o)
 .text._fwalk_sglue
                0x08006288       0x38 /Applications/ArmGNUToolchain/14.2.rel1/arm-none-eabi/arm-none-eabi/lib/thumb/v6-m/nofp/libc_nano.a(libc_a-fwalk.o)
                0x08006288                _fwalk_sglue
 .text          0x080062c0        0x0 /Applications/ArmGNUToolchain/14.2.rel1/arm-none-eabi/arm-none-eabi/lib/thumb/v6-m/nofp/libc_nano.a(libc_a-makebuf.o)
 .text.__swhatbuf_r
                0x080062c0       0x54 /Applications/ArmGNUToolchain/14.2.rel1/arm-none-eabi/arm-none-eabi/lib/thumb/v6-m/nofp/libc_nano.a(libc_a-makebuf.o)
                0x080062c0                __swhatbuf_r
 .text.__smakebuf_r
                0x08006314       0x72 /Applications/ArmGNUToolchain/14.2.rel1/arm-none-eabi/arm-none-eabi/lib/thumb/v6-m/nofp/libc_nano.a(libc_a-makebuf.o)
                0x08006314                __smakebuf_r
 .text          0x08006386        0x0 /Applications/ArmGNUToolchain/14.2.rel1/arm-none-eabi/arm-none-eabi/lib/thumb/v6-m/nofp/libc_nano.a(libc_a-memmove.o)
 .text.memmove  0x08006386       0x24 /Applications/ArmGNUToolchain/14.2.rel1/arm-none-eabi/arm-none-eabi/lib/thumb/v6-m/nofp/libc_nano.a(libc_a-memmove.o)
                0x08006386                memmove
 .text          0x080063aa        0x0 /Applications/ArmGNUToolchain/14.2.rel1/arm-none-eabi/arm-none-eabi/lib/thumb/v6-m/nofp/libc_nano.a(libc_a-memset.o)
 .text.memset   0x080063aa       0x10 /Applications/ArmGNUToolchain/14.2.rel1/arm-none-eabi/arm-none-eabi/lib/thumb/v6-m/nofp/libc_nano.a(libc_a-memset.o)
                0x080063aa                memset
 .text          0x080063ba        0x0 /Applications/ArmGNUToolchain/14.2.rel1/arm-none-eabi/arm-none-eabi/lib/thumb/v6-m/nofp/libc_nano.a(libc_a-isattyr.o)
 *fill*         0x080063ba        0x2 
 .text._isatty_r
                0x080063bc       0x24 /Applications/ArmGNUToolchain/14.2.rel1/arm-none-eabi/arm-none-eabi/lib/thumb/v6-m/nofp/libc_nano.a(libc_a-isattyr.o)
                0x080063bc                _isatty_r
 .text          0x080063e0        0x0 /Applications/ArmGNUToolchain/14.2.rel1/arm-none-eabi/arm-none-eabi/lib/thumb/v6-m/nofp/libc_nano.a(libc_a-sbrkr.o)
 .text._sbrk_r  0x080063e0       0x24 /Applications/ArmGNUToolchain/14.2.rel1/arm-none-eabi/arm-none-eabi/lib/thumb/v6-m/nofp/libc_nano.a(libc_a-sbrkr.o)
                0x080063e0                _sbrk_r
 .text          0x08006404        0x0 /Applications/ArmGNUToolchain/14.2.rel1/arm-none-eabi/arm-none-eabi/lib/thumb/v6-m/nofp/libc_nano.a(libc_a-lock.o)
 .text.__retarget_lock_init
                0x08006404        0x2 /Applications/ArmGNUToolchain/14.2.rel1/arm-none-eabi/arm-none-eabi/lib/thumb/v6-m/nofp/libc_nano.a(libc_a-lock.o)
                0x08006404                __retarget_lock_init
 .text.__retarget_lock_init_recursive
                0x08006406        0x2 /Applications/ArmGNUToolchain/14.2.rel1/arm-none-eabi/arm-none-eabi/lib/thumb/v6-m/nofp/libc_nano.a(libc_a-lock.o)
                0x08006406                __retarget_lock_init_recursive
 .text.__retarget_lock_close
                0x08006408        0x2 /Applications/ArmGNUToolchain/14.2.rel1/arm-none-eabi/arm-none-eabi/lib/thumb/v6-m/nofp/libc_nano.a(libc_a-lock.o)
                0x08006408                __retarget_lock_close
 .text.__retarget_lock_close_recursive
                0x0800640a        0x2 /Applications/ArmGNUToolchain/14.2.rel1/arm-none-eabi/arm-none-eabi/lib/thumb/v6-m/nofp/libc_nano.a(libc_a-lock.o)
                0x0800640a                __retarget_lock_close_recursive
 .text.__retarget_lock_acquire
                0x0800640c        0x2 /Applications/ArmGNUToolchain/14.2.rel1/arm-none-eabi/arm-none-eabi/lib/thumb/v6-m/nofp/libc_nano.a(libc_a-lock.o)
                0x0800640c                __retarget_lock_acquire
 .text.__retarget_lock_acquire_recursive
                0x0800640e        0x2 /Applications/ArmGNUToolchain/14.2.rel1/arm-none-eabi/arm-none-eabi/lib/thumb/v6-m/nofp/libc_nano.a(libc_a-lock.o)
                0x0800640e                __retarget_lock_acquire_recursive
 .text.__retarget_lock_try_acquire
                0x08006410        0x4 /Applications/ArmGNUToolchain/14.2.rel1/arm-none-eabi/arm-none-eabi/lib/thumb/v6-m/nofp/libc_nano.a(libc_a-lock.o)
                0x08006410                __retarget_lock_try_acquire
 .text.__retarget_lock_try_acquire_recursive
                0x08006414        0x4 /Applications/ArmGNUToolchain/14.2.rel1/arm-none-eabi/arm-none-eabi/lib/thumb/v6-m/nofp/libc_nano.a(libc_a-lock.o)
                0x08006414                __retarget_lock_try_acquire_recursive
 .text.__retarget_lock_release
                0x08006418        0x2 /Applications/ArmGNUToolchain/14.2.rel1/arm-none-eabi/arm-none-eabi/lib/thumb/v6-m/nofp/libc_nano.a(libc_a-lock.o)
                0x08006418                __retarget_lock_release
 .text.__retarget_lock_release_recursive
                0x0800641a        0x2 /Applications/ArmGNUToolchain/14.2.rel1/arm-none-eabi/arm-none-eabi/lib/thumb/v6-m/nofp/libc_nano.a(libc_a-lock.o)
                0x0800641a                __retarget_lock_release_recursive
 .text          0x0800641c        0x0 /Applications/ArmGNUToolchain/14.2.rel1/arm-none-eabi/arm-none-eabi/lib/thumb/v6-m/nofp/libc_nano.a(libc_a-fstatr.o)
 .text._fstat_r
                0x0800641c       0x24 /Applications/ArmGNUToolchain/14.2.rel1/arm-none-eabi/arm-none-eabi/lib/thumb/v6-m/nofp/libc_nano.a(libc_a-fstatr.o)
                0x0800641c                _fstat_r
 .text          0x08006440        0x0 /Applications/ArmGNUToolchain/14.2.rel1/arm-none-eabi/arm-none-eabi/lib/thumb/v6-m/nofp/libc_nano.a(libc_a-memchr-stub.o)
 .text.memchr   0x08006440       0x16 /Applications/ArmGNUToolchain/14.2.rel1/arm-none-eabi/arm-none-eabi/lib/thumb/v6-m/nofp/libc_nano.a(libc_a-memchr-stub.o)
                0x08006440                memchr
 .text          0x08006456        0x0 /Applications/ArmGNUToolchain/14.2.rel1/arm-none-eabi/arm-none-eabi/lib/thumb/v6-m/nofp/libc_nano.a(libc_a-memcpy-stub.o)
 .text.memcpy   0x08006456       0x12 /Applications/ArmGNUToolchain/14.2.rel1/arm-none-eabi/arm-none-eabi/lib/thumb/v6-m/nofp/libc_nano.a(libc_a-memcpy-stub.o)
                0x08006456                memcpy
 .text          0x08006468        0x0 /Applications/ArmGNUToolchain/14.2.rel1/arm-none-eabi/arm-none-eabi/lib/thumb/v6-m/nofp/libc_nano.a(libc_a-abort.o)
 .text.abort    0x08006468        0xe /Applications/ArmGNUToolchain/14.2.rel1/arm-none-eabi/arm-none-eabi/lib/thumb/v6-m/nofp/libc_nano.a(libc_a-abort.o)
                0x08006468                abort
 .text          0x08006476        0x0 /Applications/ArmGNUToolchain/14.2.rel1/arm-none-eabi/arm-none-eabi/lib/thumb/v6-m/nofp/libc_nano.a(libc_a-freer.o)
 *fill*         0x08006476        0x2 
 .text._free_r  0x08006478       0x94 /Applications/ArmGNUToolchain/14.2.rel1/arm-none-eabi/arm-none-eabi/lib/thumb/v6-m/nofp/libc_nano.a(libc_a-freer.o)
                0x08006478                _free_r
 .text          0x0800650c        0x0 /Applications/ArmGNUToolchain/14.2.rel1/arm-none-eabi/arm-none-eabi/lib/thumb/v6-m/nofp/libc_nano.a(libc_a-fflush.o)
 .text.__sflush_r
                0x0800650c      0x114 /Applications/ArmGNUToolchain/14.2.rel1/arm-none-eabi/arm-none-eabi/lib/thumb/v6-m/nofp/libc_nano.a(libc_a-fflush.o)
                0x0800650c                __sflush_r
 .text._fflush_r
                0x08006620       0x56 /Applications/ArmGNUToolchain/14.2.rel1/arm-none-eabi/arm-none-eabi/lib/thumb/v6-m/nofp/libc_nano.a(libc_a-fflush.o)
                0x08006620                _fflush_r
 *fill*         0x08006676        0x2 
 .text.fflush   0x08006678       0x30 /Applications/ArmGNUToolchain/14.2.rel1/arm-none-eabi/arm-none-eabi/lib/thumb/v6-m/nofp/libc_nano.a(libc_a-fflush.o)
                0x08006678                fflush
 .text          0x080066a8        0x0 /Applications/ArmGNUToolchain/14.2.rel1/arm-none-eabi/arm-none-eabi/lib/thumb/v6-m/nofp/libc_nano.a(libc_a-msizer.o)
 .text._malloc_usable_size_r
                0x080066a8       0x10 /Applications/ArmGNUToolchain/14.2.rel1/arm-none-eabi/arm-none-eabi/lib/thumb/v6-m/nofp/libc_nano.a(libc_a-msizer.o)
                0x080066a8                _malloc_usable_size_r
 .text          0x080066b8        0x0 /Applications/ArmGNUToolchain/14.2.rel1/arm-none-eabi/arm-none-eabi/lib/thumb/v6-m/nofp/libc_nano.a(libc_a-stdio.o)
 .text.__sread  0x080066b8       0x28 /Applications/ArmGNUToolchain/14.2.rel1/arm-none-eabi/arm-none-eabi/lib/thumb/v6-m/nofp/libc_nano.a(libc_a-stdio.o)
                0x080066b8                __sread
 .text.__seofread
                0x080066e0        0x4 /Applications/ArmGNUToolchain/14.2.rel1/arm-none-eabi/arm-none-eabi/lib/thumb/v6-m/nofp/libc_nano.a(libc_a-stdio.o)
                0x080066e0                __seofread
 .text.__swrite
                0x080066e4       0x38 /Applications/ArmGNUToolchain/14.2.rel1/arm-none-eabi/arm-none-eabi/lib/thumb/v6-m/nofp/libc_nano.a(libc_a-stdio.o)
                0x080066e4                __swrite
 .text.__sseek  0x0800671c       0x2c /Applications/ArmGNUToolchain/14.2.rel1/arm-none-eabi/arm-none-eabi/lib/thumb/v6-m/nofp/libc_nano.a(libc_a-stdio.o)
                0x0800671c                __sseek
 .text.__sclose
                0x08006748        0xc /Applications/ArmGNUToolchain/14.2.rel1/arm-none-eabi/arm-none-eabi/lib/thumb/v6-m/nofp/libc_nano.a(libc_a-stdio.o)
                0x08006748                __sclose
 .text          0x08006754        0x0 /Applications/ArmGNUToolchain/14.2.rel1/arm-none-eabi/arm-none-eabi/lib/thumb/v6-m/nofp/libc_nano.a(libc_a-signal.o)
 .text._init_signal_r
                0x08006754       0x2a /Applications/ArmGNUToolchain/14.2.rel1/arm-none-eabi/arm-none-eabi/lib/thumb/v6-m/nofp/libc_nano.a(libc_a-signal.o)
                0x08006754                _init_signal_r
 .text._signal_r
                0x0800677e       0x32 /Applications/ArmGNUToolchain/14.2.rel1/arm-none-eabi/arm-none-eabi/lib/thumb/v6-m/nofp/libc_nano.a(libc_a-signal.o)
                0x0800677e                _signal_r
 .text._raise_r
                0x080067b0       0x52 /Applications/ArmGNUToolchain/14.2.rel1/arm-none-eabi/arm-none-eabi/lib/thumb/v6-m/nofp/libc_nano.a(libc_a-signal.o)
                0x080067b0                _raise_r
 .text.__sigtramp_r
                0x08006802       0x46 /Applications/ArmGNUToolchain/14.2.rel1/arm-none-eabi/arm-none-eabi/lib/thumb/v6-m/nofp/libc_nano.a(libc_a-signal.o)
                0x08006802                __sigtramp_r
 .text.raise    0x08006848       0x14 /Applications/ArmGNUToolchain/14.2.rel1/arm-none-eabi/arm-none-eabi/lib/thumb/v6-m/nofp/libc_nano.a(libc_a-signal.o)
                0x08006848                raise
 .text.signal   0x0800685c       0x14 /Applications/ArmGNUToolchain/14.2.rel1/arm-none-eabi/arm-none-eabi/lib/thumb/v6-m/nofp/libc_nano.a(libc_a-signal.o)
                0x0800685c                signal
 .text._init_signal
                0x08006870       0x10 /Applications/ArmGNUToolchain/14.2.rel1/arm-none-eabi/arm-none-eabi/lib/thumb/v6-m/nofp/libc_nano.a(libc_a-signal.o)
                0x08006870                _init_signal
 .text.__sigtramp
                0x08006880       0x14 /Applications/ArmGNUToolchain/14.2.rel1/arm-none-eabi/arm-none-eabi/lib/thumb/v6-m/nofp/libc_nano.a(libc_a-signal.o)
                0x08006880                __sigtramp
 .text          0x08006894        0x0 /Applications/ArmGNUToolchain/14.2.rel1/arm-none-eabi/arm-none-eabi/lib/thumb/v6-m/nofp/libc_nano.a(libc_a-lseekr.o)
 .text._lseek_r
                0x08006894       0x28 /Applications/ArmGNUToolchain/14.2.rel1/arm-none-eabi/arm-none-eabi/lib/thumb/v6-m/nofp/libc_nano.a(libc_a-lseekr.o)
                0x08006894                _lseek_r
 .text          0x080068bc        0x0 /Applications/ArmGNUToolchain/14.2.rel1/arm-none-eabi/arm-none-eabi/lib/thumb/v6-m/nofp/libc_nano.a(libc_a-readr.o)
 .text._read_r  0x080068bc       0x28 /Applications/ArmGNUToolchain/14.2.rel1/arm-none-eabi/arm-none-eabi/lib/thumb/v6-m/nofp/libc_nano.a(libc_a-readr.o)
                0x080068bc                _read_r
 .text          0x080068e4        0x0 /Applications/ArmGNUToolchain/14.2.rel1/arm-none-eabi/arm-none-eabi/lib/thumb/v6-m/nofp/libc_nano.a(libc_a-signalr.o)
 .text._kill_r  0x080068e4       0x24 /Applications/ArmGNUToolchain/14.2.rel1/arm-none-eabi/arm-none-eabi/lib/thumb/v6-m/nofp/libc_nano.a(libc_a-signalr.o)
                0x080068e4                _kill_r
 .text._getpid_r
                0x08006908        0x8 /Applications/ArmGNUToolchain/14.2.rel1/arm-none-eabi/arm-none-eabi/lib/thumb/v6-m/nofp/libc_nano.a(libc_a-signalr.o)
                0x08006908                _getpid_r
 .text          0x08006910        0x0 /Applications/ArmGNUToolchain/14.2.rel1/arm-none-eabi/arm-none-eabi/lib/thumb/v6-m/nofp/libc_nano.a(libc_a-writer.o)
 .text._write_r
                0x08006910       0x28 /Applications/ArmGNUToolchain/14.2.rel1/arm-none-eabi/arm-none-eabi/lib/thumb/v6-m/nofp/libc_nano.a(libc_a-writer.o)
                0x08006910                _write_r
 .text          0x08006938        0x0 /Applications/ArmGNUToolchain/14.2.rel1/arm-none-eabi/arm-none-eabi/lib/thumb/v6-m/nofp/libc_nano.a(libc_a-closer.o)
 .text._close_r
                0x08006938       0x24 /Applications/ArmGNUToolchain/14.2.rel1/arm-none-eabi/arm-none-eabi/lib/thumb/v6-m/nofp/libc_nano.a(libc_a-closer.o)
                0x08006938                _close_r
 .text          0x0800695c       0x14 /Applications/ArmGNUToolchain/14.2.rel1/arm-none-eabi/lib/gcc/arm-none-eabi/14.2.1/thumb/v6-m/nofp/libgcc.a(_thumb1_case_shi.o)
                0x0800695c                __gnu_thumb1_case_shi
 .text          0x08006970        0x0 /Applications/ArmGNUToolchain/14.2.rel1/arm-none-eabi/lib/gcc/arm-none-eabi/14.2.1/thumb/v6-m/nofp/libgcc.a(_muldi3.o)
 .text.__muldi3
                0x08006970       0x5c /Applications/ArmGNUToolchain/14.2.rel1/arm-none-eabi/lib/gcc/arm-none-eabi/14.2.1/thumb/v6-m/nofp/libgcc.a(_muldi3.o)
                0x08006970                __aeabi_lmul
                0x08006970                __muldi3
 *(.rodata*)
 .rodata        0x080069cc      0x37a main.o
 *fill*         0x08006d46        0x2 
 .rodata        0x08006d48       0x7c startup.o
 .rodata.__aeabi_fdiv
                0x08006dc4       0x7c /Applications/ArmGNUToolchain/14.2.rel1/arm-none-eabi/lib/gcc/arm-none-eabi/14.2.1/thumb/v6-m/nofp/libgcc.a(divsf3.o)
 .rodata.__aeabi_ddiv
                0x08006e40       0x40 /Applications/ArmGNUToolchain/14.2.rel1/arm-none-eabi/lib/gcc/arm-none-eabi/14.2.1/thumb/v6-m/nofp/libgcc.a(divdf3.o)
 .rodata.srand.str1.1
                0x08006e80       0xe7 /Applications/ArmGNUToolchain/14.2.rel1/arm-none-eabi/arm-none-eabi/lib/thumb/v6-m/nofp/libc_nano.a(libc_a-rand.o)
                                 0x78 (size before relaxing)
 .rodata.__assert_func.str1.1
                0x08006f67       0x3d /Applications/ArmGNUToolchain/14.2.rel1/arm-none-eabi/arm-none-eabi/lib/thumb/v6-m/nofp/libc_nano.a(libc_a-assert.o)
 .rodata._svfprintf_r.str1.1
                0x08006f67       0x11 /Applications/ArmGNUToolchain/14.2.rel1/arm-none-eabi/arm-none-eabi/lib/thumb/v6-m/nofp/libc_nano.a(libc_a-nano-svfprintf.o)
 .rodata._vfprintf_r.str1.1
                0x08006f67       0x11 /Applications/ArmGNUToolchain/14.2.rel1/arm-none-eabi/arm-none-eabi/lib/thumb/v6-m/nofp/libc_nano.a(libc_a-nano-vfprintf.o)
 .rodata._printf_i.str1.1
                0x08006f67       0x22 /Applications/ArmGNUToolchain/14.2.rel1/arm-none-eabi/arm-none-eabi/lib/thumb/v6-m/nofp/libc_nano.a(libc_a-nano-vfprintf_i.o)
                0x08006fa4                        . = ALIGN (0x4)
 *fill*         0x08006f67        0x1 
                0x08006f68                        PROVIDE (__init_array_start = .)
 *(SORT_BY_NAME(.init_array.*))
 *(.init_array)
                0x08006f68                        PROVIDE (__init_array_end = .)
                0x08006f68                        . = ALIGN (0x4)
                0x08006f68                        _etext = .

.glue_7         0x08006f68        0x0
 .glue_7        0x08006f68        0x0 linker stubs

.glue_7t        0x08006f68        0x0
 .glue_7t       0x08006f68        0x0 linker stubs

.vfp11_veneer   0x08006f68        0x0
 .vfp11_veneer  0x08006f68        0x0 linker stubs

.v4_bx          0x08006f68        0x0
 .v4_bx         0x08006f68        0x0 linker stubs

.iplt           0x08006f68        0x0
 .iplt          0x08006f68        0x0 main.o

.rel.dyn        0x08006f68        0x0
 .rel.iplt      0x08006f68        0x0 main.o

.data           0x20000000       0x64 load address 0x08006f68
                0x20000000                        . = ALIGN (0x4)
                0x20000000                        _data = .
 *(.data*)
 .data          0x20000000        0x2 main.o
                0x20000000                ISR_pwm1
                0x20000001                ISR_pwm2
 .data          0x20000002        0x0 UART2.o
 .data          0x20000002        0x0 startup.o
 .data          0x20000002        0x0 serial.o
 *fill*         0x20000002        0x2 
 .data          0x20000004        0x4 newlib_stubs.o
                0x20000004                environ
 .data          0x20000008        0x0 adc.o
 .data          0x20000008        0x0 motor_control.o
 .data          0x20000008        0x0 /Applications/ArmGNUToolchain/14.2.rel1/arm-none-eabi/arm-none-eabi/lib/thumb/v6-m/nofp/libnosys.a(errno.o)
 .data          0x20000008        0x0 /Applications/ArmGNUToolchain/14.2.rel1/arm-none-eabi/lib/gcc/arm-none-eabi/14.2.1/thumb/v6-m/nofp/libgcc.a(_divsi3.o)
 .data          0x20000008        0x0 /Applications/ArmGNUToolchain/14.2.rel1/arm-none-eabi/lib/gcc/arm-none-eabi/14.2.1/thumb/v6-m/nofp/libgcc.a(_dvmd_tls.o)
 .data          0x20000008        0x0 /Applications/ArmGNUToolchain/14.2.rel1/arm-none-eabi/lib/gcc/arm-none-eabi/14.2.1/thumb/v6-m/nofp/libgcc.a(_arm_cmpdf2.o)
 .data          0x20000008        0x0 /Applications/ArmGNUToolchain/14.2.rel1/arm-none-eabi/lib/gcc/arm-none-eabi/14.2.1/thumb/v6-m/nofp/libgcc.a(_arm_cmpsf2.o)
 .data          0x20000008        0x0 /Applications/ArmGNUToolchain/14.2.rel1/arm-none-eabi/lib/gcc/arm-none-eabi/14.2.1/thumb/v6-m/nofp/libgcc.a(_floatdisf.o)
 .data          0x20000008        0x0 /Applications/ArmGNUToolchain/14.2.rel1/arm-none-eabi/lib/gcc/arm-none-eabi/14.2.1/thumb/v6-m/nofp/libgcc.a(addsf3.o)
 .data          0x20000008        0x0 /Applications/ArmGNUToolchain/14.2.rel1/arm-none-eabi/lib/gcc/arm-none-eabi/14.2.1/thumb/v6-m/nofp/libgcc.a(divsf3.o)
 .data          0x20000008        0x0 /Applications/ArmGNUToolchain/14.2.rel1/arm-none-eabi/lib/gcc/arm-none-eabi/14.2.1/thumb/v6-m/nofp/libgcc.a(eqsf2.o)
 .data          0x20000008        0x0 /Applications/ArmGNUToolchain/14.2.rel1/arm-none-eabi/lib/gcc/arm-none-eabi/14.2.1/thumb/v6-m/nofp/libgcc.a(gesf2.o)
 .data          0x20000008        0x0 /Applications/ArmGNUToolchain/14.2.rel1/arm-none-eabi/lib/gcc/arm-none-eabi/14.2.1/thumb/v6-m/nofp/libgcc.a(lesf2.o)
 .data          0x20000008        0x0 /Applications/ArmGNUToolchain/14.2.rel1/arm-none-eabi/lib/gcc/arm-none-eabi/14.2.1/thumb/v6-m/nofp/libgcc.a(mulsf3.o)
 .data          0x20000008        0x0 /Applications/ArmGNUToolchain/14.2.rel1/arm-none-eabi/lib/gcc/arm-none-eabi/14.2.1/thumb/v6-m/nofp/libgcc.a(subsf3.o)
 .data          0x20000008        0x0 /Applications/ArmGNUToolchain/14.2.rel1/arm-none-eabi/lib/gcc/arm-none-eabi/14.2.1/thumb/v6-m/nofp/libgcc.a(fixsfsi.o)
 .data          0x20000008        0x0 /Applications/ArmGNUToolchain/14.2.rel1/arm-none-eabi/lib/gcc/arm-none-eabi/14.2.1/thumb/v6-m/nofp/libgcc.a(adddf3.o)
 .data          0x20000008        0x0 /Applications/ArmGNUToolchain/14.2.rel1/arm-none-eabi/lib/gcc/arm-none-eabi/14.2.1/thumb/v6-m/nofp/libgcc.a(divdf3.o)
 .data          0x20000008        0x0 /Applications/ArmGNUToolchain/14.2.rel1/arm-none-eabi/lib/gcc/arm-none-eabi/14.2.1/thumb/v6-m/nofp/libgcc.a(eqdf2.o)
 .data          0x20000008        0x0 /Applications/ArmGNUToolchain/14.2.rel1/arm-none-eabi/lib/gcc/arm-none-eabi/14.2.1/thumb/v6-m/nofp/libgcc.a(gedf2.o)
 .data          0x20000008        0x0 /Applications/ArmGNUToolchain/14.2.rel1/arm-none-eabi/lib/gcc/arm-none-eabi/14.2.1/thumb/v6-m/nofp/libgcc.a(ledf2.o)
 .data          0x20000008        0x0 /Applications/ArmGNUToolchain/14.2.rel1/arm-none-eabi/lib/gcc/arm-none-eabi/14.2.1/thumb/v6-m/nofp/libgcc.a(muldf3.o)
 .data          0x20000008        0x0 /Applications/ArmGNUToolchain/14.2.rel1/arm-none-eabi/lib/gcc/arm-none-eabi/14.2.1/thumb/v6-m/nofp/libgcc.a(floatsidf.o)
 .data          0x20000008        0x0 /Applications/ArmGNUToolchain/14.2.rel1/arm-none-eabi/lib/gcc/arm-none-eabi/14.2.1/thumb/v6-m/nofp/libgcc.a(floatunsidf.o)
 .data          0x20000008        0x0 /Applications/ArmGNUToolchain/14.2.rel1/arm-none-eabi/lib/gcc/arm-none-eabi/14.2.1/thumb/v6-m/nofp/libgcc.a(extendsfdf2.o)
 .data          0x20000008        0x0 /Applications/ArmGNUToolchain/14.2.rel1/arm-none-eabi/lib/gcc/arm-none-eabi/14.2.1/thumb/v6-m/nofp/libgcc.a(truncdfsf2.o)
 .data          0x20000008        0x0 /Applications/ArmGNUToolchain/14.2.rel1/arm-none-eabi/lib/gcc/arm-none-eabi/14.2.1/thumb/v6-m/nofp/libgcc.a(_udivsi3.o)
 .data          0x20000008        0x0 /Applications/ArmGNUToolchain/14.2.rel1/arm-none-eabi/lib/gcc/arm-none-eabi/14.2.1/thumb/v6-m/nofp/libgcc.a(_clzsi2.o)
 .data          0x20000008        0x0 /Applications/ArmGNUToolchain/14.2.rel1/arm-none-eabi/arm-none-eabi/lib/thumb/v6-m/nofp/libc_nano.a(libc_a-sprintf.o)
 .data          0x20000008        0x0 /Applications/ArmGNUToolchain/14.2.rel1/arm-none-eabi/arm-none-eabi/lib/thumb/v6-m/nofp/libc_nano.a(libc_a-rand.o)
 .data          0x20000008        0x0 /Applications/ArmGNUToolchain/14.2.rel1/arm-none-eabi/arm-none-eabi/lib/thumb/v6-m/nofp/libc_nano.a(libc_a-printf.o)
 .data          0x20000008        0x0 /Applications/ArmGNUToolchain/14.2.rel1/arm-none-eabi/arm-none-eabi/lib/thumb/v6-m/nofp/libc_nano.a(libc_a-strchr.o)
 .data          0x20000008        0x0 /Applications/ArmGNUToolchain/14.2.rel1/arm-none-eabi/arm-none-eabi/lib/thumb/v6-m/nofp/libc_nano.a(libc_a-impure.o)
 .data._impure_ptr
                0x20000008        0x4 /Applications/ArmGNUToolchain/14.2.rel1/arm-none-eabi/arm-none-eabi/lib/thumb/v6-m/nofp/libc_nano.a(libc_a-impure.o)
                0x20000008                _impure_ptr
 .data._impure_data
                0x2000000c       0x4c /Applications/ArmGNUToolchain/14.2.rel1/arm-none-eabi/arm-none-eabi/lib/thumb/v6-m/nofp/libc_nano.a(libc_a-impure.o)
                0x2000000c                _impure_data
 .data          0x20000058        0x0 /Applications/ArmGNUToolchain/14.2.rel1/arm-none-eabi/arm-none-eabi/lib/thumb/v6-m/nofp/libc_nano.a(libc_a-strlen.o)
 .data          0x20000058        0x0 /Applications/ArmGNUToolchain/14.2.rel1/arm-none-eabi/arm-none-eabi/lib/thumb/v6-m/nofp/libc_nano.a(libc_a-assert.o)
 .data          0x20000058        0x0 /Applications/ArmGNUToolchain/14.2.rel1/arm-none-eabi/arm-none-eabi/lib/thumb/v6-m/nofp/libc_nano.a(libc_a-nano-svfprintf.o)
 .data          0x20000058        0x0 /Applications/ArmGNUToolchain/14.2.rel1/arm-none-eabi/arm-none-eabi/lib/thumb/v6-m/nofp/libc_nano.a(libc_a-nano-vfprintf.o)
 .data          0x20000058        0x0 /Applications/ArmGNUToolchain/14.2.rel1/arm-none-eabi/arm-none-eabi/lib/thumb/v6-m/nofp/libc_nano.a(libc_a-malloc.o)
 .data          0x20000058        0x0 /Applications/ArmGNUToolchain/14.2.rel1/arm-none-eabi/arm-none-eabi/lib/thumb/v6-m/nofp/libc_nano.a(libc_a-mallocr.o)
 .data          0x20000058        0x0 /Applications/ArmGNUToolchain/14.2.rel1/arm-none-eabi/arm-none-eabi/lib/thumb/v6-m/nofp/libc_nano.a(libc_a-nano-vfprintf_i.o)
 .data          0x20000058        0x0 /Applications/ArmGNUToolchain/14.2.rel1/arm-none-eabi/arm-none-eabi/lib/thumb/v6-m/nofp/libc_nano.a(libc_a-mlock.o)
 .data          0x20000058        0x0 /Applications/ArmGNUToolchain/14.2.rel1/arm-none-eabi/arm-none-eabi/lib/thumb/v6-m/nofp/libc_nano.a(libc_a-findfp.o)
 .data.__sglue  0x20000058        0xc /Applications/ArmGNUToolchain/14.2.rel1/arm-none-eabi/arm-none-eabi/lib/thumb/v6-m/nofp/libc_nano.a(libc_a-findfp.o)
                0x20000058                __sglue
 .data          0x20000064        0x0 /Applications/ArmGNUToolchain/14.2.rel1/arm-none-eabi/arm-none-eabi/lib/thumb/v6-m/nofp/libc_nano.a(libc_a-fprintf.o)
 .data          0x20000064        0x0 /Applications/ArmGNUToolchain/14.2.rel1/arm-none-eabi/arm-none-eabi/lib/thumb/v6-m/nofp/libc_nano.a(libc_a-reallocr.o)
 .data          0x20000064        0x0 /Applications/ArmGNUToolchain/14.2.rel1/arm-none-eabi/arm-none-eabi/lib/thumb/v6-m/nofp/libc_nano.a(libc_a-wbuf.o)
 .data          0x20000064        0x0 /Applications/ArmGNUToolchain/14.2.rel1/arm-none-eabi/arm-none-eabi/lib/thumb/v6-m/nofp/libc_nano.a(libc_a-wsetup.o)
 .data          0x20000064        0x0 /Applications/ArmGNUToolchain/14.2.rel1/arm-none-eabi/arm-none-eabi/lib/thumb/v6-m/nofp/libc_nano.a(libc_a-fvwrite.o)
 .data          0x20000064        0x0 /Applications/ArmGNUToolchain/14.2.rel1/arm-none-eabi/arm-none-eabi/lib/thumb/v6-m/nofp/libc_nano.a(libc_a-fwalk.o)
 .data          0x20000064        0x0 /Applications/ArmGNUToolchain/14.2.rel1/arm-none-eabi/arm-none-eabi/lib/thumb/v6-m/nofp/libc_nano.a(libc_a-makebuf.o)
 .data          0x20000064        0x0 /Applications/ArmGNUToolchain/14.2.rel1/arm-none-eabi/arm-none-eabi/lib/thumb/v6-m/nofp/libc_nano.a(libc_a-memmove.o)
 .data          0x20000064        0x0 /Applications/ArmGNUToolchain/14.2.rel1/arm-none-eabi/arm-none-eabi/lib/thumb/v6-m/nofp/libc_nano.a(libc_a-memset.o)
 .data          0x20000064        0x0 /Applications/ArmGNUToolchain/14.2.rel1/arm-none-eabi/arm-none-eabi/lib/thumb/v6-m/nofp/libc_nano.a(libc_a-isattyr.o)
 .data          0x20000064        0x0 /Applications/ArmGNUToolchain/14.2.rel1/arm-none-eabi/arm-none-eabi/lib/thumb/v6-m/nofp/libc_nano.a(libc_a-sbrkr.o)
 .data          0x20000064        0x0 /Applications/ArmGNUToolchain/14.2.rel1/arm-none-eabi/arm-none-eabi/lib/thumb/v6-m/nofp/libc_nano.a(libc_a-lock.o)
 .data          0x20000064        0x0 /Applications/ArmGNUToolchain/14.2.rel1/arm-none-eabi/arm-none-eabi/lib/thumb/v6-m/nofp/libc_nano.a(libc_a-fstatr.o)
 .data          0x20000064        0x0 /Applications/ArmGNUToolchain/14.2.rel1/arm-none-eabi/arm-none-eabi/lib/thumb/v6-m/nofp/libc_nano.a(libc_a-memchr-stub.o)
 .data          0x20000064        0x0 /Applications/ArmGNUToolchain/14.2.rel1/arm-none-eabi/arm-none-eabi/lib/thumb/v6-m/nofp/libc_nano.a(libc_a-memcpy-stub.o)
 .data          0x20000064        0x0 /Applications/ArmGNUToolchain/14.2.rel1/arm-none-eabi/arm-none-eabi/lib/thumb/v6-m/nofp/libc_nano.a(libc_a-abort.o)
 .data          0x20000064        0x0 /Applications/ArmGNUToolchain/14.2.rel1/arm-none-eabi/arm-none-eabi/lib/thumb/v6-m/nofp/libc_nano.a(libc_a-freer.o)
 .data          0x20000064        0x0 /Applications/ArmGNUToolchain/14.2.rel1/arm-none-eabi/arm-none-eabi/lib/thumb/v6-m/nofp/libc_nano.a(libc_a-fflush.o)
 .data          0x20000064        0x0 /Applications/ArmGNUToolchain/14.2.rel1/arm-none-eabi/arm-none-eabi/lib/thumb/v6-m/nofp/libc_nano.a(libc_a-msizer.o)
 .data          0x20000064        0x0 /Applications/ArmGNUToolchain/14.2.rel1/arm-none-eabi/arm-none-eabi/lib/thumb/v6-m/nofp/libc_nano.a(libc_a-stdio.o)
 .data          0x20000064        0x0 /Applications/ArmGNUToolchain/14.2.rel1/arm-none-eabi/arm-none-eabi/lib/thumb/v6-m/nofp/libc_nano.a(libc_a-signal.o)
 .data          0x20000064        0x0 /Applications/ArmGNUToolchain/14.2.rel1/arm-none-eabi/arm-none-eabi/lib/thumb/v6-m/nofp/libc_nano.a(libc_a-lseekr.o)
 .data          0x20000064        0x0 /Applications/ArmGNUToolchain/14.2.rel1/arm-none-eabi/arm-none-eabi/lib/thumb/v6-m/nofp/libc_nano.a(libc_a-readr.o)
 .data          0x20000064        0x0 /Applications/ArmGNUToolchain/14.2.rel1/arm-none-eabi/arm-none-eabi/lib/thumb/v6-m/nofp/libc_nano.a(libc_a-signalr.o)
 .data          0x20000064        0x0 /Applications/ArmGNUToolchain/14.2.rel1/arm-none-eabi/arm-none-eabi/lib/thumb/v6-m/nofp/libc_nano.a(libc_a-writer.o)
 .data          0x20000064        0x0 /Applications/ArmGNUToolchain/14.2.rel1/arm-none-eabi/arm-none-eabi/lib/thumb/v6-m/nofp/libc_nano.a(libc_a-closer.o)
 .data          0x20000064        0x0 /Applications/ArmGNUToolchain/14.2.rel1/arm-none-eabi/lib/gcc/arm-none-eabi/14.2.1/thumb/v6-m/nofp/libgcc.a(_thumb1_case_shi.o)
 .data          0x20000064        0x0 /Applications/ArmGNUToolchain/14.2.rel1/arm-none-eabi/lib/gcc/arm-none-eabi/14.2.1/thumb/v6-m/nofp/libgcc.a(_muldi3.o)
                0x20000064                        . = ALIGN (0x4)
                0x20000064                        _edata = .

.igot.plt       0x20000064        0x0 load address 0x08006fcc
 .igot.plt      0x20000064        0x0 main.o

.bss            0x20000064      0x2d8 load address 0x08006fcc
                0x20000064                        _bss = .
 *(.bss*)
 .bss           0x20000064       0x2e main.o
                0x20000064                PWM_Counter
                0x20000068                freqBuffer
                0x20000090                sampleIndex
                0x20000091                coinDetected
 *fill*         0x20000092        0x2 
 .bss           0x20000094       0xa4 UART2.o
                0x20000094                ComRXBuffer2
                0x200000e0                ComTXBuffer2
                0x2000012c                ComOpen2
                0x20000130                ComError2
                0x20000134                ComBusy2
 .bss           0x20000138        0x0 startup.o
 .bss           0x20000138       0xa4 serial.o
                0x20000138                ComRXBuffer
                0x20000184                ComTXBuffer
                0x200001d0                ComOpen
                0x200001d4                ComError
                0x200001d8                ComBusy
 .bss           0x200001dc        0x8 newlib_stubs.o
                0x200001dc                __env
 .bss           0x200001e4        0x0 adc.o
 .bss           0x200001e4        0x6 motor_control.o
                0x200001e4                pwm_counter_header
                0x200001e8                pwm1
                0x200001e9                pwm2
 .bss           0x200001ea        0x0 /Applications/ArmGNUToolchain/14.2.rel1/arm-none-eabi/arm-none-eabi/lib/thumb/v6-m/nofp/libnosys.a(errno.o)
 *fill*         0x200001ea        0x2 
 .bss.errno     0x200001ec        0x4 /Applications/ArmGNUToolchain/14.2.rel1/arm-none-eabi/arm-none-eabi/lib/thumb/v6-m/nofp/libnosys.a(errno.o)
                0x200001ec                errno
 .bss           0x200001f0        0x0 /Applications/ArmGNUToolchain/14.2.rel1/arm-none-eabi/lib/gcc/arm-none-eabi/14.2.1/thumb/v6-m/nofp/libgcc.a(_divsi3.o)
 .bss           0x200001f0        0x0 /Applications/ArmGNUToolchain/14.2.rel1/arm-none-eabi/lib/gcc/arm-none-eabi/14.2.1/thumb/v6-m/nofp/libgcc.a(_dvmd_tls.o)
 .bss           0x200001f0        0x0 /Applications/ArmGNUToolchain/14.2.rel1/arm-none-eabi/lib/gcc/arm-none-eabi/14.2.1/thumb/v6-m/nofp/libgcc.a(_arm_cmpdf2.o)
 .bss           0x200001f0        0x0 /Applications/ArmGNUToolchain/14.2.rel1/arm-none-eabi/lib/gcc/arm-none-eabi/14.2.1/thumb/v6-m/nofp/libgcc.a(_arm_cmpsf2.o)
 .bss           0x200001f0        0x0 /Applications/ArmGNUToolchain/14.2.rel1/arm-none-eabi/lib/gcc/arm-none-eabi/14.2.1/thumb/v6-m/nofp/libgcc.a(_floatdisf.o)
 .bss           0x200001f0        0x0 /Applications/ArmGNUToolchain/14.2.rel1/arm-none-eabi/lib/gcc/arm-none-eabi/14.2.1/thumb/v6-m/nofp/libgcc.a(addsf3.o)
 .bss           0x200001f0        0x0 /Applications/ArmGNUToolchain/14.2.rel1/arm-none-eabi/lib/gcc/arm-none-eabi/14.2.1/thumb/v6-m/nofp/libgcc.a(divsf3.o)
 .bss           0x200001f0        0x0 /Applications/ArmGNUToolchain/14.2.rel1/arm-none-eabi/lib/gcc/arm-none-eabi/14.2.1/thumb/v6-m/nofp/libgcc.a(eqsf2.o)
 .bss           0x200001f0        0x0 /Applications/ArmGNUToolchain/14.2.rel1/arm-none-eabi/lib/gcc/arm-none-eabi/14.2.1/thumb/v6-m/nofp/libgcc.a(gesf2.o)
 .bss           0x200001f0        0x0 /Applications/ArmGNUToolchain/14.2.rel1/arm-none-eabi/lib/gcc/arm-none-eabi/14.2.1/thumb/v6-m/nofp/libgcc.a(lesf2.o)
 .bss           0x200001f0        0x0 /Applications/ArmGNUToolchain/14.2.rel1/arm-none-eabi/lib/gcc/arm-none-eabi/14.2.1/thumb/v6-m/nofp/libgcc.a(mulsf3.o)
 .bss           0x200001f0        0x0 /Applications/ArmGNUToolchain/14.2.rel1/arm-none-eabi/lib/gcc/arm-none-eabi/14.2.1/thumb/v6-m/nofp/libgcc.a(subsf3.o)
 .bss           0x200001f0        0x0 /Applications/ArmGNUToolchain/14.2.rel1/arm-none-eabi/lib/gcc/arm-none-eabi/14.2.1/thumb/v6-m/nofp/libgcc.a(fixsfsi.o)
 .bss           0x200001f0        0x0 /Applications/ArmGNUToolchain/14.2.rel1/arm-none-eabi/lib/gcc/arm-none-eabi/14.2.1/thumb/v6-m/nofp/libgcc.a(adddf3.o)
 .bss           0x200001f0        0x0 /Applications/ArmGNUToolchain/14.2.rel1/arm-none-eabi/lib/gcc/arm-none-eabi/14.2.1/thumb/v6-m/nofp/libgcc.a(divdf3.o)
 .bss           0x200001f0        0x0 /Applications/ArmGNUToolchain/14.2.rel1/arm-none-eabi/lib/gcc/arm-none-eabi/14.2.1/thumb/v6-m/nofp/libgcc.a(eqdf2.o)
 .bss           0x200001f0        0x0 /Applications/ArmGNUToolchain/14.2.rel1/arm-none-eabi/lib/gcc/arm-none-eabi/14.2.1/thumb/v6-m/nofp/libgcc.a(gedf2.o)
 .bss           0x200001f0        0x0 /Applications/ArmGNUToolchain/14.2.rel1/arm-none-eabi/lib/gcc/arm-none-eabi/14.2.1/thumb/v6-m/nofp/libgcc.a(ledf2.o)
 .bss           0x200001f0        0x0 /Applications/ArmGNUToolchain/14.2.rel1/arm-none-eabi/lib/gcc/arm-none-eabi/14.2.1/thumb/v6-m/nofp/libgcc.a(muldf3.o)
 .bss           0x200001f0        0x0 /Applications/ArmGNUToolchain/14.2.rel1/arm-none-eabi/lib/gcc/arm-none-eabi/14.2.1/thumb/v6-m/nofp/libgcc.a(floatsidf.o)
 .bss           0x200001f0        0x0 /Applications/ArmGNUToolchain/14.2.rel1/arm-none-eabi/lib/gcc/arm-none-eabi/14.2.1/thumb/v6-m/nofp/libgcc.a(floatunsidf.o)
 .bss           0x200001f0        0x0 /Applications/ArmGNUToolchain/14.2.rel1/arm-none-eabi/lib/gcc/arm-none-eabi/14.2.1/thumb/v6-m/nofp/libgcc.a(extendsfdf2.o)
 .bss           0x200001f0        0x0 /Applications/ArmGNUToolchain/14.2.rel1/arm-none-eabi/lib/gcc/arm-none-eabi/14.2.1/thumb/v6-m/nofp/libgcc.a(truncdfsf2.o)
 .bss           0x200001f0        0x0 /Applications/ArmGNUToolchain/14.2.rel1/arm-none-eabi/lib/gcc/arm-none-eabi/14.2.1/thumb/v6-m/nofp/libgcc.a(_udivsi3.o)
 .bss           0x200001f0        0x0 /Applications/ArmGNUToolchain/14.2.rel1/arm-none-eabi/lib/gcc/arm-none-eabi/14.2.1/thumb/v6-m/nofp/libgcc.a(_clzsi2.o)
 .bss           0x200001f0        0x0 /Applications/ArmGNUToolchain/14.2.rel1/arm-none-eabi/arm-none-eabi/lib/thumb/v6-m/nofp/libc_nano.a(libc_a-sprintf.o)
 .bss           0x200001f0        0x0 /Applications/ArmGNUToolchain/14.2.rel1/arm-none-eabi/arm-none-eabi/lib/thumb/v6-m/nofp/libc_nano.a(libc_a-rand.o)
 .bss           0x200001f0        0x0 /Applications/ArmGNUToolchain/14.2.rel1/arm-none-eabi/arm-none-eabi/lib/thumb/v6-m/nofp/libc_nano.a(libc_a-printf.o)
 .bss           0x200001f0        0x0 /Applications/ArmGNUToolchain/14.2.rel1/arm-none-eabi/arm-none-eabi/lib/thumb/v6-m/nofp/libc_nano.a(libc_a-strchr.o)
 .bss           0x200001f0        0x0 /Applications/ArmGNUToolchain/14.2.rel1/arm-none-eabi/arm-none-eabi/lib/thumb/v6-m/nofp/libc_nano.a(libc_a-impure.o)
 .bss           0x200001f0        0x0 /Applications/ArmGNUToolchain/14.2.rel1/arm-none-eabi/arm-none-eabi/lib/thumb/v6-m/nofp/libc_nano.a(libc_a-strlen.o)
 .bss           0x200001f0        0x0 /Applications/ArmGNUToolchain/14.2.rel1/arm-none-eabi/arm-none-eabi/lib/thumb/v6-m/nofp/libc_nano.a(libc_a-assert.o)
 .bss           0x200001f0        0x0 /Applications/ArmGNUToolchain/14.2.rel1/arm-none-eabi/arm-none-eabi/lib/thumb/v6-m/nofp/libc_nano.a(libc_a-nano-svfprintf.o)
 .bss           0x200001f0        0x0 /Applications/ArmGNUToolchain/14.2.rel1/arm-none-eabi/arm-none-eabi/lib/thumb/v6-m/nofp/libc_nano.a(libc_a-nano-vfprintf.o)
 .bss           0x200001f0        0x0 /Applications/ArmGNUToolchain/14.2.rel1/arm-none-eabi/arm-none-eabi/lib/thumb/v6-m/nofp/libc_nano.a(libc_a-malloc.o)
 .bss           0x200001f0        0x0 /Applications/ArmGNUToolchain/14.2.rel1/arm-none-eabi/arm-none-eabi/lib/thumb/v6-m/nofp/libc_nano.a(libc_a-mallocr.o)
 .bss.__malloc_sbrk_start
                0x200001f0        0x4 /Applications/ArmGNUToolchain/14.2.rel1/arm-none-eabi/arm-none-eabi/lib/thumb/v6-m/nofp/libc_nano.a(libc_a-mallocr.o)
                0x200001f0                __malloc_sbrk_start
 .bss.__malloc_free_list
                0x200001f4        0x4 /Applications/ArmGNUToolchain/14.2.rel1/arm-none-eabi/arm-none-eabi/lib/thumb/v6-m/nofp/libc_nano.a(libc_a-mallocr.o)
                0x200001f4                __malloc_free_list
 .bss           0x200001f8        0x0 /Applications/ArmGNUToolchain/14.2.rel1/arm-none-eabi/arm-none-eabi/lib/thumb/v6-m/nofp/libc_nano.a(libc_a-nano-vfprintf_i.o)
 .bss           0x200001f8        0x0 /Applications/ArmGNUToolchain/14.2.rel1/arm-none-eabi/arm-none-eabi/lib/thumb/v6-m/nofp/libc_nano.a(libc_a-mlock.o)
 .bss           0x200001f8        0x0 /Applications/ArmGNUToolchain/14.2.rel1/arm-none-eabi/arm-none-eabi/lib/thumb/v6-m/nofp/libc_nano.a(libc_a-findfp.o)
 .bss.__sf      0x200001f8      0x138 /Applications/ArmGNUToolchain/14.2.rel1/arm-none-eabi/arm-none-eabi/lib/thumb/v6-m/nofp/libc_nano.a(libc_a-findfp.o)
                0x200001f8                __sf
 .bss.__stdio_exit_handler
                0x20000330        0x4 /Applications/ArmGNUToolchain/14.2.rel1/arm-none-eabi/arm-none-eabi/lib/thumb/v6-m/nofp/libc_nano.a(libc_a-findfp.o)
                0x20000330                __stdio_exit_handler
 .bss           0x20000334        0x0 /Applications/ArmGNUToolchain/14.2.rel1/arm-none-eabi/arm-none-eabi/lib/thumb/v6-m/nofp/libc_nano.a(libc_a-fprintf.o)
 .bss           0x20000334        0x0 /Applications/ArmGNUToolchain/14.2.rel1/arm-none-eabi/arm-none-eabi/lib/thumb/v6-m/nofp/libc_nano.a(libc_a-reallocr.o)
 .bss           0x20000334        0x0 /Applications/ArmGNUToolchain/14.2.rel1/arm-none-eabi/arm-none-eabi/lib/thumb/v6-m/nofp/libc_nano.a(libc_a-wbuf.o)
 .bss           0x20000334        0x0 /Applications/ArmGNUToolchain/14.2.rel1/arm-none-eabi/arm-none-eabi/lib/thumb/v6-m/nofp/libc_nano.a(libc_a-wsetup.o)
 .bss           0x20000334        0x0 /Applications/ArmGNUToolchain/14.2.rel1/arm-none-eabi/arm-none-eabi/lib/thumb/v6-m/nofp/libc_nano.a(libc_a-fvwrite.o)
 .bss           0x20000334        0x0 /Applications/ArmGNUToolchain/14.2.rel1/arm-none-eabi/arm-none-eabi/lib/thumb/v6-m/nofp/libc_nano.a(libc_a-fwalk.o)
 .bss           0x20000334        0x0 /Applications/ArmGNUToolchain/14.2.rel1/arm-none-eabi/arm-none-eabi/lib/thumb/v6-m/nofp/libc_nano.a(libc_a-makebuf.o)
 .bss           0x20000334        0x0 /Applications/ArmGNUToolchain/14.2.rel1/arm-none-eabi/arm-none-eabi/lib/thumb/v6-m/nofp/libc_nano.a(libc_a-memmove.o)
 .bss           0x20000334        0x0 /Applications/ArmGNUToolchain/14.2.rel1/arm-none-eabi/arm-none-eabi/lib/thumb/v6-m/nofp/libc_nano.a(libc_a-memset.o)
 .bss           0x20000334        0x0 /Applications/ArmGNUToolchain/14.2.rel1/arm-none-eabi/arm-none-eabi/lib/thumb/v6-m/nofp/libc_nano.a(libc_a-isattyr.o)
 .bss           0x20000334        0x0 /Applications/ArmGNUToolchain/14.2.rel1/arm-none-eabi/arm-none-eabi/lib/thumb/v6-m/nofp/libc_nano.a(libc_a-sbrkr.o)
 .bss           0x20000334        0x0 /Applications/ArmGNUToolchain/14.2.rel1/arm-none-eabi/arm-none-eabi/lib/thumb/v6-m/nofp/libc_nano.a(libc_a-lock.o)
 .bss.__lock___arc4random_mutex
                0x20000334        0x1 /Applications/ArmGNUToolchain/14.2.rel1/arm-none-eabi/arm-none-eabi/lib/thumb/v6-m/nofp/libc_nano.a(libc_a-lock.o)
                0x20000334                __lock___arc4random_mutex
 .bss.__lock___dd_hash_mutex
                0x20000335        0x1 /Applications/ArmGNUToolchain/14.2.rel1/arm-none-eabi/arm-none-eabi/lib/thumb/v6-m/nofp/libc_nano.a(libc_a-lock.o)
                0x20000335                __lock___dd_hash_mutex
 .bss.__lock___tz_mutex
                0x20000336        0x1 /Applications/ArmGNUToolchain/14.2.rel1/arm-none-eabi/arm-none-eabi/lib/thumb/v6-m/nofp/libc_nano.a(libc_a-lock.o)
                0x20000336                __lock___tz_mutex
 .bss.__lock___env_recursive_mutex
                0x20000337        0x1 /Applications/ArmGNUToolchain/14.2.rel1/arm-none-eabi/arm-none-eabi/lib/thumb/v6-m/nofp/libc_nano.a(libc_a-lock.o)
                0x20000337                __lock___env_recursive_mutex
 .bss.__lock___malloc_recursive_mutex
                0x20000338        0x1 /Applications/ArmGNUToolchain/14.2.rel1/arm-none-eabi/arm-none-eabi/lib/thumb/v6-m/nofp/libc_nano.a(libc_a-lock.o)
                0x20000338                __lock___malloc_recursive_mutex
 .bss.__lock___at_quick_exit_mutex
                0x20000339        0x1 /Applications/ArmGNUToolchain/14.2.rel1/arm-none-eabi/arm-none-eabi/lib/thumb/v6-m/nofp/libc_nano.a(libc_a-lock.o)
                0x20000339                __lock___at_quick_exit_mutex
 .bss.__lock___atexit_recursive_mutex
                0x2000033a        0x1 /Applications/ArmGNUToolchain/14.2.rel1/arm-none-eabi/arm-none-eabi/lib/thumb/v6-m/nofp/libc_nano.a(libc_a-lock.o)
                0x2000033a                __lock___atexit_recursive_mutex
 .bss.__lock___sfp_recursive_mutex
                0x2000033b        0x1 /Applications/ArmGNUToolchain/14.2.rel1/arm-none-eabi/arm-none-eabi/lib/thumb/v6-m/nofp/libc_nano.a(libc_a-lock.o)
                0x2000033b                __lock___sfp_recursive_mutex
 .bss           0x2000033c        0x0 /Applications/ArmGNUToolchain/14.2.rel1/arm-none-eabi/arm-none-eabi/lib/thumb/v6-m/nofp/libc_nano.a(libc_a-fstatr.o)
 .bss           0x2000033c        0x0 /Applications/ArmGNUToolchain/14.2.rel1/arm-none-eabi/arm-none-eabi/lib/thumb/v6-m/nofp/libc_nano.a(libc_a-memchr-stub.o)
 .bss           0x2000033c        0x0 /Applications/ArmGNUToolchain/14.2.rel1/arm-none-eabi/arm-none-eabi/lib/thumb/v6-m/nofp/libc_nano.a(libc_a-memcpy-stub.o)
 .bss           0x2000033c        0x0 /Applications/ArmGNUToolchain/14.2.rel1/arm-none-eabi/arm-none-eabi/lib/thumb/v6-m/nofp/libc_nano.a(libc_a-abort.o)
 .bss           0x2000033c        0x0 /Applications/ArmGNUToolchain/14.2.rel1/arm-none-eabi/arm-none-eabi/lib/thumb/v6-m/nofp/libc_nano.a(libc_a-freer.o)
 .bss           0x2000033c        0x0 /Applications/ArmGNUToolchain/14.2.rel1/arm-none-eabi/arm-none-eabi/lib/thumb/v6-m/nofp/libc_nano.a(libc_a-fflush.o)
 .bss           0x2000033c        0x0 /Applications/ArmGNUToolchain/14.2.rel1/arm-none-eabi/arm-none-eabi/lib/thumb/v6-m/nofp/libc_nano.a(libc_a-msizer.o)
 .bss           0x2000033c        0x0 /Applications/ArmGNUToolchain/14.2.rel1/arm-none-eabi/arm-none-eabi/lib/thumb/v6-m/nofp/libc_nano.a(libc_a-stdio.o)
 .bss           0x2000033c        0x0 /Applications/ArmGNUToolchain/14.2.rel1/arm-none-eabi/arm-none-eabi/lib/thumb/v6-m/nofp/libc_nano.a(libc_a-signal.o)
 .bss           0x2000033c        0x0 /Applications/ArmGNUToolchain/14.2.rel1/arm-none-eabi/arm-none-eabi/lib/thumb/v6-m/nofp/libc_nano.a(libc_a-lseekr.o)
 .bss           0x2000033c        0x0 /Applications/ArmGNUToolchain/14.2.rel1/arm-none-eabi/arm-none-eabi/lib/thumb/v6-m/nofp/libc_nano.a(libc_a-readr.o)
 .bss           0x2000033c        0x0 /Applications/ArmGNUToolchain/14.2.rel1/arm-none-eabi/arm-none-eabi/lib/thumb/v6-m/nofp/libc_nano.a(libc_a-signalr.o)
 .bss           0x2000033c        0x0 /Applications/ArmGNUToolchain/14.2.rel1/arm-none-eabi/arm-none-eabi/lib/thumb/v6-m/nofp/libc_nano.a(libc_a-writer.o)
 .bss           0x2000033c        0x0 /Applications/ArmGNUToolchain/14.2.rel1/arm-none-eabi/arm-none-eabi/lib/thumb/v6-m/nofp/libc_nano.a(libc_a-closer.o)
 .bss           0x2000033c        0x0 /Applications/ArmGNUToolchain/14.2.rel1/arm-none-eabi/lib/gcc/arm-none-eabi/14.2.1/thumb/v6-m/nofp/libgcc.a(_thumb1_case_shi.o)
 .bss           0x2000033c        0x0 /Applications/ArmGNUToolchain/14.2.rel1/arm-none-eabi/lib/gcc/arm-none-eabi/14.2.1/thumb/v6-m/nofp/libgcc.a(_muldi3.o)
 *(COMMON)
                0x2000033c                        . = ALIGN (0x4)
                0x2000033c                        _ebss = .
                [!provide]                        PROVIDE (end = .)
                0x2000033c                        PROVIDE (_HeapStart = .)
                0x20002000                        PROVIDE (_StackTop = (ORIGIN (ram) + LENGTH (ram)))
OUTPUT(main.elf elf32-littlearm)
LOAD linker stubs

.comment        0x00000000       0x8e
 .comment       0x00000000       0x8e main.o
                                 0x46 (size before relaxing)
 .comment       0x0000008e       0x46 UART2.o
 .comment       0x0000008e       0x4a startup.o
 .comment       0x0000008e       0x4a serial.o
 .comment       0x0000008e       0x4a newlib_stubs.o
 .comment       0x0000008e       0x4a adc.o
 .comment       0x0000008e       0x46 motor_control.o

.ARM.attributes
                0x00000000       0x2a
 .ARM.attributes
                0x00000000       0x2c main.o
 .ARM.attributes
                0x0000002c       0x2c UART2.o
 .ARM.attributes
                0x00000058       0x2c startup.o
 .ARM.attributes
                0x00000084       0x2c serial.o
 .ARM.attributes
                0x000000b0       0x2c newlib_stubs.o
 .ARM.attributes
                0x000000dc       0x2c adc.o
 .ARM.attributes
                0x00000108       0x2c motor_control.o
 .ARM.attributes
                0x00000134       0x2c /Applications/ArmGNUToolchain/14.2.rel1/arm-none-eabi/arm-none-eabi/lib/thumb/v6-m/nofp/libnosys.a(errno.o)
 .ARM.attributes
                0x00000160       0x1e /Applications/ArmGNUToolchain/14.2.rel1/arm-none-eabi/lib/gcc/arm-none-eabi/14.2.1/thumb/v6-m/nofp/libgcc.a(_divsi3.o)
 .ARM.attributes
                0x0000017e       0x1e /Applications/ArmGNUToolchain/14.2.rel1/arm-none-eabi/lib/gcc/arm-none-eabi/14.2.1/thumb/v6-m/nofp/libgcc.a(_dvmd_tls.o)
 .ARM.attributes
                0x0000019c       0x1e /Applications/ArmGNUToolchain/14.2.rel1/arm-none-eabi/lib/gcc/arm-none-eabi/14.2.1/thumb/v6-m/nofp/libgcc.a(_arm_cmpdf2.o)
 .ARM.attributes
                0x000001ba       0x1e /Applications/ArmGNUToolchain/14.2.rel1/arm-none-eabi/lib/gcc/arm-none-eabi/14.2.1/thumb/v6-m/nofp/libgcc.a(_arm_cmpsf2.o)
 .ARM.attributes
                0x000001d8       0x2c /Applications/ArmGNUToolchain/14.2.rel1/arm-none-eabi/lib/gcc/arm-none-eabi/14.2.1/thumb/v6-m/nofp/libgcc.a(_floatdisf.o)
 .ARM.attributes
                0x00000204       0x2c /Applications/ArmGNUToolchain/14.2.rel1/arm-none-eabi/lib/gcc/arm-none-eabi/14.2.1/thumb/v6-m/nofp/libgcc.a(addsf3.o)
 .ARM.attributes
                0x00000230       0x2c /Applications/ArmGNUToolchain/14.2.rel1/arm-none-eabi/lib/gcc/arm-none-eabi/14.2.1/thumb/v6-m/nofp/libgcc.a(divsf3.o)
 .ARM.attributes
                0x0000025c       0x2c /Applications/ArmGNUToolchain/14.2.rel1/arm-none-eabi/lib/gcc/arm-none-eabi/14.2.1/thumb/v6-m/nofp/libgcc.a(eqsf2.o)
 .ARM.attributes
                0x00000288       0x2c /Applications/ArmGNUToolchain/14.2.rel1/arm-none-eabi/lib/gcc/arm-none-eabi/14.2.1/thumb/v6-m/nofp/libgcc.a(gesf2.o)
 .ARM.attributes
                0x000002b4       0x2c /Applications/ArmGNUToolchain/14.2.rel1/arm-none-eabi/lib/gcc/arm-none-eabi/14.2.1/thumb/v6-m/nofp/libgcc.a(lesf2.o)
 .ARM.attributes
                0x000002e0       0x2c /Applications/ArmGNUToolchain/14.2.rel1/arm-none-eabi/lib/gcc/arm-none-eabi/14.2.1/thumb/v6-m/nofp/libgcc.a(mulsf3.o)
 .ARM.attributes
                0x0000030c       0x2c /Applications/ArmGNUToolchain/14.2.rel1/arm-none-eabi/lib/gcc/arm-none-eabi/14.2.1/thumb/v6-m/nofp/libgcc.a(subsf3.o)
 .ARM.attributes
                0x00000338       0x2c /Applications/ArmGNUToolchain/14.2.rel1/arm-none-eabi/lib/gcc/arm-none-eabi/14.2.1/thumb/v6-m/nofp/libgcc.a(fixsfsi.o)
 .ARM.attributes
                0x00000364       0x2c /Applications/ArmGNUToolchain/14.2.rel1/arm-none-eabi/lib/gcc/arm-none-eabi/14.2.1/thumb/v6-m/nofp/libgcc.a(adddf3.o)
 .ARM.attributes
                0x00000390       0x2c /Applications/ArmGNUToolchain/14.2.rel1/arm-none-eabi/lib/gcc/arm-none-eabi/14.2.1/thumb/v6-m/nofp/libgcc.a(divdf3.o)
 .ARM.attributes
                0x000003bc       0x2c /Applications/ArmGNUToolchain/14.2.rel1/arm-none-eabi/lib/gcc/arm-none-eabi/14.2.1/thumb/v6-m/nofp/libgcc.a(eqdf2.o)
 .ARM.attributes
                0x000003e8       0x2c /Applications/ArmGNUToolchain/14.2.rel1/arm-none-eabi/lib/gcc/arm-none-eabi/14.2.1/thumb/v6-m/nofp/libgcc.a(gedf2.o)
 .ARM.attributes
                0x00000414       0x2c /Applications/ArmGNUToolchain/14.2.rel1/arm-none-eabi/lib/gcc/arm-none-eabi/14.2.1/thumb/v6-m/nofp/libgcc.a(ledf2.o)
 .ARM.attributes
                0x00000440       0x2c /Applications/ArmGNUToolchain/14.2.rel1/arm-none-eabi/lib/gcc/arm-none-eabi/14.2.1/thumb/v6-m/nofp/libgcc.a(muldf3.o)
 .ARM.attributes
                0x0000046c       0x2c /Applications/ArmGNUToolchain/14.2.rel1/arm-none-eabi/lib/gcc/arm-none-eabi/14.2.1/thumb/v6-m/nofp/libgcc.a(floatsidf.o)
 .ARM.attributes
                0x00000498       0x2c /Applications/ArmGNUToolchain/14.2.rel1/arm-none-eabi/lib/gcc/arm-none-eabi/14.2.1/thumb/v6-m/nofp/libgcc.a(floatunsidf.o)
 .ARM.attributes
                0x000004c4       0x2c /Applications/ArmGNUToolchain/14.2.rel1/arm-none-eabi/lib/gcc/arm-none-eabi/14.2.1/thumb/v6-m/nofp/libgcc.a(extendsfdf2.o)
 .ARM.attributes
                0x000004f0       0x2c /Applications/ArmGNUToolchain/14.2.rel1/arm-none-eabi/lib/gcc/arm-none-eabi/14.2.1/thumb/v6-m/nofp/libgcc.a(truncdfsf2.o)
 .ARM.attributes
                0x0000051c       0x1e /Applications/ArmGNUToolchain/14.2.rel1/arm-none-eabi/lib/gcc/arm-none-eabi/14.2.1/thumb/v6-m/nofp/libgcc.a(_udivsi3.o)
 .ARM.attributes
                0x0000053a       0x1e /Applications/ArmGNUToolchain/14.2.rel1/arm-none-eabi/lib/gcc/arm-none-eabi/14.2.1/thumb/v6-m/nofp/libgcc.a(_clzsi2.o)
 .ARM.attributes
                0x00000558       0x2c /Applications/ArmGNUToolchain/14.2.rel1/arm-none-eabi/arm-none-eabi/lib/thumb/v6-m/nofp/libc_nano.a(libc_a-sprintf.o)
 .ARM.attributes
                0x00000584       0x2c /Applications/ArmGNUToolchain/14.2.rel1/arm-none-eabi/arm-none-eabi/lib/thumb/v6-m/nofp/libc_nano.a(libc_a-rand.o)
 .ARM.attributes
                0x000005b0       0x2c /Applications/ArmGNUToolchain/14.2.rel1/arm-none-eabi/arm-none-eabi/lib/thumb/v6-m/nofp/libc_nano.a(libc_a-printf.o)
 .ARM.attributes
                0x000005dc       0x2c /Applications/ArmGNUToolchain/14.2.rel1/arm-none-eabi/arm-none-eabi/lib/thumb/v6-m/nofp/libc_nano.a(libc_a-strchr.o)
 .ARM.attributes
                0x00000608       0x2c /Applications/ArmGNUToolchain/14.2.rel1/arm-none-eabi/arm-none-eabi/lib/thumb/v6-m/nofp/libc_nano.a(libc_a-impure.o)
 .ARM.attributes
                0x00000634       0x1c /Applications/ArmGNUToolchain/14.2.rel1/arm-none-eabi/arm-none-eabi/lib/thumb/v6-m/nofp/libc_nano.a(libc_a-strlen.o)
 .ARM.attributes
                0x00000650       0x2c /Applications/ArmGNUToolchain/14.2.rel1/arm-none-eabi/arm-none-eabi/lib/thumb/v6-m/nofp/libc_nano.a(libc_a-assert.o)
 .ARM.attributes
                0x0000067c       0x2c /Applications/ArmGNUToolchain/14.2.rel1/arm-none-eabi/arm-none-eabi/lib/thumb/v6-m/nofp/libc_nano.a(libc_a-nano-svfprintf.o)
 .ARM.attributes
                0x000006a8       0x2c /Applications/ArmGNUToolchain/14.2.rel1/arm-none-eabi/arm-none-eabi/lib/thumb/v6-m/nofp/libc_nano.a(libc_a-nano-vfprintf.o)
 .ARM.attributes
                0x000006d4       0x2c /Applications/ArmGNUToolchain/14.2.rel1/arm-none-eabi/arm-none-eabi/lib/thumb/v6-m/nofp/libc_nano.a(libc_a-malloc.o)
 .ARM.attributes
                0x00000700       0x2c /Applications/ArmGNUToolchain/14.2.rel1/arm-none-eabi/arm-none-eabi/lib/thumb/v6-m/nofp/libc_nano.a(libc_a-mallocr.o)
 .ARM.attributes
                0x0000072c       0x2c /Applications/ArmGNUToolchain/14.2.rel1/arm-none-eabi/arm-none-eabi/lib/thumb/v6-m/nofp/libc_nano.a(libc_a-nano-vfprintf_i.o)
 .ARM.attributes
                0x00000758       0x2c /Applications/ArmGNUToolchain/14.2.rel1/arm-none-eabi/arm-none-eabi/lib/thumb/v6-m/nofp/libc_nano.a(libc_a-mlock.o)
 .ARM.attributes
                0x00000784       0x2c /Applications/ArmGNUToolchain/14.2.rel1/arm-none-eabi/arm-none-eabi/lib/thumb/v6-m/nofp/libc_nano.a(libc_a-findfp.o)
 .ARM.attributes
                0x000007b0       0x2c /Applications/ArmGNUToolchain/14.2.rel1/arm-none-eabi/arm-none-eabi/lib/thumb/v6-m/nofp/libc_nano.a(libc_a-fprintf.o)
 .ARM.attributes
                0x000007dc       0x2c /Applications/ArmGNUToolchain/14.2.rel1/arm-none-eabi/arm-none-eabi/lib/thumb/v6-m/nofp/libc_nano.a(libc_a-reallocr.o)
 .ARM.attributes
                0x00000808       0x2c /Applications/ArmGNUToolchain/14.2.rel1/arm-none-eabi/arm-none-eabi/lib/thumb/v6-m/nofp/libc_nano.a(libc_a-wbuf.o)
 .ARM.attributes
                0x00000834       0x2c /Applications/ArmGNUToolchain/14.2.rel1/arm-none-eabi/arm-none-eabi/lib/thumb/v6-m/nofp/libc_nano.a(libc_a-wsetup.o)
 .ARM.attributes
                0x00000860       0x2c /Applications/ArmGNUToolchain/14.2.rel1/arm-none-eabi/arm-none-eabi/lib/thumb/v6-m/nofp/libc_nano.a(libc_a-fvwrite.o)
 .ARM.attributes
                0x0000088c       0x2c /Applications/ArmGNUToolchain/14.2.rel1/arm-none-eabi/arm-none-eabi/lib/thumb/v6-m/nofp/libc_nano.a(libc_a-fwalk.o)
 .ARM.attributes
                0x000008b8       0x2c /Applications/ArmGNUToolchain/14.2.rel1/arm-none-eabi/arm-none-eabi/lib/thumb/v6-m/nofp/libc_nano.a(libc_a-makebuf.o)
 .ARM.attributes
                0x000008e4       0x2c /Applications/ArmGNUToolchain/14.2.rel1/arm-none-eabi/arm-none-eabi/lib/thumb/v6-m/nofp/libc_nano.a(libc_a-memmove.o)
 .ARM.attributes
                0x00000910       0x2c /Applications/ArmGNUToolchain/14.2.rel1/arm-none-eabi/arm-none-eabi/lib/thumb/v6-m/nofp/libc_nano.a(libc_a-memset.o)
 .ARM.attributes
                0x0000093c       0x2c /Applications/ArmGNUToolchain/14.2.rel1/arm-none-eabi/arm-none-eabi/lib/thumb/v6-m/nofp/libc_nano.a(libc_a-isattyr.o)
 .ARM.attributes
                0x00000968       0x2c /Applications/ArmGNUToolchain/14.2.rel1/arm-none-eabi/arm-none-eabi/lib/thumb/v6-m/nofp/libc_nano.a(libc_a-sbrkr.o)
 .ARM.attributes
                0x00000994       0x2c /Applications/ArmGNUToolchain/14.2.rel1/arm-none-eabi/arm-none-eabi/lib/thumb/v6-m/nofp/libc_nano.a(libc_a-lock.o)
 .ARM.attributes
                0x000009c0       0x2c /Applications/ArmGNUToolchain/14.2.rel1/arm-none-eabi/arm-none-eabi/lib/thumb/v6-m/nofp/libc_nano.a(libc_a-fstatr.o)
 .ARM.attributes
                0x000009ec       0x2c /Applications/ArmGNUToolchain/14.2.rel1/arm-none-eabi/arm-none-eabi/lib/thumb/v6-m/nofp/libc_nano.a(libc_a-memchr-stub.o)
 .ARM.attributes
                0x00000a18       0x2c /Applications/ArmGNUToolchain/14.2.rel1/arm-none-eabi/arm-none-eabi/lib/thumb/v6-m/nofp/libc_nano.a(libc_a-memcpy-stub.o)
 .ARM.attributes
                0x00000a44       0x2c /Applications/ArmGNUToolchain/14.2.rel1/arm-none-eabi/arm-none-eabi/lib/thumb/v6-m/nofp/libc_nano.a(libc_a-abort.o)
 .ARM.attributes
                0x00000a70       0x2c /Applications/ArmGNUToolchain/14.2.rel1/arm-none-eabi/arm-none-eabi/lib/thumb/v6-m/nofp/libc_nano.a(libc_a-freer.o)
 .ARM.attributes
                0x00000a9c       0x2c /Applications/ArmGNUToolchain/14.2.rel1/arm-none-eabi/arm-none-eabi/lib/thumb/v6-m/nofp/libc_nano.a(libc_a-fflush.o)
 .ARM.attributes
                0x00000ac8       0x2c /Applications/ArmGNUToolchain/14.2.rel1/arm-none-eabi/arm-none-eabi/lib/thumb/v6-m/nofp/libc_nano.a(libc_a-msizer.o)
 .ARM.attributes
                0x00000af4       0x2c /Applications/ArmGNUToolchain/14.2.rel1/arm-none-eabi/arm-none-eabi/lib/thumb/v6-m/nofp/libc_nano.a(libc_a-stdio.o)
 .ARM.attributes
                0x00000b20       0x2c /Applications/ArmGNUToolchain/14.2.rel1/arm-none-eabi/arm-none-eabi/lib/thumb/v6-m/nofp/libc_nano.a(libc_a-signal.o)
 .ARM.attributes
                0x00000b4c       0x2c /Applications/ArmGNUToolchain/14.2.rel1/arm-none-eabi/arm-none-eabi/lib/thumb/v6-m/nofp/libc_nano.a(libc_a-lseekr.o)
 .ARM.attributes
                0x00000b78       0x2c /Applications/ArmGNUToolchain/14.2.rel1/arm-none-eabi/arm-none-eabi/lib/thumb/v6-m/nofp/libc_nano.a(libc_a-readr.o)
 .ARM.attributes
                0x00000ba4       0x2c /Applications/ArmGNUToolchain/14.2.rel1/arm-none-eabi/arm-none-eabi/lib/thumb/v6-m/nofp/libc_nano.a(libc_a-signalr.o)
 .ARM.attributes
                0x00000bd0       0x2c /Applications/ArmGNUToolchain/14.2.rel1/arm-none-eabi/arm-none-eabi/lib/thumb/v6-m/nofp/libc_nano.a(libc_a-writer.o)
 .ARM.attributes
                0x00000bfc       0x2c /Applications/ArmGNUToolchain/14.2.rel1/arm-none-eabi/arm-none-eabi/lib/thumb/v6-m/nofp/libc_nano.a(libc_a-closer.o)
 .ARM.attributes
                0x00000c28       0x1e /Applications/ArmGNUToolchain/14.2.rel1/arm-none-eabi/lib/gcc/arm-none-eabi/14.2.1/thumb/v6-m/nofp/libgcc.a(_thumb1_case_shi.o)
 .ARM.attributes
                0x00000c46       0x2c /Applications/ArmGNUToolchain/14.2.rel1/arm-none-eabi/lib/gcc/arm-none-eabi/14.2.1/thumb/v6-m/nofp/libgcc.a(_muldi3.o)

.debug_info     0x00000000     0x1dcd
 .debug_info    0x00000000      0x7b4 UART2.o
 .debug_info    0x000007b4      0x3ad startup.o
 .debug_info    0x00000b61      0x82d serial.o
 .debug_info    0x0000138e      0x724 newlib_stubs.o
 .debug_info    0x00001ab2      0x31b adc.o

.debug_abbrev   0x00000000      0x80b
 .debug_abbrev  0x00000000      0x21b UART2.o
 .debug_abbrev  0x0000021b      0x174 startup.o
 .debug_abbrev  0x0000038f      0x1f5 serial.o
 .debug_abbrev  0x00000584      0x17b newlib_stubs.o
 .debug_abbrev  0x000006ff      0x10c adc.o

.debug_aranges  0x00000000       0xa8
 .debug_aranges
                0x00000000       0x20 UART2.o
 .debug_aranges
                0x00000020       0x28 startup.o
 .debug_aranges
                0x00000048       0x20 serial.o
 .debug_aranges
                0x00000068       0x20 newlib_stubs.o
 .debug_aranges
                0x00000088       0x20 adc.o

.debug_line     0x00000000     0x100c
 .debug_line    0x00000000      0x4f5 UART2.o
 .debug_line    0x000004f5      0x25e startup.o
 .debug_line    0x00000753      0x49c serial.o
 .debug_line    0x00000bef      0x288 newlib_stubs.o
 .debug_line    0x00000e77      0x195 adc.o

.debug_str      0x00000000      0x892
 .debug_str     0x00000000      0x892 UART2.o
                                0x3bd (size before relaxing)
 .debug_str     0x00000892      0x2ec startup.o
 .debug_str     0x00000892      0x3c4 serial.o
 .debug_str     0x00000892      0x3ea newlib_stubs.o
 .debug_str     0x00000892      0x280 adc.o

.debug_frame    0x00000000     0x16a0
 .debug_frame   0x00000000      0x204 UART2.o
 .debug_frame   0x00000204       0x94 startup.o
 .debug_frame   0x00000298      0x1e8 serial.o
 .debug_frame   0x00000480      0x228 newlib_stubs.o
 .debug_frame   0x000006a8       0x4c adc.o
 .debug_frame   0x000006f4       0x20 /Applications/ArmGNUToolchain/14.2.rel1/arm-none-eabi/lib/gcc/arm-none-eabi/14.2.1/thumb/v6-m/nofp/libgcc.a(_divsi3.o)
 .debug_frame   0x00000714       0x30 /Applications/ArmGNUToolchain/14.2.rel1/arm-none-eabi/lib/gcc/arm-none-eabi/14.2.1/thumb/v6-m/nofp/libgcc.a(_floatdisf.o)
 .debug_frame   0x00000744       0x38 /Applications/ArmGNUToolchain/14.2.rel1/arm-none-eabi/lib/gcc/arm-none-eabi/14.2.1/thumb/v6-m/nofp/libgcc.a(addsf3.o)
 .debug_frame   0x0000077c       0x38 /Applications/ArmGNUToolchain/14.2.rel1/arm-none-eabi/lib/gcc/arm-none-eabi/14.2.1/thumb/v6-m/nofp/libgcc.a(divsf3.o)
 .debug_frame   0x000007b4       0x2c /Applications/ArmGNUToolchain/14.2.rel1/arm-none-eabi/lib/gcc/arm-none-eabi/14.2.1/thumb/v6-m/nofp/libgcc.a(eqsf2.o)
 .debug_frame   0x000007e0       0x2c /Applications/ArmGNUToolchain/14.2.rel1/arm-none-eabi/lib/gcc/arm-none-eabi/14.2.1/thumb/v6-m/nofp/libgcc.a(gesf2.o)
 .debug_frame   0x0000080c       0x2c /Applications/ArmGNUToolchain/14.2.rel1/arm-none-eabi/lib/gcc/arm-none-eabi/14.2.1/thumb/v6-m/nofp/libgcc.a(lesf2.o)
 .debug_frame   0x00000838       0x38 /Applications/ArmGNUToolchain/14.2.rel1/arm-none-eabi/lib/gcc/arm-none-eabi/14.2.1/thumb/v6-m/nofp/libgcc.a(mulsf3.o)
 .debug_frame   0x00000870       0x38 /Applications/ArmGNUToolchain/14.2.rel1/arm-none-eabi/lib/gcc/arm-none-eabi/14.2.1/thumb/v6-m/nofp/libgcc.a(subsf3.o)
 .debug_frame   0x000008a8       0x20 /Applications/ArmGNUToolchain/14.2.rel1/arm-none-eabi/lib/gcc/arm-none-eabi/14.2.1/thumb/v6-m/nofp/libgcc.a(fixsfsi.o)
 .debug_frame   0x000008c8       0x3c /Applications/ArmGNUToolchain/14.2.rel1/arm-none-eabi/lib/gcc/arm-none-eabi/14.2.1/thumb/v6-m/nofp/libgcc.a(adddf3.o)
 .debug_frame   0x00000904       0x3c /Applications/ArmGNUToolchain/14.2.rel1/arm-none-eabi/lib/gcc/arm-none-eabi/14.2.1/thumb/v6-m/nofp/libgcc.a(divdf3.o)
 .debug_frame   0x00000940       0x38 /Applications/ArmGNUToolchain/14.2.rel1/arm-none-eabi/lib/gcc/arm-none-eabi/14.2.1/thumb/v6-m/nofp/libgcc.a(eqdf2.o)
 .debug_frame   0x00000978       0x3c /Applications/ArmGNUToolchain/14.2.rel1/arm-none-eabi/lib/gcc/arm-none-eabi/14.2.1/thumb/v6-m/nofp/libgcc.a(gedf2.o)
 .debug_frame   0x000009b4       0x3c /Applications/ArmGNUToolchain/14.2.rel1/arm-none-eabi/lib/gcc/arm-none-eabi/14.2.1/thumb/v6-m/nofp/libgcc.a(ledf2.o)
 .debug_frame   0x000009f0       0x3c /Applications/ArmGNUToolchain/14.2.rel1/arm-none-eabi/lib/gcc/arm-none-eabi/14.2.1/thumb/v6-m/nofp/libgcc.a(muldf3.o)
 .debug_frame   0x00000a2c       0x2c /Applications/ArmGNUToolchain/14.2.rel1/arm-none-eabi/lib/gcc/arm-none-eabi/14.2.1/thumb/v6-m/nofp/libgcc.a(floatsidf.o)
 .debug_frame   0x00000a58       0x28 /Applications/ArmGNUToolchain/14.2.rel1/arm-none-eabi/lib/gcc/arm-none-eabi/14.2.1/thumb/v6-m/nofp/libgcc.a(floatunsidf.o)
 .debug_frame   0x00000a80       0x2c /Applications/ArmGNUToolchain/14.2.rel1/arm-none-eabi/lib/gcc/arm-none-eabi/14.2.1/thumb/v6-m/nofp/libgcc.a(extendsfdf2.o)
 .debug_frame   0x00000aac       0x30 /Applications/ArmGNUToolchain/14.2.rel1/arm-none-eabi/lib/gcc/arm-none-eabi/14.2.1/thumb/v6-m/nofp/libgcc.a(truncdfsf2.o)
 .debug_frame   0x00000adc       0x20 /Applications/ArmGNUToolchain/14.2.rel1/arm-none-eabi/lib/gcc/arm-none-eabi/14.2.1/thumb/v6-m/nofp/libgcc.a(_udivsi3.o)
 .debug_frame   0x00000afc       0x50 /Applications/ArmGNUToolchain/14.2.rel1/arm-none-eabi/arm-none-eabi/lib/thumb/v6-m/nofp/libc_nano.a(libc_a-sprintf.o)
 .debug_frame   0x00000b4c       0x48 /Applications/ArmGNUToolchain/14.2.rel1/arm-none-eabi/arm-none-eabi/lib/thumb/v6-m/nofp/libc_nano.a(libc_a-rand.o)
 .debug_frame   0x00000b94       0x4c /Applications/ArmGNUToolchain/14.2.rel1/arm-none-eabi/arm-none-eabi/lib/thumb/v6-m/nofp/libc_nano.a(libc_a-printf.o)
 .debug_frame   0x00000be0       0x20 /Applications/ArmGNUToolchain/14.2.rel1/arm-none-eabi/arm-none-eabi/lib/thumb/v6-m/nofp/libc_nano.a(libc_a-strchr.o)
 .debug_frame   0x00000c00       0x4c /Applications/ArmGNUToolchain/14.2.rel1/arm-none-eabi/arm-none-eabi/lib/thumb/v6-m/nofp/libc_nano.a(libc_a-assert.o)
 .debug_frame   0x00000c4c       0x74 /Applications/ArmGNUToolchain/14.2.rel1/arm-none-eabi/arm-none-eabi/lib/thumb/v6-m/nofp/libc_nano.a(libc_a-nano-svfprintf.o)
 .debug_frame   0x00000cc0       0x9c /Applications/ArmGNUToolchain/14.2.rel1/arm-none-eabi/arm-none-eabi/lib/thumb/v6-m/nofp/libc_nano.a(libc_a-nano-vfprintf.o)
 .debug_frame   0x00000d5c       0x40 /Applications/ArmGNUToolchain/14.2.rel1/arm-none-eabi/arm-none-eabi/lib/thumb/v6-m/nofp/libc_nano.a(libc_a-malloc.o)
 .debug_frame   0x00000d9c       0x50 /Applications/ArmGNUToolchain/14.2.rel1/arm-none-eabi/arm-none-eabi/lib/thumb/v6-m/nofp/libc_nano.a(libc_a-mallocr.o)
 .debug_frame   0x00000dec       0x54 /Applications/ArmGNUToolchain/14.2.rel1/arm-none-eabi/arm-none-eabi/lib/thumb/v6-m/nofp/libc_nano.a(libc_a-nano-vfprintf_i.o)
 .debug_frame   0x00000e40       0x40 /Applications/ArmGNUToolchain/14.2.rel1/arm-none-eabi/arm-none-eabi/lib/thumb/v6-m/nofp/libc_nano.a(libc_a-mlock.o)
 .debug_frame   0x00000e80      0x138 /Applications/ArmGNUToolchain/14.2.rel1/arm-none-eabi/arm-none-eabi/lib/thumb/v6-m/nofp/libc_nano.a(libc_a-findfp.o)
 .debug_frame   0x00000fb8       0x50 /Applications/ArmGNUToolchain/14.2.rel1/arm-none-eabi/arm-none-eabi/lib/thumb/v6-m/nofp/libc_nano.a(libc_a-fprintf.o)
 .debug_frame   0x00001008       0x34 /Applications/ArmGNUToolchain/14.2.rel1/arm-none-eabi/arm-none-eabi/lib/thumb/v6-m/nofp/libc_nano.a(libc_a-reallocr.o)