Archive member included to satisfy reference by file (symbol)

C:\CrossIDE\gcc-arm-none-eabi-10.3-2021.10\arm-none-eabi\lib\thumb\v6-m\nofp\libnosys.a(errno.o)
                              newlib_stubs.o (errno)
C:\CrossIDE\gcc-arm-none-eabi-10.3-2021.10\lib\gcc\arm-none-eabi\10.3.1\thumb\v6-m\nofp\libgcc.a(_divsi3.o)
                              main.o (__aeabi_idiv)
C:\CrossIDE\gcc-arm-none-eabi-10.3-2021.10\lib\gcc\arm-none-eabi\10.3.1\thumb\v6-m\nofp\libgcc.a(_dvmd_tls.o)
                              C:\CrossIDE\gcc-arm-none-eabi-10.3-2021.10\lib\gcc\arm-none-eabi\10.3.1\thumb\v6-m\nofp\libgcc.a(_divsi3.o) (__aeabi_idiv0)
C:\CrossIDE\gcc-arm-none-eabi-10.3-2021.10\arm-none-eabi\lib\thumb\v6-m\nofp\libc_nano.a(lib_a-printf.o)
                              main.o (printf)
C:\CrossIDE\gcc-arm-none-eabi-10.3-2021.10\arm-none-eabi\lib\thumb\v6-m\nofp\libc_nano.a(lib_a-sprintf.o)
                              main.o (sprintf)
C:\CrossIDE\gcc-arm-none-eabi-10.3-2021.10\arm-none-eabi\lib\thumb\v6-m\nofp\libc_nano.a(lib_a-strchr.o)
                              main.o (strchr)
C:\CrossIDE\gcc-arm-none-eabi-10.3-2021.10\arm-none-eabi\lib\thumb\v6-m\nofp\libc_nano.a(lib_a-strlen.o)
                              main.o (strlen)
C:\CrossIDE\gcc-arm-none-eabi-10.3-2021.10\arm-none-eabi\lib\thumb\v6-m\nofp\libc_nano.a(lib_a-findfp.o)
                              C:\CrossIDE\gcc-arm-none-eabi-10.3-2021.10\arm-none-eabi\lib\thumb\v6-m\nofp\libc_nano.a(lib_a-printf.o) (__sinit)
C:\CrossIDE\gcc-arm-none-eabi-10.3-2021.10\arm-none-eabi\lib\thumb\v6-m\nofp\libc_nano.a(lib_a-fwalk.o)
                              C:\CrossIDE\gcc-arm-none-eabi-10.3-2021.10\arm-none-eabi\lib\thumb\v6-m\nofp\libc_nano.a(lib_a-findfp.o) (_fwalk)
C:\CrossIDE\gcc-arm-none-eabi-10.3-2021.10\arm-none-eabi\lib\thumb\v6-m\nofp\libc_nano.a(lib_a-impure.o)
                              C:\CrossIDE\gcc-arm-none-eabi-10.3-2021.10\arm-none-eabi\lib\thumb\v6-m\nofp\libc_nano.a(lib_a-findfp.o) (_global_impure_ptr)
C:\CrossIDE\gcc-arm-none-eabi-10.3-2021.10\arm-none-eabi\lib\thumb\v6-m\nofp\libc_nano.a(lib_a-lock.o)
                              C:\CrossIDE\gcc-arm-none-eabi-10.3-2021.10\arm-none-eabi\lib\thumb\v6-m\nofp\libc_nano.a(lib_a-findfp.o) (__retarget_lock_init_recursive)
C:\CrossIDE\gcc-arm-none-eabi-10.3-2021.10\arm-none-eabi\lib\thumb\v6-m\nofp\libc_nano.a(lib_a-memset.o)
                              C:\CrossIDE\gcc-arm-none-eabi-10.3-2021.10\arm-none-eabi\lib\thumb\v6-m\nofp\libc_nano.a(lib_a-findfp.o) (memset)
C:\CrossIDE\gcc-arm-none-eabi-10.3-2021.10\arm-none-eabi\lib\thumb\v6-m\nofp\libc_nano.a(lib_a-nano-mallocr.o)
                              C:\CrossIDE\gcc-arm-none-eabi-10.3-2021.10\arm-none-eabi\lib\thumb\v6-m\nofp\libc_nano.a(lib_a-findfp.o) (_malloc_r)
C:\CrossIDE\gcc-arm-none-eabi-10.3-2021.10\arm-none-eabi\lib\thumb\v6-m\nofp\libc_nano.a(lib_a-nano-svfprintf.o)
                              C:\CrossIDE\gcc-arm-none-eabi-10.3-2021.10\arm-none-eabi\lib\thumb\v6-m\nofp\libc_nano.a(lib_a-sprintf.o) (_svfprintf_r)
C:\CrossIDE\gcc-arm-none-eabi-10.3-2021.10\arm-none-eabi\lib\thumb\v6-m\nofp\libc_nano.a(lib_a-nano-vfprintf.o)
                              C:\CrossIDE\gcc-arm-none-eabi-10.3-2021.10\arm-none-eabi\lib\thumb\v6-m\nofp\libc_nano.a(lib_a-printf.o) (_vfprintf_r)
C:\CrossIDE\gcc-arm-none-eabi-10.3-2021.10\arm-none-eabi\lib\thumb\v6-m\nofp\libc_nano.a(lib_a-nano-vfprintf_i.o)
                              C:\CrossIDE\gcc-arm-none-eabi-10.3-2021.10\arm-none-eabi\lib\thumb\v6-m\nofp\libc_nano.a(lib_a-nano-svfprintf.o) (_printf_i)
C:\CrossIDE\gcc-arm-none-eabi-10.3-2021.10\arm-none-eabi\lib\thumb\v6-m\nofp\libc_nano.a(lib_a-sbrkr.o)
                              C:\CrossIDE\gcc-arm-none-eabi-10.3-2021.10\arm-none-eabi\lib\thumb\v6-m\nofp\libc_nano.a(lib_a-nano-mallocr.o) (_sbrk_r)
C:\CrossIDE\gcc-arm-none-eabi-10.3-2021.10\arm-none-eabi\lib\thumb\v6-m\nofp\libc_nano.a(lib_a-stdio.o)
                              C:\CrossIDE\gcc-arm-none-eabi-10.3-2021.10\arm-none-eabi\lib\thumb\v6-m\nofp\libc_nano.a(lib_a-findfp.o) (__sread)
C:\CrossIDE\gcc-arm-none-eabi-10.3-2021.10\arm-none-eabi\lib\thumb\v6-m\nofp\libc_nano.a(lib_a-wbuf.o)
                              C:\CrossIDE\gcc-arm-none-eabi-10.3-2021.10\arm-none-eabi\lib\thumb\v6-m\nofp\libc_nano.a(lib_a-nano-vfprintf.o) (__swbuf_r)
C:\CrossIDE\gcc-arm-none-eabi-10.3-2021.10\arm-none-eabi\lib\thumb\v6-m\nofp\libc_nano.a(lib_a-writer.o)
                              C:\CrossIDE\gcc-arm-none-eabi-10.3-2021.10\arm-none-eabi\lib\thumb\v6-m\nofp\libc_nano.a(lib_a-stdio.o) (_write_r)
C:\CrossIDE\gcc-arm-none-eabi-10.3-2021.10\arm-none-eabi\lib\thumb\v6-m\nofp\libc_nano.a(lib_a-wsetup.o)
                              C:\CrossIDE\gcc-arm-none-eabi-10.3-2021.10\arm-none-eabi\lib\thumb\v6-m\nofp\libc_nano.a(lib_a-nano-vfprintf.o) (__swsetup_r)
C:\CrossIDE\gcc-arm-none-eabi-10.3-2021.10\arm-none-eabi\lib\thumb\v6-m\nofp\libc_nano.a(lib_a-closer.o)
[...]
Memory Configuration

Name             Origin             Length             Attributes
flash            0x08000000         0x00010000
ram              0x20000000         0x00002000
*default*        0x00000000         0xffffffff

Linker script and memory map

LOAD main.o
LOAD adc.o
LOAD serial.o
LOAD startup.o
LOAD newlib_stubs.o
LOAD UART2.o
LOAD C:\CrossIDE\gcc-arm-none-eabi-10.3-2021.10\arm-none-eabi\lib\thumb\v6-m\nofp\libnosys.a
LOAD C:\CrossIDE\gcc-arm-none-eabi-10.3-2021.10\lib\gcc\arm-none-eabi\10.3.1\thumb\v6-m\nofp\libgcc.a
START GROUP
LOAD C:\CrossIDE\gcc-arm-none-eabi-10.3-2021.10\lib\gcc\arm-none-eabi\10.3.1\thumb\v6-m\nofp\libgcc.a
LOAD C:\CrossIDE\gcc-arm-none-eabi-10.3-2021.10\arm-none-eabi\lib\thumb\v6-m\nofp\libc_nano.a
LOAD C:\CrossIDE\gcc-arm-none-eabi-10.3-2021.10\arm-none-eabi\lib\thumb\v6-m\nofp\libm.a
END GROUP

.text           0x08000000     0x3e30
 *(.vectors)
 .vectors       0x08000000       0xb8 startup.o
                0x08000000                Vectors
 *(.after_vectors*)
 .after_vectors
                0x080000b8       0x28 startup.o
                0x080000b8                ResetInit
 *(.text*)
 .text          0x080000e0      0xd04 main.o
                0x080000e0                wait_1ms
                0x08000118                waitms
                0x0800013a                TIM2_Handler
                0x080002c8                Hardware_Init
                0x080004e4                SendATCommand
                0x0800055c                ReceptionOff
                0x080005b4                move_backward
                0x080005fc                move_forward
                0x08000644                move_left
                0x0800068c                move_right
                0x080006d4                move_stop
                0x080006f4                GetPeriod
                0x080008f8                PrintNumber
                0x08000998                toggleMagnet
                0x080009d4                pickCoin
                0x08000adc                detectPerimeter
                0x08000b4c                detectCoin
                0x08000bfc                main
 .text          0x08000de4      0x10c adc.o
                0x08000de4                initADC
                0x08000e84                readADC
 .text          0x08000ef0      0x5b4 serial.o
                0x08000ef0                ReadCom
                0x08000f64                WriteCom
                0x08001004                initUART
                0x08001154                USART1_Handler
                0x08001180                usart_rx
                0x080011b0                usart_tx
                0x08001218                PutBuf
                0x0800127a                GetBuf
                0x080012d0                GetBufCount
                0x080012e4                eputs
                0x08001320                eputc
                0x0800133e                egetc
                0x08001358                egets
                0x080013e4                egetc_echo
                0x0800140a                egets_echo
 .text          0x080014a4      0x1a8 startup.o
                0x0800151c                initClock
                0x08001624                EXTI2_3_Handler
                0x08001624                TIM21_Handler
                0x08001624                SysTick_Handler
                0x08001624                I2C1_Handler
                0x08001624                PendSV_Handler
                0x08001624                NMI_Handler
                0x08001624                WWDG_Handler
                0x08001624                RTC_Handler
                0x08001624                EXTI4_15_Handler
                0x08001624                DMA_CH4_5_6_7_Handler
                0x08001624                Default_Handler
                0x08001624                LPUART1_Handler
                0x08001624                FLASH_Handler
                0x08001624                EXTI0_1_Handler
                0x08001624                DMA_CH1_Handler
                0x08001624                SPI2_Handler
                0x08001624                DMA_CH2_3_Handler
                0x08001624                I2C2_Handler
                0x08001624                SVC_Handler
                0x08001624                LPTIM1_Handler
                0x08001624                SPI1_Handler
                0x08001624                RCC_Handler
                0x08001624                PVD_Handler
                0x08001624                TIM6_Handler
                0x08001624                TIM22_Handler
                0x08001624                ADC_COMP_Handler
                0x08001638                Hard_Fault_Handler
 .text          0x0800164c      0x29c newlib_stubs.o
                0x0800164c                _exit
                0x08001656                _close
                0x0800166a                _execve
                0x0800168c                _fork
                0x080016a4                _fstat
                0x080016c0                _getpid
                0x080016cc                _kill
                0x080016ec                _link
                0x0800170c                _lseek
                0x08001722                _stat
                0x0800173e                _times
                0x08001752                _unlink
                0x08001770                _wait
                0x08001790                _isatty
                0x080017b8                _sbrk
                0x0800181c                _read
                0x08001894                _write
 .text          0x080018e8      0x5c8 UART2.o
                0x080018e8                ReadCom2
                0x0800195c                WriteCom2
                0x080019fc                initUART2
                0x08001b48                USART2_Handler
                0x08001b74                usart_rx2
                0x08001ba4                usart_tx2
                0x08001c0c                PutBuf2
                0x08001c6e                GetBuf2
                0x08001cc4                GetBufCount2
                0x08001cd8                eputs2
                0x08001d14                eputc2
                0x08001d32                egetc2
                0x08001d4c                egets2
                0x08001dd8                ReceivedBytes2
                0x08001df0                egetc_echo2
                0x08001e16                egets_echo2
 .text          0x08001eb0        0x0 C:\CrossIDE\gcc-arm-none-eabi-10.3-2021.10\arm-none-eabi\lib\thumb\v6-m\nofp\libnosys.a(errno.o)
 .text          0x08001eb0      0x1d4 C:\CrossIDE\gcc-arm-none-eabi-10.3-2021.10\lib\gcc\arm-none-eabi\10.3.1\thumb\v6-m\nofp\libgcc.a(_divsi3.o)
                0x08001eb0                __divsi3
                0x08001eb0                __aeabi_idiv
                0x0800207c                __aeabi_idivmod
 .text          0x08002084        0x4 C:\CrossIDE\gcc-arm-none-eabi-10.3-2021.10\lib\gcc\arm-none-eabi\10.3.1\thumb\v6-m\nofp\libgcc.a(_dvmd_tls.o)
                0x08002084                __aeabi_idiv0
                0x08002084                __aeabi_ldiv0
 .text          0x08002088        0x0 C:\CrossIDE\gcc-arm-none-eabi-10.3-2021.10\arm-none-eabi\lib\thumb\v6-m\nofp\libc_nano.a(lib_a-printf.o)
 .text._printf_r
                0x08002088       0x28 C:\CrossIDE\gcc-arm-none-eabi-10.3-2021.10\arm-none-eabi\lib\thumb\v6-m\nofp\libc_nano.a(lib_a-printf.o)
                0x08002088                _iprintf_r
                0x08002088                _printf_r
 .text.printf   0x080020b0       0x34 C:\CrossIDE\gcc-arm-none-eabi-10.3-2021.10\arm-none-eabi\lib\thumb\v6-m\nofp\libc_nano.a(lib_a-printf.o)
                0x080020b0                iprintf
                0x080020b0                printf
 .text          0x080020e4        0x0 C:\CrossIDE\gcc-arm-none-eabi-10.3-2021.10\arm-none-eabi\lib\thumb\v6-m\nofp\libc_nano.a(lib_a-sprintf.o)
 .text._sprintf_r
                0x080020e4       0x38 C:\CrossIDE\gcc-arm-none-eabi-10.3-2021.10\arm-none-eabi\lib\thumb\v6-m\nofp\libc_nano.a(lib_a-sprintf.o)
                0x080020e4                _sprintf_r
                0x080020e4                _siprintf_r
 .text.sprintf  0x0800211c       0x40 C:\CrossIDE\gcc-arm-none-eabi-10.3-2021.10\arm-none-eabi\lib\thumb\v6-m\nofp\libc_nano.a(lib_a-sprintf.o)
                0x0800211c                siprintf
                0x0800211c                sprintf
 .text          0x0800215c        0x0 C:\CrossIDE\gcc-arm-none-eabi-10.3-2021.10\arm-none-eabi\lib\thumb\v6-m\nofp\libc_nano.a(lib_a-strchr.o)
 .text.strchr   0x0800215c       0x1c C:\CrossIDE\gcc-arm-none-eabi-10.3-2021.10\arm-none-eabi\lib\thumb\v6-m\nofp\libc_nano.a(lib_a-strchr.o)
                0x0800215c                strchr
 .text          0x08002178        0xe C:\CrossIDE\gcc-arm-none-eabi-10.3-2021.10\arm-none-eabi\lib\thumb\v6-m\nofp\libc_nano.a(lib_a-strlen.o)
                0x08002178                strlen
 .text          0x08002186        0x0 C:\CrossIDE\gcc-arm-none-eabi-10.3-2021.10\arm-none-eabi\lib\thumb\v6-m\nofp\libc_nano.a(lib_a-findfp.o)
 *fill*         0x08002186        0x2 
 .text.std      0x08002188       0x48 C:\CrossIDE\gcc-arm-none-eabi-10.3-2021.10\arm-none-eabi\lib\thumb\v6-m\nofp\libc_nano.a(lib_a-findfp.o)
 .text._cleanup_r
                0x080021d0       0x10 C:\CrossIDE\gcc-arm-none-eabi-10.3-2021.10\arm-none-eabi\lib\thumb\v6-m\nofp\libc_nano.a(lib_a-findfp.o)
                0x080021d0                _cleanup_r
 .text.__fp_lock
                0x080021e0       0x18 C:\CrossIDE\gcc-arm-none-eabi-10.3-2021.10\arm-none-eabi\lib\thumb\v6-m\nofp\libc_nano.a(lib_a-findfp.o)
 .text.__fp_unlock
                0x080021f8       0x18 C:\CrossIDE\gcc-arm-none-eabi-10.3-2021.10\arm-none-eabi\lib\thumb\v6-m\nofp\libc_nano.a(lib_a-findfp.o)
 .text.__sfmoreglue
                0x08002210       0x2c C:\CrossIDE\gcc-arm-none-eabi-10.3-2021.10\arm-none-eabi\lib\thumb\v6-m\nofp\libc_nano.a(lib_a-findfp.o)
                0x08002210                __sfmoreglue
 .text._cleanup
                0x0800223c       0x10 C:\CrossIDE\gcc-arm-none-eabi-10.3-2021.10\arm-none-eabi\lib\thumb\v6-m\nofp\libc_nano.a(lib_a-findfp.o)
                0x0800223c                _cleanup
 .text.__sfp_lock_acquire
                0x0800224c       0x10 C:\CrossIDE\gcc-arm-none-eabi-10.3-2021.10\arm-none-eabi\lib\thumb\v6-m\nofp\libc_nano.a(lib_a-findfp.o)
                0x0800224c                __sfp_lock_acquire
 .text.__sfp_lock_release
                0x0800225c       0x10 C:\CrossIDE\gcc-arm-none-eabi-10.3-2021.10\arm-none-eabi\lib\thumb\v6-m\nofp\libc_nano.a(lib_a-findfp.o)
                0x0800225c                __sfp_lock_release
 .text.__sinit_lock_acquire
                0x0800226c       0x10 C:\CrossIDE\gcc-arm-none-eabi-10.3-2021.10\arm-none-eabi\lib\thumb\v6-m\nofp\libc_nano.a(lib_a-findfp.o)
                0x0800226c                __sinit_lock_acquire
 .text.__sinit_lock_release
                0x0800227c       0x10 C:\CrossIDE\gcc-arm-none-eabi-10.3-2021.10\arm-none-eabi\lib\thumb\v6-m\nofp\libc_nano.a(lib_a-findfp.o)
                0x0800227c                __sinit_lock_release
 .text.__sinit  0x0800228c       0x70 C:\CrossIDE\gcc-arm-none-eabi-10.3-2021.10\arm-none-eabi\lib\thumb\v6-m\nofp\libc_nano.a(lib_a-findfp.o)
                0x0800228c                __sinit
 .text.__sfp    0x080022fc       0x90 C:\CrossIDE\gcc-arm-none-eabi-10.3-2021.10\arm-none-eabi\lib\thumb\v6-m\nofp\libc_nano.a(lib_a-findfp.o)
                0x080022fc                __sfp
 .text.__fp_lock_all
                0x0800238c       0x1c C:\CrossIDE\gcc-arm-none-eabi-10.3-2021.10\arm-none-eabi\lib\thumb\v6-m\nofp\libc_nano.a(lib_a-findfp.o)
                0x0800238c                __fp_lock_all
 .text.__fp_unlock_all
                0x080023a8       0x1c C:\CrossIDE\gcc-arm-none-eabi-10.3-2021.10\arm-none-eabi\lib\thumb\v6-m\nofp\libc_nano.a(lib_a-findfp.o)
                0x080023a8                __fp_unlock_all
 .text          0x080023c4        0x0 C:\CrossIDE\gcc-arm-none-eabi-10.3-2021.10\arm-none-eabi\lib\thumb\v6-m\nofp\libc_nano.a(lib_a-fwalk.o)
 .text._fwalk   0x080023c4       0x36 C:\CrossIDE\gcc-arm-none-eabi-10.3-2021.10\arm-none-eabi\lib\thumb\v6-m\nofp\libc_nano.a(lib_a-fwalk.o)
                0x080023c4                _fwalk
 .text._fwalk_reent
                0x080023fa       0x40 C:\CrossIDE\gcc-arm-none-eabi-10.3-2021.10\arm-none-eabi\lib\thumb\v6-m\nofp\libc_nano.a(lib_a-fwalk.o)
                0x080023fa                _fwalk_reent
 .text          0x0800243a        0x0 C:\CrossIDE\gcc-arm-none-eabi-10.3-2021.10\arm-none-eabi\lib\thumb\v6-m\nofp\libc_nano.a(lib_a-impure.o)
 .text          0x0800243a        0x0 C:\CrossIDE\gcc-arm-none-eabi-10.3-2021.10\arm-none-eabi\lib\thumb\v6-m\nofp\libc_nano.a(lib_a-lock.o)
 .text.__retarget_lock_init
                0x0800243a        0x2 C:\CrossIDE\gcc-arm-none-eabi-10.3-2021.10\arm-none-eabi\lib\thumb\v6-m\nofp\libc_nano.a(lib_a-lock.o)
                0x0800243a                __retarget_lock_init
 .text.__retarget_lock_init_recursive
                0x0800243c        0x2 C:\CrossIDE\gcc-arm-none-eabi-10.3-2021.10\arm-none-eabi\lib\thumb\v6-m\nofp\libc_nano.a(lib_a-lock.o)
                0x0800243c                __retarget_lock_init_recursive
 .text.__retarget_lock_close
                0x0800243e        0x2 C:\CrossIDE\gcc-arm-none-eabi-10.3-2021.10\arm-none-eabi\lib\thumb\v6-m\nofp\libc_nano.a(lib_a-lock.o)
                0x0800243e                __retarget_lock_close
 .text.__retarget_lock_close_recursive
                0x08002440        0x2 C:\CrossIDE\gcc-arm-none-eabi-10.3-2021.10\arm-none-eabi\lib\thumb\v6-m\nofp\libc_nano.a(lib_a-lock.o)
                0x08002440                __retarget_lock_close_recursive
 .text.__retarget_lock_acquire
                0x08002442        0x2 C:\CrossIDE\gcc-arm-none-eabi-10.3-2021.10\arm-none-eabi\lib\thumb\v6-m\nofp\libc_nano.a(lib_a-lock.o)
                0x08002442                __retarget_lock_acquire
 .text.__retarget_lock_acquire_recursive
                0x08002444        0x2 C:\CrossIDE\gcc-arm-none-eabi-10.3-2021.10\arm-none-eabi\lib\thumb\v6-m\nofp\libc_nano.a(lib_a-lock.o)
                0x08002444                __retarget_lock_acquire_recursive
 .text.__retarget_lock_try_acquire
                0x08002446        0x4 C:\CrossIDE\gcc-arm-none-eabi-10.3-2021.10\arm-none-eabi\lib\thumb\v6-m\nofp\libc_nano.a(lib_a-lock.o)
                0x08002446                __retarget_lock_try_acquire
 .text.__retarget_lock_try_acquire_recursive
                0x0800244a        0x4 C:\CrossIDE\gcc-arm-none-eabi-10.3-2021.10\arm-none-eabi\lib\thumb\v6-m\nofp\libc_nano.a(lib_a-lock.o)
                0x0800244a                __retarget_lock_try_acquire_recursive
 .text.__retarget_lock_release
                0x0800244e        0x2 C:\CrossIDE\gcc-arm-none-eabi-10.3-2021.10\arm-none-eabi\lib\thumb\v6-m\nofp\libc_nano.a(lib_a-lock.o)
                0x0800244e                __retarget_lock_release
 .text.__retarget_lock_release_recursive
                0x08002450        0x2 C:\CrossIDE\gcc-arm-none-eabi-10.3-2021.10\arm-none-eabi\lib\thumb\v6-m\nofp\libc_nano.a(lib_a-lock.o)
                0x08002450                __retarget_lock_release_recursive
 .text          0x08002452        0x0 C:\CrossIDE\gcc-arm-none-eabi-10.3-2021.10\arm-none-eabi\lib\thumb\v6-m\nofp\libc_nano.a(lib_a-memset.o)
 .text.memset   0x08002452       0x10 C:\CrossIDE\gcc-arm-none-eabi-10.3-2021.10\arm-none-eabi\lib\thumb\v6-m\nofp\libc_nano.a(lib_a-memset.o)
                0x08002452                memset
 .text          0x08002462        0x0 C:\CrossIDE\gcc-arm-none-eabi-10.3-2021.10\arm-none-eabi\lib\thumb\v6-m\nofp\libc_nano.a(lib_a-nano-mallocr.o)
 *fill*         0x08002462        0x2 
 .text.sbrk_aligned
                0x08002464       0x44 C:\CrossIDE\gcc-arm-none-eabi-10.3-2021.10\arm-none-eabi\lib\thumb\v6-m\nofp\libc_nano.a(lib_a-nano-mallocr.o)
 .text._malloc_r
                0x080024a8       0xec C:\CrossIDE\gcc-arm-none-eabi-10.3-2021.10\arm-none-eabi\lib\thumb\v6-m\nofp\libc_nano.a(lib_a-nano-mallocr.o)
                0x080024a8                _malloc_r
 .text          0x08002594        0x0 C:\CrossIDE\gcc-arm-none-eabi-10.3-2021.10\arm-none-eabi\lib\thumb\v6-m\nofp\libc_nano.a(lib_a-nano-svfprintf.o)
 .text.__ssputs_r
                0x08002594       0xc4 C:\CrossIDE\gcc-arm-none-eabi-10.3-2021.10\arm-none-eabi\lib\thumb\v6-m\nofp\libc_nano.a(lib_a-nano-svfprintf.o)
                0x08002594                __ssputs_r
 .text.__ssprint_r
                0x08002658      0x100 C:\CrossIDE\gcc-arm-none-eabi-10.3-2021.10\arm-none-eabi\lib\thumb\v6-m\nofp\libc_nano.a(lib_a-nano-svfprintf.o)
                0x08002658                __ssprint_r
 .text._svfprintf_r
                0x08002758      0x200 C:\CrossIDE\gcc-arm-none-eabi-10.3-2021.10\arm-none-eabi\lib\thumb\v6-m\nofp\libc_nano.a(lib_a-nano-svfprintf.o)
                0x08002758                _svfiprintf_r
                0x08002758                _svfprintf_r
 .text          0x08002958        0x0 C:\CrossIDE\gcc-arm-none-eabi-10.3-2021.10\arm-none-eabi\lib\thumb\v6-m\nofp\libc_nano.a(lib_a-nano-vfprintf.o)
 .text.__sfputc_r
                0x08002958       0x2a C:\CrossIDE\gcc-arm-none-eabi-10.3-2021.10\arm-none-eabi\lib\thumb\v6-m\nofp\libc_nano.a(lib_a-nano-vfprintf.o)
 .text.__sfputs_r
                0x08002982       0x24 C:\CrossIDE\gcc-arm-none-eabi-10.3-2021.10\arm-none-eabi\lib\thumb\v6-m\nofp\libc_nano.a(lib_a-nano-vfprintf.o)
                0x08002982                __sfputs_r
 .text.__sprint_r
                0x080029a6       0x1c C:\CrossIDE\gcc-arm-none-eabi-10.3-2021.10\arm-none-eabi\lib\thumb\v6-m\nofp\libc_nano.a(lib_a-nano-vfprintf.o)
                0x080029a6                __sprint_r
 *fill*         0x080029c2        0x2 
 .text._vfprintf_r
                0x080029c4      0x274 C:\CrossIDE\gcc-arm-none-eabi-10.3-2021.10\arm-none-eabi\lib\thumb\v6-m\nofp\libc_nano.a(lib_a-nano-vfprintf.o)
                0x080029c4                _vfprintf_r
                0x080029c4                _vfiprintf_r
 .text.vfprintf
                0x08002c38       0x18 C:\CrossIDE\gcc-arm-none-eabi-10.3-2021.10\arm-none-eabi\lib\thumb\v6-m\nofp\libc_nano.a(lib_a-nano-vfprintf.o)
                0x08002c38                vfprintf
                0x08002c38                vfiprintf
 .text          0x08002c50        0x0 C:\CrossIDE\gcc-arm-none-eabi-10.3-2021.10\arm-none-eabi\lib\thumb\v6-m\nofp\libc_nano.a(lib_a-nano-vfprintf_i.o)
 .text._printf_common
                0x08002c50       0xde C:\CrossIDE\gcc-arm-none-eabi-10.3-2021.10\arm-none-eabi\lib\thumb\v6-m\nofp\libc_nano.a(lib_a-nano-vfprintf_i.o)
                0x08002c50                _printf_common
 *fill*         0x08002d2e        0x2 
 .text._printf_i
                0x08002d30      0x224 C:\CrossIDE\gcc-arm-none-eabi-10.3-2021.10\arm-none-eabi\lib\thumb\v6-m\nofp\libc_nano.a(lib_a-nano-vfprintf_i.o)
                0x08002d30                _printf_i
 .text          0x08002f54        0x0 C:\CrossIDE\gcc-arm-none-eabi-10.3-2021.10\arm-none-eabi\lib\thumb\v6-m\nofp\libc_nano.a(lib_a-sbrkr.o)
 .text._sbrk_r  0x08002f54       0x24 C:\CrossIDE\gcc-arm-none-eabi-10.3-2021.10\arm-none-eabi\lib\thumb\v6-m\nofp\libc_nano.a(lib_a-sbrkr.o)
                0x08002f54                _sbrk_r
 .text          0x08002f78        0x0 C:\CrossIDE\gcc-arm-none-eabi-10.3-2021.10\arm-none-eabi\lib\thumb\v6-m\nofp\libc_nano.a(lib_a-stdio.o)
 .text.__sread  0x08002f78       0x28 C:\CrossIDE\gcc-arm-none-eabi-10.3-2021.10\arm-none-eabi\lib\thumb\v6-m\nofp\libc_nano.a(lib_a-stdio.o)
                0x08002f78                __sread
 .text.__seofread
                0x08002fa0        0x4 C:\CrossIDE\gcc-arm-none-eabi-10.3-2021.10\arm-none-eabi\lib\thumb\v6-m\nofp\libc_nano.a(lib_a-stdio.o)
                0x08002fa0                __seofread
 .text.__swrite
                0x08002fa4       0x38 C:\CrossIDE\gcc-arm-none-eabi-10.3-2021.10\arm-none-eabi\lib\thumb\v6-m\nofp\libc_nano.a(lib_a-stdio.o)
                0x08002fa4                __swrite
 .text.__sseek  0x08002fdc       0x2c C:\CrossIDE\gcc-arm-none-eabi-10.3-2021.10\arm-none-eabi\lib\thumb\v6-m\nofp\libc_nano.a(lib_a-stdio.o)
                0x08002fdc                __sseek
 .text.__sclose
                0x08003008        0xc C:\CrossIDE\gcc-arm-none-eabi-10.3-2021.10\arm-none-eabi\lib\thumb\v6-m\nofp\libc_nano.a(lib_a-stdio.o)
                0x08003008                __sclose
 .text          0x08003014        0x0 C:\CrossIDE\gcc-arm-none-eabi-10.3-2021.10\arm-none-eabi\lib\thumb\v6-m\nofp\libc_nano.a(lib_a-wbuf.o)
 .text.__swbuf_r
                0x08003014       0xac C:\CrossIDE\gcc-arm-none-eabi-10.3-2021.10\arm-none-eabi\lib\thumb\v6-m\nofp\libc_nano.a(lib_a-wbuf.o)
                0x08003014                __swbuf_r
 .text.__swbuf  0x080030c0       0x14 C:\CrossIDE\gcc-arm-none-eabi-10.3-2021.10\arm-none-eabi\lib\thumb\v6-m\nofp\libc_nano.a(lib_a-wbuf.o)
                0x080030c0                __swbuf
 .text          0x080030d4        0x0 C:\CrossIDE\gcc-arm-none-eabi-10.3-2021.10\arm-none-eabi\lib\thumb\v6-m\nofp\libc_nano.a(lib_a-writer.o)
 .text._write_r
                0x080030d4       0x28 C:\CrossIDE\gcc-arm-none-eabi-10.3-2021.10\arm-none-eabi\lib\thumb\v6-m\nofp\libc_nano.a(lib_a-writer.o)
                0x080030d4                _write_r
 .text          0x080030fc        0x0 C:\CrossIDE\gcc-arm-none-eabi-10.3-2021.10\arm-none-eabi\lib\thumb\v6-m\nofp\libc_nano.a(lib_a-wsetup.o)
 .text.__swsetup_r
                0x080030fc       0xf0 C:\CrossIDE\gcc-arm-none-eabi-10.3-2021.10\arm-none-eabi\lib\thumb\v6-m\nofp\libc_nano.a(lib_a-wsetup.o)
                0x080030fc                __swsetup_r
 .text          0x080031ec        0x0 C:\CrossIDE\gcc-arm-none-eabi-10.3-2021.10\arm-none-eabi\lib\thumb\v6-m\nofp\libc_nano.a(lib_a-closer.o)
 .text._close_r
                0x080031ec       0x24 C:\CrossIDE\gcc-arm-none-eabi-10.3-2021.10\arm-none-eabi\lib\thumb\v6-m\nofp\libc_nano.a(lib_a-closer.o)
                0x080031ec                _close_r
 .text          0x08003210        0x0 C:\CrossIDE\gcc-arm-none-eabi-10.3-2021.10\arm-none-eabi\lib\thumb\v6-m\nofp\libc_nano.a(lib_a-fflush.o)
 .text.__sflush_r
                0x08003210      0x118 C:\CrossIDE\gcc-arm-none-eabi-10.3-2021.10\arm-none-eabi\lib\thumb\v6-m\nofp\libc_nano.a(lib_a-fflush.o)
                0x08003210                __sflush_r
 .text._fflush_r
                0x08003328       0x80 C:\CrossIDE\gcc-arm-none-eabi-10.3-2021.10\arm-none-eabi\lib\thumb\v6-m\nofp\libc_nano.a(lib_a-fflush.o)
                0x08003328                _fflush_r
 .text.fflush   0x080033a8       0x2c C:\CrossIDE\gcc-arm-none-eabi-10.3-2021.10\arm-none-eabi\lib\thumb\v6-m\nofp\libc_nano.a(lib_a-fflush.o)
                0x080033a8                fflush
 .text          0x080033d4        0x0 C:\CrossIDE\gcc-arm-none-eabi-10.3-2021.10\arm-none-eabi\lib\thumb\v6-m\nofp\libc_nano.a(lib_a-fvwrite.o)
 .text.__sfvwrite_r
                0x080033d4      0x2d0 C:\CrossIDE\gcc-arm-none-eabi-10.3-2021.10\arm-none-eabi\lib\thumb\v6-m\nofp\libc_nano.a(lib_a-fvwrite.o)
                0x080033d4                __sfvwrite_r
 .text          0x080036a4        0x0 C:\CrossIDE\gcc-arm-none-eabi-10.3-2021.10\arm-none-eabi\lib\thumb\v6-m\nofp\libc_nano.a(lib_a-lseekr.o)
 .text._lseek_r
                0x080036a4       0x28 C:\CrossIDE\gcc-arm-none-eabi-10.3-2021.10\arm-none-eabi\lib\thumb\v6-m\nofp\libc_nano.a(lib_a-lseekr.o)
                0x080036a4                _lseek_r
 .text          0x080036cc        0x0 C:\CrossIDE\gcc-arm-none-eabi-10.3-2021.10\arm-none-eabi\lib\thumb\v6-m\nofp\libc_nano.a(lib_a-makebuf.o)
 .text.__swhatbuf_r
                0x080036cc       0x50 C:\CrossIDE\gcc-arm-none-eabi-10.3-2021.10\arm-none-eabi\lib\thumb\v6-m\nofp\libc_nano.a(lib_a-makebuf.o)
                0x080036cc                __swhatbuf_r
 .text.__smakebuf_r
                0x0800371c       0x88 C:\CrossIDE\gcc-arm-none-eabi-10.3-2021.10\arm-none-eabi\lib\thumb\v6-m\nofp\libc_nano.a(lib_a-makebuf.o)
                0x0800371c                __smakebuf_r
 .text          0x080037a4        0x0 C:\CrossIDE\gcc-arm-none-eabi-10.3-2021.10\arm-none-eabi\lib\thumb\v6-m\nofp\libc_nano.a(lib_a-memchr-stub.o)
 .text.memchr   0x080037a4       0x16 C:\CrossIDE\gcc-arm-none-eabi-10.3-2021.10\arm-none-eabi\lib\thumb\v6-m\nofp\libc_nano.a(lib_a-memchr-stub.o)
                0x080037a4                memchr
 .text          0x080037ba        0x0 C:\CrossIDE\gcc-arm-none-eabi-10.3-2021.10\arm-none-eabi\lib\thumb\v6-m\nofp\libc_nano.a(lib_a-memcpy-stub.o)
 .text.memcpy   0x080037ba       0x12 C:\CrossIDE\gcc-arm-none-eabi-10.3-2021.10\arm-none-eabi\lib\thumb\v6-m\nofp\libc_nano.a(lib_a-memcpy-stub.o)
                0x080037ba                memcpy
 .text          0x080037cc        0x0 C:\CrossIDE\gcc-arm-none-eabi-10.3-2021.10\arm-none-eabi\lib\thumb\v6-m\nofp\libc_nano.a(lib_a-memmove.o)
 .text.memmove  0x080037cc       0x26 C:\CrossIDE\gcc-arm-none-eabi-10.3-2021.10\arm-none-eabi\lib\thumb\v6-m\nofp\libc_nano.a(lib_a-memmove.o)
                0x080037cc                memmove
 .text          0x080037f2        0x0 C:\CrossIDE\gcc-arm-none-eabi-10.3-2021.10\arm-none-eabi\lib\thumb\v6-m\nofp\libc_nano.a(lib_a-mlock.o)
 *fill*         0x080037f2        0x2 
 .text.__malloc_lock
                0x080037f4       0x10 C:\CrossIDE\gcc-arm-none-eabi-10.3-2021.10\arm-none-eabi\lib\thumb\v6-m\nofp\libc_nano.a(lib_a-mlock.o)
                0x080037f4                __malloc_lock
 .text.__malloc_unlock
                0x08003804       0x10 C:\CrossIDE\gcc-arm-none-eabi-10.3-2021.10\arm-none-eabi\lib\thumb\v6-m\nofp\libc_nano.a(lib_a-mlock.o)
                0x08003804                __malloc_unlock
 .text          0x08003814        0x0 C:\CrossIDE\gcc-arm-none-eabi-10.3-2021.10\arm-none-eabi\lib\thumb\v6-m\nofp\libc_nano.a(lib_a-nano-freer.o)
 .text._free_r  0x08003814       0x94 C:\CrossIDE\gcc-arm-none-eabi-10.3-2021.10\arm-none-eabi\lib\thumb\v6-m\nofp\libc_nano.a(lib_a-nano-freer.o)
                0x08003814                _free_r
 .text          0x080038a8        0x0 C:\CrossIDE\gcc-arm-none-eabi-10.3-2021.10\arm-none-eabi\lib\thumb\v6-m\nofp\libc_nano.a(lib_a-nano-reallocr.o)
 .text._realloc_r
                0x080038a8       0x5e C:\CrossIDE\gcc-arm-none-eabi-10.3-2021.10\arm-none-eabi\lib\thumb\v6-m\nofp\libc_nano.a(lib_a-nano-reallocr.o)
                0x080038a8                _realloc_r
 .text          0x08003906        0x0 C:\CrossIDE\gcc-arm-none-eabi-10.3-2021.10\arm-none-eabi\lib\thumb\v6-m\nofp\libc_nano.a(lib_a-readr.o)
 *fill*         0x08003906        0x2 
 .text._read_r  0x08003908       0x28 C:\CrossIDE\gcc-arm-none-eabi-10.3-2021.10\arm-none-eabi\lib\thumb\v6-m\nofp\libc_nano.a(lib_a-readr.o)
                0x08003908                _read_r
 .text          0x08003930        0x0 C:\CrossIDE\gcc-arm-none-eabi-10.3-2021.10\arm-none-eabi\lib\thumb\v6-m\nofp\libc_nano.a(lib_a-fstatr.o)
 .text._fstat_r
                0x08003930       0x24 C:\CrossIDE\gcc-arm-none-eabi-10.3-2021.10\arm-none-eabi\lib\thumb\v6-m\nofp\libc_nano.a(lib_a-fstatr.o)
                0x08003930                _fstat_r
 .text          0x08003954        0x0 C:\CrossIDE\gcc-arm-none-eabi-10.3-2021.10\arm-none-eabi\lib\thumb\v6-m\nofp\libc_nano.a(lib_a-isattyr.o)
 .text._isatty_r
                0x08003954       0x24 C:\CrossIDE\gcc-arm-none-eabi-10.3-2021.10\arm-none-eabi\lib\thumb\v6-m\nofp\libc_nano.a(lib_a-isattyr.o)
                0x08003954                _isatty_r
 .text          0x08003978        0x0 C:\CrossIDE\gcc-arm-none-eabi-10.3-2021.10\arm-none-eabi\lib\thumb\v6-m\nofp\libc_nano.a(lib_a-nano-msizer.o)
 .text._malloc_usable_size_r
                0x08003978       0x10 C:\CrossIDE\gcc-arm-none-eabi-10.3-2021.10\arm-none-eabi\lib\thumb\v6-m\nofp\libc_nano.a(lib_a-nano-msizer.o)
                0x08003978                _malloc_usable_size_r
 .text          0x08003988       0x14 C:\CrossIDE\gcc-arm-none-eabi-10.3-2021.10\lib\gcc\arm-none-eabi\10.3.1\thumb\v6-m\nofp\libgcc.a(_thumb1_case_shi.o)
                0x08003988                __gnu_thumb1_case_shi
 .text          0x0800399c      0x114 C:\CrossIDE\gcc-arm-none-eabi-10.3-2021.10\lib\gcc\arm-none-eabi\10.3.1\thumb\v6-m\nofp\libgcc.a(_udivsi3.o)
                0x0800399c                __aeabi_uidiv
                0x0800399c                __udivsi3
                0x08003aa8                __aeabi_uidivmod
 *(.rodata*)
 .rodata        0x08003ab0      0x26a main.o
 *fill*         0x08003d1a        0x2 
 .rodata        0x08003d1c       0x7c startup.o
 .rodata.__sf_fake_stderr
                0x08003d98       0x20 C:\CrossIDE\gcc-arm-none-eabi-10.3-2021.10\arm-none-eabi\lib\thumb\v6-m\nofp\libc_nano.a(lib_a-findfp.o)
                0x08003d98                __sf_fake_stderr
 .rodata.__sf_fake_stdin
                0x08003db8       0x20 C:\CrossIDE\gcc-arm-none-eabi-10.3-2021.10\arm-none-eabi\lib\thumb\v6-m\nofp\libc_nano.a(lib_a-findfp.o)
                0x08003db8                __sf_fake_stdin
 .rodata.__sf_fake_stdout
                0x08003dd8       0x20 C:\CrossIDE\gcc-arm-none-eabi-10.3-2021.10\arm-none-eabi\lib\thumb\v6-m\nofp\libc_nano.a(lib_a-findfp.o)
                0x08003dd8                __sf_fake_stdout
 .rodata._global_impure_ptr
                0x08003df8        0x4 C:\CrossIDE\gcc-arm-none-eabi-10.3-2021.10\arm-none-eabi\lib\thumb\v6-m\nofp\libc_nano.a(lib_a-impure.o)
                0x08003df8                _global_impure_ptr
 .rodata._svfprintf_r.str1.1
                0x08003dfc       0x11 C:\CrossIDE\gcc-arm-none-eabi-10.3-2021.10\arm-none-eabi\lib\thumb\v6-m\nofp\libc_nano.a(lib_a-nano-svfprintf.o)
 .rodata._vfprintf_r.str1.1
                0x08003e0d       0x11 C:\CrossIDE\gcc-arm-none-eabi-10.3-2021.10\arm-none-eabi\lib\thumb\v6-m\nofp\libc_nano.a(lib_a-nano-vfprintf.o)
 .rodata._printf_i.str1.1
                0x08003e0d       0x22 C:\CrossIDE\gcc-arm-none-eabi-10.3-2021.10\arm-none-eabi\lib\thumb\v6-m\nofp\libc_nano.a(lib_a-nano-vfprintf_i.o)
                0x08003e30                . = ALIGN (0x4)
 *fill*         0x08003e2f        0x1 
                0x08003e30                PROVIDE (__init_array_start = .)
 *(SORT_BY_NAME(.init_array.*))
 *(.init_array)
                0x08003e30                PROVIDE (__init_array_end = .)
                0x08003e30                . = ALIGN (0x4)
                0x08003e30                _etext = .

.glue_7         0x08003e30        0x0
 .glue_7        0x08003e30        0x0 linker stubs

.glue_7t        0x08003e30        0x0
 .glue_7t       0x08003e30        0x0 linker stubs

.vfp11_veneer   0x08003e30        0x0
 .vfp11_veneer  0x08003e30        0x0 linker stubs

.v4_bx          0x08003e30        0x0
 .v4_bx         0x08003e30        0x0 linker stubs

.iplt           0x08003e30        0x0
 .iplt          0x08003e30        0x0 main.o

.rel.dyn        0x08003e30        0x0
 .rel.iplt      0x08003e30        0x0 main.o

.data           0x20000000       0x70 load address 0x08003e30
                0x20000000                . = ALIGN (0x4)
                0x20000000                _data = .
 *(.data*)
 .data          0x20000000        0x8 main.o
                0x20000000                ISR_pwm1
                0x20000001                ISR_pwm2
 .data          0x20000008        0x0 adc.o
 .data          0x20000008        0x0 serial.o
 .data          0x20000008        0x0 startup.o
 .data          0x20000008        0x4 newlib_stubs.o
                0x20000008                environ
 .data          0x2000000c        0x0 UART2.o
 .data          0x2000000c        0x0 C:\CrossIDE\gcc-arm-none-eabi-10.3-2021.10\arm-none-eabi\lib\thumb\v6-m\nofp\libnosys.a(errno.o)
 .data          0x2000000c        0x0 C:\CrossIDE\gcc-arm-none-eabi-10.3-2021.10\lib\gcc\arm-none-eabi\10.3.1\thumb\v6-m\nofp\libgcc.a(_divsi3.o)
 .data          0x2000000c        0x0 C:\CrossIDE\gcc-arm-none-eabi-10.3-2021.10\lib\gcc\arm-none-eabi\10.3.1\thumb\v6-m\nofp\libgcc.a(_dvmd_tls.o)
 .data          0x2000000c        0x0 C:\CrossIDE\gcc-arm-none-eabi-10.3-2021.10\arm-none-eabi\lib\thumb\v6-m\nofp\libc_nano.a(lib_a-printf.o)
 .data          0x2000000c        0x0 C:\CrossIDE\gcc-arm-none-eabi-10.3-2021.10\arm-none-eabi\lib\thumb\v6-m\nofp\libc_nano.a(lib_a-sprintf.o)
 .data          0x2000000c        0x0 C:\CrossIDE\gcc-arm-none-eabi-10.3-2021.10\arm-none-eabi\lib\thumb\v6-m\nofp\libc_nano.a(lib_a-strchr.o)
 .data          0x2000000c        0x0 C:\CrossIDE\gcc-arm-none-eabi-10.3-2021.10\arm-none-eabi\lib\thumb\v6-m\nofp\libc_nano.a(lib_a-strlen.o)
 .data          0x2000000c        0x0 C:\CrossIDE\gcc-arm-none-eabi-10.3-2021.10\arm-none-eabi\lib\thumb\v6-m\nofp\libc_nano.a(lib_a-findfp.o)
 .data          0x2000000c        0x0 C:\CrossIDE\gcc-arm-none-eabi-10.3-2021.10\arm-none-eabi\lib\thumb\v6-m\nofp\libc_nano.a(lib_a-fwalk.o)
 .data          0x2000000c        0x0 C:\CrossIDE\gcc-arm-none-eabi-10.3-2021.10\arm-none-eabi\lib\thumb\v6-m\nofp\libc_nano.a(lib_a-impure.o)
 .data._impure_ptr
                0x2000000c        0x4 C:\CrossIDE\gcc-arm-none-eabi-10.3-2021.10\arm-none-eabi\lib\thumb\v6-m\nofp\libc_nano.a(lib_a-impure.o)
                0x2000000c                _impure_ptr
 .data.impure_data
                0x20000010       0x60 C:\CrossIDE\gcc-arm-none-eabi-10.3-2021.10\arm-none-eabi\lib\thumb\v6-m\nofp\libc_nano.a(lib_a-impure.o)
 .data          0x20000070        0x0 C:\CrossIDE\gcc-arm-none-eabi-10.3-2021.10\arm-none-eabi\lib\thumb\v6-m\nofp\libc_nano.a(lib_a-lock.o)
 .data          0x20000070        0x0 C:\CrossIDE\gcc-arm-none-eabi-10.3-2021.10\arm-none-eabi\lib\thumb\v6-m\nofp\libc_nano.a(lib_a-memset.o)
 .data          0x20000070        0x0 C:\CrossIDE\gcc-arm-none-eabi-10.3-2021.10\arm-none-eabi\lib\thumb\v6-m\nofp\libc_nano.a(lib_a-nano-mallocr.o)
 .data          0x20000070        0x0 C:\CrossIDE\gcc-arm-none-eabi-10.3-2021.10\arm-none-eabi\lib\thumb\v6-m\nofp\libc_nano.a(lib_a-nano-svfprintf.o)
 .data          0x20000070        0x0 C:\CrossIDE\gcc-arm-none-eabi-10.3-2021.10\arm-none-eabi\lib\thumb\v6-m\nofp\libc_nano.a(lib_a-nano-vfprintf.o)
 .data          0x20000070        0x0 C:\CrossIDE\gcc-arm-none-eabi-10.3-2021.10\arm-none-eabi\lib\thumb\v6-m\nofp\libc_nano.a(lib_a-nano-vfprintf_i.o)
 .data          0x20000070        0x0 C:\CrossIDE\gcc-arm-none-eabi-10.3-2021.10\arm-none-eabi\lib\thumb\v6-m\nofp\libc_nano.a(lib_a-sbrkr.o)
 .data          0x20000070        0x0 C:\CrossIDE\gcc-arm-none-eabi-10.3-2021.10\arm-none-eabi\lib\thumb\v6-m\nofp\libc_nano.a(lib_a-stdio.o)
 .data          0x20000070        0x0 C:\CrossIDE\gcc-arm-none-eabi-10.3-2021.10\arm-none-eabi\lib\thumb\v6-m\nofp\libc_nano.a(lib_a-wbuf.o)
 .data          0x20000070        0x0 C:\CrossIDE\gcc-arm-none-eabi-10.3-2021.10\arm-none-eabi\lib\thumb\v6-m\nofp\libc_nano.a(lib_a-writer.o)
 .data          0x20000070        0x0 C:\CrossIDE\gcc-arm-none-eabi-10.3-2021.10\arm-none-eabi\lib\thumb\v6-m\nofp\libc_nano.a(lib_a-wsetup.o)
 .data          0x20000070        0x0 C:\CrossIDE\gcc-arm-none-eabi-10.3-2021.10\arm-none-eabi\lib\thumb\v6-m\nofp\libc_nano.a(lib_a-closer.o)
 .data          0x20000070        0x0 C:\CrossIDE\gcc-arm-none-eabi-10.3-2021.10\arm-none-eabi\lib\thumb\v6-m\nofp\libc_nano.a(lib_a-fflush.o)
 .data          0x20000070        0x0 C:\CrossIDE\gcc-arm-none-eabi-10.3-2021.10\arm-none-eabi\lib\thumb\v6-m\nofp\libc_nano.a(lib_a-fvwrite.o)
 .data          0x20000070        0x0 C:\CrossIDE\gcc-arm-none-eabi-10.3-2021.10\arm-none-eabi\lib\thumb\v6-m\nofp\libc_nano.a(lib_a-lseekr.o)
 .data          0x20000070        0x0 C:\CrossIDE\gcc-arm-none-eabi-10.3-2021.10\arm-none-eabi\lib\thumb\v6-m\nofp\libc_nano.a(lib_a-makebuf.o)
 .data          0x20000070        0x0 C:\CrossIDE\gcc-arm-none-eabi-10.3-2021.10\arm-none-eabi\lib\thumb\v6-m\nofp\libc_nano.a(lib_a-memchr-stub.o)
 .data          0x20000070        0x0 C:\CrossIDE\gcc-arm-none-eabi-10.3-2021.10\arm-none-eabi\lib\thumb\v6-m\nofp\libc_nano.a(lib_a-memcpy-stub.o)
 .data          0x20000070        0x0 C:\CrossIDE\gcc-arm-none-eabi-10.3-2021.10\arm-none-eabi\lib\thumb\v6-m\nofp\libc_nano.a(lib_a-memmove.o)
 .data          0x20000070        0x0 C:\CrossIDE\gcc-arm-none-eabi-10.3-2021.10\arm-none-eabi\lib\thumb\v6-m\nofp\libc_nano.a(lib_a-mlock.o)
 .data          0x20000070        0x0 C:\CrossIDE\gcc-arm-none-eabi-10.3-2021.10\arm-none-eabi\lib\thumb\v6-m\nofp\libc_nano.a(lib_a-nano-freer.o)
 .data          0x20000070        0x0 C:\CrossIDE\gcc-arm-none-eabi-10.3-2021.10\arm-none-eabi\lib\thumb\v6-m\nofp\libc_nano.a(lib_a-nano-reallocr.o)
 .data          0x20000070        0x0 C:\CrossIDE\gcc-arm-none-eabi-10.3-2021.10\arm-none-eabi\lib\thumb\v6-m\nofp\libc_nano.a(lib_a-readr.o)
 .data          0x20000070        0x0 C:\CrossIDE\gcc-arm-none-eabi-10.3-2021.10\arm-none-eabi\lib\thumb\v6-m\nofp\libc_nano.a(lib_a-fstatr.o)
 .data          0x20000070        0x0 C:\CrossIDE\gcc-arm-none-eabi-10.3-2021.10\arm-none-eabi\lib\thumb\v6-m\nofp\libc_nano.a(lib_a-isattyr.o)
 .data          0x20000070        0x0 C:\CrossIDE\gcc-arm-none-eabi-10.3-2021.10\arm-none-eabi\lib\thumb\v6-m\nofp\libc_nano.a(lib_a-nano-msizer.o)
 .data          0x20000070        0x0 C:\CrossIDE\gcc-arm-none-eabi-10.3-2021.10\lib\gcc\arm-none-eabi\10.3.1\thumb\v6-m\nofp\libgcc.a(_thumb1_case_shi.o)
 .data          0x20000070        0x0 C:\CrossIDE\gcc-arm-none-eabi-10.3-2021.10\lib\gcc\arm-none-eabi\10.3.1\thumb\v6-m\nofp\libgcc.a(_udivsi3.o)
                0x20000070                . = ALIGN (0x4)
                0x20000070                _edata = .

.igot.plt       0x20000070        0x0 load address 0x08003ea0
 .igot.plt      0x20000070        0x0 main.o

.bss            0x20000070      0x17c load address 0x08003ea0
                0x20000070                _bss = .
 *(.bss*)
 .bss           0x20000070       0x14 main.o
                0x20000070                PWM_Counter
                0x20000074                PWM_counter_motor
                0x20000078                pwm1
                0x20000079                pwm2
 .bss           0x20000084        0x0 adc.o
 .bss           0x20000084       0xa4 serial.o
                0x20000084                ComRXBuffer
                0x200000d0                ComTXBuffer
                0x2000011c                ComOpen
                0x20000120                ComError
                0x20000124                ComBusy
 .bss           0x20000128        0x0 startup.o
 .bss           0x20000128        0x8 newlib_stubs.o
                0x20000128                __env
 .bss           0x20000130       0xa4 UART2.o
                0x20000130                ComRXBuffer2
                0x2000017c                ComTXBuffer2
                0x200001c8                ComOpen2
                0x200001cc                ComError2
                0x200001d0                ComBusy2
 .bss           0x200001d4        0x0 C:\CrossIDE\gcc-arm-none-eabi-10.3-2021.10\arm-none-eabi\lib\thumb\v6-m\nofp\libnosys.a(errno.o)
 .bss.errno     0x200001d4        0x4 C:\CrossIDE\gcc-arm-none-eabi-10.3-2021.10\arm-none-eabi\lib\thumb\v6-m\nofp\libnosys.a(errno.o)
                0x200001d4                errno
 .bss           0x200001d8        0x0 C:\CrossIDE\gcc-arm-none-eabi-10.3-2021.10\lib\gcc\arm-none-eabi\10.3.1\thumb\v6-m\nofp\libgcc.a(_divsi3.o)
 .bss           0x200001d8        0x0 C:\CrossIDE\gcc-arm-none-eabi-10.3-2021.10\lib\gcc\arm-none-eabi\10.3.1\thumb\v6-m\nofp\libgcc.a(_dvmd_tls.o)
 .bss           0x200001d8        0x0 C:\CrossIDE\gcc-arm-none-eabi-10.3-2021.10\arm-none-eabi\lib\thumb\v6-m\nofp\libc_nano.a(lib_a-printf.o)
 .bss           0x200001d8        0x0 C:\CrossIDE\gcc-arm-none-eabi-10.3-2021.10\arm-none-eabi\lib\thumb\v6-m\nofp\libc_nano.a(lib_a-sprintf.o)
 .bss           0x200001d8        0x0 C:\CrossIDE\gcc-arm-none-eabi-10.3-2021.10\arm-none-eabi\lib\thumb\v6-m\nofp\libc_nano.a(lib_a-strchr.o)
 .bss           0x200001d8        0x0 C:\CrossIDE\gcc-arm-none-eabi-10.3-2021.10\arm-none-eabi\lib\thumb\v6-m\nofp\libc_nano.a(lib_a-strlen.o)
 .bss           0x200001d8        0x0 C:\CrossIDE\gcc-arm-none-eabi-10.3-2021.10\arm-none-eabi\lib\thumb\v6-m\nofp\libc_nano.a(lib_a-findfp.o)
 .bss           0x200001d8        0x0 C:\CrossIDE\gcc-arm-none-eabi-10.3-2021.10\arm-none-eabi\lib\thumb\v6-m\nofp\libc_nano.a(lib_a-fwalk.o)
 .bss           0x200001d8        0x0 C:\CrossIDE\gcc-arm-none-eabi-10.3-2021.10\arm-none-eabi\lib\thumb\v6-m\nofp\libc_nano.a(lib_a-impure.o)
 .bss           0x200001d8        0x0 C:\CrossIDE\gcc-arm-none-eabi-10.3-2021.10\arm-none-eabi\lib\thumb\v6-m\nofp\libc_nano.a(lib_a-lock.o)
 .bss.__lock___arc4random_mutex
                0x200001d8        0x1 C:\CrossIDE\gcc-arm-none-eabi-10.3-2021.10\arm-none-eabi\lib\thumb\v6-m\nofp\libc_nano.a(lib_a-lock.o)
                0x200001d8                __lock___arc4random_mutex
 .bss.__lock___at_quick_exit_mutex
                0x200001d9        0x1 C:\CrossIDE\gcc-arm-none-eabi-10.3-2021.10\arm-none-eabi\lib\thumb\v6-m\nofp\libc_nano.a(lib_a-lock.o)
                0x200001d9                __lock___at_quick_exit_mutex
 .bss.__lock___atexit_recursive_mutex
                0x200001da        0x1 C:\CrossIDE\gcc-arm-none-eabi-10.3-2021.10\arm-none-eabi\lib\thumb\v6-m\nofp\libc_nano.a(lib_a-lock.o)
                0x200001da                __lock___atexit_recursive_mutex
 .bss.__lock___dd_hash_mutex
                0x200001db        0x1 C:\CrossIDE\gcc-arm-none-eabi-10.3-2021.10\arm-none-eabi\lib\thumb\v6-m\nofp\libc_nano.a(lib_a-lock.o)
                0x200001db                __lock___dd_hash_mutex
 .bss.__lock___env_recursive_mutex
                0x200001dc        0x1 C:\CrossIDE\gcc-arm-none-eabi-10.3-2021.10\arm-none-eabi\lib\thumb\v6-m\nofp\libc_nano.a(lib_a-lock.o)
                0x200001dc                __lock___env_recursive_mutex
 .bss.__lock___malloc_recursive_mutex
                0x200001dd        0x1 C:\CrossIDE\gcc-arm-none-eabi-10.3-2021.10\arm-none-eabi\lib\thumb\v6-m\nofp\libc_nano.a(lib_a-lock.o)
                0x200001dd                __lock___malloc_recursive_mutex
 .bss.__lock___sfp_recursive_mutex
                0x200001de        0x1 C:\CrossIDE\gcc-arm-none-eabi-10.3-2021.10\arm-none-eabi\lib\thumb\v6-m\nofp\libc_nano.a(lib_a-lock.o)
                0x200001de                __lock___sfp_recursive_mutex
 .bss.__lock___sinit_recursive_mutex
                0x200001df        0x1 C:\CrossIDE\gcc-arm-none-eabi-10.3-2021.10\arm-none-eabi\lib\thumb\v6-m\nofp\libc_nano.a(lib_a-lock.o)
                0x200001df                __lock___sinit_recursive_mutex
 .bss.__lock___tz_mutex
                0x200001e0        0x1 C:\CrossIDE\gcc-arm-none-eabi-10.3-2021.10\arm-none-eabi\lib\thumb\v6-m\nofp\libc_nano.a(lib_a-lock.o)
                0x200001e0                __lock___tz_mutex
 .bss           0x200001e1        0x0 C:\CrossIDE\gcc-arm-none-eabi-10.3-2021.10\arm-none-eabi\lib\thumb\v6-m\nofp\libc_nano.a(lib_a-memset.o)
 .bss           0x200001e1        0x0 C:\CrossIDE\gcc-arm-none-eabi-10.3-2021.10\arm-none-eabi\lib\thumb\v6-m\nofp\libc_nano.a(lib_a-nano-mallocr.o)
 *fill*         0x200001e1        0x3 
 .bss.__malloc_free_list
                0x200001e4        0x4 C:\CrossIDE\gcc-arm-none-eabi-10.3-2021.10\arm-none-eabi\lib\thumb\v6-m\nofp\libc_nano.a(lib_a-nano-mallocr.o)
                0x200001e4                __malloc_free_list
 .bss.__malloc_sbrk_start
                0x200001e8        0x4 C:\CrossIDE\gcc-arm-none-eabi-10.3-2021.10\arm-none-eabi\lib\thumb\v6-m\nofp\libc_nano.a(lib_a-nano-mallocr.o)
                0x200001e8                __malloc_sbrk_start
 .bss           0x200001ec        0x0 C:\CrossIDE\gcc-arm-none-eabi-10.3-2021.10\arm-none-eabi\lib\thumb\v6-m\nofp\libc_nano.a(lib_a-nano-svfprintf.o)
 .bss           0x200001ec        0x0 C:\CrossIDE\gcc-arm-none-eabi-10.3-2021.10\arm-none-eabi\lib\thumb\v6-m\nofp\libc_nano.a(lib_a-nano-vfprintf.o)
 .bss           0x200001ec        0x0 C:\CrossIDE\gcc-arm-none-eabi-10.3-2021.10\arm-none-eabi\lib\thumb\v6-m\nofp\libc_nano.a(lib_a-nano-vfprintf_i.o)
 .bss           0x200001ec        0x0 C:\CrossIDE\gcc-arm-none-eabi-10.3-2021.10\arm-none-eabi\lib\thumb\v6-m\nofp\libc_nano.a(lib_a-sbrkr.o)
 .bss           0x200001ec        0x0 C:\CrossIDE\gcc-arm-none-eabi-10.3-2021.10\arm-none-eabi\lib\thumb\v6-m\nofp\libc_nano.a(lib_a-stdio.o)
 .bss           0x200001ec        0x0 C:\CrossIDE\gcc-arm-none-eabi-10.3-2021.10\arm-none-eabi\lib\thumb\v6-m\nofp\libc_nano.a(lib_a-wbuf.o)
 .bss           0x200001ec        0x0 C:\CrossIDE\gcc-arm-none-eabi-10.3-2021.10\arm-none-eabi\lib\thumb\v6-m\nofp\libc_nano.a(lib_a-writer.o)
 .bss           0x200001ec        0x0 C:\CrossIDE\gcc-arm-none-eabi-10.3-2021.10\arm-none-eabi\lib\thumb\v6-m\nofp\libc_nano.a(lib_a-wsetup.o)
 .bss           0x200001ec        0x0 C:\CrossIDE\gcc-arm-none-eabi-10.3-2021.10\arm-none-eabi\lib\thumb\v6-m\nofp\libc_nano.a(lib_a-closer.o)
 .bss           0x200001ec        0x0 C:\CrossIDE\gcc-arm-none-eabi-10.3-2021.10\arm-none-eabi\lib\thumb\v6-m\nofp\libc_nano.a(lib_a-fflush.o)
 .bss           0x200001ec        0x0 C:\CrossIDE\gcc-arm-none-eabi-10.3-2021.10\arm-none-eabi\lib\thumb\v6-m\nofp\libc_nano.a(lib_a-fvwrite.o)
 .bss           0x200001ec        0x0 C:\CrossIDE\gcc-arm-none-eabi-10.3-2021.10\arm-none-eabi\lib\thumb\v6-m\nofp\libc_nano.a(lib_a-lseekr.o)
 .bss           0x200001ec        0x0 C:\CrossIDE\gcc-arm-none-eabi-10.3-2021.10\arm-none-eabi\lib\thumb\v6-m\nofp\libc_nano.a(lib_a-makebuf.o)
 .bss           0x200001ec        0x0 C:\CrossIDE\gcc-arm-none-eabi-10.3-2021.10\arm-none-eabi\lib\thumb\v6-m\nofp\libc_nano.a(lib_a-memchr-stub.o)
 .bss           0x200001ec        0x0 C:\CrossIDE\gcc-arm-none-eabi-10.3-2021.10\arm-none-eabi\lib\thumb\v6-m\nofp\libc_nano.a(lib_a-memcpy-stub.o)
 .bss           0x200001ec        0x0 C:\CrossIDE\gcc-arm-none-eabi-10.3-2021.10\arm-none-eabi\lib\thumb\v6-m\nofp\libc_nano.a(lib_a-memmove.o)
 .bss           0x200001ec        0x0 C:\CrossIDE\gcc-arm-none-eabi-10.3-2021.10\arm-none-eabi\lib\thumb\v6-m\nofp\libc_nano.a(lib_a-mlock.o)
 .bss           0x200001ec        0x0 C:\CrossIDE\gcc-arm-none-eabi-10.3-2021.10\arm-none-eabi\lib\thumb\v6-m\nofp\libc_nano.a(lib_a-nano-freer.o)
 .bss           0x200001ec        0x0 C:\CrossIDE\gcc-arm-none-eabi-10.3-2021.10\arm-none-eabi\lib\thumb\v6-m\nofp\libc_nano.a(lib_a-nano-reallocr.o)
 .bss           0x200001ec        0x0 C:\CrossIDE\gcc-arm-none-eabi-10.3-2021.10\arm-none-eabi\lib\thumb\v6-m\nofp\libc_nano.a(lib_a-readr.o)
 .bss           0x200001ec        0x0 C:\CrossIDE\gcc-arm-none-eabi-10.3-2021.10\arm-none-eabi\lib\thumb\v6-m\nofp\libc_nano.a(lib_a-fstatr.o)
 .bss           0x200001ec        0x0 C:\CrossIDE\gcc-arm-none-eabi-10.3-2021.10\arm-none-eabi\lib\thumb\v6-m\nofp\libc_nano.a(lib_a-isattyr.o)
 .bss           0x200001ec        0x0 C:\CrossIDE\gcc-arm-none-eabi-10.3-2021.10\arm-none-eabi\lib\thumb\v6-m\nofp\libc_nano.a(lib_a-nano-msizer.o)
 .bss           0x200001ec        0x0 C:\CrossIDE\gcc-arm-none-eabi-10.3-2021.10\lib\gcc\arm-none-eabi\10.3.1\thumb\v6-m\nofp\libgcc.a(_thumb1_case_shi.o)
 .bss           0x200001ec        0x0 C:\CrossIDE\gcc-arm-none-eabi-10.3-2021.10\lib\gcc\arm-none-eabi\10.3.1\thumb\v6-m\nofp\libgcc.a(_udivsi3.o)
 *(COMMON)
                0x200001ec                . = ALIGN (0x4)
                0x200001ec                _ebss = .
                [!provide]                PROVIDE (end = .)
                0x200001ec                PROVIDE (_HeapStart = .)
                0x20002000                PROVIDE (_StackTop = (ORIGIN (ram) + LENGTH (ram)))
OUTPUT(main.elf elf32-littlearm)
LOAD linker stubs

.debug_info     0x00000000     0x27fb
 .debug_info    0x00000000      0xa2e main.o
 .debug_info    0x00000a2e      0x31b adc.o
 .debug_info    0x00000d49      0x82d serial.o
 .debug_info    0x00001576      0x3ad startup.o
 .debug_info    0x00001923      0x724 newlib_stubs.o
 .debug_info    0x00002047      0x7b4 UART2.o

.debug_abbrev   0x00000000      0xaba
 .debug_abbrev  0x00000000      0x2af main.o
 .debug_abbrev  0x000002af      0x10c adc.o
 .debug_abbrev  0x000003bb      0x1f5 serial.o
 .debug_abbrev  0x000005b0      0x174 startup.o
 .debug_abbrev  0x00000724      0x17b newlib_stubs.o
 .debug_abbrev  0x0000089f      0x21b UART2.o

.debug_aranges  0x00000000       0xc8
 .debug_aranges
                0x00000000       0x20 main.o
 .debug_aranges
                0x00000020       0x20 adc.o
 .debug_aranges
                0x00000040       0x20 serial.o
 .debug_aranges
                0x00000060       0x28 startup.o
 .debug_aranges
                0x00000088       0x20 newlib_stubs.o
 .debug_aranges
                0x000000a8       0x20 UART2.o

.debug_line     0x00000000     0x15e6
 .debug_line    0x00000000      0x5da main.o
 .debug_line    0x000005da      0x195 adc.o
 .debug_line    0x0000076f      0x49c serial.o
 .debug_line    0x00000c0b      0x25e startup.o
 .debug_line    0x00000e69      0x288 newlib_stubs.o
 .debug_line    0x000010f1      0x4f5 UART2.o

.debug_str      0x00000000      0xa7e
 .debug_str     0x00000000      0x448 main.o
                                0x4ac (size before relaxing)
 .debug_str     0x00000448       0x71 adc.o
                                0x280 (size before relaxing)
 .debug_str     0x000004b9      0x11b serial.o
                                0x3c4 (size before relaxing)
 .debug_str     0x000005d4       0xee startup.o
                                0x2ec (size before relaxing)
 .debug_str     0x000006c2      0x22a newlib_stubs.o
                                0x3ea (size before relaxing)
 .debug_str     0x000008ec      0x192 UART2.o
                                0x3bd (size before relaxing)

.comment        0x00000000       0x8e
 .comment       0x00000000       0x49 main.o
                                 0x4a (size before relaxing)
 .comment       0x00000049       0x4a adc.o
 .comment       0x00000049       0x4a serial.o
 .comment       0x00000049       0x4a startup.o
 .comment       0x00000049       0x4a newlib_stubs.o
 .comment       0x00000049       0x45 UART2.o
                                 0x46 (size before relaxing)

.ARM.attributes
                0x00000000       0x2a
 .ARM.attributes
                0x00000000       0x2c main.o
 .ARM.attributes
                0x0000002c       0x2c adc.o
 .ARM.attributes
                0x00000058       0x2c serial.o
 .ARM.attributes
                0x00000084       0x2c startup.o
 .ARM.attributes
                0x000000b0       0x2c newlib_stubs.o
 .ARM.attributes
                0x000000dc       0x2c UART2.o
 .ARM.attributes
                0x00000108       0x2c C:\CrossIDE\gcc-arm-none-eabi-10.3-2021.10\arm-none-eabi\lib\thumb\v6-m\nofp\libnosys.a(errno.o)
 .ARM.attributes
                0x00000134       0x1e C:\CrossIDE\gcc-arm-none-eabi-10.3-2021.10\lib\gcc\arm-none-eabi\10.3.1\thumb\v6-m\nofp\libgcc.a(_divsi3.o)
 .ARM.attributes
                0x00000152       0x1e C:\CrossIDE\gcc-arm-none-eabi-10.3-2021.10\lib\gcc\arm-none-eabi\10.3.1\thumb\v6-m\nofp\libgcc.a(_dvmd_tls.o)
 .ARM.attributes
                0x00000170       0x2c C:\CrossIDE\gcc-arm-none-eabi-10.3-2021.10\arm-none-eabi\lib\thumb\v6-m\nofp\libc_nano.a(lib_a-printf.o)
 .ARM.attributes
                0x0000019c       0x2c C:\CrossIDE\gcc-arm-none-eabi-10.3-2021.10\arm-none-eabi\lib\thumb\v6-m\nofp\libc_nano.a(lib_a-sprintf.o)
 .ARM.attributes
                0x000001c8       0x2c C:\CrossIDE\gcc-arm-none-eabi-10.3-2021.10\arm-none-eabi\lib\thumb\v6-m\nofp\libc_nano.a(lib_a-strchr.o)
 .ARM.attributes
                0x000001f4       0x1c C:\CrossIDE\gcc-arm-none-eabi-10.3-2021.10\arm-none-eabi\lib\thumb\v6-m\nofp\libc_nano.a(lib_a-strlen.o)
 .ARM.attributes
                0x00000210       0x2c C:\CrossIDE\gcc-arm-none-eabi-10.3-2021.10\arm-none-eabi\lib\thumb\v6-m\nofp\libc_nano.a(lib_a-findfp.o)
 .ARM.attributes
                0x0000023c       0x2c C:\CrossIDE\gcc-arm-none-eabi-10.3-2021.10\arm-none-eabi\lib\thumb\v6-m\nofp\libc_nano.a(lib_a-fwalk.o)
 .ARM.attributes
                0x00000268       0x2c C:\CrossIDE\gcc-arm-none-eabi-10.3-2021.10\arm-none-eabi\lib\thumb\v6-m\nofp\libc_nano.a(lib_a-impure.o)
 .ARM.attributes
                0x00000294       0x2c C:\CrossIDE\gcc-arm-none-eabi-10.3-2021.10\arm-none-eabi\lib\thumb\v6-m\nofp\libc_nano.a(lib_a-lock.o)
 .ARM.attributes
                0x000002c0       0x2c C:\CrossIDE\gcc-arm-none-eabi-10.3-2021.10\arm-none-eabi\lib\thumb\v6-m\nofp\libc_nano.a(lib_a-memset.o)
 .ARM.attributes
                0x000002ec       0x2c C:\CrossIDE\gcc-arm-none-eabi-10.3-2021.10\arm-none-eabi\lib\thumb\v6-m\nofp\libc_nano.a(lib_a-nano-mallocr.o)
 .ARM.attributes
                0x00000318       0x2c C:\CrossIDE\gcc-arm-none-eabi-10.3-2021.10\arm-none-eabi\lib\thumb\v6-m\nofp\libc_nano.a(lib_a-nano-svfprintf.o)
 .ARM.attributes
                0x00000344       0x2c C:\CrossIDE\gcc-arm-none-eabi-10.3-2021.10\arm-none-eabi\lib\thumb\v6-m\nofp\libc_nano.a(lib_a-nano-vfprintf.o)
 .ARM.attributes
                0x00000370       0x2c C:\CrossIDE\gcc-arm-none-eabi-10.3-2021.10\arm-none-eabi\lib\thumb\v6-m\nofp\libc_nano.a(lib_a-nano-vfprintf_i.o)
 .ARM.attributes
                0x0000039c       0x2c C:\CrossIDE\gcc-arm-none-eabi-10.3-2021.10\arm-none-eabi\lib\thumb\v6-m\nofp\libc_nano.a(lib_a-sbrkr.o)
 .ARM.attributes
                0x000003c8       0x2c C:\CrossIDE\gcc-arm-none-eabi-10.3-2021.10\arm-none-eabi\lib\thumb\v6-m\nofp\libc_nano.a(lib_a-stdio.o)
 .ARM.attributes
                0x000003f4       0x2c C:\CrossIDE\gcc-arm-none-eabi-10.3-2021.10\arm-none-eabi\lib\thumb\v6-m\nofp\libc_nano.a(lib_a-wbuf.o)
 .ARM.attributes
                0x00000420       0x2c C:\CrossIDE\gcc-arm-none-eabi-10.3-2021.10\arm-none-eabi\lib\thumb\v6-m\nofp\libc_nano.a(lib_a-writer.o)
 .ARM.attributes
                0x0000044c       0x2c C:\CrossIDE\gcc-arm-none-eabi-10.3-2021.10\arm-none-eabi\lib\thumb\v6-m\nofp\libc_nano.a(lib_a-wsetup.o)
 .ARM.attributes
                0x00000478       0x2c C:\CrossIDE\gcc-arm-none-eabi-10.3-2021.10\arm-none-eabi\lib\thumb\v6-m\nofp\libc_nano.a(lib_a-closer.o)
 .ARM.attributes
                0x000004a4       0x2c C:\CrossIDE\gcc-arm-none-eabi-10.3-2021.10\arm-none-eabi\lib\thumb\v6-m\nofp\libc_nano.a(lib_a-fflush.o)
 .ARM.attributes
                0x000004d0       0x2c C:\CrossIDE\gcc-arm-none-eabi-10.3-2021.10\arm-none-eabi\lib\thumb\v6-m\nofp\libc_nano.a(lib_a-fvwrite.o)
 .ARM.attributes
                0x000004fc       0x2c C:\CrossIDE\gcc-arm-none-eabi-10.3-2021.10\arm-none-eabi\lib\thumb\v6-m\nofp\libc_nano.a(lib_a-lseekr.o)
 .ARM.attributes
                0x00000528       0x2c C:\CrossIDE\gcc-arm-none-eabi-10.3-2021.10\arm-none-eabi\lib\thumb\v6-m\nofp\libc_nano.a(lib_a-makebuf.o)
 .ARM.attributes
                0x00000554       0x2c C:\CrossIDE\gcc-arm-none-eabi-10.3-2021.10\arm-none-eabi\lib\thumb\v6-m\nofp\libc_nano.a(lib_a-memchr-stub.o)
 .ARM.attributes
                0x00000580       0x2c C:\CrossIDE\gcc-arm-none-eabi-10.3-2021.10\arm-none-eabi\lib\thumb\v6-m\nofp\libc_nano.a(lib_a-memcpy-stub.o)
 .ARM.attributes
                0x000005ac       0x2c C:\CrossIDE\gcc-arm-none-eabi-10.3-2021.10\arm-none-eabi\lib\thumb\v6-m\nofp\libc_nano.a(lib_a-memmove.o)
 .ARM.attributes
                0x000005d8       0x2c C:\CrossIDE\gcc-arm-none-eabi-10.3-2021.10\arm-none-eabi\lib\thumb\v6-m\nofp\libc_nano.a(lib_a-mlock.o)
 .ARM.attributes
                0x00000604       0x2c C:\CrossIDE\gcc-arm-none-eabi-10.3-2021.10\arm-none-eabi\lib\thumb\v6-m\nofp\libc_nano.a(lib_a-nano-freer.o)
 .ARM.attributes
                0x00000630       0x2c C:\CrossIDE\gcc-arm-none-eabi-10.3-2021.10\arm-none-eabi\lib\thumb\v6-m\nofp\libc_nano.a(lib_a-nano-reallocr.o)
 .ARM.attributes
                0x0000065c       0x2c C:\CrossIDE\gcc-arm-none-eabi-10.3-2021.10\arm-none-eabi\lib\thumb\v6-m\nofp\libc_nano.a(lib_a-readr.o)
 .ARM.attributes
                0x00000688       0x2c C:\CrossIDE\gcc-arm-none-eabi-10.3-2021.10\arm-none-eabi\lib\thumb\v6-m\nofp\libc_nano.a(lib_a-fstatr.o)
 .ARM.attributes
                0x000006b4       0x2c C:\CrossIDE\gcc-arm-none-eabi-10.3-2021.10\arm-none-eabi\lib\thumb\v6-m\nofp\libc_nano.a(lib_a-isattyr.o)
 .ARM.attributes
                0x000006e0       0x2c C:\CrossIDE\gcc-arm-none-eabi-10.3-2021.10\arm-none-eabi\lib\thumb\v6-m\nofp\libc_nano.a(lib_a-nano-msizer.o)
 .ARM.attributes
                0x0000070c       0x1e C:\CrossIDE\gcc-arm-none-eabi-10.3-2021.10\lib\gcc\arm-none-eabi\10.3.1\thumb\v6-m\nofp\libgcc.a(_thumb1_case_shi.o)
 .ARM.attributes
                0x0000072a       0x1e C:\CrossIDE\gcc-arm-none-eabi-10.3-2021.10\lib\gcc\arm-none-eabi\10.3.1\thumb\v6-m\nofp\libgcc.a(_udivsi3.o)

.debug_frame    0x00000000     0x12cc
 .debug_frame   0x00000000      0x240 main.o
 .debug_frame   0x00000240       0x4c adc.o
 .debug_frame   0x0000028c      0x1e8 serial.o
 .debug_frame   0x00000474       0x94 startup.o
 .debug_frame   0x00000508      0x228 newlib_stubs.o
 .debug_frame   0x00000730      0x204 UART2.o
 .debug_frame   0x00000934       0x20 C:\CrossIDE\gcc-arm-none-eabi-10.3-2021.10\lib\gcc\arm-none-eabi\10.3.1\thumb\v6-m\nofp\libgcc.a(_divsi3.o)
 .debug_frame   0x00000954       0x50 C:\CrossIDE\gcc-arm-none-eabi-10.3-2021.10\arm-none-eabi\lib\thumb\v6-m\nofp\libc_nano.a(lib_a-printf.o)
 .debug_frame   0x000009a4       0x48 C:\CrossIDE\gcc-arm-none-eabi-10.3-2021.10\arm-none-eabi\lib\thumb\v6-m\nofp\libc_nano.a(lib_a-sprintf.o)
 .debug_frame   0x000009ec       0x20 C:\CrossIDE\gcc-arm-none-eabi-10.3-2021.10\arm-none-eabi\lib\thumb\v6-m\nofp\libc_nano.a(lib_a-strchr.o)
 .debug_frame   0x00000a0c      0x170 C:\CrossIDE\gcc-arm-none-eabi-10.3-2021.10\arm-none-eabi\lib\thumb\v6-m\nofp\libc_nano.a(lib_a-findfp.o)
 .debug_frame   0x00000b7c       0x58 C:\CrossIDE\gcc-arm-none-eabi-10.3-2021.10\arm-none-eabi\lib\thumb\v6-m\nofp\libc_nano.a(lib_a-fwalk.o)
 .debug_frame   0x00000bd4       0xb0 C:\CrossIDE\gcc-arm-none-eabi-10.3-2021.10\arm-none-eabi\lib\thumb\v6-m\nofp\libc_nano.a(lib_a-lock.o)
 .debug_frame   0x00000c84       0x20 C:\CrossIDE\gcc-arm-none-eabi-10.3-2021.10\arm-none-eabi\lib\thumb\v6-m\nofp\libc_nano.a(lib_a-memset.o)
 .debug_frame   0x00000ca4       0x50 C:\CrossIDE\gcc-arm-none-eabi-10.3-2021.10\arm-none-eabi\lib\thumb\v6-m\nofp\libc_nano.a(lib_a-nano-mallocr.o)
 .debug_frame   0x00000cf4       0x74 C:\CrossIDE\gcc-arm-none-eabi-10.3-2021.10\arm-none-eabi\lib\thumb\v6-m\nofp\libc_nano.a(lib_a-nano-svfprintf.o)
 .debug_frame   0x00000d68       0x9c C:\CrossIDE\gcc-arm-none-eabi-10.3-2021.10\arm-none-eabi\lib\thumb\v6-m\nofp\libc_nano.a(lib_a-nano-vfprintf.o)
 .debug_frame   0x00000e04       0x54 C:\CrossIDE\gcc-arm-none-eabi-10.3-2021.10\arm-none-eabi\lib\thumb\v6-m\nofp\libc_nano.a(lib_a-nano-vfprintf_i.o)
 .debug_frame   0x00000e58       0x2c C:\CrossIDE\gcc-arm-none-eabi-10.3-2021.10\arm-none-eabi\lib\thumb\v6-m\nofp\libc_nano.a(lib_a-sbrkr.o)
 .debug_frame   0x00000e84       0x90 C:\CrossIDE\gcc-arm-none-eabi-10.3-2021.10\arm-none-eabi\lib\thumb\v6-m\nofp\libc_nano.a(lib_a-stdio.o)
 .debug_frame   0x00000f14       0x48 C:\CrossIDE\gcc-arm-none-eabi-10.3-2021.10\arm-none-eabi\lib\thumb\v6-m\nofp\libc_nano.a(lib_a-wbuf.o)
 .debug_frame   0x00000f5c       0x2c C:\CrossIDE\gcc-arm-none-eabi-10.3-2021.10\arm-none-eabi\lib\thumb\v6-m\nofp\libc_nano.a(lib_a-writer.o)
 .debug_frame   0x00000f88       0x2c C:\CrossIDE\gcc-arm-none-eabi-10.3-2021.10\arm-none-eabi\lib\thumb\v6-m\nofp\libc_nano.a(lib_a-wsetup.o)
 .debug_frame   0x00000fb4       0x2c C:\CrossIDE\gcc-arm-none-eabi-10.3-2021.10\arm-none-eabi\lib\thumb\v6-m\nofp\libc_nano.a(lib_a-closer.o)
 .debug_frame   0x00000fe0       0x68 C:\CrossIDE\gcc-arm-none-eabi-10.3-2021.10\arm-none-eabi\lib\thumb\v6-m\nofp\libc_nano.a(lib_a-fflush.o)
 .debug_frame   0x00001048       0x30 C:\CrossIDE\gcc-arm-none-eabi-10.3-2021.10\arm-none-eabi\lib\thumb\v6-m\nofp\libc_nano.a(lib_a-fvwrite.o)
 .debug_frame   0x00001078       0x2c C:\CrossIDE\gcc-arm-none-eabi-10.3-2021.10\arm-none-eabi\lib\thumb\v6-m\nofp\libc_nano.a(lib_a-lseekr.o)
 .debug_frame   0x000010a4       0x54 C:\CrossIDE\gcc-arm-none-eabi-10.3-2021.10\arm-none-eabi\lib\thumb\v6-m\nofp\libc_nano.a(lib_a-makebuf.o)
 .debug_frame   0x000010f8       0x20 C:\CrossIDE\gcc-arm-none-eabi-10.3-2021.10\arm-none-eabi\lib\thumb\v6-m\nofp\libc_nano.a(lib_a-memchr-stub.o)
 .debug_frame   0x00001118       0x28 C:\CrossIDE\gcc-arm-none-eabi-10.3-2021.10\arm-none-eabi\lib\thumb\v6-m\nofp\libc_nano.a(lib_a-memcpy-stub.o)
 .debug_frame   0x00001140       0x28 C:\CrossIDE\gcc-arm-none-eabi-10.3-2021.10\arm-none-eabi\lib\thumb\v6-m\nofp\libc_nano.a(lib_a-memmove.o)
 .debug_frame   0x00001168       0x40 C:\CrossIDE\gcc-arm-none-eabi-10.3-2021.10\arm-none-eabi\lib\thumb\v6-m\nofp\libc_nano.a(lib_a-mlock.o)
 .debug_frame   0x000011a8       0x2c C:\CrossIDE\gcc-arm-none-eabi-10.3-2021.10\arm-none-eabi\lib\thumb\v6-m\nofp\libc_nano.a(lib_a-nano-freer.o)
 .debug_frame   0x000011d4       0x34 C:\CrossIDE\gcc-arm-none-eabi-10.3-2021.10\arm-none-eabi\lib\thumb\v6-m\nofp\libc_nano.a(lib_a-nano-reallocr.o)
 .debug_frame   0x00001208       0x2c C:\CrossIDE\gcc-arm-none-eabi-10.3-2021.10\arm-none-eabi\lib\thumb\v6-m\nofp\libc_nano.a(lib_a-readr.o)
 .debug_frame   0x00001234       0x2c C:\CrossIDE\gcc-arm-none-eabi-10.3-2021.10\arm-none-eabi\lib\thumb\v6-m\nofp\libc_nano.a(lib_a-fstatr.o)
 .debug_frame   0x00001260       0x2c C:\CrossIDE\gcc-arm-none-eabi-10.3-2021.10\arm-none-eabi\lib\thumb\v6-m\nofp\libc_nano.a(lib_a-isattyr.o)
 .debug_frame   0x0000128c       0x20 C:\CrossIDE\gcc-arm-none-eabi-10.3-2021.10\arm-none-eabi\lib\thumb\v6-m\nofp\libc_nano.a(lib_a-nano-msizer.o)
 .debug_frame   0x000012ac       0x20 C:\CrossIDE\gcc-arm-none-eabi-10.3-2021.10\lib\gcc\arm-none-eabi\10.3.1\thumb\v6-m\nofp\libgcc.a(_udivsi3.o)

.debug_ranges   0x00000000       0x18
 .debug_ranges  0x00000000       0x18 startup.o

Cross Reference Table

Symbol                                            File
ADC_COMP_Handler                                  startup.o
ComBusy                                           serial.o
ComBusy2                                          UART2.o
ComError                                          serial.o
ComError2                                         UART2.o
ComOpen                                           serial.o
ComOpen2                                          UART2.o
ComRXBuffer                                       serial.o
ComRXBuffer2                                      UART2.o
ComTXBuffer                                       serial.o
ComTXBuffer2                                      UART2.o
DMA_CH1_Handler                                   startup.o
DMA_CH2_3_Handler                                 startup.o
DMA_CH4_5_6_7_Handler                             startup.o
Default_Handler                                   startup.o
EXTI0_1_Handler                                   startup.o
EXTI2_3_Handler                                   startup.o
EXTI4_15_Handler                                  startup.o
FLASH_Handler                                     startup.o
GetBuf                                            serial.o
GetBuf2                                           UART2.o
GetBufCount                                       serial.o
GetBufCount2                                      UART2.o
GetPeriod                                         main.o
Hard_Fault_Handler                                startup.o
Hardware_Init                                     main.o
I2C1_Handler                                      startup.o
I2C2_Handler                                      startup.o
ISR_pwm1                                          main.o
ISR_pwm2                                          main.o
LPTIM1_Handler                                    startup.o
LPUART1_Handler                                   startup.o
NMI_Handler                                       startup.o
PVD_Handler                                       startup.o
PWM_Counter                                       main.o
PWM_counter_motor                                 main.o
PendSV_Handler                                    startup.o
PrintNumber                                       main.o
PutBuf                                            serial.o
PutBuf2                                           UART2.o
RCC_Handler                                       startup.o
RTC_Handler                                       startup.o
ReadCom                                           serial.o
ReadCom2                                          UART2.o
ReceivedBytes2                                    UART2.o
                                                  main.o
ReceptionOff                                      main.o
ResetInit                                         startup.o
SPI1_Handler                                      startup.o
SPI2_Handler                                      startup.o
SVC_Handler                                       startup.o
SendATCommand                                     main.o
SysTick_Handler                                   startup.o
TIM21_Handler                                     startup.o
TIM22_Handler                                     startup.o
TIM2_Handler                                      main.o
TIM6_Handler                                      startup.o
USART1_Handler                                    serial.o
USART2_Handler                                    UART2.o
                                                  startup.o
Vectors                                           startup.o
WWDG_Handler                                      startup.o
WriteCom                                          serial.o
WriteCom2                                         UART2.o
_HeapStart                                        newlib_stubs.o
_StackTop                                         newlib_stubs.o
                                                  startup.o
__aeabi_idiv                                      C:\CrossIDE\gcc-arm-none-eabi-10.3-2021.10\lib\gcc\arm-none-eabi\10.3.1\thumb\v6-m\nofp\libgcc.a(_divsi3.o)
                                                  C:\CrossIDE\gcc-arm-none-eabi-10.3-2021.10\arm-none-eabi\lib\thumb\v6-m\nofp\libc_nano.a(lib_a-fvwrite.o)
                                                  UART2.o
                                                  serial.o
                                                  main.o
__aeabi_idiv0                                     C:\CrossIDE\gcc-arm-none-eabi-10.3-2021.10\lib\gcc\arm-none-eabi\10.3.1\thumb\v6-m\nofp\libgcc.a(_dvmd_tls.o)
                                                  C:\CrossIDE\gcc-arm-none-eabi-10.3-2021.10\lib\gcc\arm-none-eabi\10.3.1\thumb\v6-m\nofp\libgcc.a(_udivsi3.o)
                                                  C:\CrossIDE\gcc-arm-none-eabi-10.3-2021.10\lib\gcc\arm-none-eabi\10.3.1\thumb\v6-m\nofp\libgcc.a(_divsi3.o)
__aeabi_idivmod                                   C:\CrossIDE\gcc-arm-none-eabi-10.3-2021.10\lib\gcc\arm-none-eabi\10.3.1\thumb\v6-m\nofp\libgcc.a(_divsi3.o)
                                                  main.o
__aeabi_ldiv0                                     C:\CrossIDE\gcc-arm-none-eabi-10.3-2021.10\lib\gcc\arm-none-eabi\10.3.1\thumb\v6-m\nofp\libgcc.a(_dvmd_tls.o)
__aeabi_uidiv                                     C:\CrossIDE\gcc-arm-none-eabi-10.3-2021.10\lib\gcc\arm-none-eabi\10.3.1\thumb\v6-m\nofp\libgcc.a(_udivsi3.o)
__aeabi_uidivmod                                  C:\CrossIDE\gcc-arm-none-eabi-10.3-2021.10\lib\gcc\arm-none-eabi\10.3.1\thumb\v6-m\nofp\libgcc.a(_udivsi3.o)
                                                  C:\CrossIDE\gcc-arm-none-eabi-10.3-2021.10\arm-none-eabi\lib\thumb\v6-m\nofp\libc_nano.a(lib_a-nano-vfprintf_i.o)
__divsi3                                          C:\CrossIDE\gcc-arm-none-eabi-10.3-2021.10\lib\gcc\arm-none-eabi\10.3.1\thumb\v6-m\nofp\libgcc.a(_divsi3.o)
__env                                             newlib_stubs.o
__fp_lock_all                                     C:\CrossIDE\gcc-arm-none-eabi-10.3-2021.10\arm-none-eabi\lib\thumb\v6-m\nofp\libc_nano.a(lib_a-findfp.o)
__fp_unlock_all                                   C:\CrossIDE\gcc-arm-none-eabi-10.3-2021.10\arm-none-eabi\lib\thumb\v6-m\nofp\libc_nano.a(lib_a-findfp.o)
__gnu_thumb1_case_shi                             C:\CrossIDE\gcc-arm-none-eabi-10.3-2021.10\lib\gcc\arm-none-eabi\10.3.1\thumb\v6-m\nofp\libgcc.a(_thumb1_case_shi.o)
                                                  C:\CrossIDE\gcc-arm-none-eabi-10.3-2021.10\arm-none-eabi\lib\thumb\v6-m\nofp\libc_nano.a(lib_a-nano-vfprintf_i.o)
__init_array_end                                  startup.o
__init_array_start                                startup.o
__lock___arc4random_mutex                         C:\CrossIDE\gcc-arm-none-eabi-10.3-2021.10\arm-none-eabi\lib\thumb\v6-m\nofp\libc_nano.a(lib_a-lock.o)
__lock___at_quick_exit_mutex                      C:\CrossIDE\gcc-arm-none-eabi-10.3-2021.10\arm-none-eabi\lib\thumb\v6-m\nofp\libc_nano.a(lib_a-lock.o)
__lock___atexit_recursive_mutex                   C:\CrossIDE\gcc-arm-none-eabi-10.3-2021.10\arm-none-eabi\lib\thumb\v6-m\nofp\libc_nano.a(lib_a-lock.o)
__lock___dd_hash_mutex                            C:\CrossIDE\gcc-arm-none-eabi-10.3-2021.10\arm-none-eabi\lib\thumb\v6-m\nofp\libc_nano.a(lib_a-lock.o)
__lock___env_recursive_mutex                      C:\CrossIDE\gcc-arm-none-eabi-10.3-2021.10\arm-none-eabi\lib\thumb\v6-m\nofp\libc_nano.a(lib_a-lock.o)
__lock___malloc_recursive_mutex                   C:\CrossIDE\gcc-arm-none-eabi-10.3-2021.10\arm-none-eabi\lib\thumb\v6-m\nofp\libc_nano.a(lib_a-lock.o)
                                                  C:\CrossIDE\gcc-arm-none-eabi-10.3-2021.10\arm-none-eabi\lib\thumb\v6-m\nofp\libc_nano.a(lib_a-mlock.o)
__lock___sfp_recursive_mutex                      C:\CrossIDE\gcc-arm-none-eabi-10.3-2021.10\arm-none-eabi\lib\thumb\v6-m\nofp\libc_nano.a(lib_a-lock.o)
                                                  C:\CrossIDE\gcc-arm-none-eabi-10.3-2021.10\arm-none-eabi\lib\thumb\v6-m\nofp\libc_nano.a(lib_a-findfp.o)
__lock___sinit_recursive_mutex                    C:\CrossIDE\gcc-arm-none-eabi-10.3-2021.10\arm-none-eabi\lib\thumb\v6-m\nofp\libc_nano.a(lib_a-lock.o)
                                                  C:\CrossIDE\gcc-arm-none-eabi-10.3-2021.10\arm-none-eabi\lib\thumb\v6-m\nofp\libc_nano.a(lib_a-findfp.o)
__lock___tz_mutex                                 C:\CrossIDE\gcc-arm-none-eabi-10.3-2021.10\arm-none-eabi\lib\thumb\v6-m\nofp\libc_nano.a(lib_a-lock.o)
__malloc_free_list                                C:\CrossIDE\gcc-arm-none-eabi-10.3-2021.10\arm-none-eabi\lib\thumb\v6-m\nofp\libc_nano.a(lib_a-nano-mallocr.o)
                                                  C:\CrossIDE\gcc-arm-none-eabi-10.3-2021.10\arm-none-eabi\lib\thumb\v6-m\nofp\libc_nano.a(lib_a-nano-freer.o)
__malloc_lock                                     C:\CrossIDE\gcc-arm-none-eabi-10.3-2021.10\arm-none-eabi\lib\thumb\v6-m\nofp\libc_nano.a(lib_a-mlock.o)
                                                  C:\CrossIDE\gcc-arm-none-eabi-10.3-2021.10\arm-none-eabi\lib\thumb\v6-m\nofp\libc_nano.a(lib_a-nano-freer.o)
                                                  C:\CrossIDE\gcc-arm-none-eabi-10.3-2021.10\arm-none-eabi\lib\thumb\v6-m\nofp\libc_nano.a(lib_a-nano-mallocr.o)
__malloc_sbrk_start                               C:\CrossIDE\gcc-arm-none-eabi-10.3-2021.10\arm-none-eabi\lib\thumb\v6-m\nofp\libc_nano.a(lib_a-nano-mallocr.o)
__malloc_unlock                                   C:\CrossIDE\gcc-arm-none-eabi-10.3-2021.10\arm-none-eabi\lib\thumb\v6-m\nofp\libc_nano.a(lib_a-mlock.o)
                                                  C:\CrossIDE\gcc-arm-none-eabi-10.3-2021.10\arm-none-eabi\lib\thumb\v6-m\nofp\libc_nano.a(lib_a-nano-freer.o)
                                                  C:\CrossIDE\gcc-arm-none-eabi-10.3-2021.10\arm-none-eabi\lib\thumb\v6-m\nofp\libc_nano.a(lib_a-nano-mallocr.o)
__retarget_lock_acquire                           C:\CrossIDE\gcc-arm-none-eabi-10.3-2021.10\arm-none-eabi\lib\thumb\v6-m\nofp\libc_nano.a(lib_a-lock.o)
__retarget_lock_acquire_recursive                 C:\CrossIDE\gcc-arm-none-eabi-10.3-2021.10\arm-none-eabi\lib\thumb\v6-m\nofp\libc_nano.a(lib_a-lock.o)
                                                  C:\CrossIDE\gcc-arm-none-eabi-10.3-2021.10\arm-none-eabi\lib\thumb\v6-m\nofp\libc_nano.a(lib_a-mlock.o)
                                                  C:\CrossIDE\gcc-arm-none-eabi-10.3-2021.10\arm-none-eabi\lib\thumb\v6-m\nofp\libc_nano.a(lib_a-fflush.o)
                                                  C:\CrossIDE\gcc-arm-none-eabi-10.3-2021.10\arm-none-eabi\lib\thumb\v6-m\nofp\libc_nano.a(lib_a-nano-vfprintf.o)
                                                  C:\CrossIDE\gcc-arm-none-eabi-10.3-2021.10\arm-none-eabi\lib\thumb\v6-m\nofp\libc_nano.a(lib_a-findfp.o)
__retarget_lock_close                             C:\CrossIDE\gcc-arm-none-eabi-10.3-2021.10\arm-none-eabi\lib\thumb\v6-m\nofp\libc_nano.a(lib_a-lock.o)
__retarget_lock_close_recursive                   C:\CrossIDE\gcc-arm-none-eabi-10.3-2021.10\arm-none-eabi\lib\thumb\v6-m\nofp\libc_nano.a(lib_a-lock.o)
__retarget_lock_init                              C:\CrossIDE\gcc-arm-none-eabi-10.3-2021.10\arm-none-eabi\lib\thumb\v6-m\nofp\libc_nano.a(lib_a-lock.o)
__retarget_lock_init_recursive                    C:\CrossIDE\gcc-arm-none-eabi-10.3-2021.10\arm-none-eabi\lib\thumb\v6-m\nofp\libc_nano.a(lib_a-lock.o)
                                                  C:\CrossIDE\gcc-arm-none-eabi-10.3-2021.10\arm-none-eabi\lib\thumb\v6-m\nofp\libc_nano.a(lib_a-findfp.o)
__retarget_lock_release                           C:\CrossIDE\gcc-arm-none-eabi-10.3-2021.10\arm-none-eabi\lib\thumb\v6-m\nofp\libc_nano.a(lib_a-lock.o)
__retarget_lock_release_recursive                 C:\CrossIDE\gcc-arm-none-eabi-10.3-2021.10\arm-none-eabi\lib\thumb\v6-m\nofp\libc_nano.a(lib_a-lock.o)
                                                  C:\CrossIDE\gcc-arm-none-eabi-10.3-2021.10\arm-none-eabi\lib\thumb\v6-m\nofp\libc_nano.a(lib_a-mlock.o)
                                                  C:\CrossIDE\gcc-arm-none-eabi-10.3-2021.10\arm-none-eabi\lib\thumb\v6-m\nofp\libc_nano.a(lib_a-fflush.o)
                                                  C:\CrossIDE\gcc-arm-none-eabi-10.3-2021.10\arm-none-eabi\lib\thumb\v6-m\nofp\libc_nano.a(lib_a-nano-vfprintf.o)
                                                  C:\CrossIDE\gcc-arm-none-eabi-10.3-2021.10\arm-none-eabi\lib\thumb\v6-m\nofp\libc_nano.a(lib_a-findfp.o)
__retarget_lock_try_acquire                       C:\CrossIDE\gcc-arm-none-eabi-10.3-2021.10\arm-none-eabi\lib\thumb\v6-m\nofp\libc_nano.a(lib_a-lock.o)
__retarget_lock_try_acquire_recursive             C:\CrossIDE\gcc-arm-none-eabi-10.3-2021.10\arm-none-eabi\lib\thumb\v6-m\nofp\libc_nano.a(lib_a-lock.o)
__sclose                                          C:\CrossIDE\gcc-arm-none-eabi-10.3-2021.10\arm-none-eabi\lib\thumb\v6-m\nofp\libc_nano.a(lib_a-stdio.o)
                                                  C:\CrossIDE\gcc-arm-none-eabi-10.3-2021.10\arm-none-eabi\lib\thumb\v6-m\nofp\libc_nano.a(lib_a-findfp.o)
__seofread                                        C:\CrossIDE\gcc-arm-none-eabi-10.3-2021.10\arm-none-eabi\lib\thumb\v6-m\nofp\libc_nano.a(lib_a-stdio.o)
__sf_fake_stderr                                  C:\CrossIDE\gcc-arm-none-eabi-10.3-2021.10\arm-none-eabi\lib\thumb\v6-m\nofp\libc_nano.a(lib_a-findfp.o)
                                                  C:\CrossIDE\gcc-arm-none-eabi-10.3-2021.10\arm-none-eabi\lib\thumb\v6-m\nofp\libc_nano.a(lib_a-fflush.o)
                                                  C:\CrossIDE\gcc-arm-none-eabi-10.3-2021.10\arm-none-eabi\lib\thumb\v6-m\nofp\libc_nano.a(lib_a-wsetup.o)
                                                  C:\CrossIDE\gcc-arm-none-eabi-10.3-2021.10\arm-none-eabi\lib\thumb\v6-m\nofp\libc_nano.a(lib_a-wbuf.o)
                                                  C:\CrossIDE\gcc-arm-none-eabi-10.3-2021.10\arm-none-eabi\lib\thumb\v6-m\nofp\libc_nano.a(lib_a-nano-vfprintf.o)
                                                  C:\CrossIDE\gcc-arm-none-eabi-10.3-2021.10\arm-none-eabi\lib\thumb\v6-m\nofp\libc_nano.a(lib_a-impure.o)
__sf_fake_stdin                                   C:\CrossIDE\gcc-arm-none-eabi-10.3-2021.10\arm-none-eabi\lib\thumb\v6-m\nofp\libc_nano.a(lib_a-findfp.o)
                                                  C:\CrossIDE\gcc-arm-none-eabi-10.3-2021.10\arm-none-eabi\lib\thumb\v6-m\nofp\libc_nano.a(lib_a-fflush.o)
                                                  C:\CrossIDE\gcc-arm-none-eabi-10.3-2021.10\arm-none-eabi\lib\thumb\v6-m\nofp\libc_nano.a(lib_a-wsetup.o)
                                                  C:\CrossIDE\gcc-arm-none-eabi-10.3-2021.10\arm-none-eabi\lib\thumb\v6-m\nofp\libc_nano.a(lib_a-wbuf.o)
                                                  C:\CrossIDE\gcc-arm-none-eabi-10.3-2021.10\arm-none-eabi\lib\thumb\v6-m\nofp\libc_nano.a(lib_a-nano-vfprintf.o)
                                                  C:\CrossIDE\gcc-arm-none-eabi-10.3-2021.10\arm-none-eabi\lib\thumb\v6-m\nofp\libc_nano.a(lib_a-impure.o)
__sf_fake_stdout                                  C:\CrossIDE\gcc-arm-none-eabi-10.3-2021.10\arm-none-eabi\lib\thumb\v6-m\nofp\libc_nano.a(lib_a-findfp.o)
                                                  C:\CrossIDE\gcc-arm-none-eabi-10.3-2021.10\arm-none-eabi\lib\thumb\v6-m\nofp\libc_nano.a(lib_a-fflush.o)
                                                  C:\CrossIDE\gcc-arm-none-eabi-10.3-2021.10\arm-none-eabi\lib\thumb\v6-m\nofp\libc_nano.a(lib_a-wsetup.o)
                                                  C:\CrossIDE\gcc-arm-none-eabi-10.3-2021.10\arm-none-eabi\lib\thumb\v6-m\nofp\libc_nano.a(lib_a-wbuf.o)
                                                  C:\CrossIDE\gcc-arm-none-eabi-10.3-2021.10\arm-none-eabi\lib\thumb\v6-m\nofp\libc_nano.a(lib_a-nano-vfprintf.o)
                                                  C:\CrossIDE\gcc-arm-none-eabi-10.3-2021.10\arm-none-eabi\lib\thumb\v6-m\nofp\libc_nano.a(lib_a-impure.o)
__sflush_r                                        C:\CrossIDE\gcc-arm-none-eabi-10.3-2021.10\arm-none-eabi\lib\thumb\v6-m\nofp\libc_nano.a(lib_a-fflush.o)
__sfmoreglue                                      C:\CrossIDE\gcc-arm-none-eabi-10.3-2021.10\arm-none-eabi\lib\thumb\v6-m\nofp\libc_nano.a(lib_a-findfp.o)
__sfp                                             C:\CrossIDE\gcc-arm-none-eabi-10.3-2021.10\arm-none-eabi\lib\thumb\v6-m\nofp\libc_nano.a(lib_a-findfp.o)
__sfp_lock_acquire                                C:\CrossIDE\gcc-arm-none-eabi-10.3-2021.10\arm-none-eabi\lib\thumb\v6-m\nofp\libc_nano.a(lib_a-findfp.o)
__sfp_lock_release                                C:\CrossIDE\gcc-arm-none-eabi-10.3-2021.10\arm-none-eabi\lib\thumb\v6-m\nofp\libc_nano.a(lib_a-findfp.o)
__sfputs_r                                        C:\CrossIDE\gcc-arm-none-eabi-10.3-2021.10\arm-none-eabi\lib\thumb\v6-m\nofp\libc_nano.a(lib_a-nano-vfprintf.o)
__sfvwrite_r                                      C:\CrossIDE\gcc-arm-none-eabi-10.3-2021.10\arm-none-eabi\lib\thumb\v6-m\nofp\libc_nano.a(lib_a-fvwrite.o)
                                                  C:\CrossIDE\gcc-arm-none-eabi-10.3-2021.10\arm-none-eabi\lib\thumb\v6-m\nofp\libc_nano.a(lib_a-nano-vfprintf.o)
__sinit                                           C:\CrossIDE\gcc-arm-none-eabi-10.3-2021.10\arm-none-eabi\lib\thumb\v6-m\nofp\libc_nano.a(lib_a-findfp.o)
                                                  C:\CrossIDE\gcc-arm-none-eabi-10.3-2021.10\arm-none-eabi\lib\thumb\v6-m\nofp\libc_nano.a(lib_a-fflush.o)
                                                  C:\CrossIDE\gcc-arm-none-eabi-10.3-2021.10\arm-none-eabi\lib\thumb\v6-m\nofp\libc_nano.a(lib_a-wsetup.o)
                                                  C:\CrossIDE\gcc-arm-none-eabi-10.3-2021.10\arm-none-eabi\lib\thumb\v6-m\nofp\libc_nano.a(lib_a-wbuf.o)
                                                  C:\CrossIDE\gcc-arm-none-eabi-10.3-2021.10\arm-none-eabi\lib\thumb\v6-m\nofp\libc_nano.a(lib_a-nano-vfprintf.o)
                                                  C:\CrossIDE\gcc-arm-none-eabi-10.3-2021.10\arm-none-eabi\lib\thumb\v6-m\nofp\libc_nano.a(lib_a-printf.o)
__sinit_lock_acquire                              C:\CrossIDE\gcc-arm-none-eabi-10.3-2021.10\arm-none-eabi\lib\thumb\v6-m\nofp\libc_nano.a(lib_a-findfp.o)
__sinit_lock_release                              C:\CrossIDE\gcc-arm-none-eabi-10.3-2021.10\arm-none-eabi\lib\thumb\v6-m\nofp\libc_nano.a(lib_a-findfp.o)
__smakebuf_r                                      C:\CrossIDE\gcc-arm-none-eabi-10.3-2021.10\arm-none-eabi\lib\thumb\v6-m\nofp\libc_nano.a(lib_a-makebuf.o)
                                                  C:\CrossIDE\gcc-arm-none-eabi-10.3-2021.10\arm-none-eabi\lib\thumb\v6-m\nofp\libc_nano.a(lib_a-wsetup.o)
__sprint_r                                        C:\CrossIDE\gcc-arm-none-eabi-10.3-2021.10\arm-none-eabi\lib\thumb\v6-m\nofp\libc_nano.a(lib_a-nano-vfprintf.o)
__sread                                           C:\CrossIDE\gcc-arm-none-eabi-10.3-2021.10\arm-none-eabi\lib\thumb\v6-m\nofp\libc_nano.a(lib_a-stdio.o)
                                                  C:\CrossIDE\gcc-arm-none-eabi-10.3-2021.10\arm-none-eabi\lib\thumb\v6-m\nofp\libc_nano.a(lib_a-findfp.o)
__sseek                                           C:\CrossIDE\gcc-arm-none-eabi-10.3-2021.10\arm-none-eabi\lib\thumb\v6-m\nofp\libc_nano.a(lib_a-stdio.o)
                                                  C:\CrossIDE\gcc-arm-none-eabi-10.3-2021.10\arm-none-eabi\lib\thumb\v6-m\nofp\libc_nano.a(lib_a-findfp.o)
__ssprint_r                                       C:\CrossIDE\gcc-arm-none-eabi-10.3-2021.10\arm-none-eabi\lib\thumb\v6-m\nofp\libc_nano.a(lib_a-nano-svfprintf.o)
__ssputs_r                                        C:\CrossIDE\gcc-arm-none-eabi-10.3-2021.10\arm-none-eabi\lib\thumb\v6-m\nofp\libc_nano.a(lib_a-nano-svfprintf.o)
__swbuf                                           C:\CrossIDE\gcc-arm-none-eabi-10.3-2021.10\arm-none-eabi\lib\thumb\v6-m\nofp\libc_nano.a(lib_a-wbuf.o)
__swbuf_r                                         C:\CrossIDE\gcc-arm-none-eabi-10.3-2021.10\arm-none-eabi\lib\thumb\v6-m\nofp\libc_nano.a(lib_a-wbuf.o)
                                                  C:\CrossIDE\gcc-arm-none-eabi-10.3-2021.10\arm-none-eabi\lib\thumb\v6-m\nofp\libc_nano.a(lib_a-nano-vfprintf.o)
__swhatbuf_r                                      C:\CrossIDE\gcc-arm-none-eabi-10.3-2021.10\arm-none-eabi\lib\thumb\v6-m\nofp\libc_nano.a(lib_a-makebuf.o)
__swrite                                          C:\CrossIDE\gcc-arm-none-eabi-10.3-2021.10\arm-none-eabi\lib\thumb\v6-m\nofp\libc_nano.a(lib_a-stdio.o)
                                                  C:\CrossIDE\gcc-arm-none-eabi-10.3-2021.10\arm-none-eabi\lib\thumb\v6-m\nofp\libc_nano.a(lib_a-findfp.o)
__swsetup_r                                       C:\CrossIDE\gcc-arm-none-eabi-10.3-2021.10\arm-none-eabi\lib\thumb\v6-m\nofp\libc_nano.a(lib_a-wsetup.o)
                                                  C:\CrossIDE\gcc-arm-none-eabi-10.3-2021.10\arm-none-eabi\lib\thumb\v6-m\nofp\libc_nano.a(lib_a-fvwrite.o)
                                                  C:\CrossIDE\gcc-arm-none-eabi-10.3-2021.10\arm-none-eabi\lib\thumb\v6-m\nofp\libc_nano.a(lib_a-wbuf.o)
                                                  C:\CrossIDE\gcc-arm-none-eabi-10.3-2021.10\arm-none-eabi\lib\thumb\v6-m\nofp\libc_nano.a(lib_a-nano-vfprintf.o)
__udivsi3                                         C:\CrossIDE\gcc-arm-none-eabi-10.3-2021.10\lib\gcc\arm-none-eabi\10.3.1\thumb\v6-m\nofp\libgcc.a(_udivsi3.o)
_cleanup                                          C:\CrossIDE\gcc-arm-none-eabi-10.3-2021.10\arm-none-eabi\lib\thumb\v6-m\nofp\libc_nano.a(lib_a-findfp.o)
_cleanup_r                                        C:\CrossIDE\gcc-arm-none-eabi-10.3-2021.10\arm-none-eabi\lib\thumb\v6-m\nofp\libc_nano.a(lib_a-findfp.o)
                                                  C:\CrossIDE\gcc-arm-none-eabi-10.3-2021.10\arm-none-eabi\lib\thumb\v6-m\nofp\libc_nano.a(lib_a-makebuf.o)
_close                                            newlib_stubs.o
                                                  C:\CrossIDE\gcc-arm-none-eabi-10.3-2021.10\arm-none-eabi\lib\thumb\v6-m\nofp\libc_nano.a(lib_a-closer.o)
_close_r                                          C:\CrossIDE\gcc-arm-none-eabi-10.3-2021.10\arm-none-eabi\lib\thumb\v6-m\nofp\libc_nano.a(lib_a-closer.o)
                                                  C:\CrossIDE\gcc-arm-none-eabi-10.3-2021.10\arm-none-eabi\lib\thumb\v6-m\nofp\libc_nano.a(lib_a-stdio.o)
_data                                             startup.o
_ebss                                             startup.o
_edata                                            startup.o
_etext                                            startup.o
_execve                                           newlib_stubs.o
_exit                                             newlib_stubs.o
_fflush_r                                         C:\CrossIDE\gcc-arm-none-eabi-10.3-2021.10\arm-none-eabi\lib\thumb\v6-m\nofp\libc_nano.a(lib_a-fflush.o)
                                                  C:\CrossIDE\gcc-arm-none-eabi-10.3-2021.10\arm-none-eabi\lib\thumb\v6-m\nofp\libc_nano.a(lib_a-fvwrite.o)
                                                  C:\CrossIDE\gcc-arm-none-eabi-10.3-2021.10\arm-none-eabi\lib\thumb\v6-m\nofp\libc_nano.a(lib_a-wbuf.o)
                                                  C:\CrossIDE\gcc-arm-none-eabi-10.3-2021.10\arm-none-eabi\lib\thumb\v6-m\nofp\libc_nano.a(lib_a-findfp.o)
_fork                                             newlib_stubs.o
_free_r                                           C:\CrossIDE\gcc-arm-none-eabi-10.3-2021.10\arm-none-eabi\lib\thumb\v6-m\nofp\libc_nano.a(lib_a-nano-freer.o)
                                                  C:\CrossIDE\gcc-arm-none-eabi-10.3-2021.10\arm-none-eabi\lib\thumb\v6-m\nofp\libc_nano.a(lib_a-nano-reallocr.o)
                                                  C:\CrossIDE\gcc-arm-none-eabi-10.3-2021.10\arm-none-eabi\lib\thumb\v6-m\nofp\libc_nano.a(lib_a-fvwrite.o)
                                                  C:\CrossIDE\gcc-arm-none-eabi-10.3-2021.10\arm-none-eabi\lib\thumb\v6-m\nofp\libc_nano.a(lib_a-fflush.o)
                                                  C:\CrossIDE\gcc-arm-none-eabi-10.3-2021.10\arm-none-eabi\lib\thumb\v6-m\nofp\libc_nano.a(lib_a-wsetup.o)
                                                  C:\CrossIDE\gcc-arm-none-eabi-10.3-2021.10\arm-none-eabi\lib\thumb\v6-m\nofp\libc_nano.a(lib_a-nano-svfprintf.o)
_fstat                                            newlib_stubs.o
                                                  C:\CrossIDE\gcc-arm-none-eabi-10.3-2021.10\arm-none-eabi\lib\thumb\v6-m\nofp\libc_nano.a(lib_a-fstatr.o)
_fstat_r                                          C:\CrossIDE\gcc-arm-none-eabi-10.3-2021.10\arm-none-eabi\lib\thumb\v6-m\nofp\libc_nano.a(lib_a-fstatr.o)
                                                  C:\CrossIDE\gcc-arm-none-eabi-10.3-2021.10\arm-none-eabi\lib\thumb\v6-m\nofp\libc_nano.a(lib_a-makebuf.o)
_fwalk                                            C:\CrossIDE\gcc-arm-none-eabi-10.3-2021.10\arm-none-eabi\lib\thumb\v6-m\nofp\libc_nano.a(lib_a-fwalk.o)
                                                  C:\CrossIDE\gcc-arm-none-eabi-10.3-2021.10\arm-none-eabi\lib\thumb\v6-m\nofp\libc_nano.a(lib_a-findfp.o)
_fwalk_reent                                      C:\CrossIDE\gcc-arm-none-eabi-10.3-2021.10\arm-none-eabi\lib\thumb\v6-m\nofp\libc_nano.a(lib_a-fwalk.o)
                                                  C:\CrossIDE\gcc-arm-none-eabi-10.3-2021.10\arm-none-eabi\lib\thumb\v6-m\nofp\libc_nano.a(lib_a-fflush.o)
                                                  C:\CrossIDE\gcc-arm-none-eabi-10.3-2021.10\arm-none-eabi\lib\thumb\v6-m\nofp\libc_nano.a(lib_a-findfp.o)
_getpid                                           newlib_stubs.o
_global_impure_ptr                                C:\CrossIDE\gcc-arm-none-eabi-10.3-2021.10\arm-none-eabi\lib\thumb\v6-m\nofp\libc_nano.a(lib_a-impure.o)
                                                  C:\CrossIDE\gcc-arm-none-eabi-10.3-2021.10\arm-none-eabi\lib\thumb\v6-m\nofp\libc_nano.a(lib_a-fflush.o)
                                                  C:\CrossIDE\gcc-arm-none-eabi-10.3-2021.10\arm-none-eabi\lib\thumb\v6-m\nofp\libc_nano.a(lib_a-findfp.o)
_impure_ptr                                       C:\CrossIDE\gcc-arm-none-eabi-10.3-2021.10\arm-none-eabi\lib\thumb\v6-m\nofp\libc_nano.a(lib_a-impure.o)
                                                  C:\CrossIDE\gcc-arm-none-eabi-10.3-2021.10\arm-none-eabi\lib\thumb\v6-m\nofp\libc_nano.a(lib_a-fflush.o)
                                                  C:\CrossIDE\gcc-arm-none-eabi-10.3-2021.10\arm-none-eabi\lib\thumb\v6-m\nofp\libc_nano.a(lib_a-wsetup.o)
                                                  C:\CrossIDE\gcc-arm-none-eabi-10.3-2021.10\arm-none-eabi\lib\thumb\v6-m\nofp\libc_nano.a(lib_a-wbuf.o)
                                                  C:\CrossIDE\gcc-arm-none-eabi-10.3-2021.10\arm-none-eabi\lib\thumb\v6-m\nofp\libc_nano.a(lib_a-nano-vfprintf.o)
                                                  C:\CrossIDE\gcc-arm-none-eabi-10.3-2021.10\arm-none-eabi\lib\thumb\v6-m\nofp\libc_nano.a(lib_a-findfp.o)
                                                  C:\CrossIDE\gcc-arm-none-eabi-10.3-2021.10\arm-none-eabi\lib\thumb\v6-m\nofp\libc_nano.a(lib_a-sprintf.o)
                                                  C:\CrossIDE\gcc-arm-none-eabi-10.3-2021.10\arm-none-eabi\lib\thumb\v6-m\nofp\libc_nano.a(lib_a-printf.o)
_iprintf_r                                        C:\CrossIDE\gcc-arm-none-eabi-10.3-2021.10\arm-none-eabi\lib\thumb\v6-m\nofp\libc_nano.a(lib_a-printf.o)
_isatty                                           newlib_stubs.o
                                                  C:\CrossIDE\gcc-arm-none-eabi-10.3-2021.10\arm-none-eabi\lib\thumb\v6-m\nofp\libc_nano.a(lib_a-isattyr.o)
_isatty_r                                         C:\CrossIDE\gcc-arm-none-eabi-10.3-2021.10\arm-none-eabi\lib\thumb\v6-m\nofp\libc_nano.a(lib_a-isattyr.o)
                                                  C:\CrossIDE\gcc-arm-none-eabi-10.3-2021.10\arm-none-eabi\lib\thumb\v6-m\nofp\libc_nano.a(lib_a-makebuf.o)
_kill                                             newlib_stubs.o
_link                                             newlib_stubs.o
_lseek                                            newlib_stubs.o
                                                  C:\CrossIDE\gcc-arm-none-eabi-10.3-2021.10\arm-none-eabi\lib\thumb\v6-m\nofp\libc_nano.a(lib_a-lseekr.o)
_lseek_r                                          C:\CrossIDE\gcc-arm-none-eabi-10.3-2021.10\arm-none-eabi\lib\thumb\v6-m\nofp\libc_nano.a(lib_a-lseekr.o)
                                                  C:\CrossIDE\gcc-arm-none-eabi-10.3-2021.10\arm-none-eabi\lib\thumb\v6-m\nofp\libc_nano.a(lib_a-stdio.o)
_malloc_r                                         C:\CrossIDE\gcc-arm-none-eabi-10.3-2021.10\arm-none-eabi\lib\thumb\v6-m\nofp\libc_nano.a(lib_a-nano-mallocr.o)
                                                  C:\CrossIDE\gcc-arm-none-eabi-10.3-2021.10\arm-none-eabi\lib\thumb\v6-m\nofp\libc_nano.a(lib_a-nano-reallocr.o)
                                                  C:\CrossIDE\gcc-arm-none-eabi-10.3-2021.10\arm-none-eabi\lib\thumb\v6-m\nofp\libc_nano.a(lib_a-makebuf.o)
                                                  C:\CrossIDE\gcc-arm-none-eabi-10.3-2021.10\arm-none-eabi\lib\thumb\v6-m\nofp\libc_nano.a(lib_a-fvwrite.o)
                                                  C:\CrossIDE\gcc-arm-none-eabi-10.3-2021.10\arm-none-eabi\lib\thumb\v6-m\nofp\libc_nano.a(lib_a-nano-svfprintf.o)
                                                  C:\CrossIDE\gcc-arm-none-eabi-10.3-2021.10\arm-none-eabi\lib\thumb\v6-m\nofp\libc_nano.a(lib_a-findfp.o)
_malloc_usable_size_r                             C:\CrossIDE\gcc-arm-none-eabi-10.3-2021.10\arm-none-eabi\lib\thumb\v6-m\nofp\libc_nano.a(lib_a-nano-msizer.o)
                                                  C:\CrossIDE\gcc-arm-none-eabi-10.3-2021.10\arm-none-eabi\lib\thumb\v6-m\nofp\libc_nano.a(lib_a-nano-reallocr.o)
_printf_common                                    C:\CrossIDE\gcc-arm-none-eabi-10.3-2021.10\arm-none-eabi\lib\thumb\v6-m\nofp\libc_nano.a(lib_a-nano-vfprintf_i.o)
_printf_float                                     C:\CrossIDE\gcc-arm-none-eabi-10.3-2021.10\arm-none-eabi\lib\thumb\v6-m\nofp\libc_nano.a(lib_a-nano-vfprintf.o)
                                                  C:\CrossIDE\gcc-arm-none-eabi-10.3-2021.10\arm-none-eabi\lib\thumb\v6-m\nofp\libc_nano.a(lib_a-nano-svfprintf.o)
_printf_i                                         C:\CrossIDE\gcc-arm-none-eabi-10.3-2021.10\arm-none-eabi\lib\thumb\v6-m\nofp\libc_nano.a(lib_a-nano-vfprintf_i.o)
                                                  C:\CrossIDE\gcc-arm-none-eabi-10.3-2021.10\arm-none-eabi\lib\thumb\v6-m\nofp\libc_nano.a(lib_a-nano-vfprintf.o)
                                                  C:\CrossIDE\gcc-arm-none-eabi-10.3-2021.10\arm-none-eabi\lib\thumb\v6-m\nofp\libc_nano.a(lib_a-nano-svfprintf.o)
_printf_r                                         C:\CrossIDE\gcc-arm-none-eabi-10.3-2021.10\arm-none-eabi\lib\thumb\v6-m\nofp\libc_nano.a(lib_a-printf.o)
_read                                             newlib_stubs.o
                                                  C:\CrossIDE\gcc-arm-none-eabi-10.3-2021.10\arm-none-eabi\lib\thumb\v6-m\nofp\libc_nano.a(lib_a-readr.o)
_read_r                                           C:\CrossIDE\gcc-arm-none-eabi-10.3-2021.10\arm-none-eabi\lib\thumb\v6-m\nofp\libc_nano.a(lib_a-readr.o)
                                                  C:\CrossIDE\gcc-arm-none-eabi-10.3-2021.10\arm-none-eabi\lib\thumb\v6-m\nofp\libc_nano.a(lib_a-stdio.o)
_realloc_r                                        C:\CrossIDE\gcc-arm-none-eabi-10.3-2021.10\arm-none-eabi\lib\thumb\v6-m\nofp\libc_nano.a(lib_a-nano-reallocr.o)
                                                  C:\CrossIDE\gcc-arm-none-eabi-10.3-2021.10\arm-none-eabi\lib\thumb\v6-m\nofp\libc_nano.a(lib_a-fvwrite.o)