Archive member included to satisfy reference by file (symbol)

C:\CrossIDE\gcc-arm-none-eabi-10.3-2021.10\arm-none-eabi\lib\thumb\v6-m\nofp\libnosys.a(errno.o)
                              newlib_stubs.o (errno)
C:\CrossIDE\gcc-arm-none-eabi-10.3-2021.10\lib\gcc\arm-none-eabi\10.3.1\thumb\v6-m\nofp\libgcc.a(_divsi3.o)
                              main.o (__aeabi_idiv)
C:\CrossIDE\gcc-arm-none-eabi-10.3-2021.10\lib\gcc\arm-none-eabi\10.3.1\thumb\v6-m\nofp\libgcc.a(_dvmd_tls.o)
                              C:\CrossIDE\gcc-arm-none-eabi-10.3-2021.10\lib\gcc\arm-none-eabi\10.3.1\thumb\v6-m\nofp\libgcc.a(_divsi3.o) (__aeabi_idiv0)
C:\CrossIDE\gcc-arm-none-eabi-10.3-2021.10\lib\gcc\arm-none-eabi\10.3.1\thumb\v6-m\nofp\libgcc.a(_arm_cmpdf2.o)
                              main.o (__aeabi_dcmpgt)
C:\CrossIDE\gcc-arm-none-eabi-10.3-2021.10\lib\gcc\arm-none-eabi\10.3.1\thumb\v6-m\nofp\libgcc.a(_arm_cmpsf2.o)
                              main.o (__aeabi_fcmpeq)
C:\CrossIDE\gcc-arm-none-eabi-10.3-2021.10\lib\gcc\arm-none-eabi\10.3.1\thumb\v6-m\nofp\libgcc.a(_floatdisf.o)
                              main.o (__aeabi_l2f)
C:\CrossIDE\gcc-arm-none-eabi-10.3-2021.10\lib\gcc\arm-none-eabi\10.3.1\thumb\v6-m\nofp\libgcc.a(addsf3.o)
                              main.o (__aeabi_fadd)
C:\CrossIDE\gcc-arm-none-eabi-10.3-2021.10\lib\gcc\arm-none-eabi\10.3.1\thumb\v6-m\nofp\libgcc.a(divsf3.o)
                              main.o (__aeabi_fdiv)
C:\CrossIDE\gcc-arm-none-eabi-10.3-2021.10\lib\gcc\arm-none-eabi\10.3.1\thumb\v6-m\nofp\libgcc.a(eqsf2.o)
                              C:\CrossIDE\gcc-arm-none-eabi-10.3-2021.10\lib\gcc\arm-none-eabi\10.3.1\thumb\v6-m\nofp\libgcc.a(_arm_cmpsf2.o) (__eqsf2)
C:\CrossIDE\gcc-arm-none-eabi-10.3-2021.10\lib\gcc\arm-none-eabi\10.3.1\thumb\v6-m\nofp\libgcc.a(gesf2.o)
                              C:\CrossIDE\gcc-arm-none-eabi-10.3-2021.10\lib\gcc\arm-none-eabi\10.3.1\thumb\v6-m\nofp\libgcc.a(_arm_cmpsf2.o) (__gesf2)
C:\CrossIDE\gcc-arm-none-eabi-10.3-2021.10\lib\gcc\arm-none-eabi\10.3.1\thumb\v6-m\nofp\libgcc.a(lesf2.o)
                              C:\CrossIDE\gcc-arm-none-eabi-10.3-2021.10\lib\gcc\arm-none-eabi\10.3.1\thumb\v6-m\nofp\libgcc.a(_arm_cmpsf2.o) (__lesf2)
C:\CrossIDE\gcc-arm-none-eabi-10.3-2021.10\lib\gcc\arm-none-eabi\10.3.1\thumb\v6-m\nofp\libgcc.a(mulsf3.o)
                              main.o (__aeabi_fmul)
C:\CrossIDE\gcc-arm-none-eabi-10.3-2021.10\lib\gcc\arm-none-eabi\10.3.1\thumb\v6-m\nofp\libgcc.a(subsf3.o)
                              main.o (__aeabi_fsub)
C:\CrossIDE\gcc-arm-none-eabi-10.3-2021.10\lib\gcc\arm-none-eabi\10.3.1\thumb\v6-m\nofp\libgcc.a(fixsfsi.o)
                              main.o (__aeabi_f2iz)
C:\CrossIDE\gcc-arm-none-eabi-10.3-2021.10\lib\gcc\arm-none-eabi\10.3.1\thumb\v6-m\nofp\libgcc.a(adddf3.o)
                              C:\CrossIDE\gcc-arm-none-eabi-10.3-2021.10\lib\gcc\arm-none-eabi\10.3.1\thumb\v6-m\nofp\libgcc.a(_floatdisf.o) (__aeabi_dadd)
C:\CrossIDE\gcc-arm-none-eabi-10.3-2021.10\lib\gcc\arm-none-eabi\10.3.1\thumb\v6-m\nofp\libgcc.a(eqdf2.o)
                              C:\CrossIDE\gcc-arm-none-eabi-10.3-2021.10\lib\gcc\arm-none-eabi\10.3.1\thumb\v6-m\nofp\libgcc.a(_arm_cmpdf2.o) (__eqdf2)
C:\CrossIDE\gcc-arm-none-eabi-10.3-2021.10\lib\gcc\arm-none-eabi\10.3.1\thumb\v6-m\nofp\libgcc.a(gedf2.o)
                              C:\CrossIDE\gcc-arm-none-eabi-10.3-2021.10\lib\gcc\arm-none-eabi\10.3.1\thumb\v6-m\nofp\libgcc.a(_arm_cmpdf2.o) (__gedf2)
C:\CrossIDE\gcc-arm-none-eabi-10.3-2021.10\lib\gcc\arm-none-eabi\10.3.1\thumb\v6-m\nofp\libgcc.a(ledf2.o)
                              C:\CrossIDE\gcc-arm-none-eabi-10.3-2021.10\lib\gcc\arm-none-eabi\10.3.1\thumb\v6-m\nofp\libgcc.a(_arm_cmpdf2.o) (__ledf2)
C:\CrossIDE\gcc-arm-none-eabi-10.3-2021.10\lib\gcc\arm-none-eabi\10.3.1\thumb\v6-m\nofp\libgcc.a(muldf3.o)
                              C:\CrossIDE\gcc-arm-none-eabi-10.3-2021.10\lib\gcc\arm-none-eabi\10.3.1\thumb\v6-m\nofp\libgcc.a(_floatdisf.o) (__aeabi_dmul)
C:\CrossIDE\gcc-arm-none-eabi-10.3-2021.10\lib\gcc\arm-none-eabi\10.3.1\thumb\v6-m\nofp\libgcc.a(floatsidf.o)
                              C:\CrossIDE\gcc-arm-none-eabi-10.3-2021.10\lib\gcc\arm-none-eabi\10.3.1\thumb\v6-m\nofp\libgcc.a(_floatdisf.o) (__aeabi_i2d)
C:\CrossIDE\gcc-arm-none-eabi-10.3-2021.10\lib\gcc\arm-none-eabi\10.3.1\thumb\v6-m\nofp\libgcc.a(floatunsidf.o)
                              C:\CrossIDE\gcc-arm-none-eabi-10.3-2021.10\lib\gcc\arm-none-eabi\10.3.1\thumb\v6-m\nofp\libgcc.a(_floatdisf.o) (__aeabi_ui2d)
C:\CrossIDE\gcc-arm-none-eabi-10.3-2021.10\lib\gcc\arm-none-eabi\10.3.1\thumb\v6-m\nofp\libgcc.a(extendsfdf2.o)
                              main.o (__aeabi_f2d)
C:\CrossIDE\gcc-arm-none-eabi-10.3-2021.10\lib\gcc\arm-none-eabi\10.3.1\thumb\v6-m\nofp\libgcc.a(truncdfsf2.o)
                              C:\CrossIDE\gcc-arm-none-eabi-10.3-2021.10\lib\gcc\arm-none-eabi\10.3.1\thumb\v6-m\nofp\libgcc.a(_floatdisf.o) (__aeabi_d2f)
C:\CrossIDE\gcc-arm-none-eabi-10.3-2021.10\lib\gcc\arm-none-eabi\10.3.1\thumb\v6-m\nofp\libgcc.a(_clzsi2.o)
                              C:\CrossIDE\gcc-arm-none-eabi-10.3-2021.10\lib\gcc\arm-none-eabi\10.3.1\thumb\v6-m\nofp\libgcc.a(addsf3.o) (__clzsi2)

Memory Configuration

Name             Origin             Length             Attributes
flash            0x08000000         0x00010000
ram              0x20000000         0x00002000
*default*        0x00000000         0xffffffff

Linker script and memory map

LOAD main.o
LOAD adc.o
LOAD serial.o
LOAD startup.o
LOAD newlib_stubs.o
LOAD C:\CrossIDE\gcc-arm-none-eabi-10.3-2021.10\arm-none-eabi\lib\thumb\v6-m\nofp\libnosys.a
LOAD C:\CrossIDE\gcc-arm-none-eabi-10.3-2021.10\lib\gcc\arm-none-eabi\10.3.1\thumb\v6-m\nofp\libgcc.a
START GROUP
LOAD C:\CrossIDE\gcc-arm-none-eabi-10.3-2021.10\lib\gcc\arm-none-eabi\10.3.1\thumb\v6-m\nofp\libgcc.a
LOAD C:\CrossIDE\gcc-arm-none-eabi-10.3-2021.10\arm-none-eabi\lib\thumb\v6-m\nofp\libc_nano.a
LOAD C:\CrossIDE\gcc-arm-none-eabi-10.3-2021.10\arm-none-eabi\lib\thumb\v6-m\nofp\libm.a
END GROUP

.text           0x08000000     0x3c38
 *(.vectors)
 .vectors       0x08000000       0xb8 startup.o
                0x08000000                Vectors
 *(.after_vectors*)
 .after_vectors
                0x080000b8       0x28 startup.o
                0x080000b8                ResetInit
 *(.text*)
 .text          0x080000e0      0xc30 main.o
                0x080000e0                wait_1ms
                0x08000118                waitms
                0x0800013a                TIM2_Handler
                0x08000200                Hardware_Init
                0x0800041c                GetPeriod
                0x08000620                PrintNumber
                0x080006c0                toggleMagnet
                0x080006fc                pickCoin
                0x08000804                detectPerimeter
                0x08000864                detectCoin
                0x08000a70                main
 .text          0x08000d10      0x10c adc.o
                0x08000d10                initADC
                0x08000db0                readADC
 .text          0x08000e1c      0x5b4 serial.o
                0x08000e1c                ReadCom
                0x08000e90                WriteCom
                0x08000f30                initUART
                0x08001080                USART1_Handler
                0x080010ac                usart_rx
                0x080010dc                usart_tx
                0x08001144                PutBuf
                0x080011a6                GetBuf
                0x080011fc                GetBufCount
                0x08001210                eputs
                0x0800124c                eputc
                0x0800126a                egetc
                0x08001284                egets
                0x08001310                egetc_echo
                0x08001336                egets_echo
 .text          0x080013d0      0x1a8 startup.o
                0x08001448                initClock
                0x08001550                EXTI2_3_Handler
                0x08001550                TIM21_Handler
                0x08001550                SysTick_Handler
                0x08001550                I2C1_Handler
                0x08001550                PendSV_Handler
                0x08001550                NMI_Handler
                0x08001550                WWDG_Handler
                0x08001550                RTC_Handler
                0x08001550                EXTI4_15_Handler
                0x08001550                DMA_CH4_5_6_7_Handler
                0x08001550                Default_Handler
                0x08001550                LPUART1_Handler
                0x08001550                FLASH_Handler
                0x08001550                EXTI0_1_Handler
                0x08001550                DMA_CH1_Handler
                0x08001550                SPI2_Handler
                0x08001550                DMA_CH2_3_Handler
                0x08001550                I2C2_Handler
                0x08001550                SVC_Handler
                0x08001550                LPTIM1_Handler
                0x08001550                USART2_Handler
                0x08001550                SPI1_Handler
                0x08001550                RCC_Handler
                0x08001550                PVD_Handler
                0x08001550                TIM6_Handler
                0x08001550                TIM22_Handler
                0x08001550                ADC_COMP_Handler
                0x08001564                Hard_Fault_Handler
 .text          0x08001578      0x29c newlib_stubs.o
                0x08001578                _exit
                0x08001582                _close
                0x08001596                _execve
                0x080015b8                _fork
                0x080015d0                _fstat
                0x080015ec                _getpid
                0x080015f8                _kill
                0x08001618                _link
                0x08001638                _lseek
                0x0800164e                _stat
                0x0800166a                _times
                0x0800167e                _unlink
                0x0800169c                _wait
                0x080016bc                _isatty
                0x080016e4                _sbrk
                0x08001748                _read
                0x080017c0                _write
 .text          0x08001814        0x0 C:\CrossIDE\gcc-arm-none-eabi-10.3-2021.10\arm-none-eabi\lib\thumb\v6-m\nofp\libnosys.a(errno.o)
 .text          0x08001814      0x1d4 C:\CrossIDE\gcc-arm-none-eabi-10.3-2021.10\lib\gcc\arm-none-eabi\10.3.1\thumb\v6-m\nofp\libgcc.a(_divsi3.o)
                0x08001814                __divsi3
                0x08001814                __aeabi_idiv
                0x080019e0                __aeabi_idivmod
 .text          0x080019e8        0x4 C:\CrossIDE\gcc-arm-none-eabi-10.3-2021.10\lib\gcc\arm-none-eabi\10.3.1\thumb\v6-m\nofp\libgcc.a(_dvmd_tls.o)
                0x080019e8                __aeabi_idiv0
                0x080019e8                __aeabi_ldiv0
 .text          0x080019ec       0x7c C:\CrossIDE\gcc-arm-none-eabi-10.3-2021.10\lib\gcc\arm-none-eabi\10.3.1\thumb\v6-m\nofp\libgcc.a(_arm_cmpdf2.o)
                0x080019ec                __aeabi_cdrcmple
                0x080019fc                __aeabi_cdcmple
                0x080019fc                __aeabi_cdcmpeq
                0x08001a0c                __aeabi_dcmpeq
                0x08001a18                __aeabi_dcmplt
                0x08001a2c                __aeabi_dcmple
                0x08001a40                __aeabi_dcmpgt
                0x08001a54                __aeabi_dcmpge
 .text          0x08001a68       0x74 C:\CrossIDE\gcc-arm-none-eabi-10.3-2021.10\lib\gcc\arm-none-eabi\10.3.1\thumb\v6-m\nofp\libgcc.a(_arm_cmpsf2.o)
                0x08001a68                __aeabi_cfrcmple
                0x08001a70                __aeabi_cfcmpeq
                0x08001a70                __aeabi_cfcmple
                0x08001a80                __aeabi_fcmpeq
                0x08001a8c                __aeabi_fcmplt
                0x08001aa0                __aeabi_fcmple
                0x08001ab4                __aeabi_fcmpgt
                0x08001ac8                __aeabi_fcmpge
 .text          0x08001adc       0x68 C:\CrossIDE\gcc-arm-none-eabi-10.3-2021.10\lib\gcc\arm-none-eabi\10.3.1\thumb\v6-m\nofp\libgcc.a(_floatdisf.o)
                0x08001adc                __aeabi_l2f
                0x08001adc                __floatdisf
 .text          0x08001b44      0x33c C:\CrossIDE\gcc-arm-none-eabi-10.3-2021.10\lib\gcc\arm-none-eabi\10.3.1\thumb\v6-m\nofp\libgcc.a(addsf3.o)
                0x08001b44                __aeabi_fadd
 .text          0x08001e80      0x230 C:\CrossIDE\gcc-arm-none-eabi-10.3-2021.10\lib\gcc\arm-none-eabi\10.3.1\thumb\v6-m\nofp\libgcc.a(divsf3.o)
                0x08001e80                __aeabi_fdiv
 .text          0x080020b0       0x4c C:\CrossIDE\gcc-arm-none-eabi-10.3-2021.10\lib\gcc\arm-none-eabi\10.3.1\thumb\v6-m\nofp\libgcc.a(eqsf2.o)
                0x080020b0                __eqsf2
                0x080020b0                __nesf2
 .text          0x080020fc       0x8c C:\CrossIDE\gcc-arm-none-eabi-10.3-2021.10\lib\gcc\arm-none-eabi\10.3.1\thumb\v6-m\nofp\libgcc.a(gesf2.o)
                0x080020fc                __gesf2
                0x080020fc                __gtsf2
 .text          0x08002188       0x88 C:\CrossIDE\gcc-arm-none-eabi-10.3-2021.10\lib\gcc\arm-none-eabi\10.3.1\thumb\v6-m\nofp\libgcc.a(lesf2.o)
                0x08002188                __ltsf2
                0x08002188                __lesf2
 .text          0x08002210      0x24c C:\CrossIDE\gcc-arm-none-eabi-10.3-2021.10\lib\gcc\arm-none-eabi\10.3.1\thumb\v6-m\nofp\libgcc.a(mulsf3.o)
                0x08002210                __aeabi_fmul
 .text          0x0800245c      0x35c C:\CrossIDE\gcc-arm-none-eabi-10.3-2021.10\lib\gcc\arm-none-eabi\10.3.1\thumb\v6-m\nofp\libgcc.a(subsf3.o)
                0x0800245c                __aeabi_fsub
 .text          0x080027b8       0x40 C:\CrossIDE\gcc-arm-none-eabi-10.3-2021.10\lib\gcc\arm-none-eabi\10.3.1\thumb\v6-m\nofp\libgcc.a(fixsfsi.o)
                0x080027b8                __aeabi_f2iz
 .text          0x080027f8      0x678 C:\CrossIDE\gcc-arm-none-eabi-10.3-2021.10\lib\gcc\arm-none-eabi\10.3.1\thumb\v6-m\nofp\libgcc.a(adddf3.o)
                0x080027f8                __aeabi_dadd
 .text          0x08002e70       0x84 C:\CrossIDE\gcc-arm-none-eabi-10.3-2021.10\lib\gcc\arm-none-eabi\10.3.1\thumb\v6-m\nofp\libgcc.a(eqdf2.o)
                0x08002e70                __nedf2
                0x08002e70                __eqdf2
 .text          0x08002ef4       0xcc C:\CrossIDE\gcc-arm-none-eabi-10.3-2021.10\lib\gcc\arm-none-eabi\10.3.1\thumb\v6-m\nofp\libgcc.a(gedf2.o)
                0x08002ef4                __gedf2
                0x08002ef4                __gtdf2
 .text          0x08002fc0       0xc8 C:\CrossIDE\gcc-arm-none-eabi-10.3-2021.10\lib\gcc\arm-none-eabi\10.3.1\thumb\v6-m\nofp\libgcc.a(ledf2.o)
                0x08002fc0                __ledf2
                0x08002fc0                __ltdf2
 .text          0x08003088      0x4d8 C:\CrossIDE\gcc-arm-none-eabi-10.3-2021.10\lib\gcc\arm-none-eabi\10.3.1\thumb\v6-m\nofp\libgcc.a(muldf3.o)
                0x08003088                __aeabi_dmul
 .text          0x08003560       0x60 C:\CrossIDE\gcc-arm-none-eabi-10.3-2021.10\lib\gcc\arm-none-eabi\10.3.1\thumb\v6-m\nofp\libgcc.a(floatsidf.o)
                0x08003560                __aeabi_i2d
 .text          0x080035c0       0x4c C:\CrossIDE\gcc-arm-none-eabi-10.3-2021.10\lib\gcc\arm-none-eabi\10.3.1\thumb\v6-m\nofp\libgcc.a(floatunsidf.o)
                0x080035c0                __aeabi_ui2d
 .text          0x0800360c       0x90 C:\CrossIDE\gcc-arm-none-eabi-10.3-2021.10\lib\gcc\arm-none-eabi\10.3.1\thumb\v6-m\nofp\libgcc.a(extendsfdf2.o)
                0x0800360c                __aeabi_f2d
 .text          0x0800369c      0x110 C:\CrossIDE\gcc-arm-none-eabi-10.3-2021.10\lib\gcc\arm-none-eabi\10.3.1\thumb\v6-m\nofp\libgcc.a(truncdfsf2.o)
                0x0800369c                __aeabi_d2f
 .text          0x080037ac       0x3c C:\CrossIDE\gcc-arm-none-eabi-10.3-2021.10\lib\gcc\arm-none-eabi\10.3.1\thumb\v6-m\nofp\libgcc.a(_clzsi2.o)
                0x080037ac                __clzsi2
 *(.rodata*)
 .rodata        0x080037e8      0x2d3 main.o
 *fill*         0x08003abb        0x1 
 .rodata        0x08003abc       0x7c startup.o
 .rodata        0x08003b38       0x80 C:\CrossIDE\gcc-arm-none-eabi-10.3-2021.10\lib\gcc\arm-none-eabi\10.3.1\thumb\v6-m\nofp\libgcc.a(divsf3.o)
 .rodata        0x08003bb8       0x40 C:\CrossIDE\gcc-arm-none-eabi-10.3-2021.10\lib\gcc\arm-none-eabi\10.3.1\thumb\v6-m\nofp\libgcc.a(mulsf3.o)
 .rodata        0x08003bf8       0x40 C:\CrossIDE\gcc-arm-none-eabi-10.3-2021.10\lib\gcc\arm-none-eabi\10.3.1\thumb\v6-m\nofp\libgcc.a(muldf3.o)
                0x08003c38                . = ALIGN (0x4)
                0x08003c38                PROVIDE (__init_array_start = .)
 *(SORT_BY_NAME(.init_array.*))
 *(.init_array)
                0x08003c38                PROVIDE (__init_array_end = .)
                0x08003c38                . = ALIGN (0x4)
                0x08003c38                _etext = .

.glue_7         0x08003c38        0x0
 .glue_7        0x08003c38        0x0 linker stubs

.glue_7t        0x08003c38        0x0
 .glue_7t       0x08003c38        0x0 linker stubs

.vfp11_veneer   0x08003c38        0x0
 .vfp11_veneer  0x08003c38        0x0 linker stubs

.v4_bx          0x08003c38        0x0
 .v4_bx         0x08003c38        0x0 linker stubs

.iplt           0x08003c38        0x0
 .iplt          0x08003c38        0x0 main.o

.rel.dyn        0x08003c38        0x0
 .rel.iplt      0x08003c38        0x0 main.o

.data           0x20000000        0x8 load address 0x08003c38
                0x20000000                . = ALIGN (0x4)
                0x20000000                _data = .
 *(.data*)
 .data          0x20000000        0x2 main.o
                0x20000000                ISR_pwm1
                0x20000001                ISR_pwm2
 .data          0x20000002        0x0 adc.o
 .data          0x20000002        0x0 serial.o
 .data          0x20000002        0x0 startup.o
 *fill*         0x20000002        0x2 
 .data          0x20000004        0x4 newlib_stubs.o
                0x20000004                environ
 .data          0x20000008        0x0 C:\CrossIDE\gcc-arm-none-eabi-10.3-2021.10\arm-none-eabi\lib\thumb\v6-m\nofp\libnosys.a(errno.o)
 .data          0x20000008        0x0 C:\CrossIDE\gcc-arm-none-eabi-10.3-2021.10\lib\gcc\arm-none-eabi\10.3.1\thumb\v6-m\nofp\libgcc.a(_divsi3.o)
 .data          0x20000008        0x0 C:\CrossIDE\gcc-arm-none-eabi-10.3-2021.10\lib\gcc\arm-none-eabi\10.3.1\thumb\v6-m\nofp\libgcc.a(_dvmd_tls.o)
 .data          0x20000008        0x0 C:\CrossIDE\gcc-arm-none-eabi-10.3-2021.10\lib\gcc\arm-none-eabi\10.3.1\thumb\v6-m\nofp\libgcc.a(_arm_cmpdf2.o)
 .data          0x20000008        0x0 C:\CrossIDE\gcc-arm-none-eabi-10.3-2021.10\lib\gcc\arm-none-eabi\10.3.1\thumb\v6-m\nofp\libgcc.a(_arm_cmpsf2.o)
 .data          0x20000008        0x0 C:\CrossIDE\gcc-arm-none-eabi-10.3-2021.10\lib\gcc\arm-none-eabi\10.3.1\thumb\v6-m\nofp\libgcc.a(_floatdisf.o)
 .data          0x20000008        0x0 C:\CrossIDE\gcc-arm-none-eabi-10.3-2021.10\lib\gcc\arm-none-eabi\10.3.1\thumb\v6-m\nofp\libgcc.a(addsf3.o)
 .data          0x20000008        0x0 C:\CrossIDE\gcc-arm-none-eabi-10.3-2021.10\lib\gcc\arm-none-eabi\10.3.1\thumb\v6-m\nofp\libgcc.a(divsf3.o)
 .data          0x20000008        0x0 C:\CrossIDE\gcc-arm-none-eabi-10.3-2021.10\lib\gcc\arm-none-eabi\10.3.1\thumb\v6-m\nofp\libgcc.a(eqsf2.o)
 .data          0x20000008        0x0 C:\CrossIDE\gcc-arm-none-eabi-10.3-2021.10\lib\gcc\arm-none-eabi\10.3.1\thumb\v6-m\nofp\libgcc.a(gesf2.o)
 .data          0x20000008        0x0 C:\CrossIDE\gcc-arm-none-eabi-10.3-2021.10\lib\gcc\arm-none-eabi\10.3.1\thumb\v6-m\nofp\libgcc.a(lesf2.o)
 .data          0x20000008        0x0 C:\CrossIDE\gcc-arm-none-eabi-10.3-2021.10\lib\gcc\arm-none-eabi\10.3.1\thumb\v6-m\nofp\libgcc.a(mulsf3.o)
 .data          0x20000008        0x0 C:\CrossIDE\gcc-arm-none-eabi-10.3-2021.10\lib\gcc\arm-none-eabi\10.3.1\thumb\v6-m\nofp\libgcc.a(subsf3.o)
 .data          0x20000008        0x0 C:\CrossIDE\gcc-arm-none-eabi-10.3-2021.10\lib\gcc\arm-none-eabi\10.3.1\thumb\v6-m\nofp\libgcc.a(fixsfsi.o)
 .data          0x20000008        0x0 C:\CrossIDE\gcc-arm-none-eabi-10.3-2021.10\lib\gcc\arm-none-eabi\10.3.1\thumb\v6-m\nofp\libgcc.a(adddf3.o)
 .data          0x20000008        0x0 C:\CrossIDE\gcc-arm-none-eabi-10.3-2021.10\lib\gcc\arm-none-eabi\10.3.1\thumb\v6-m\nofp\libgcc.a(eqdf2.o)
 .data          0x20000008        0x0 C:\CrossIDE\gcc-arm-none-eabi-10.3-2021.10\lib\gcc\arm-none-eabi\10.3.1\thumb\v6-m\nofp\libgcc.a(gedf2.o)
 .data          0x20000008        0x0 C:\CrossIDE\gcc-arm-none-eabi-10.3-2021.10\lib\gcc\arm-none-eabi\10.3.1\thumb\v6-m\nofp\libgcc.a(ledf2.o)
 .data          0x20000008        0x0 C:\CrossIDE\gcc-arm-none-eabi-10.3-2021.10\lib\gcc\arm-none-eabi\10.3.1\thumb\v6-m\nofp\libgcc.a(muldf3.o)
 .data          0x20000008        0x0 C:\CrossIDE\gcc-arm-none-eabi-10.3-2021.10\lib\gcc\arm-none-eabi\10.3.1\thumb\v6-m\nofp\libgcc.a(floatsidf.o)
 .data          0x20000008        0x0 C:\CrossIDE\gcc-arm-none-eabi-10.3-2021.10\lib\gcc\arm-none-eabi\10.3.1\thumb\v6-m\nofp\libgcc.a(floatunsidf.o)
 .data          0x20000008        0x0 C:\CrossIDE\gcc-arm-none-eabi-10.3-2021.10\lib\gcc\arm-none-eabi\10.3.1\thumb\v6-m\nofp\libgcc.a(extendsfdf2.o)
 .data          0x20000008        0x0 C:\CrossIDE\gcc-arm-none-eabi-10.3-2021.10\lib\gcc\arm-none-eabi\10.3.1\thumb\v6-m\nofp\libgcc.a(truncdfsf2.o)
 .data          0x20000008        0x0 C:\CrossIDE\gcc-arm-none-eabi-10.3-2021.10\lib\gcc\arm-none-eabi\10.3.1\thumb\v6-m\nofp\libgcc.a(_clzsi2.o)
                0x20000008                . = ALIGN (0x4)
                0x20000008                _edata = .

.igot.plt       0x20000008        0x0 load address 0x08003c40
 .igot.plt      0x20000008        0x0 main.o

.bss            0x20000008       0xc8 load address 0x08003c40
                0x20000008                _bss = .
 *(.bss*)
 .bss           0x20000008       0x18 main.o
                0x20000008                PWM_Counter
                0x2000000c                freqBuffer
                0x20000018                sampleIndex
                0x20000019                coinDetected
                0x2000001c                baseline_f
 .bss           0x20000020        0x0 adc.o
 .bss           0x20000020       0xa4 serial.o
                0x20000020                ComRXBuffer
                0x2000006c                ComTXBuffer
                0x200000b8                ComOpen
                0x200000bc                ComError
                0x200000c0                ComBusy
 .bss           0x200000c4        0x0 startup.o
 .bss           0x200000c4        0x8 newlib_stubs.o
                0x200000c4                __env
 .bss           0x200000cc        0x0 C:\CrossIDE\gcc-arm-none-eabi-10.3-2021.10\arm-none-eabi\lib\thumb\v6-m\nofp\libnosys.a(errno.o)
 .bss.errno     0x200000cc        0x4 C:\CrossIDE\gcc-arm-none-eabi-10.3-2021.10\arm-none-eabi\lib\thumb\v6-m\nofp\libnosys.a(errno.o)
                0x200000cc                errno
 .bss           0x200000d0        0x0 C:\CrossIDE\gcc-arm-none-eabi-10.3-2021.10\lib\gcc\arm-none-eabi\10.3.1\thumb\v6-m\nofp\libgcc.a(_divsi3.o)
 .bss           0x200000d0        0x0 C:\CrossIDE\gcc-arm-none-eabi-10.3-2021.10\lib\gcc\arm-none-eabi\10.3.1\thumb\v6-m\nofp\libgcc.a(_dvmd_tls.o)
 .bss           0x200000d0        0x0 C:\CrossIDE\gcc-arm-none-eabi-10.3-2021.10\lib\gcc\arm-none-eabi\10.3.1\thumb\v6-m\nofp\libgcc.a(_arm_cmpdf2.o)
 .bss           0x200000d0        0x0 C:\CrossIDE\gcc-arm-none-eabi-10.3-2021.10\lib\gcc\arm-none-eabi\10.3.1\thumb\v6-m\nofp\libgcc.a(_arm_cmpsf2.o)
 .bss           0x200000d0        0x0 C:\CrossIDE\gcc-arm-none-eabi-10.3-2021.10\lib\gcc\arm-none-eabi\10.3.1\thumb\v6-m\nofp\libgcc.a(_floatdisf.o)
 .bss           0x200000d0        0x0 C:\CrossIDE\gcc-arm-none-eabi-10.3-2021.10\lib\gcc\arm-none-eabi\10.3.1\thumb\v6-m\nofp\libgcc.a(addsf3.o)
 .bss           0x200000d0        0x0 C:\CrossIDE\gcc-arm-none-eabi-10.3-2021.10\lib\gcc\arm-none-eabi\10.3.1\thumb\v6-m\nofp\libgcc.a(divsf3.o)
 .bss           0x200000d0        0x0 C:\CrossIDE\gcc-arm-none-eabi-10.3-2021.10\lib\gcc\arm-none-eabi\10.3.1\thumb\v6-m\nofp\libgcc.a(eqsf2.o)
 .bss           0x200000d0        0x0 C:\CrossIDE\gcc-arm-none-eabi-10.3-2021.10\lib\gcc\arm-none-eabi\10.3.1\thumb\v6-m\nofp\libgcc.a(gesf2.o)
 .bss           0x200000d0        0x0 C:\CrossIDE\gcc-arm-none-eabi-10.3-2021.10\lib\gcc\arm-none-eabi\10.3.1\thumb\v6-m\nofp\libgcc.a(lesf2.o)
 .bss           0x200000d0        0x0 C:\CrossIDE\gcc-arm-none-eabi-10.3-2021.10\lib\gcc\arm-none-eabi\10.3.1\thumb\v6-m\nofp\libgcc.a(mulsf3.o)
 .bss           0x200000d0        0x0 C:\CrossIDE\gcc-arm-none-eabi-10.3-2021.10\lib\gcc\arm-none-eabi\10.3.1\thumb\v6-m\nofp\libgcc.a(subsf3.o)
 .bss           0x200000d0        0x0 C:\CrossIDE\gcc-arm-none-eabi-10.3-2021.10\lib\gcc\arm-none-eabi\10.3.1\thumb\v6-m\nofp\libgcc.a(fixsfsi.o)
 .bss           0x200000d0        0x0 C:\CrossIDE\gcc-arm-none-eabi-10.3-2021.10\lib\gcc\arm-none-eabi\10.3.1\thumb\v6-m\nofp\libgcc.a(adddf3.o)
 .bss           0x200000d0        0x0 C:\CrossIDE\gcc-arm-none-eabi-10.3-2021.10\lib\gcc\arm-none-eabi\10.3.1\thumb\v6-m\nofp\libgcc.a(eqdf2.o)
 .bss           0x200000d0        0x0 C:\CrossIDE\gcc-arm-none-eabi-10.3-2021.10\lib\gcc\arm-none-eabi\10.3.1\thumb\v6-m\nofp\libgcc.a(gedf2.o)
 .bss           0x200000d0        0x0 C:\CrossIDE\gcc-arm-none-eabi-10.3-2021.10\lib\gcc\arm-none-eabi\10.3.1\thumb\v6-m\nofp\libgcc.a(ledf2.o)
 .bss           0x200000d0        0x0 C:\CrossIDE\gcc-arm-none-eabi-10.3-2021.10\lib\gcc\arm-none-eabi\10.3.1\thumb\v6-m\nofp\libgcc.a(muldf3.o)
 .bss           0x200000d0        0x0 C:\CrossIDE\gcc-arm-none-eabi-10.3-2021.10\lib\gcc\arm-none-eabi\10.3.1\thumb\v6-m\nofp\libgcc.a(floatsidf.o)
 .bss           0x200000d0        0x0 C:\CrossIDE\gcc-arm-none-eabi-10.3-2021.10\lib\gcc\arm-none-eabi\10.3.1\thumb\v6-m\nofp\libgcc.a(floatunsidf.o)
 .bss           0x200000d0        0x0 C:\CrossIDE\gcc-arm-none-eabi-10.3-2021.10\lib\gcc\arm-none-eabi\10.3.1\thumb\v6-m\nofp\libgcc.a(extendsfdf2.o)
 .bss           0x200000d0        0x0 C:\CrossIDE\gcc-arm-none-eabi-10.3-2021.10\lib\gcc\arm-none-eabi\10.3.1\thumb\v6-m\nofp\libgcc.a(truncdfsf2.o)
 .bss           0x200000d0        0x0 C:\CrossIDE\gcc-arm-none-eabi-10.3-2021.10\lib\gcc\arm-none-eabi\10.3.1\thumb\v6-m\nofp\libgcc.a(_clzsi2.o)
 *(COMMON)
                0x200000d0                . = ALIGN (0x4)
                0x200000d0                _ebss = .
                [!provide]                PROVIDE (end = .)
                0x200000d0                PROVIDE (_HeapStart = .)
                0x20002000                PROVIDE (_StackTop = (ORIGIN (ram) + LENGTH (ram)))
OUTPUT(main.elf elf32-littlearm)
LOAD linker stubs

.debug_info     0x00000000     0x1ef8
 .debug_info    0x00000000      0x8df main.o
 .debug_info    0x000008df      0x31b adc.o
 .debug_info    0x00000bfa      0x82d serial.o
 .debug_info    0x00001427      0x3ad startup.o
 .debug_info    0x000017d4      0x724 newlib_stubs.o

.debug_abbrev   0x00000000      0x87e
 .debug_abbrev  0x00000000      0x28e main.o
 .debug_abbrev  0x0000028e      0x10c adc.o
 .debug_abbrev  0x0000039a      0x1f5 serial.o
 .debug_abbrev  0x0000058f      0x174 startup.o
 .debug_abbrev  0x00000703      0x17b newlib_stubs.o

.debug_aranges  0x00000000       0xa8
 .debug_aranges
                0x00000000       0x20 main.o
 .debug_aranges
                0x00000020       0x20 adc.o
 .debug_aranges
                0x00000040       0x20 serial.o
 .debug_aranges
                0x00000060       0x28 startup.o
 .debug_aranges
                0x00000088       0x20 newlib_stubs.o

.debug_line     0x00000000     0x10eb
 .debug_line    0x00000000      0x5d4 main.o
 .debug_line    0x000005d4      0x195 adc.o
 .debug_line    0x00000769      0x49c serial.o
 .debug_line    0x00000c05      0x25e startup.o
 .debug_line    0x00000e63      0x288 newlib_stubs.o

.debug_str      0x00000000      0x8a0
 .debug_str     0x00000000      0x3fc main.o
                                0x452 (size before relaxing)
 .debug_str     0x000003fc       0x71 adc.o
                                0x280 (size before relaxing)
 .debug_str     0x0000046d      0x11b serial.o
                                0x3c4 (size before relaxing)
 .debug_str     0x00000588       0xee startup.o
                                0x2ec (size before relaxing)
 .debug_str     0x00000676      0x22a newlib_stubs.o
                                0x3ea (size before relaxing)

.comment        0x00000000       0x49
 .comment       0x00000000       0x49 main.o
                                 0x4a (size before relaxing)
 .comment       0x00000049       0x4a adc.o
 .comment       0x00000049       0x4a serial.o
 .comment       0x00000049       0x4a startup.o
 .comment       0x00000049       0x4a newlib_stubs.o

.ARM.attributes
                0x00000000       0x2c
 .ARM.attributes
                0x00000000       0x2c main.o
 .ARM.attributes
                0x0000002c       0x2c adc.o
 .ARM.attributes
                0x00000058       0x2c serial.o
 .ARM.attributes
                0x00000084       0x2c startup.o
 .ARM.attributes
                0x000000b0       0x2c newlib_stubs.o
 .ARM.attributes
                0x000000dc       0x2c C:\CrossIDE\gcc-arm-none-eabi-10.3-2021.10\arm-none-eabi\lib\thumb\v6-m\nofp\libnosys.a(errno.o)
 .ARM.attributes
                0x00000108       0x1e C:\CrossIDE\gcc-arm-none-eabi-10.3-2021.10\lib\gcc\arm-none-eabi\10.3.1\thumb\v6-m\nofp\libgcc.a(_divsi3.o)
 .ARM.attributes
                0x00000126       0x1e C:\CrossIDE\gcc-arm-none-eabi-10.3-2021.10\lib\gcc\arm-none-eabi\10.3.1\thumb\v6-m\nofp\libgcc.a(_dvmd_tls.o)
 .ARM.attributes
                0x00000144       0x1e C:\CrossIDE\gcc-arm-none-eabi-10.3-2021.10\lib\gcc\arm-none-eabi\10.3.1\thumb\v6-m\nofp\libgcc.a(_arm_cmpdf2.o)
 .ARM.attributes
                0x00000162       0x1e C:\CrossIDE\gcc-arm-none-eabi-10.3-2021.10\lib\gcc\arm-none-eabi\10.3.1\thumb\v6-m\nofp\libgcc.a(_arm_cmpsf2.o)
 .ARM.attributes
                0x00000180       0x2c C:\CrossIDE\gcc-arm-none-eabi-10.3-2021.10\lib\gcc\arm-none-eabi\10.3.1\thumb\v6-m\nofp\libgcc.a(_floatdisf.o)
 .ARM.attributes
                0x000001ac       0x2c C:\CrossIDE\gcc-arm-none-eabi-10.3-2021.10\lib\gcc\arm-none-eabi\10.3.1\thumb\v6-m\nofp\libgcc.a(addsf3.o)
 .ARM.attributes
                0x000001d8       0x2c C:\CrossIDE\gcc-arm-none-eabi-10.3-2021.10\lib\gcc\arm-none-eabi\10.3.1\thumb\v6-m\nofp\libgcc.a(divsf3.o)
 .ARM.attributes
                0x00000204       0x2c C:\CrossIDE\gcc-arm-none-eabi-10.3-2021.10\lib\gcc\arm-none-eabi\10.3.1\thumb\v6-m\nofp\libgcc.a(eqsf2.o)
 .ARM.attributes
                0x00000230       0x2c C:\CrossIDE\gcc-arm-none-eabi-10.3-2021.10\lib\gcc\arm-none-eabi\10.3.1\thumb\v6-m\nofp\libgcc.a(gesf2.o)
 .ARM.attributes
                0x0000025c       0x2c C:\CrossIDE\gcc-arm-none-eabi-10.3-2021.10\lib\gcc\arm-none-eabi\10.3.1\thumb\v6-m\nofp\libgcc.a(lesf2.o)
 .ARM.attributes
                0x00000288       0x2c C:\CrossIDE\gcc-arm-none-eabi-10.3-2021.10\lib\gcc\arm-none-eabi\10.3.1\thumb\v6-m\nofp\libgcc.a(mulsf3.o)
 .ARM.attributes
                0x000002b4       0x2c C:\CrossIDE\gcc-arm-none-eabi-10.3-2021.10\lib\gcc\arm-none-eabi\10.3.1\thumb\v6-m\nofp\libgcc.a(subsf3.o)
 .ARM.attributes
                0x000002e0       0x2c C:\CrossIDE\gcc-arm-none-eabi-10.3-2021.10\lib\gcc\arm-none-eabi\10.3.1\thumb\v6-m\nofp\libgcc.a(fixsfsi.o)
 .ARM.attributes
                0x0000030c       0x2c C:\CrossIDE\gcc-arm-none-eabi-10.3-2021.10\lib\gcc\arm-none-eabi\10.3.1\thumb\v6-m\nofp\libgcc.a(adddf3.o)
 .ARM.attributes
                0x00000338       0x2c C:\CrossIDE\gcc-arm-none-eabi-10.3-2021.10\lib\gcc\arm-none-eabi\10.3.1\thumb\v6-m\nofp\libgcc.a(eqdf2.o)
 .ARM.attributes
                0x00000364       0x2c C:\CrossIDE\gcc-arm-none-eabi-10.3-2021.10\lib\gcc\arm-none-eabi\10.3.1\thumb\v6-m\nofp\libgcc.a(gedf2.o)
 .ARM.attributes
                0x00000390       0x2c C:\CrossIDE\gcc-arm-none-eabi-10.3-2021.10\lib\gcc\arm-none-eabi\10.3.1\thumb\v6-m\nofp\libgcc.a(ledf2.o)
 .ARM.attributes
                0x000003bc       0x2c C:\CrossIDE\gcc-arm-none-eabi-10.3-2021.10\lib\gcc\arm-none-eabi\10.3.1\thumb\v6-m\nofp\libgcc.a(muldf3.o)
 .ARM.attributes
                0x000003e8       0x2c C:\CrossIDE\gcc-arm-none-eabi-10.3-2021.10\lib\gcc\arm-none-eabi\10.3.1\thumb\v6-m\nofp\libgcc.a(floatsidf.o)
 .ARM.attributes
                0x00000414       0x2c C:\CrossIDE\gcc-arm-none-eabi-10.3-2021.10\lib\gcc\arm-none-eabi\10.3.1\thumb\v6-m\nofp\libgcc.a(floatunsidf.o)
 .ARM.attributes
                0x00000440       0x2c C:\CrossIDE\gcc-arm-none-eabi-10.3-2021.10\lib\gcc\arm-none-eabi\10.3.1\thumb\v6-m\nofp\libgcc.a(extendsfdf2.o)
 .ARM.attributes
                0x0000046c       0x2c C:\CrossIDE\gcc-arm-none-eabi-10.3-2021.10\lib\gcc\arm-none-eabi\10.3.1\thumb\v6-m\nofp\libgcc.a(truncdfsf2.o)
 .ARM.attributes
                0x00000498       0x1e C:\CrossIDE\gcc-arm-none-eabi-10.3-2021.10\lib\gcc\arm-none-eabi\10.3.1\thumb\v6-m\nofp\libgcc.a(_clzsi2.o)

.debug_frame    0x00000000      0x9e4
 .debug_frame   0x00000000      0x164 main.o
 .debug_frame   0x00000164       0x4c adc.o
 .debug_frame   0x000001b0      0x1e8 serial.o
 .debug_frame   0x00000398       0x94 startup.o
 .debug_frame   0x0000042c      0x228 newlib_stubs.o
 .debug_frame   0x00000654       0x20 C:\CrossIDE\gcc-arm-none-eabi-10.3-2021.10\lib\gcc\arm-none-eabi\10.3.1\thumb\v6-m\nofp\libgcc.a(_divsi3.o)
 .debug_frame   0x00000674       0x2c C:\CrossIDE\gcc-arm-none-eabi-10.3-2021.10\lib\gcc\arm-none-eabi\10.3.1\thumb\v6-m\nofp\libgcc.a(_floatdisf.o)
 .debug_frame   0x000006a0       0x34 C:\CrossIDE\gcc-arm-none-eabi-10.3-2021.10\lib\gcc\arm-none-eabi\10.3.1\thumb\v6-m\nofp\libgcc.a(addsf3.o)
 .debug_frame   0x000006d4       0x38 C:\CrossIDE\gcc-arm-none-eabi-10.3-2021.10\lib\gcc\arm-none-eabi\10.3.1\thumb\v6-m\nofp\libgcc.a(divsf3.o)
 .debug_frame   0x0000070c       0x2c C:\CrossIDE\gcc-arm-none-eabi-10.3-2021.10\lib\gcc\arm-none-eabi\10.3.1\thumb\v6-m\nofp\libgcc.a(eqsf2.o)
 .debug_frame   0x00000738       0x2c C:\CrossIDE\gcc-arm-none-eabi-10.3-2021.10\lib\gcc\arm-none-eabi\10.3.1\thumb\v6-m\nofp\libgcc.a(gesf2.o)
 .debug_frame   0x00000764       0x2c C:\CrossIDE\gcc-arm-none-eabi-10.3-2021.10\lib\gcc\arm-none-eabi\10.3.1\thumb\v6-m\nofp\libgcc.a(lesf2.o)
 .debug_frame   0x00000790       0x38 C:\CrossIDE\gcc-arm-none-eabi-10.3-2021.10\lib\gcc\arm-none-eabi\10.3.1\thumb\v6-m\nofp\libgcc.a(mulsf3.o)
 .debug_frame   0x000007c8       0x38 C:\CrossIDE\gcc-arm-none-eabi-10.3-2021.10\lib\gcc\arm-none-eabi\10.3.1\thumb\v6-m\nofp\libgcc.a(subsf3.o)
 .debug_frame   0x00000800       0x20 C:\CrossIDE\gcc-arm-none-eabi-10.3-2021.10\lib\gcc\arm-none-eabi\10.3.1\thumb\v6-m\nofp\libgcc.a(fixsfsi.o)
 .debug_frame   0x00000820       0x38 C:\CrossIDE\gcc-arm-none-eabi-10.3-2021.10\lib\gcc\arm-none-eabi\10.3.1\thumb\v6-m\nofp\libgcc.a(adddf3.o)
 .debug_frame   0x00000858       0x38 C:\CrossIDE\gcc-arm-none-eabi-10.3-2021.10\lib\gcc\arm-none-eabi\10.3.1\thumb\v6-m\nofp\libgcc.a(eqdf2.o)
 .debug_frame   0x00000890       0x34 C:\CrossIDE\gcc-arm-none-eabi-10.3-2021.10\lib\gcc\arm-none-eabi\10.3.1\thumb\v6-m\nofp\libgcc.a(gedf2.o)
 .debug_frame   0x000008c4       0x34 C:\CrossIDE\gcc-arm-none-eabi-10.3-2021.10\lib\gcc\arm-none-eabi\10.3.1\thumb\v6-m\nofp\libgcc.a(ledf2.o)
 .debug_frame   0x000008f8       0x3c C:\CrossIDE\gcc-arm-none-eabi-10.3-2021.10\lib\gcc\arm-none-eabi\10.3.1\thumb\v6-m\nofp\libgcc.a(muldf3.o)
 .debug_frame   0x00000934       0x2c C:\CrossIDE\gcc-arm-none-eabi-10.3-2021.10\lib\gcc\arm-none-eabi\10.3.1\thumb\v6-m\nofp\libgcc.a(floatsidf.o)
 .debug_frame   0x00000960       0x28 C:\CrossIDE\gcc-arm-none-eabi-10.3-2021.10\lib\gcc\arm-none-eabi\10.3.1\thumb\v6-m\nofp\libgcc.a(floatunsidf.o)
 .debug_frame   0x00000988       0x2c C:\CrossIDE\gcc-arm-none-eabi-10.3-2021.10\lib\gcc\arm-none-eabi\10.3.1\thumb\v6-m\nofp\libgcc.a(extendsfdf2.o)
 .debug_frame   0x000009b4       0x30 C:\CrossIDE\gcc-arm-none-eabi-10.3-2021.10\lib\gcc\arm-none-eabi\10.3.1\thumb\v6-m\nofp\libgcc.a(truncdfsf2.o)

.debug_ranges   0x00000000       0x18
 .debug_ranges  0x00000000       0x18 startup.o

Cross Reference Table

Symbol                                            File
ADC_COMP_Handler                                  startup.o
ComBusy                                           serial.o
ComError                                          serial.o
ComOpen                                           serial.o
ComRXBuffer                                       serial.o
ComTXBuffer                                       serial.o
DMA_CH1_Handler                                   startup.o
DMA_CH2_3_Handler                                 startup.o
DMA_CH4_5_6_7_Handler                             startup.o
Default_Handler                                   startup.o
EXTI0_1_Handler                                   startup.o
EXTI2_3_Handler                                   startup.o
EXTI4_15_Handler                                  startup.o
FLASH_Handler                                     startup.o
GetBuf                                            serial.o
GetBufCount                                       serial.o
GetPeriod                                         main.o
Hard_Fault_Handler                                startup.o
Hardware_Init                                     main.o
I2C1_Handler                                      startup.o
I2C2_Handler                                      startup.o
ISR_pwm1                                          main.o
ISR_pwm2                                          main.o
LPTIM1_Handler                                    startup.o
LPUART1_Handler                                   startup.o
NMI_Handler                                       startup.o
PVD_Handler                                       startup.o
PWM_Counter                                       main.o
PendSV_Handler                                    startup.o
PrintNumber                                       main.o
PutBuf                                            serial.o
RCC_Handler                                       startup.o
RTC_Handler                                       startup.o
ReadCom                                           serial.o
ResetInit                                         startup.o
SPI1_Handler                                      startup.o
SPI2_Handler                                      startup.o
SVC_Handler                                       startup.o
SysTick_Handler                                   startup.o
TIM21_Handler                                     startup.o
TIM22_Handler                                     startup.o
TIM2_Handler                                      main.o
TIM6_Handler                                      startup.o
USART1_Handler                                    serial.o
USART2_Handler                                    startup.o
Vectors                                           startup.o
WWDG_Handler                                      startup.o
WriteCom                                          serial.o
_HeapStart                                        newlib_stubs.o
_StackTop                                         newlib_stubs.o
                                                  startup.o
__aeabi_cdcmpeq                                   C:\CrossIDE\gcc-arm-none-eabi-10.3-2021.10\lib\gcc\arm-none-eabi\10.3.1\thumb\v6-m\nofp\libgcc.a(_arm_cmpdf2.o)
__aeabi_cdcmple                                   C:\CrossIDE\gcc-arm-none-eabi-10.3-2021.10\lib\gcc\arm-none-eabi\10.3.1\thumb\v6-m\nofp\libgcc.a(_arm_cmpdf2.o)
__aeabi_cdrcmple                                  C:\CrossIDE\gcc-arm-none-eabi-10.3-2021.10\lib\gcc\arm-none-eabi\10.3.1\thumb\v6-m\nofp\libgcc.a(_arm_cmpdf2.o)
__aeabi_cfcmpeq                                   C:\CrossIDE\gcc-arm-none-eabi-10.3-2021.10\lib\gcc\arm-none-eabi\10.3.1\thumb\v6-m\nofp\libgcc.a(_arm_cmpsf2.o)
__aeabi_cfcmple                                   C:\CrossIDE\gcc-arm-none-eabi-10.3-2021.10\lib\gcc\arm-none-eabi\10.3.1\thumb\v6-m\nofp\libgcc.a(_arm_cmpsf2.o)
__aeabi_cfrcmple                                  C:\CrossIDE\gcc-arm-none-eabi-10.3-2021.10\lib\gcc\arm-none-eabi\10.3.1\thumb\v6-m\nofp\libgcc.a(_arm_cmpsf2.o)
__aeabi_d2f                                       C:\CrossIDE\gcc-arm-none-eabi-10.3-2021.10\lib\gcc\arm-none-eabi\10.3.1\thumb\v6-m\nofp\libgcc.a(truncdfsf2.o)
                                                  C:\CrossIDE\gcc-arm-none-eabi-10.3-2021.10\lib\gcc\arm-none-eabi\10.3.1\thumb\v6-m\nofp\libgcc.a(_floatdisf.o)
__aeabi_dadd                                      C:\CrossIDE\gcc-arm-none-eabi-10.3-2021.10\lib\gcc\arm-none-eabi\10.3.1\thumb\v6-m\nofp\libgcc.a(adddf3.o)
                                                  C:\CrossIDE\gcc-arm-none-eabi-10.3-2021.10\lib\gcc\arm-none-eabi\10.3.1\thumb\v6-m\nofp\libgcc.a(_floatdisf.o)
__aeabi_dcmpeq                                    C:\CrossIDE\gcc-arm-none-eabi-10.3-2021.10\lib\gcc\arm-none-eabi\10.3.1\thumb\v6-m\nofp\libgcc.a(_arm_cmpdf2.o)
__aeabi_dcmpge                                    C:\CrossIDE\gcc-arm-none-eabi-10.3-2021.10\lib\gcc\arm-none-eabi\10.3.1\thumb\v6-m\nofp\libgcc.a(_arm_cmpdf2.o)
__aeabi_dcmpgt                                    C:\CrossIDE\gcc-arm-none-eabi-10.3-2021.10\lib\gcc\arm-none-eabi\10.3.1\thumb\v6-m\nofp\libgcc.a(_arm_cmpdf2.o)
                                                  main.o
__aeabi_dcmple                                    C:\CrossIDE\gcc-arm-none-eabi-10.3-2021.10\lib\gcc\arm-none-eabi\10.3.1\thumb\v6-m\nofp\libgcc.a(_arm_cmpdf2.o)
__aeabi_dcmplt                                    C:\CrossIDE\gcc-arm-none-eabi-10.3-2021.10\lib\gcc\arm-none-eabi\10.3.1\thumb\v6-m\nofp\libgcc.a(_arm_cmpdf2.o)
__aeabi_dmul                                      C:\CrossIDE\gcc-arm-none-eabi-10.3-2021.10\lib\gcc\arm-none-eabi\10.3.1\thumb\v6-m\nofp\libgcc.a(muldf3.o)
                                                  C:\CrossIDE\gcc-arm-none-eabi-10.3-2021.10\lib\gcc\arm-none-eabi\10.3.1\thumb\v6-m\nofp\libgcc.a(_floatdisf.o)
__aeabi_f2d                                       C:\CrossIDE\gcc-arm-none-eabi-10.3-2021.10\lib\gcc\arm-none-eabi\10.3.1\thumb\v6-m\nofp\libgcc.a(extendsfdf2.o)
                                                  main.o
__aeabi_f2iz                                      C:\CrossIDE\gcc-arm-none-eabi-10.3-2021.10\lib\gcc\arm-none-eabi\10.3.1\thumb\v6-m\nofp\libgcc.a(fixsfsi.o)
                                                  main.o
__aeabi_fadd                                      C:\CrossIDE\gcc-arm-none-eabi-10.3-2021.10\lib\gcc\arm-none-eabi\10.3.1\thumb\v6-m\nofp\libgcc.a(addsf3.o)
                                                  main.o
__aeabi_fcmpeq                                    C:\CrossIDE\gcc-arm-none-eabi-10.3-2021.10\lib\gcc\arm-none-eabi\10.3.1\thumb\v6-m\nofp\libgcc.a(_arm_cmpsf2.o)
                                                  main.o
__aeabi_fcmpge                                    C:\CrossIDE\gcc-arm-none-eabi-10.3-2021.10\lib\gcc\arm-none-eabi\10.3.1\thumb\v6-m\nofp\libgcc.a(_arm_cmpsf2.o)
__aeabi_fcmpgt                                    C:\CrossIDE\gcc-arm-none-eabi-10.3-2021.10\lib\gcc\arm-none-eabi\10.3.1\thumb\v6-m\nofp\libgcc.a(_arm_cmpsf2.o)
__aeabi_fcmple                                    C:\CrossIDE\gcc-arm-none-eabi-10.3-2021.10\lib\gcc\arm-none-eabi\10.3.1\thumb\v6-m\nofp\libgcc.a(_arm_cmpsf2.o)
__aeabi_fcmplt                                    C:\CrossIDE\gcc-arm-none-eabi-10.3-2021.10\lib\gcc\arm-none-eabi\10.3.1\thumb\v6-m\nofp\libgcc.a(_arm_cmpsf2.o)
__aeabi_fdiv                                      C:\CrossIDE\gcc-arm-none-eabi-10.3-2021.10\lib\gcc\arm-none-eabi\10.3.1\thumb\v6-m\nofp\libgcc.a(divsf3.o)
                                                  main.o
__aeabi_fmul                                      C:\CrossIDE\gcc-arm-none-eabi-10.3-2021.10\lib\gcc\arm-none-eabi\10.3.1\thumb\v6-m\nofp\libgcc.a(mulsf3.o)
                                                  main.o
__aeabi_fsub                                      C:\CrossIDE\gcc-arm-none-eabi-10.3-2021.10\lib\gcc\arm-none-eabi\10.3.1\thumb\v6-m\nofp\libgcc.a(subsf3.o)
                                                  main.o
__aeabi_i2d                                       C:\CrossIDE\gcc-arm-none-eabi-10.3-2021.10\lib\gcc\arm-none-eabi\10.3.1\thumb\v6-m\nofp\libgcc.a(floatsidf.o)
                                                  C:\CrossIDE\gcc-arm-none-eabi-10.3-2021.10\lib\gcc\arm-none-eabi\10.3.1\thumb\v6-m\nofp\libgcc.a(_floatdisf.o)
__aeabi_idiv                                      C:\CrossIDE\gcc-arm-none-eabi-10.3-2021.10\lib\gcc\arm-none-eabi\10.3.1\thumb\v6-m\nofp\libgcc.a(_divsi3.o)
                                                  serial.o
                                                  main.o
__aeabi_idiv0                                     C:\CrossIDE\gcc-arm-none-eabi-10.3-2021.10\lib\gcc\arm-none-eabi\10.3.1\thumb\v6-m\nofp\libgcc.a(_dvmd_tls.o)
                                                  C:\CrossIDE\gcc-arm-none-eabi-10.3-2021.10\lib\gcc\arm-none-eabi\10.3.1\thumb\v6-m\nofp\libgcc.a(_divsi3.o)
__aeabi_idivmod                                   C:\CrossIDE\gcc-arm-none-eabi-10.3-2021.10\lib\gcc\arm-none-eabi\10.3.1\thumb\v6-m\nofp\libgcc.a(_divsi3.o)
                                                  main.o
__aeabi_l2f                                       C:\CrossIDE\gcc-arm-none-eabi-10.3-2021.10\lib\gcc\arm-none-eabi\10.3.1\thumb\v6-m\nofp\libgcc.a(_floatdisf.o)
                                                  main.o
__aeabi_ldiv0                                     C:\CrossIDE\gcc-arm-none-eabi-10.3-2021.10\lib\gcc\arm-none-eabi\10.3.1\thumb\v6-m\nofp\libgcc.a(_dvmd_tls.o)
__aeabi_ui2d                                      C:\CrossIDE\gcc-arm-none-eabi-10.3-2021.10\lib\gcc\arm-none-eabi\10.3.1\thumb\v6-m\nofp\libgcc.a(floatunsidf.o)
                                                  C:\CrossIDE\gcc-arm-none-eabi-10.3-2021.10\lib\gcc\arm-none-eabi\10.3.1\thumb\v6-m\nofp\libgcc.a(_floatdisf.o)
__clzsi2                                          C:\CrossIDE\gcc-arm-none-eabi-10.3-2021.10\lib\gcc\arm-none-eabi\10.3.1\thumb\v6-m\nofp\libgcc.a(_clzsi2.o)
                                                  C:\CrossIDE\gcc-arm-none-eabi-10.3-2021.10\lib\gcc\arm-none-eabi\10.3.1\thumb\v6-m\nofp\libgcc.a(extendsfdf2.o)
                                                  C:\CrossIDE\gcc-arm-none-eabi-10.3-2021.10\lib\gcc\arm-none-eabi\10.3.1\thumb\v6-m\nofp\libgcc.a(floatunsidf.o)
                                                  C:\CrossIDE\gcc-arm-none-eabi-10.3-2021.10\lib\gcc\arm-none-eabi\10.3.1\thumb\v6-m\nofp\libgcc.a(floatsidf.o)
                                                  C:\CrossIDE\gcc-arm-none-eabi-10.3-2021.10\lib\gcc\arm-none-eabi\10.3.1\thumb\v6-m\nofp\libgcc.a(muldf3.o)
                                                  C:\CrossIDE\gcc-arm-none-eabi-10.3-2021.10\lib\gcc\arm-none-eabi\10.3.1\thumb\v6-m\nofp\libgcc.a(adddf3.o)
                                                  C:\CrossIDE\gcc-arm-none-eabi-10.3-2021.10\lib\gcc\arm-none-eabi\10.3.1\thumb\v6-m\nofp\libgcc.a(subsf3.o)
                                                  C:\CrossIDE\gcc-arm-none-eabi-10.3-2021.10\lib\gcc\arm-none-eabi\10.3.1\thumb\v6-m\nofp\libgcc.a(mulsf3.o)
                                                  C:\CrossIDE\gcc-arm-none-eabi-10.3-2021.10\lib\gcc\arm-none-eabi\10.3.1\thumb\v6-m\nofp\libgcc.a(divsf3.o)
                                                  C:\CrossIDE\gcc-arm-none-eabi-10.3-2021.10\lib\gcc\arm-none-eabi\10.3.1\thumb\v6-m\nofp\libgcc.a(addsf3.o)
__divsi3                                          C:\CrossIDE\gcc-arm-none-eabi-10.3-2021.10\lib\gcc\arm-none-eabi\10.3.1\thumb\v6-m\nofp\libgcc.a(_divsi3.o)
__env                                             newlib_stubs.o
__eqdf2                                           C:\CrossIDE\gcc-arm-none-eabi-10.3-2021.10\lib\gcc\arm-none-eabi\10.3.1\thumb\v6-m\nofp\libgcc.a(eqdf2.o)
                                                  C:\CrossIDE\gcc-arm-none-eabi-10.3-2021.10\lib\gcc\arm-none-eabi\10.3.1\thumb\v6-m\nofp\libgcc.a(_arm_cmpdf2.o)
__eqsf2                                           C:\CrossIDE\gcc-arm-none-eabi-10.3-2021.10\lib\gcc\arm-none-eabi\10.3.1\thumb\v6-m\nofp\libgcc.a(eqsf2.o)
                                                  C:\CrossIDE\gcc-arm-none-eabi-10.3-2021.10\lib\gcc\arm-none-eabi\10.3.1\thumb\v6-m\nofp\libgcc.a(_arm_cmpsf2.o)
__floatdisf                                       C:\CrossIDE\gcc-arm-none-eabi-10.3-2021.10\lib\gcc\arm-none-eabi\10.3.1\thumb\v6-m\nofp\libgcc.a(_floatdisf.o)
__gedf2                                           C:\CrossIDE\gcc-arm-none-eabi-10.3-2021.10\lib\gcc\arm-none-eabi\10.3.1\thumb\v6-m\nofp\libgcc.a(gedf2.o)
                                                  C:\CrossIDE\gcc-arm-none-eabi-10.3-2021.10\lib\gcc\arm-none-eabi\10.3.1\thumb\v6-m\nofp\libgcc.a(_arm_cmpdf2.o)
__gesf2                                           C:\CrossIDE\gcc-arm-none-eabi-10.3-2021.10\lib\gcc\arm-none-eabi\10.3.1\thumb\v6-m\nofp\libgcc.a(gesf2.o)
                                                  C:\CrossIDE\gcc-arm-none-eabi-10.3-2021.10\lib\gcc\arm-none-eabi\10.3.1\thumb\v6-m\nofp\libgcc.a(_arm_cmpsf2.o)
__gtdf2                                           C:\CrossIDE\gcc-arm-none-eabi-10.3-2021.10\lib\gcc\arm-none-eabi\10.3.1\thumb\v6-m\nofp\libgcc.a(gedf2.o)
__gtsf2                                           C:\CrossIDE\gcc-arm-none-eabi-10.3-2021.10\lib\gcc\arm-none-eabi\10.3.1\thumb\v6-m\nofp\libgcc.a(gesf2.o)
__init_array_end                                  startup.o
__init_array_start                                startup.o
__ledf2                                           C:\CrossIDE\gcc-arm-none-eabi-10.3-2021.10\lib\gcc\arm-none-eabi\10.3.1\thumb\v6-m\nofp\libgcc.a(ledf2.o)
                                                  C:\CrossIDE\gcc-arm-none-eabi-10.3-2021.10\lib\gcc\arm-none-eabi\10.3.1\thumb\v6-m\nofp\libgcc.a(_arm_cmpdf2.o)
__lesf2                                           C:\CrossIDE\gcc-arm-none-eabi-10.3-2021.10\lib\gcc\arm-none-eabi\10.3.1\thumb\v6-m\nofp\libgcc.a(lesf2.o)
                                                  C:\CrossIDE\gcc-arm-none-eabi-10.3-2021.10\lib\gcc\arm-none-eabi\10.3.1\thumb\v6-m\nofp\libgcc.a(_arm_cmpsf2.o)
__ltdf2                                           C:\CrossIDE\gcc-arm-none-eabi-10.3-2021.10\lib\gcc\arm-none-eabi\10.3.1\thumb\v6-m\nofp\libgcc.a(ledf2.o)
__ltsf2                                           C:\CrossIDE\gcc-arm-none-eabi-10.3-2021.10\lib\gcc\arm-none-eabi\10.3.1\thumb\v6-m\nofp\libgcc.a(lesf2.o)
__nedf2                                           C:\CrossIDE\gcc-arm-none-eabi-10.3-2021.10\lib\gcc\arm-none-eabi\10.3.1\thumb\v6-m\nofp\libgcc.a(eqdf2.o)
__nesf2                                           C:\CrossIDE\gcc-arm-none-eabi-10.3-2021.10\lib\gcc\arm-none-eabi\10.3.1\thumb\v6-m\nofp\libgcc.a(eqsf2.o)
_close                                            newlib_stubs.o
_data                                             startup.o
_ebss                                             startup.o
_edata                                            startup.o
_etext                                            startup.o
_execve                                           newlib_stubs.o
_exit                                             newlib_stubs.o
_fork                                             newlib_stubs.o
_fstat                                            newlib_stubs.o
_getpid                                           newlib_stubs.o
_isatty                                           newlib_stubs.o
_kill                                             newlib_stubs.o
_link                                             newlib_stubs.o
_lseek                                            newlib_stubs.o
_read                                             newlib_stubs.o
_sbrk                                             newlib_stubs.o
_stat                                             newlib_stubs.o
_times                                            newlib_stubs.o
_unlink                                           newlib_stubs.o
_wait                                             newlib_stubs.o
_write                                            newlib_stubs.o
baseline_f                                        main.o
coinDetected                                      main.o
detectCoin                                        main.o
detectPerimeter                                   main.o
egetc                                             serial.o
                                                  newlib_stubs.o
egetc_echo                                        serial.o
egets                                             serial.o
egets_echo                                        serial.o
environ                                           newlib_stubs.o
eputc                                             serial.o
                                                  newlib_stubs.o
                                                  main.o
eputs                                             serial.o
                                                  startup.o
                                                  main.o
errno                                             C:\CrossIDE\gcc-arm-none-eabi-10.3-2021.10\arm-none-eabi\lib\thumb\v6-m\nofp\libnosys.a(errno.o)
                                                  newlib_stubs.o
freqBuffer                                        main.o
initADC                                           adc.o
                                                  main.o
initClock                                         startup.o
initUART                                          serial.o
                                                  startup.o
main                                              main.o
                                                  startup.o
pickCoin                                          main.o
readADC                                           adc.o
                                                  main.o
sampleIndex                                       main.o
toggleMagnet                                      main.o
usart_rx                                          serial.o
usart_tx                                          serial.o
wait_1ms                                          main.o
waitms                                            main.o
