Archive member included to satisfy reference by file (symbol)

/Applications/ArmGNUToolchain/14.2.rel1/arm-none-eabi/arm-none-eabi/lib/thumb/v6-m/nofp/libnosys.a(errno.o)
                              newlib_stubs.o (errno)
/Applications/ArmGNUToolchain/14.2.rel1/arm-none-eabi/lib/gcc/arm-none-eabi/14.2.1/thumb/v6-m/nofp/libgcc.a(_divsi3.o)
                              main.o (__aeabi_idiv)
/Applications/ArmGNUToolchain/14.2.rel1/arm-none-eabi/lib/gcc/arm-none-eabi/14.2.1/thumb/v6-m/nofp/libgcc.a(_dvmd_tls.o)
                              /Applications/ArmGNUToolchain/14.2.rel1/arm-none-eabi/lib/gcc/arm-none-eabi/14.2.1/thumb/v6-m/nofp/libgcc.a(_divsi3.o) (__aeabi_idiv0)
/Applications/ArmGNUToolchain/14.2.rel1/arm-none-eabi/lib/gcc/arm-none-eabi/14.2.1/thumb/v6-m/nofp/libgcc.a(_arm_cmpdf2.o)
                              main.o (__aeabi_dcmplt)
/Applications/ArmGNUToolchain/14.2.rel1/arm-none-eabi/lib/gcc/arm-none-eabi/14.2.1/thumb/v6-m/nofp/libgcc.a(_arm_cmpsf2.o)
                              main.o (__aeabi_fcmpeq)
/Applications/ArmGNUToolchain/14.2.rel1/arm-none-eabi/lib/gcc/arm-none-eabi/14.2.1/thumb/v6-m/nofp/libgcc.a(_floatdisf.o)
                              main.o (__aeabi_l2f)
/Applications/ArmGNUToolchain/14.2.rel1/arm-none-eabi/lib/gcc/arm-none-eabi/14.2.1/thumb/v6-m/nofp/libgcc.a(addsf3.o)
                              main.o (__aeabi_fadd)
/Applications/ArmGNUToolchain/14.2.rel1/arm-none-eabi/lib/gcc/arm-none-eabi/14.2.1/thumb/v6-m/nofp/libgcc.a(divsf3.o)
                              main.o (__aeabi_fdiv)
/Applications/ArmGNUToolchain/14.2.rel1/arm-none-eabi/lib/gcc/arm-none-eabi/14.2.1/thumb/v6-m/nofp/libgcc.a(eqsf2.o)
                              /Applications/ArmGNUToolchain/14.2.rel1/arm-none-eabi/lib/gcc/arm-none-eabi/14.2.1/thumb/v6-m/nofp/libgcc.a(_arm_cmpsf2.o) (__eqsf2)
/Applications/ArmGNUToolchain/14.2.rel1/arm-none-eabi/lib/gcc/arm-none-eabi/14.2.1/thumb/v6-m/nofp/libgcc.a(gesf2.o)
                              /Applications/ArmGNUToolchain/14.2.rel1/arm-none-eabi/lib/gcc/arm-none-eabi/14.2.1/thumb/v6-m/nofp/libgcc.a(_arm_cmpsf2.o) (__gesf2)
/Applications/ArmGNUToolchain/14.2.rel1/arm-none-eabi/lib/gcc/arm-none-eabi/14.2.1/thumb/v6-m/nofp/libgcc.a(lesf2.o)
                              /Applications/ArmGNUToolchain/14.2.rel1/arm-none-eabi/lib/gcc/arm-none-eabi/14.2.1/thumb/v6-m/nofp/libgcc.a(_arm_cmpsf2.o) (__lesf2)
/Applications/ArmGNUToolchain/14.2.rel1/arm-none-eabi/lib/gcc/arm-none-eabi/14.2.1/thumb/v6-m/nofp/libgcc.a(mulsf3.o)
                              main.o (__aeabi_fmul)
/Applications/ArmGNUToolchain/14.2.rel1/arm-none-eabi/lib/gcc/arm-none-eabi/14.2.1/thumb/v6-m/nofp/libgcc.a(subsf3.o)
                              main.o (__aeabi_fsub)
/Applications/ArmGNUToolchain/14.2.rel1/arm-none-eabi/lib/gcc/arm-none-eabi/14.2.1/thumb/v6-m/nofp/libgcc.a(fixsfsi.o)
                              main.o (__aeabi_f2iz)
/Applications/ArmGNUToolchain/14.2.rel1/arm-none-eabi/lib/gcc/arm-none-eabi/14.2.1/thumb/v6-m/nofp/libgcc.a(adddf3.o)
                              /Applications/ArmGNUToolchain/14.2.rel1/arm-none-eabi/lib/gcc/arm-none-eabi/14.2.1/thumb/v6-m/nofp/libgcc.a(_floatdisf.o) (__aeabi_dadd)
/Applications/ArmGNUToolchain/14.2.rel1/arm-none-eabi/lib/gcc/arm-none-eabi/14.2.1/thumb/v6-m/nofp/libgcc.a(eqdf2.o)
                              /Applications/ArmGNUToolchain/14.2.rel1/arm-none-eabi/lib/gcc/arm-none-eabi/14.2.1/thumb/v6-m/nofp/libgcc.a(_arm_cmpdf2.o) (__eqdf2)
/Applications/ArmGNUToolchain/14.2.rel1/arm-none-eabi/lib/gcc/arm-none-eabi/14.2.1/thumb/v6-m/nofp/libgcc.a(gedf2.o)
                              /Applications/ArmGNUToolchain/14.2.rel1/arm-none-eabi/lib/gcc/arm-none-eabi/14.2.1/thumb/v6-m/nofp/libgcc.a(_arm_cmpdf2.o) (__gedf2)
/Applications/ArmGNUToolchain/14.2.rel1/arm-none-eabi/lib/gcc/arm-none-eabi/14.2.1/thumb/v6-m/nofp/libgcc.a(ledf2.o)
                              /Applications/ArmGNUToolchain/14.2.rel1/arm-none-eabi/lib/gcc/arm-none-eabi/14.2.1/thumb/v6-m/nofp/libgcc.a(_arm_cmpdf2.o) (__ledf2)
/Applications/ArmGNUToolchain/14.2.rel1/arm-none-eabi/lib/gcc/arm-none-eabi/14.2.1/thumb/v6-m/nofp/libgcc.a(muldf3.o)
                              /Applications/ArmGNUToolchain/14.2.rel1/arm-none-eabi/lib/gcc/arm-none-eabi/14.2.1/thumb/v6-m/nofp/libgcc.a(_floatdisf.o) (__aeabi_dmul)
/Applications/ArmGNUToolchain/14.2.rel1/arm-none-eabi/lib/gcc/arm-none-eabi/14.2.1/thumb/v6-m/nofp/libgcc.a(floatsidf.o)
                              /Applications/ArmGNUToolchain/14.2.rel1/arm-none-eabi/lib/gcc/arm-none-eabi/14.2.1/thumb/v6-m/nofp/libgcc.a(_floatdisf.o) (__aeabi_i2d)
/Applications/ArmGNUToolchain/14.2.rel1/arm-none-eabi/lib/gcc/arm-none-eabi/14.2.1/thumb/v6-m/nofp/libgcc.a(floatunsidf.o)
                              /Applications/ArmGNUToolchain/14.2.rel1/arm-none-eabi/lib/gcc/arm-none-eabi/14.2.1/thumb/v6-m/nofp/libgcc.a(_floatdisf.o) (__aeabi_ui2d)
[...]
Memory Configuration

Name             Origin             Length             Attributes
flash            0x08000000         0x00010000
ram              0x20000000         0x00002000
*default*        0x00000000         0xffffffff

Linker script and memory map

LOAD main.o
LOAD UART2.o
LOAD startup.o
LOAD serial.o
LOAD newlib_stubs.o
LOAD adc.o
LOAD /Applications/ArmGNUToolchain/14.2.rel1/arm-none-eabi/arm-none-eabi/lib/thumb/v6-m/nofp/libnosys.a
LOAD /Applications/ArmGNUToolchain/14.2.rel1/arm-none-eabi/lib/gcc/arm-none-eabi/14.2.1/thumb/v6-m/nofp/libgcc.a
START GROUP
LOAD /Applications/ArmGNUToolchain/14.2.rel1/arm-none-eabi/lib/gcc/arm-none-eabi/14.2.1/thumb/v6-m/nofp/libgcc.a
LOAD /Applications/ArmGNUToolchain/14.2.rel1/arm-none-eabi/arm-none-eabi/lib/thumb/v6-m/nofp/libc_nano.a
LOAD /Applications/ArmGNUToolchain/14.2.rel1/arm-none-eabi/arm-none-eabi/lib/thumb/v6-m/nofp/libm.a
END GROUP

.text           0x08000000     0x63ac
 *(.vectors)
 .vectors       0x08000000       0xb8 startup.o
                0x08000000                Vectors
 *(.after_vectors*)
 .after_vectors
                0x080000b8       0x28 startup.o
                0x080000b8                ResetInit
 *(.text*)
 .text          0x080000e0      0xe8c main.o
                0x080000e0                Delay_us
                0x08000140                wait_1ms
                0x08000178                waitms
                0x0800019a                SendATCommand
                0x08000210                ReceptionOff
                0x08000268                TIM2_Handler
                0x0800032c                Hardware_Init
                0x08000580                GetPeriod
                0x0800076c                PrintNumber
                0x0800080c                toggleMagnet
                0x08000848                pickCoin
                0x08000950                detectPerimeter
                0x080009b0                detectCoin
                0x08000ba8                main
 .text          0x08000f6c      0x5c8 UART2.o
                0x08000f6c                ReadCom2
                0x08000fe0                WriteCom2
                0x08001080                initUART2
                0x080011cc                USART2_Handler
                0x080011f8                usart_rx2
                0x08001228                usart_tx2
                0x08001290                PutBuf2
                0x080012f2                GetBuf2
                0x08001348                GetBufCount2
                0x0800135c                eputs2
                0x08001398                eputc2
                0x080013b6                egetc2
                0x080013d0                egets2
                0x0800145c                ReceivedBytes2
                0x08001474                egetc_echo2
                0x0800149a                egets_echo2
 .text          0x08001534      0x1a8 startup.o
                0x080015ac                initClock
                0x080016b4                EXTI2_3_Handler
                0x080016b4                TIM21_Handler
                0x080016b4                SysTick_Handler
                0x080016b4                I2C1_Handler
                0x080016b4                PendSV_Handler
                0x080016b4                NMI_Handler
                0x080016b4                WWDG_Handler
                0x080016b4                RTC_Handler
                0x080016b4                EXTI4_15_Handler
                0x080016b4                DMA_CH4_5_6_7_Handler
                0x080016b4                Default_Handler
                0x080016b4                LPUART1_Handler
                0x080016b4                EXTI0_1_Handler
                0x080016b4                DMA_CH1_Handler
                0x080016b4                SPI2_Handler
                0x080016b4                DMA_CH2_3_Handler
                0x080016b4                I2C2_Handler
                0x080016b4                SVC_Handler
                0x080016b4                LPTIM1_Handler
                0x080016b4                SPI1_Handler
                0x080016b4                RCC_Handler
                0x080016b4                PVD_Handler
                0x080016b4                ADC_COMP_Handler
                0x080016b4                FLASH_Handler
                0x080016b4                TIM22_Handler
                0x080016b4                TIM6_Handler
                0x080016c8                Hard_Fault_Handler
 .text          0x080016dc      0x5b4 serial.o
                0x080016dc                ReadCom
                0x08001750                WriteCom
                0x080017f0                initUART
                0x08001940                USART1_Handler
                0x0800196c                usart_rx
                0x0800199c                usart_tx
                0x08001a04                PutBuf
                0x08001a66                GetBuf
                0x08001abc                GetBufCount
                0x08001ad0                eputs
                0x08001b0c                eputc
                0x08001b2a                egetc
                0x08001b44                egets
                0x08001bd0                egetc_echo
                0x08001bf6                egets_echo
 .text          0x08001c90      0x29c newlib_stubs.o
                0x08001c90                _exit
                0x08001c9a                _close
                0x08001cae                _execve
                0x08001cd0                _fork
                0x08001ce8                _fstat
                0x08001d04                _getpid
                0x08001d10                _kill
                0x08001d30                _link
                0x08001d50                _lseek
                0x08001d66                _stat
                0x08001d82                _times
                0x08001d96                _unlink
                0x08001db4                _wait
                0x08001dd4                _isatty
                0x08001dfc                _sbrk
                0x08001e60                _read
                0x08001ed8                _write
 .text          0x08001f2c      0x10c adc.o
                0x08001f2c                initADC
                0x08001fcc                readADC
 .text          0x08002038        0x0 /Applications/ArmGNUToolchain/14.2.rel1/arm-none-eabi/arm-none-eabi/lib/thumb/v6-m/nofp/libnosys.a(errno.o)
 .text          0x08002038      0x1d4 /Applications/ArmGNUToolchain/14.2.rel1/arm-none-eabi/lib/gcc/arm-none-eabi/14.2.1/thumb/v6-m/nofp/libgcc.a(_divsi3.o)
                0x08002038                __aeabi_idiv
                0x08002038                __divsi3
                0x08002204                __aeabi_idivmod
 .text          0x0800220c        0x4 /Applications/ArmGNUToolchain/14.2.rel1/arm-none-eabi/lib/gcc/arm-none-eabi/14.2.1/thumb/v6-m/nofp/libgcc.a(_dvmd_tls.o)
                0x0800220c                __aeabi_ldiv0
                0x0800220c                __aeabi_idiv0
 .text          0x08002210       0x7c /Applications/ArmGNUToolchain/14.2.rel1/arm-none-eabi/lib/gcc/arm-none-eabi/14.2.1/thumb/v6-m/nofp/libgcc.a(_arm_cmpdf2.o)
                0x08002210                __aeabi_cdrcmple
                0x08002220                __aeabi_cdcmple
                0x08002220                __aeabi_cdcmpeq
                0x08002230                __aeabi_dcmpeq
                0x0800223c                __aeabi_dcmplt
                0x08002250                __aeabi_dcmple
                0x08002264                __aeabi_dcmpgt
                0x08002278                __aeabi_dcmpge
 .text          0x0800228c       0x74 /Applications/ArmGNUToolchain/14.2.rel1/arm-none-eabi/lib/gcc/arm-none-eabi/14.2.1/thumb/v6-m/nofp/libgcc.a(_arm_cmpsf2.o)
                0x0800228c                __aeabi_cfrcmple
                0x08002294                __aeabi_cfcmple
                0x08002294                __aeabi_cfcmpeq
                0x080022a4                __aeabi_fcmpeq
                0x080022b0                __aeabi_fcmplt
                0x080022c4                __aeabi_fcmple
                0x080022d8                __aeabi_fcmpgt
                0x080022ec                __aeabi_fcmpge
 .text          0x08002300        0x0 /Applications/ArmGNUToolchain/14.2.rel1/arm-none-eabi/lib/gcc/arm-none-eabi/14.2.1/thumb/v6-m/nofp/libgcc.a(_floatdisf.o)
 .text.__floatdisf
                0x08002300       0x68 /Applications/ArmGNUToolchain/14.2.rel1/arm-none-eabi/lib/gcc/arm-none-eabi/14.2.1/thumb/v6-m/nofp/libgcc.a(_floatdisf.o)
                0x08002300                __floatdisf
                0x08002300                __aeabi_l2f
 .text          0x08002368        0x0 /Applications/ArmGNUToolchain/14.2.rel1/arm-none-eabi/lib/gcc/arm-none-eabi/14.2.1/thumb/v6-m/nofp/libgcc.a(addsf3.o)
 .text.__aeabi_fadd
                0x08002368      0x41c /Applications/ArmGNUToolchain/14.2.rel1/arm-none-eabi/lib/gcc/arm-none-eabi/14.2.1/thumb/v6-m/nofp/libgcc.a(addsf3.o)
                0x08002368                __aeabi_fadd
 .text          0x08002784        0x0 /Applications/ArmGNUToolchain/14.2.rel1/arm-none-eabi/lib/gcc/arm-none-eabi/14.2.1/thumb/v6-m/nofp/libgcc.a(divsf3.o)
 .text.__aeabi_fdiv
                0x08002784      0x22c /Applications/ArmGNUToolchain/14.2.rel1/arm-none-eabi/lib/gcc/arm-none-eabi/14.2.1/thumb/v6-m/nofp/libgcc.a(divsf3.o)
                0x08002784                __aeabi_fdiv
 .text          0x080029b0        0x0 /Applications/ArmGNUToolchain/14.2.rel1/arm-none-eabi/lib/gcc/arm-none-eabi/14.2.1/thumb/v6-m/nofp/libgcc.a(eqsf2.o)
 .text.__eqsf2  0x080029b0       0x50 /Applications/ArmGNUToolchain/14.2.rel1/arm-none-eabi/lib/gcc/arm-none-eabi/14.2.1/thumb/v6-m/nofp/libgcc.a(eqsf2.o)
                0x080029b0                __nesf2
                0x080029b0                __eqsf2
 .text          0x08002a00        0x0 /Applications/ArmGNUToolchain/14.2.rel1/arm-none-eabi/lib/gcc/arm-none-eabi/14.2.1/thumb/v6-m/nofp/libgcc.a(gesf2.o)
 .text.__gesf2  0x08002a00       0x90 /Applications/ArmGNUToolchain/14.2.rel1/arm-none-eabi/lib/gcc/arm-none-eabi/14.2.1/thumb/v6-m/nofp/libgcc.a(gesf2.o)
                0x08002a00                __gtsf2
                0x08002a00                __gesf2
 .text          0x08002a90        0x0 /Applications/ArmGNUToolchain/14.2.rel1/arm-none-eabi/lib/gcc/arm-none-eabi/14.2.1/thumb/v6-m/nofp/libgcc.a(lesf2.o)
 .text.__lesf2  0x08002a90       0x90 /Applications/ArmGNUToolchain/14.2.rel1/arm-none-eabi/lib/gcc/arm-none-eabi/14.2.1/thumb/v6-m/nofp/libgcc.a(lesf2.o)
                0x08002a90                __lesf2
                0x08002a90                __ltsf2
 .text          0x08002b20        0x0 /Applications/ArmGNUToolchain/14.2.rel1/arm-none-eabi/lib/gcc/arm-none-eabi/14.2.1/thumb/v6-m/nofp/libgcc.a(mulsf3.o)
 .text.__aeabi_fmul
                0x08002b20      0x2a4 /Applications/ArmGNUToolchain/14.2.rel1/arm-none-eabi/lib/gcc/arm-none-eabi/14.2.1/thumb/v6-m/nofp/libgcc.a(mulsf3.o)
                0x08002b20                __aeabi_fmul
 .text          0x08002dc4        0x0 /Applications/ArmGNUToolchain/14.2.rel1/arm-none-eabi/lib/gcc/arm-none-eabi/14.2.1/thumb/v6-m/nofp/libgcc.a(subsf3.o)
 .text.__aeabi_fsub
                0x08002dc4      0x484 /Applications/ArmGNUToolchain/14.2.rel1/arm-none-eabi/lib/gcc/arm-none-eabi/14.2.1/thumb/v6-m/nofp/libgcc.a(subsf3.o)
                0x08002dc4                __aeabi_fsub
 .text          0x08003248        0x0 /Applications/ArmGNUToolchain/14.2.rel1/arm-none-eabi/lib/gcc/arm-none-eabi/14.2.1/thumb/v6-m/nofp/libgcc.a(fixsfsi.o)
 .text.__aeabi_f2iz
                0x08003248       0x40 /Applications/ArmGNUToolchain/14.2.rel1/arm-none-eabi/lib/gcc/arm-none-eabi/14.2.1/thumb/v6-m/nofp/libgcc.a(fixsfsi.o)
                0x08003248                __aeabi_f2iz
 .text          0x08003288        0x0 /Applications/ArmGNUToolchain/14.2.rel1/arm-none-eabi/lib/gcc/arm-none-eabi/14.2.1/thumb/v6-m/nofp/libgcc.a(adddf3.o)
 .text.__aeabi_dadd
                0x08003288      0x834 /Applications/ArmGNUToolchain/14.2.rel1/arm-none-eabi/lib/gcc/arm-none-eabi/14.2.1/thumb/v6-m/nofp/libgcc.a(adddf3.o)
                0x08003288                __aeabi_dadd
 .text          0x08003abc        0x0 /Applications/ArmGNUToolchain/14.2.rel1/arm-none-eabi/lib/gcc/arm-none-eabi/14.2.1/thumb/v6-m/nofp/libgcc.a(eqdf2.o)
 .text.__eqdf2  0x08003abc       0x8c /Applications/ArmGNUToolchain/14.2.rel1/arm-none-eabi/lib/gcc/arm-none-eabi/14.2.1/thumb/v6-m/nofp/libgcc.a(eqdf2.o)
                0x08003abc                __eqdf2
                0x08003abc                __nedf2
 .text          0x08003b48        0x0 /Applications/ArmGNUToolchain/14.2.rel1/arm-none-eabi/lib/gcc/arm-none-eabi/14.2.1/thumb/v6-m/nofp/libgcc.a(gedf2.o)
 .text.__gedf2  0x08003b48       0xe0 /Applications/ArmGNUToolchain/14.2.rel1/arm-none-eabi/lib/gcc/arm-none-eabi/14.2.1/thumb/v6-m/nofp/libgcc.a(gedf2.o)
                0x08003b48                __gtdf2
                0x08003b48                __gedf2
 .text          0x08003c28        0x0 /Applications/ArmGNUToolchain/14.2.rel1/arm-none-eabi/lib/gcc/arm-none-eabi/14.2.1/thumb/v6-m/nofp/libgcc.a(ledf2.o)
 .text.__ledf2  0x08003c28       0xdc /Applications/ArmGNUToolchain/14.2.rel1/arm-none-eabi/lib/gcc/arm-none-eabi/14.2.1/thumb/v6-m/nofp/libgcc.a(ledf2.o)
                0x08003c28                __ltdf2
                0x08003c28                __ledf2
 .text          0x08003d04        0x0 /Applications/ArmGNUToolchain/14.2.rel1/arm-none-eabi/lib/gcc/arm-none-eabi/14.2.1/thumb/v6-m/nofp/libgcc.a(muldf3.o)
 .text.__aeabi_dmul
                0x08003d04      0x590 /Applications/ArmGNUToolchain/14.2.rel1/arm-none-eabi/lib/gcc/arm-none-eabi/14.2.1/thumb/v6-m/nofp/libgcc.a(muldf3.o)
                0x08003d04                __aeabi_dmul
 .text          0x08004294        0x0 /Applications/ArmGNUToolchain/14.2.rel1/arm-none-eabi/lib/gcc/arm-none-eabi/14.2.1/thumb/v6-m/nofp/libgcc.a(floatsidf.o)
 .text.__aeabi_i2d
                0x08004294       0x5c /Applications/ArmGNUToolchain/14.2.rel1/arm-none-eabi/lib/gcc/arm-none-eabi/14.2.1/thumb/v6-m/nofp/libgcc.a(floatsidf.o)
                0x08004294                __aeabi_i2d
 .text          0x080042f0        0x0 /Applications/ArmGNUToolchain/14.2.rel1/arm-none-eabi/lib/gcc/arm-none-eabi/14.2.1/thumb/v6-m/nofp/libgcc.a(floatunsidf.o)
 .text.__aeabi_ui2d
                0x080042f0       0x48 /Applications/ArmGNUToolchain/14.2.rel1/arm-none-eabi/lib/gcc/arm-none-eabi/14.2.1/thumb/v6-m/nofp/libgcc.a(floatunsidf.o)
                0x080042f0                __aeabi_ui2d
 .text          0x08004338        0x0 /Applications/ArmGNUToolchain/14.2.rel1/arm-none-eabi/lib/gcc/arm-none-eabi/14.2.1/thumb/v6-m/nofp/libgcc.a(extendsfdf2.o)
 .text.__aeabi_f2d
                0x08004338       0x90 /Applications/ArmGNUToolchain/14.2.rel1/arm-none-eabi/lib/gcc/arm-none-eabi/14.2.1/thumb/v6-m/nofp/libgcc.a(extendsfdf2.o)
                0x08004338                __aeabi_f2d
 .text          0x080043c8        0x0 /Applications/ArmGNUToolchain/14.2.rel1/arm-none-eabi/lib/gcc/arm-none-eabi/14.2.1/thumb/v6-m/nofp/libgcc.a(truncdfsf2.o)
 .text.__aeabi_d2f
                0x080043c8      0x110 /Applications/ArmGNUToolchain/14.2.rel1/arm-none-eabi/lib/gcc/arm-none-eabi/14.2.1/thumb/v6-m/nofp/libgcc.a(truncdfsf2.o)
                0x080043c8                __aeabi_d2f
 .text          0x080044d8       0x3c /Applications/ArmGNUToolchain/14.2.rel1/arm-none-eabi/lib/gcc/arm-none-eabi/14.2.1/thumb/v6-m/nofp/libgcc.a(_clzsi2.o)
                0x080044d8                __clzsi2
 .text          0x08004514        0x0 /Applications/ArmGNUToolchain/14.2.rel1/arm-none-eabi/arm-none-eabi/lib/thumb/v6-m/nofp/libc_nano.a(libc_a-sprintf.o)
 .text._sprintf_r
                0x08004514       0x3c /Applications/ArmGNUToolchain/14.2.rel1/arm-none-eabi/arm-none-eabi/lib/thumb/v6-m/nofp/libc_nano.a(libc_a-sprintf.o)
                0x08004514                _siprintf_r
                0x08004514                _sprintf_r
 .text.sprintf  0x08004550       0x44 /Applications/ArmGNUToolchain/14.2.rel1/arm-none-eabi/arm-none-eabi/lib/thumb/v6-m/nofp/libc_nano.a(libc_a-sprintf.o)
                0x08004550                sprintf
                0x08004550                siprintf
 .text          0x08004594        0x0 /Applications/ArmGNUToolchain/14.2.rel1/arm-none-eabi/arm-none-eabi/lib/thumb/v6-m/nofp/libc_nano.a(libc_a-printf.o)
 .text._printf_r
                0x08004594       0x18 /Applications/ArmGNUToolchain/14.2.rel1/arm-none-eabi/arm-none-eabi/lib/thumb/v6-m/nofp/libc_nano.a(libc_a-printf.o)
                0x08004594                _printf_r
                0x08004594                _iprintf_r
 .text.printf   0x080045ac       0x20 /Applications/ArmGNUToolchain/14.2.rel1/arm-none-eabi/arm-none-eabi/lib/thumb/v6-m/nofp/libc_nano.a(libc_a-printf.o)
                0x080045ac                printf
                0x080045ac                iprintf
 .text          0x080045cc        0x0 /Applications/ArmGNUToolchain/14.2.rel1/arm-none-eabi/arm-none-eabi/lib/thumb/v6-m/nofp/libc_nano.a(libc_a-puts.o)
 .text._puts_r  0x080045cc       0xac /Applications/ArmGNUToolchain/14.2.rel1/arm-none-eabi/arm-none-eabi/lib/thumb/v6-m/nofp/libc_nano.a(libc_a-puts.o)
                0x080045cc                _puts_r
 .text.puts     0x08004678       0x14 /Applications/ArmGNUToolchain/14.2.rel1/arm-none-eabi/arm-none-eabi/lib/thumb/v6-m/nofp/libc_nano.a(libc_a-puts.o)
                0x08004678                puts
 .text          0x0800468c        0x0 /Applications/ArmGNUToolchain/14.2.rel1/arm-none-eabi/arm-none-eabi/lib/thumb/v6-m/nofp/libc_nano.a(libc_a-lock.o)
 .text.__retarget_lock_init
                0x0800468c        0x2 /Applications/ArmGNUToolchain/14.2.rel1/arm-none-eabi/arm-none-eabi/lib/thumb/v6-m/nofp/libc_nano.a(libc_a-lock.o)
                0x0800468c                __retarget_lock_init
 .text.__retarget_lock_init_recursive
                0x0800468e        0x2 /Applications/ArmGNUToolchain/14.2.rel1/arm-none-eabi/arm-none-eabi/lib/thumb/v6-m/nofp/libc_nano.a(libc_a-lock.o)
                0x0800468e                __retarget_lock_init_recursive
 .text.__retarget_lock_close
                0x08004690        0x2 /Applications/ArmGNUToolchain/14.2.rel1/arm-none-eabi/arm-none-eabi/lib/thumb/v6-m/nofp/libc_nano.a(libc_a-lock.o)
                0x08004690                __retarget_lock_close
 .text.__retarget_lock_close_recursive
                0x08004692        0x2 /Applications/ArmGNUToolchain/14.2.rel1/arm-none-eabi/arm-none-eabi/lib/thumb/v6-m/nofp/libc_nano.a(libc_a-lock.o)
                0x08004692                __retarget_lock_close_recursive
 .text.__retarget_lock_acquire
                0x08004694        0x2 /Applications/ArmGNUToolchain/14.2.rel1/arm-none-eabi/arm-none-eabi/lib/thumb/v6-m/nofp/libc_nano.a(libc_a-lock.o)
                0x08004694                __retarget_lock_acquire
 .text.__retarget_lock_acquire_recursive
                0x08004696        0x2 /Applications/ArmGNUToolchain/14.2.rel1/arm-none-eabi/arm-none-eabi/lib/thumb/v6-m/nofp/libc_nano.a(libc_a-lock.o)
                0x08004696                __retarget_lock_acquire_recursive
 .text.__retarget_lock_try_acquire
                0x08004698        0x4 /Applications/ArmGNUToolchain/14.2.rel1/arm-none-eabi/arm-none-eabi/lib/thumb/v6-m/nofp/libc_nano.a(libc_a-lock.o)
                0x08004698                __retarget_lock_try_acquire
 .text.__retarget_lock_try_acquire_recursive
                0x0800469c        0x4 /Applications/ArmGNUToolchain/14.2.rel1/arm-none-eabi/arm-none-eabi/lib/thumb/v6-m/nofp/libc_nano.a(libc_a-lock.o)
                0x0800469c                __retarget_lock_try_acquire_recursive
 .text.__retarget_lock_release
                0x080046a0        0x2 /Applications/ArmGNUToolchain/14.2.rel1/arm-none-eabi/arm-none-eabi/lib/thumb/v6-m/nofp/libc_nano.a(libc_a-lock.o)
                0x080046a0                __retarget_lock_release
 .text.__retarget_lock_release_recursive
                0x080046a2        0x2 /Applications/ArmGNUToolchain/14.2.rel1/arm-none-eabi/arm-none-eabi/lib/thumb/v6-m/nofp/libc_nano.a(libc_a-lock.o)
                0x080046a2                __retarget_lock_release_recursive
 .text          0x080046a4        0x0 /Applications/ArmGNUToolchain/14.2.rel1/arm-none-eabi/arm-none-eabi/lib/thumb/v6-m/nofp/libc_nano.a(libc_a-impure.o)
 .text          0x080046a4        0xe /Applications/ArmGNUToolchain/14.2.rel1/arm-none-eabi/arm-none-eabi/lib/thumb/v6-m/nofp/libc_nano.a(libc_a-strlen.o)
                0x080046a4                strlen
 .text          0x080046b2        0x0 /Applications/ArmGNUToolchain/14.2.rel1/arm-none-eabi/arm-none-eabi/lib/thumb/v6-m/nofp/libc_nano.a(libc_a-nano-svfprintf.o)
 *fill*         0x080046b2        0x2 
 .text.__ssputs_r
                0x080046b4       0xc8 /Applications/ArmGNUToolchain/14.2.rel1/arm-none-eabi/arm-none-eabi/lib/thumb/v6-m/nofp/libc_nano.a(libc_a-nano-svfprintf.o)
                0x080046b4                __ssputs_r
 .text.__ssprint_r
                0x0800477c       0xf8 /Applications/ArmGNUToolchain/14.2.rel1/arm-none-eabi/arm-none-eabi/lib/thumb/v6-m/nofp/libc_nano.a(libc_a-nano-svfprintf.o)
                0x0800477c                __ssprint_r
 .text._svfprintf_r
                0x08004874      0x208 /Applications/ArmGNUToolchain/14.2.rel1/arm-none-eabi/arm-none-eabi/lib/thumb/v6-m/nofp/libc_nano.a(libc_a-nano-svfprintf.o)
                0x08004874                _svfprintf_r
                0x08004874                _svfiprintf_r
 .text          0x08004a7c        0x0 /Applications/ArmGNUToolchain/14.2.rel1/arm-none-eabi/arm-none-eabi/lib/thumb/v6-m/nofp/libc_nano.a(libc_a-nano-vfprintf.o)
 .text.__sfputc_r
                0x08004a7c       0x2a /Applications/ArmGNUToolchain/14.2.rel1/arm-none-eabi/arm-none-eabi/lib/thumb/v6-m/nofp/libc_nano.a(libc_a-nano-vfprintf.o)
 .text.__sfputs_r
                0x08004aa6       0x24 /Applications/ArmGNUToolchain/14.2.rel1/arm-none-eabi/arm-none-eabi/lib/thumb/v6-m/nofp/libc_nano.a(libc_a-nano-vfprintf.o)
                0x08004aa6                __sfputs_r
 .text.__sprint_r
                0x08004aca       0x20 /Applications/ArmGNUToolchain/14.2.rel1/arm-none-eabi/arm-none-eabi/lib/thumb/v6-m/nofp/libc_nano.a(libc_a-nano-vfprintf.o)
                0x08004aca                __sprint_r
 *fill*         0x08004aea        0x2 
 .text._vfprintf_r
                0x08004aec      0x240 /Applications/ArmGNUToolchain/14.2.rel1/arm-none-eabi/arm-none-eabi/lib/thumb/v6-m/nofp/libc_nano.a(libc_a-nano-vfprintf.o)
                0x08004aec                _vfiprintf_r
                0x08004aec                _vfprintf_r
 .text.vfprintf
                0x08004d2c       0x18 /Applications/ArmGNUToolchain/14.2.rel1/arm-none-eabi/arm-none-eabi/lib/thumb/v6-m/nofp/libc_nano.a(libc_a-nano-vfprintf.o)
                0x08004d2c                vfiprintf
                0x08004d2c                vfprintf
 .text          0x08004d44        0x0 /Applications/ArmGNUToolchain/14.2.rel1/arm-none-eabi/arm-none-eabi/lib/thumb/v6-m/nofp/libc_nano.a(libc_a-mallocr.o)
 .text.sbrk_aligned
                0x08004d44       0x44 /Applications/ArmGNUToolchain/14.2.rel1/arm-none-eabi/arm-none-eabi/lib/thumb/v6-m/nofp/libc_nano.a(libc_a-mallocr.o)
 .text._malloc_r
                0x08004d88      0x100 /Applications/ArmGNUToolchain/14.2.rel1/arm-none-eabi/arm-none-eabi/lib/thumb/v6-m/nofp/libc_nano.a(libc_a-mallocr.o)
                0x08004d88                _malloc_r
 .text          0x08004e88        0x0 /Applications/ArmGNUToolchain/14.2.rel1/arm-none-eabi/arm-none-eabi/lib/thumb/v6-m/nofp/libc_nano.a(libc_a-nano-vfprintf_i.o)
 .text._printf_common
                0x08004e88       0xde /Applications/ArmGNUToolchain/14.2.rel1/arm-none-eabi/arm-none-eabi/lib/thumb/v6-m/nofp/libc_nano.a(libc_a-nano-vfprintf_i.o)
                0x08004e88                _printf_common
 *fill*         0x08004f66        0x2 
 .text._printf_i
                0x08004f68      0x218 /Applications/ArmGNUToolchain/14.2.rel1/arm-none-eabi/arm-none-eabi/lib/thumb/v6-m/nofp/libc_nano.a(libc_a-nano-vfprintf_i.o)
                0x08004f68                _printf_i
 .text          0x08005180        0x0 /Applications/ArmGNUToolchain/14.2.rel1/arm-none-eabi/arm-none-eabi/lib/thumb/v6-m/nofp/libc_nano.a(libc_a-mlock.o)
 .text.__malloc_lock
                0x08005180       0x10 /Applications/ArmGNUToolchain/14.2.rel1/arm-none-eabi/arm-none-eabi/lib/thumb/v6-m/nofp/libc_nano.a(libc_a-mlock.o)
                0x08005180                __malloc_lock
 .text.__malloc_unlock
                0x08005190       0x10 /Applications/ArmGNUToolchain/14.2.rel1/arm-none-eabi/arm-none-eabi/lib/thumb/v6-m/nofp/libc_nano.a(libc_a-mlock.o)
                0x08005190                __malloc_unlock
 .text          0x080051a0        0x0 /Applications/ArmGNUToolchain/14.2.rel1/arm-none-eabi/arm-none-eabi/lib/thumb/v6-m/nofp/libc_nano.a(libc_a-findfp.o)
 .text.std      0x080051a0       0x6c /Applications/ArmGNUToolchain/14.2.rel1/arm-none-eabi/arm-none-eabi/lib/thumb/v6-m/nofp/libc_nano.a(libc_a-findfp.o)
 .text.stdio_exit_handler
                0x0800520c       0x1c /Applications/ArmGNUToolchain/14.2.rel1/arm-none-eabi/arm-none-eabi/lib/thumb/v6-m/nofp/libc_nano.a(libc_a-findfp.o)
 .text.cleanup_stdio
                0x08005228       0x3c /Applications/ArmGNUToolchain/14.2.rel1/arm-none-eabi/arm-none-eabi/lib/thumb/v6-m/nofp/libc_nano.a(libc_a-findfp.o)
 .text.__fp_lock
                0x08005264       0x18 /Applications/ArmGNUToolchain/14.2.rel1/arm-none-eabi/arm-none-eabi/lib/thumb/v6-m/nofp/libc_nano.a(libc_a-findfp.o)
 .text.__fp_unlock
                0x0800527c       0x18 /Applications/ArmGNUToolchain/14.2.rel1/arm-none-eabi/arm-none-eabi/lib/thumb/v6-m/nofp/libc_nano.a(libc_a-findfp.o)
 .text.global_stdio_init.part.0
                0x08005294       0x3c /Applications/ArmGNUToolchain/14.2.rel1/arm-none-eabi/arm-none-eabi/lib/thumb/v6-m/nofp/libc_nano.a(libc_a-findfp.o)
 .text.__sfp_lock_acquire
                0x080052d0       0x10 /Applications/ArmGNUToolchain/14.2.rel1/arm-none-eabi/arm-none-eabi/lib/thumb/v6-m/nofp/libc_nano.a(libc_a-findfp.o)
                0x080052d0                __sfp_lock_acquire
 .text.__sfp_lock_release
                0x080052e0       0x10 /Applications/ArmGNUToolchain/14.2.rel1/arm-none-eabi/arm-none-eabi/lib/thumb/v6-m/nofp/libc_nano.a(libc_a-findfp.o)
                0x080052e0                __sfp_lock_release
 .text.__sfp    0x080052f0       0xa8 /Applications/ArmGNUToolchain/14.2.rel1/arm-none-eabi/arm-none-eabi/lib/thumb/v6-m/nofp/libc_nano.a(libc_a-findfp.o)
                0x080052f0                __sfp
 .text.__sinit  0x08005398       0x30 /Applications/ArmGNUToolchain/14.2.rel1/arm-none-eabi/arm-none-eabi/lib/thumb/v6-m/nofp/libc_nano.a(libc_a-findfp.o)
                0x08005398                __sinit
 .text.__fp_lock_all
                0x080053c8       0x1c /Applications/ArmGNUToolchain/14.2.rel1/arm-none-eabi/arm-none-eabi/lib/thumb/v6-m/nofp/libc_nano.a(libc_a-findfp.o)
                0x080053c8                __fp_lock_all
 .text.__fp_unlock_all
                0x080053e4       0x1c /Applications/ArmGNUToolchain/14.2.rel1/arm-none-eabi/arm-none-eabi/lib/thumb/v6-m/nofp/libc_nano.a(libc_a-findfp.o)
                0x080053e4                __fp_unlock_all
 .text          0x08005400        0x0 /Applications/ArmGNUToolchain/14.2.rel1/arm-none-eabi/arm-none-eabi/lib/thumb/v6-m/nofp/libc_nano.a(libc_a-reallocr.o)
 .text._realloc_r
                0x08005400       0x60 /Applications/ArmGNUToolchain/14.2.rel1/arm-none-eabi/arm-none-eabi/lib/thumb/v6-m/nofp/libc_nano.a(libc_a-reallocr.o)
                0x08005400                _realloc_r
 .text          0x08005460        0x0 /Applications/ArmGNUToolchain/14.2.rel1/arm-none-eabi/arm-none-eabi/lib/thumb/v6-m/nofp/libc_nano.a(libc_a-wbuf.o)
 .text.__swbuf_r
                0x08005460       0x84 /Applications/ArmGNUToolchain/14.2.rel1/arm-none-eabi/arm-none-eabi/lib/thumb/v6-m/nofp/libc_nano.a(libc_a-wbuf.o)
                0x08005460                __swbuf_r
 .text.__swbuf  0x080054e4       0x14 /Applications/ArmGNUToolchain/14.2.rel1/arm-none-eabi/arm-none-eabi/lib/thumb/v6-m/nofp/libc_nano.a(libc_a-wbuf.o)
                0x080054e4                __swbuf
 .text          0x080054f8        0x0 /Applications/ArmGNUToolchain/14.2.rel1/arm-none-eabi/arm-none-eabi/lib/thumb/v6-m/nofp/libc_nano.a(libc_a-wsetup.o)
 .text.__swsetup_r
                0x080054f8       0xb4 /Applications/ArmGNUToolchain/14.2.rel1/arm-none-eabi/arm-none-eabi/lib/thumb/v6-m/nofp/libc_nano.a(libc_a-wsetup.o)
                0x080054f8                __swsetup_r
 .text          0x080055ac        0x0 /Applications/ArmGNUToolchain/14.2.rel1/arm-none-eabi/arm-none-eabi/lib/thumb/v6-m/nofp/libc_nano.a(libc_a-fvwrite.o)
 .text.__sfvwrite_r
                0x080055ac      0x2c4 /Applications/ArmGNUToolchain/14.2.rel1/arm-none-eabi/arm-none-eabi/lib/thumb/v6-m/nofp/libc_nano.a(libc_a-fvwrite.o)
                0x080055ac                __sfvwrite_r
 .text          0x08005870        0x0 /Applications/ArmGNUToolchain/14.2.rel1/arm-none-eabi/arm-none-eabi/lib/thumb/v6-m/nofp/libc_nano.a(libc_a-fwalk.o)
 .text._fwalk_sglue
                0x08005870       0x38 /Applications/ArmGNUToolchain/14.2.rel1/arm-none-eabi/arm-none-eabi/lib/thumb/v6-m/nofp/libc_nano.a(libc_a-fwalk.o)
                0x08005870                _fwalk_sglue
 .text          0x080058a8        0x0 /Applications/ArmGNUToolchain/14.2.rel1/arm-none-eabi/arm-none-eabi/lib/thumb/v6-m/nofp/libc_nano.a(libc_a-makebuf.o)
 .text.__swhatbuf_r
                0x080058a8       0x54 /Applications/ArmGNUToolchain/14.2.rel1/arm-none-eabi/arm-none-eabi/lib/thumb/v6-m/nofp/libc_nano.a(libc_a-makebuf.o)
                0x080058a8                __swhatbuf_r
 .text.__smakebuf_r
                0x080058fc       0x72 /Applications/ArmGNUToolchain/14.2.rel1/arm-none-eabi/arm-none-eabi/lib/thumb/v6-m/nofp/libc_nano.a(libc_a-makebuf.o)
                0x080058fc                __smakebuf_r
 .text          0x0800596e        0x0 /Applications/ArmGNUToolchain/14.2.rel1/arm-none-eabi/arm-none-eabi/lib/thumb/v6-m/nofp/libc_nano.a(libc_a-memmove.o)
 .text.memmove  0x0800596e       0x24 /Applications/ArmGNUToolchain/14.2.rel1/arm-none-eabi/arm-none-eabi/lib/thumb/v6-m/nofp/libc_nano.a(libc_a-memmove.o)
                0x0800596e                memmove
 .text          0x08005992        0x0 /Applications/ArmGNUToolchain/14.2.rel1/arm-none-eabi/arm-none-eabi/lib/thumb/v6-m/nofp/libc_nano.a(libc_a-memset.o)
 .text.memset   0x08005992       0x10 /Applications/ArmGNUToolchain/14.2.rel1/arm-none-eabi/arm-none-eabi/lib/thumb/v6-m/nofp/libc_nano.a(libc_a-memset.o)
                0x08005992                memset
 .text          0x080059a2        0x0 /Applications/ArmGNUToolchain/14.2.rel1/arm-none-eabi/arm-none-eabi/lib/thumb/v6-m/nofp/libc_nano.a(libc_a-isattyr.o)
 *fill*         0x080059a2        0x2 
 .text._isatty_r
                0x080059a4       0x24 /Applications/ArmGNUToolchain/14.2.rel1/arm-none-eabi/arm-none-eabi/lib/thumb/v6-m/nofp/libc_nano.a(libc_a-isattyr.o)
                0x080059a4                _isatty_r
 .text          0x080059c8        0x0 /Applications/ArmGNUToolchain/14.2.rel1/arm-none-eabi/arm-none-eabi/lib/thumb/v6-m/nofp/libc_nano.a(libc_a-sbrkr.o)
 .text._sbrk_r  0x080059c8       0x24 /Applications/ArmGNUToolchain/14.2.rel1/arm-none-eabi/arm-none-eabi/lib/thumb/v6-m/nofp/libc_nano.a(libc_a-sbrkr.o)
                0x080059c8                _sbrk_r
 .text          0x080059ec        0x0 /Applications/ArmGNUToolchain/14.2.rel1/arm-none-eabi/arm-none-eabi/lib/thumb/v6-m/nofp/libc_nano.a(libc_a-fstatr.o)
 .text._fstat_r
                0x080059ec       0x24 /Applications/ArmGNUToolchain/14.2.rel1/arm-none-eabi/arm-none-eabi/lib/thumb/v6-m/nofp/libc_nano.a(libc_a-fstatr.o)
                0x080059ec                _fstat_r
 .text          0x08005a10        0x0 /Applications/ArmGNUToolchain/14.2.rel1/arm-none-eabi/arm-none-eabi/lib/thumb/v6-m/nofp/libc_nano.a(libc_a-memchr-stub.o)
 .text.memchr   0x08005a10       0x16 /Applications/ArmGNUToolchain/14.2.rel1/arm-none-eabi/arm-none-eabi/lib/thumb/v6-m/nofp/libc_nano.a(libc_a-memchr-stub.o)
                0x08005a10                memchr
 .text          0x08005a26        0x0 /Applications/ArmGNUToolchain/14.2.rel1/arm-none-eabi/arm-none-eabi/lib/thumb/v6-m/nofp/libc_nano.a(libc_a-memcpy-stub.o)
 .text.memcpy   0x08005a26       0x12 /Applications/ArmGNUToolchain/14.2.rel1/arm-none-eabi/arm-none-eabi/lib/thumb/v6-m/nofp/libc_nano.a(libc_a-memcpy-stub.o)
                0x08005a26                memcpy
 .text          0x08005a38        0x0 /Applications/ArmGNUToolchain/14.2.rel1/arm-none-eabi/arm-none-eabi/lib/thumb/v6-m/nofp/libc_nano.a(libc_a-freer.o)
 .text._free_r  0x08005a38       0x94 /Applications/ArmGNUToolchain/14.2.rel1/arm-none-eabi/arm-none-eabi/lib/thumb/v6-m/nofp/libc_nano.a(libc_a-freer.o)
                0x08005a38                _free_r
 .text          0x08005acc        0x0 /Applications/ArmGNUToolchain/14.2.rel1/arm-none-eabi/arm-none-eabi/lib/thumb/v6-m/nofp/libc_nano.a(libc_a-fflush.o)
 .text.__sflush_r
                0x08005acc      0x114 /Applications/ArmGNUToolchain/14.2.rel1/arm-none-eabi/arm-none-eabi/lib/thumb/v6-m/nofp/libc_nano.a(libc_a-fflush.o)
                0x08005acc                __sflush_r
 .text._fflush_r
                0x08005be0       0x56 /Applications/ArmGNUToolchain/14.2.rel1/arm-none-eabi/arm-none-eabi/lib/thumb/v6-m/nofp/libc_nano.a(libc_a-fflush.o)
                0x08005be0                _fflush_r
 *fill*         0x08005c36        0x2 
 .text.fflush   0x08005c38       0x30 /Applications/ArmGNUToolchain/14.2.rel1/arm-none-eabi/arm-none-eabi/lib/thumb/v6-m/nofp/libc_nano.a(libc_a-fflush.o)
                0x08005c38                fflush
 .text          0x08005c68        0x0 /Applications/ArmGNUToolchain/14.2.rel1/arm-none-eabi/arm-none-eabi/lib/thumb/v6-m/nofp/libc_nano.a(libc_a-msizer.o)
 .text._malloc_usable_size_r
                0x08005c68       0x10 /Applications/ArmGNUToolchain/14.2.rel1/arm-none-eabi/arm-none-eabi/lib/thumb/v6-m/nofp/libc_nano.a(libc_a-msizer.o)
                0x08005c68                _malloc_usable_size_r
 .text          0x08005c78        0x0 /Applications/ArmGNUToolchain/14.2.rel1/arm-none-eabi/arm-none-eabi/lib/thumb/v6-m/nofp/libc_nano.a(libc_a-stdio.o)
 .text.__sread  0x08005c78       0x28 /Applications/ArmGNUToolchain/14.2.rel1/arm-none-eabi/arm-none-eabi/lib/thumb/v6-m/nofp/libc_nano.a(libc_a-stdio.o)
                0x08005c78                __sread
 .text.__seofread
                0x08005ca0        0x4 /Applications/ArmGNUToolchain/14.2.rel1/arm-none-eabi/arm-none-eabi/lib/thumb/v6-m/nofp/libc_nano.a(libc_a-stdio.o)
                0x08005ca0                __seofread
 .text.__swrite
                0x08005ca4       0x38 /Applications/ArmGNUToolchain/14.2.rel1/arm-none-eabi/arm-none-eabi/lib/thumb/v6-m/nofp/libc_nano.a(libc_a-stdio.o)
                0x08005ca4                __swrite
 .text.__sseek  0x08005cdc       0x2c /Applications/ArmGNUToolchain/14.2.rel1/arm-none-eabi/arm-none-eabi/lib/thumb/v6-m/nofp/libc_nano.a(libc_a-stdio.o)
                0x08005cdc                __sseek
 .text.__sclose
                0x08005d08        0xc /Applications/ArmGNUToolchain/14.2.rel1/arm-none-eabi/arm-none-eabi/lib/thumb/v6-m/nofp/libc_nano.a(libc_a-stdio.o)
                0x08005d08                __sclose
 .text          0x08005d14        0x0 /Applications/ArmGNUToolchain/14.2.rel1/arm-none-eabi/arm-none-eabi/lib/thumb/v6-m/nofp/libc_nano.a(libc_a-lseekr.o)
 .text._lseek_r
                0x08005d14       0x28 /Applications/ArmGNUToolchain/14.2.rel1/arm-none-eabi/arm-none-eabi/lib/thumb/v6-m/nofp/libc_nano.a(libc_a-lseekr.o)
                0x08005d14                _lseek_r
 .text          0x08005d3c        0x0 /Applications/ArmGNUToolchain/14.2.rel1/arm-none-eabi/arm-none-eabi/lib/thumb/v6-m/nofp/libc_nano.a(libc_a-readr.o)
 .text._read_r  0x08005d3c       0x28 /Applications/ArmGNUToolchain/14.2.rel1/arm-none-eabi/arm-none-eabi/lib/thumb/v6-m/nofp/libc_nano.a(libc_a-readr.o)
                0x08005d3c                _read_r
 .text          0x08005d64        0x0 /Applications/ArmGNUToolchain/14.2.rel1/arm-none-eabi/arm-none-eabi/lib/thumb/v6-m/nofp/libc_nano.a(libc_a-writer.o)
 .text._write_r
                0x08005d64       0x28 /Applications/ArmGNUToolchain/14.2.rel1/arm-none-eabi/arm-none-eabi/lib/thumb/v6-m/nofp/libc_nano.a(libc_a-writer.o)
                0x08005d64                _write_r
 .text          0x08005d8c        0x0 /Applications/ArmGNUToolchain/14.2.rel1/arm-none-eabi/arm-none-eabi/lib/thumb/v6-m/nofp/libc_nano.a(libc_a-closer.o)
 .text._close_r
                0x08005d8c       0x24 /Applications/ArmGNUToolchain/14.2.rel1/arm-none-eabi/arm-none-eabi/lib/thumb/v6-m/nofp/libc_nano.a(libc_a-closer.o)
                0x08005d8c                _close_r
 .text          0x08005db0       0x14 /Applications/ArmGNUToolchain/14.2.rel1/arm-none-eabi/lib/gcc/arm-none-eabi/14.2.1/thumb/v6-m/nofp/libgcc.a(_thumb1_case_shi.o)
                0x08005db0                __gnu_thumb1_case_shi
 .text          0x08005dc4      0x114 /Applications/ArmGNUToolchain/14.2.rel1/arm-none-eabi/lib/gcc/arm-none-eabi/14.2.1/thumb/v6-m/nofp/libgcc.a(_udivsi3.o)
                0x08005dc4                __udivsi3
                0x08005dc4                __aeabi_uidiv
                0x08005ed0                __aeabi_uidivmod
 *(.rodata*)
 .rodata        0x08005ed8      0x3a6 main.o
 *fill*         0x0800627e        0x2 
 .rodata        0x08006280       0x7c startup.o
 .rodata.__aeabi_fdiv
                0x080062fc       0x7c /Applications/ArmGNUToolchain/14.2.rel1/arm-none-eabi/lib/gcc/arm-none-eabi/14.2.1/thumb/v6-m/nofp/libgcc.a(divsf3.o)
 .rodata._svfprintf_r.str1.1
                0x08006378       0x33 /Applications/ArmGNUToolchain/14.2.rel1/arm-none-eabi/arm-none-eabi/lib/thumb/v6-m/nofp/libc_nano.a(libc_a-nano-svfprintf.o)
                                 0x11 (size before relaxing)
 .rodata._vfprintf_r.str1.1
                0x080063ab       0x11 /Applications/ArmGNUToolchain/14.2.rel1/arm-none-eabi/arm-none-eabi/lib/thumb/v6-m/nofp/libc_nano.a(libc_a-nano-vfprintf.o)
 .rodata._printf_i.str1.1
                0x080063ab       0x22 /Applications/ArmGNUToolchain/14.2.rel1/arm-none-eabi/arm-none-eabi/lib/thumb/v6-m/nofp/libc_nano.a(libc_a-nano-vfprintf_i.o)
                0x080063d0                        . = ALIGN (0x4)
 *fill*         0x080063ab        0x1 
                0x080063ac                        PROVIDE (__init_array_start = .)
 *(SORT_BY_NAME(.init_array.*))
 *(.init_array)
                0x080063ac                        PROVIDE (__init_array_end = .)
                0x080063ac                        . = ALIGN (0x4)
                0x080063ac                        _etext = .

.glue_7         0x080063ac        0x0
 .glue_7        0x080063ac        0x0 linker stubs

.glue_7t        0x080063ac        0x0
 .glue_7t       0x080063ac        0x0 linker stubs

.vfp11_veneer   0x080063ac        0x0
 .vfp11_veneer  0x080063ac        0x0 linker stubs

.v4_bx          0x080063ac        0x0
 .v4_bx         0x080063ac        0x0 linker stubs

.iplt           0x080063ac        0x0
 .iplt          0x080063ac        0x0 main.o

.rel.dyn        0x080063ac        0x0
 .rel.iplt      0x080063ac        0x0 main.o

.data           0x20000000       0x64 load address 0x080063ac
                0x20000000                        . = ALIGN (0x4)
                0x20000000                        _data = .
 *(.data*)
 .data          0x20000000        0x2 main.o
                0x20000000                ISR_pwm1
                0x20000001                ISR_pwm2
 .data          0x20000002        0x0 UART2.o
 .data          0x20000002        0x0 startup.o
 .data          0x20000002        0x0 serial.o
 *fill*         0x20000002        0x2 
 .data          0x20000004        0x4 newlib_stubs.o
                0x20000004                environ
 .data          0x20000008        0x0 adc.o
 .data          0x20000008        0x0 /Applications/ArmGNUToolchain/14.2.rel1/arm-none-eabi/arm-none-eabi/lib/thumb/v6-m/nofp/libnosys.a(errno.o)
 .data          0x20000008        0x0 /Applications/ArmGNUToolchain/14.2.rel1/arm-none-eabi/lib/gcc/arm-none-eabi/14.2.1/thumb/v6-m/nofp/libgcc.a(_divsi3.o)
 .data          0x20000008        0x0 /Applications/ArmGNUToolchain/14.2.rel1/arm-none-eabi/lib/gcc/arm-none-eabi/14.2.1/thumb/v6-m/nofp/libgcc.a(_dvmd_tls.o)
 .data          0x20000008        0x0 /Applications/ArmGNUToolchain/14.2.rel1/arm-none-eabi/lib/gcc/arm-none-eabi/14.2.1/thumb/v6-m/nofp/libgcc.a(_arm_cmpdf2.o)
 .data          0x20000008        0x0 /Applications/ArmGNUToolchain/14.2.rel1/arm-none-eabi/lib/gcc/arm-none-eabi/14.2.1/thumb/v6-m/nofp/libgcc.a(_arm_cmpsf2.o)
 .data          0x20000008        0x0 /Applications/ArmGNUToolchain/14.2.rel1/arm-none-eabi/lib/gcc/arm-none-eabi/14.2.1/thumb/v6-m/nofp/libgcc.a(_floatdisf.o)
 .data          0x20000008        0x0 /Applications/ArmGNUToolchain/14.2.rel1/arm-none-eabi/lib/gcc/arm-none-eabi/14.2.1/thumb/v6-m/nofp/libgcc.a(addsf3.o)
 .data          0x20000008        0x0 /Applications/ArmGNUToolchain/14.2.rel1/arm-none-eabi/lib/gcc/arm-none-eabi/14.2.1/thumb/v6-m/nofp/libgcc.a(divsf3.o)
 .data          0x20000008        0x0 /Applications/ArmGNUToolchain/14.2.rel1/arm-none-eabi/lib/gcc/arm-none-eabi/14.2.1/thumb/v6-m/nofp/libgcc.a(eqsf2.o)
 .data          0x20000008        0x0 /Applications/ArmGNUToolchain/14.2.rel1/arm-none-eabi/lib/gcc/arm-none-eabi/14.2.1/thumb/v6-m/nofp/libgcc.a(gesf2.o)
 .data          0x20000008        0x0 /Applications/ArmGNUToolchain/14.2.rel1/arm-none-eabi/lib/gcc/arm-none-eabi/14.2.1/thumb/v6-m/nofp/libgcc.a(lesf2.o)
 .data          0x20000008        0x0 /Applications/ArmGNUToolchain/14.2.rel1/arm-none-eabi/lib/gcc/arm-none-eabi/14.2.1/thumb/v6-m/nofp/libgcc.a(mulsf3.o)
 .data          0x20000008        0x0 /Applications/ArmGNUToolchain/14.2.rel1/arm-none-eabi/lib/gcc/arm-none-eabi/14.2.1/thumb/v6-m/nofp/libgcc.a(subsf3.o)
 .data          0x20000008        0x0 /Applications/ArmGNUToolchain/14.2.rel1/arm-none-eabi/lib/gcc/arm-none-eabi/14.2.1/thumb/v6-m/nofp/libgcc.a(fixsfsi.o)
 .data          0x20000008        0x0 /Applications/ArmGNUToolchain/14.2.rel1/arm-none-eabi/lib/gcc/arm-none-eabi/14.2.1/thumb/v6-m/nofp/libgcc.a(adddf3.o)
 .data          0x20000008        0x0 /Applications/ArmGNUToolchain/14.2.rel1/arm-none-eabi/lib/gcc/arm-none-eabi/14.2.1/thumb/v6-m/nofp/libgcc.a(eqdf2.o)
 .data          0x20000008        0x0 /Applications/ArmGNUToolchain/14.2.rel1/arm-none-eabi/lib/gcc/arm-none-eabi/14.2.1/thumb/v6-m/nofp/libgcc.a(gedf2.o)
 .data          0x20000008        0x0 /Applications/ArmGNUToolchain/14.2.rel1/arm-none-eabi/lib/gcc/arm-none-eabi/14.2.1/thumb/v6-m/nofp/libgcc.a(ledf2.o)
 .data          0x20000008        0x0 /Applications/ArmGNUToolchain/14.2.rel1/arm-none-eabi/lib/gcc/arm-none-eabi/14.2.1/thumb/v6-m/nofp/libgcc.a(muldf3.o)
 .data          0x20000008        0x0 /Applications/ArmGNUToolchain/14.2.rel1/arm-none-eabi/lib/gcc/arm-none-eabi/14.2.1/thumb/v6-m/nofp/libgcc.a(floatsidf.o)
 .data          0x20000008        0x0 /Applications/ArmGNUToolchain/14.2.rel1/arm-none-eabi/lib/gcc/arm-none-eabi/14.2.1/thumb/v6-m/nofp/libgcc.a(floatunsidf.o)
 .data          0x20000008        0x0 /Applications/ArmGNUToolchain/14.2.rel1/arm-none-eabi/lib/gcc/arm-none-eabi/14.2.1/thumb/v6-m/nofp/libgcc.a(extendsfdf2.o)
 .data          0x20000008        0x0 /Applications/ArmGNUToolchain/14.2.rel1/arm-none-eabi/lib/gcc/arm-none-eabi/14.2.1/thumb/v6-m/nofp/libgcc.a(truncdfsf2.o)
 .data          0x20000008        0x0 /Applications/ArmGNUToolchain/14.2.rel1/arm-none-eabi/lib/gcc/arm-none-eabi/14.2.1/thumb/v6-m/nofp/libgcc.a(_clzsi2.o)
 .data          0x20000008        0x0 /Applications/ArmGNUToolchain/14.2.rel1/arm-none-eabi/arm-none-eabi/lib/thumb/v6-m/nofp/libc_nano.a(libc_a-sprintf.o)
 .data          0x20000008        0x0 /Applications/ArmGNUToolchain/14.2.rel1/arm-none-eabi/arm-none-eabi/lib/thumb/v6-m/nofp/libc_nano.a(libc_a-printf.o)
 .data          0x20000008        0x0 /Applications/ArmGNUToolchain/14.2.rel1/arm-none-eabi/arm-none-eabi/lib/thumb/v6-m/nofp/libc_nano.a(libc_a-puts.o)
 .data          0x20000008        0x0 /Applications/ArmGNUToolchain/14.2.rel1/arm-none-eabi/arm-none-eabi/lib/thumb/v6-m/nofp/libc_nano.a(libc_a-lock.o)
 .data          0x20000008        0x0 /Applications/ArmGNUToolchain/14.2.rel1/arm-none-eabi/arm-none-eabi/lib/thumb/v6-m/nofp/libc_nano.a(libc_a-impure.o)
 .data._impure_ptr
                0x20000008        0x4 /Applications/ArmGNUToolchain/14.2.rel1/arm-none-eabi/arm-none-eabi/lib/thumb/v6-m/nofp/libc_nano.a(libc_a-impure.o)
                0x20000008                _impure_ptr
 .data._impure_data
                0x2000000c       0x4c /Applications/ArmGNUToolchain/14.2.rel1/arm-none-eabi/arm-none-eabi/lib/thumb/v6-m/nofp/libc_nano.a(libc_a-impure.o)
                0x2000000c                _impure_data
 .data          0x20000058        0x0 /Applications/ArmGNUToolchain/14.2.rel1/arm-none-eabi/arm-none-eabi/lib/thumb/v6-m/nofp/libc_nano.a(libc_a-strlen.o)
 .data          0x20000058        0x0 /Applications/ArmGNUToolchain/14.2.rel1/arm-none-eabi/arm-none-eabi/lib/thumb/v6-m/nofp/libc_nano.a(libc_a-nano-svfprintf.o)
 .data          0x20000058        0x0 /Applications/ArmGNUToolchain/14.2.rel1/arm-none-eabi/arm-none-eabi/lib/thumb/v6-m/nofp/libc_nano.a(libc_a-nano-vfprintf.o)
 .data          0x20000058        0x0 /Applications/ArmGNUToolchain/14.2.rel1/arm-none-eabi/arm-none-eabi/lib/thumb/v6-m/nofp/libc_nano.a(libc_a-mallocr.o)
 .data          0x20000058        0x0 /Applications/ArmGNUToolchain/14.2.rel1/arm-none-eabi/arm-none-eabi/lib/thumb/v6-m/nofp/libc_nano.a(libc_a-nano-vfprintf_i.o)
 .data          0x20000058        0x0 /Applications/ArmGNUToolchain/14.2.rel1/arm-none-eabi/arm-none-eabi/lib/thumb/v6-m/nofp/libc_nano.a(libc_a-mlock.o)
 .data          0x20000058        0x0 /Applications/ArmGNUToolchain/14.2.rel1/arm-none-eabi/arm-none-eabi/lib/thumb/v6-m/nofp/libc_nano.a(libc_a-findfp.o)
 .data.__sglue  0x20000058        0xc /Applications/ArmGNUToolchain/14.2.rel1/arm-none-eabi/arm-none-eabi/lib/thumb/v6-m/nofp/libc_nano.a(libc_a-findfp.o)
                0x20000058                __sglue
 .data          0x20000064        0x0 /Applications/ArmGNUToolchain/14.2.rel1/arm-none-eabi/arm-none-eabi/lib/thumb/v6-m/nofp/libc_nano.a(libc_a-reallocr.o)
 .data          0x20000064        0x0 /Applications/ArmGNUToolchain/14.2.rel1/arm-none-eabi/arm-none-eabi/lib/thumb/v6-m/nofp/libc_nano.a(libc_a-wbuf.o)
 .data          0x20000064        0x0 /Applications/ArmGNUToolchain/14.2.rel1/arm-none-eabi/arm-none-eabi/lib/thumb/v6-m/nofp/libc_nano.a(libc_a-wsetup.o)
 .data          0x20000064        0x0 /Applications/ArmGNUToolchain/14.2.rel1/arm-none-eabi/arm-none-eabi/lib/thumb/v6-m/nofp/libc_nano.a(libc_a-fvwrite.o)
 .data          0x20000064        0x0 /Applications/ArmGNUToolchain/14.2.rel1/arm-none-eabi/arm-none-eabi/lib/thumb/v6-m/nofp/libc_nano.a(libc_a-fwalk.o)
 .data          0x20000064        0x0 /Applications/ArmGNUToolchain/14.2.rel1/arm-none-eabi/arm-none-eabi/lib/thumb/v6-m/nofp/libc_nano.a(libc_a-makebuf.o)
 .data          0x20000064        0x0 /Applications/ArmGNUToolchain/14.2.rel1/arm-none-eabi/arm-none-eabi/lib/thumb/v6-m/nofp/libc_nano.a(libc_a-memmove.o)
 .data          0x20000064        0x0 /Applications/ArmGNUToolchain/14.2.rel1/arm-none-eabi/arm-none-eabi/lib/thumb/v6-m/nofp/libc_nano.a(libc_a-memset.o)
 .data          0x20000064        0x0 /Applications/ArmGNUToolchain/14.2.rel1/arm-none-eabi/arm-none-eabi/lib/thumb/v6-m/nofp/libc_nano.a(libc_a-isattyr.o)
 .data          0x20000064        0x0 /Applications/ArmGNUToolchain/14.2.rel1/arm-none-eabi/arm-none-eabi/lib/thumb/v6-m/nofp/libc_nano.a(libc_a-sbrkr.o)
 .data          0x20000064        0x0 /Applications/ArmGNUToolchain/14.2.rel1/arm-none-eabi/arm-none-eabi/lib/thumb/v6-m/nofp/libc_nano.a(libc_a-fstatr.o)
 .data          0x20000064        0x0 /Applications/ArmGNUToolchain/14.2.rel1/arm-none-eabi/arm-none-eabi/lib/thumb/v6-m/nofp/libc_nano.a(libc_a-memchr-stub.o)
 .data          0x20000064        0x0 /Applications/ArmGNUToolchain/14.2.rel1/arm-none-eabi/arm-none-eabi/lib/thumb/v6-m/nofp/libc_nano.a(libc_a-memcpy-stub.o)
 .data          0x20000064        0x0 /Applications/ArmGNUToolchain/14.2.rel1/arm-none-eabi/arm-none-eabi/lib/thumb/v6-m/nofp/libc_nano.a(libc_a-freer.o)
 .data          0x20000064        0x0 /Applications/ArmGNUToolchain/14.2.rel1/arm-none-eabi/arm-none-eabi/lib/thumb/v6-m/nofp/libc_nano.a(libc_a-fflush.o)
 .data          0x20000064        0x0 /Applications/ArmGNUToolchain/14.2.rel1/arm-none-eabi/arm-none-eabi/lib/thumb/v6-m/nofp/libc_nano.a(libc_a-msizer.o)
 .data          0x20000064        0x0 /Applications/ArmGNUToolchain/14.2.rel1/arm-none-eabi/arm-none-eabi/lib/thumb/v6-m/nofp/libc_nano.a(libc_a-stdio.o)
 .data          0x20000064        0x0 /Applications/ArmGNUToolchain/14.2.rel1/arm-none-eabi/arm-none-eabi/lib/thumb/v6-m/nofp/libc_nano.a(libc_a-lseekr.o)
 .data          0x20000064        0x0 /Applications/ArmGNUToolchain/14.2.rel1/arm-none-eabi/arm-none-eabi/lib/thumb/v6-m/nofp/libc_nano.a(libc_a-readr.o)
 .data          0x20000064        0x0 /Applications/ArmGNUToolchain/14.2.rel1/arm-none-eabi/arm-none-eabi/lib/thumb/v6-m/nofp/libc_nano.a(libc_a-writer.o)
 .data          0x20000064        0x0 /Applications/ArmGNUToolchain/14.2.rel1/arm-none-eabi/arm-none-eabi/lib/thumb/v6-m/nofp/libc_nano.a(libc_a-closer.o)
 .data          0x20000064        0x0 /Applications/ArmGNUToolchain/14.2.rel1/arm-none-eabi/lib/gcc/arm-none-eabi/14.2.1/thumb/v6-m/nofp/libgcc.a(_thumb1_case_shi.o)
 .data          0x20000064        0x0 /Applications/ArmGNUToolchain/14.2.rel1/arm-none-eabi/lib/gcc/arm-none-eabi/14.2.1/thumb/v6-m/nofp/libgcc.a(_udivsi3.o)
                0x20000064                        . = ALIGN (0x4)
                0x20000064                        _edata = .

.igot.plt       0x20000064        0x0 load address 0x08006410
 .igot.plt      0x20000064        0x0 main.o

.bss            0x20000064      0x2d0 load address 0x08006410
                0x20000064                        _bss = .
 *(.bss*)
 .bss           0x20000064       0x2e main.o
                0x20000064                PWM_Counter
                0x20000068                freqBuffer
                0x20000090                sampleIndex
                0x20000091                coinDetected
 *fill*         0x20000092        0x2 
 .bss           0x20000094       0xa4 UART2.o
                0x20000094                ComRXBuffer2
                0x200000e0                ComTXBuffer2
                0x2000012c                ComOpen2
                0x20000130                ComError2
                0x20000134                ComBusy2
 .bss           0x20000138        0x0 startup.o
 .bss           0x20000138       0xa4 serial.o
                0x20000138                ComRXBuffer
                0x20000184                ComTXBuffer
                0x200001d0                ComOpen
                0x200001d4                ComError
                0x200001d8                ComBusy
 .bss           0x200001dc        0x8 newlib_stubs.o
                0x200001dc                __env
 .bss           0x200001e4        0x0 adc.o
 .bss           0x200001e4        0x0 /Applications/ArmGNUToolchain/14.2.rel1/arm-none-eabi/arm-none-eabi/lib/thumb/v6-m/nofp/libnosys.a(errno.o)
 .bss.errno     0x200001e4        0x4 /Applications/ArmGNUToolchain/14.2.rel1/arm-none-eabi/arm-none-eabi/lib/thumb/v6-m/nofp/libnosys.a(errno.o)
                0x200001e4                errno
 .bss           0x200001e8        0x0 /Applications/ArmGNUToolchain/14.2.rel1/arm-none-eabi/lib/gcc/arm-none-eabi/14.2.1/thumb/v6-m/nofp/libgcc.a(_divsi3.o)
 .bss           0x200001e8        0x0 /Applications/ArmGNUToolchain/14.2.rel1/arm-none-eabi/lib/gcc/arm-none-eabi/14.2.1/thumb/v6-m/nofp/libgcc.a(_dvmd_tls.o)
 .bss           0x200001e8        0x0 /Applications/ArmGNUToolchain/14.2.rel1/arm-none-eabi/lib/gcc/arm-none-eabi/14.2.1/thumb/v6-m/nofp/libgcc.a(_arm_cmpdf2.o)
 .bss           0x200001e8        0x0 /Applications/ArmGNUToolchain/14.2.rel1/arm-none-eabi/lib/gcc/arm-none-eabi/14.2.1/thumb/v6-m/nofp/libgcc.a(_arm_cmpsf2.o)
 .bss           0x200001e8        0x0 /Applications/ArmGNUToolchain/14.2.rel1/arm-none-eabi/lib/gcc/arm-none-eabi/14.2.1/thumb/v6-m/nofp/libgcc.a(_floatdisf.o)
 .bss           0x200001e8        0x0 /Applications/ArmGNUToolchain/14.2.rel1/arm-none-eabi/lib/gcc/arm-none-eabi/14.2.1/thumb/v6-m/nofp/libgcc.a(addsf3.o)
 .bss           0x200001e8        0x0 /Applications/ArmGNUToolchain/14.2.rel1/arm-none-eabi/lib/gcc/arm-none-eabi/14.2.1/thumb/v6-m/nofp/libgcc.a(divsf3.o)
 .bss           0x200001e8        0x0 /Applications/ArmGNUToolchain/14.2.rel1/arm-none-eabi/lib/gcc/arm-none-eabi/14.2.1/thumb/v6-m/nofp/libgcc.a(eqsf2.o)
 .bss           0x200001e8        0x0 /Applications/ArmGNUToolchain/14.2.rel1/arm-none-eabi/lib/gcc/arm-none-eabi/14.2.1/thumb/v6-m/nofp/libgcc.a(gesf2.o)
 .bss           0x200001e8        0x0 /Applications/ArmGNUToolchain/14.2.rel1/arm-none-eabi/lib/gcc/arm-none-eabi/14.2.1/thumb/v6-m/nofp/libgcc.a(lesf2.o)
 .bss           0x200001e8        0x0 /Applications/ArmGNUToolchain/14.2.rel1/arm-none-eabi/lib/gcc/arm-none-eabi/14.2.1/thumb/v6-m/nofp/libgcc.a(mulsf3.o)
 .bss           0x200001e8        0x0 /Applications/ArmGNUToolchain/14.2.rel1/arm-none-eabi/lib/gcc/arm-none-eabi/14.2.1/thumb/v6-m/nofp/libgcc.a(subsf3.o)
 .bss           0x200001e8        0x0 /Applications/ArmGNUToolchain/14.2.rel1/arm-none-eabi/lib/gcc/arm-none-eabi/14.2.1/thumb/v6-m/nofp/libgcc.a(fixsfsi.o)
 .bss           0x200001e8        0x0 /Applications/ArmGNUToolchain/14.2.rel1/arm-none-eabi/lib/gcc/arm-none-eabi/14.2.1/thumb/v6-m/nofp/libgcc.a(adddf3.o)
 .bss           0x200001e8        0x0 /Applications/ArmGNUToolchain/14.2.rel1/arm-none-eabi/lib/gcc/arm-none-eabi/14.2.1/thumb/v6-m/nofp/libgcc.a(eqdf2.o)
 .bss           0x200001e8        0x0 /Applications/ArmGNUToolchain/14.2.rel1/arm-none-eabi/lib/gcc/arm-none-eabi/14.2.1/thumb/v6-m/nofp/libgcc.a(gedf2.o)
 .bss           0x200001e8        0x0 /Applications/ArmGNUToolchain/14.2.rel1/arm-none-eabi/lib/gcc/arm-none-eabi/14.2.1/thumb/v6-m/nofp/libgcc.a(ledf2.o)
 .bss           0x200001e8        0x0 /Applications/ArmGNUToolchain/14.2.rel1/arm-none-eabi/lib/gcc/arm-none-eabi/14.2.1/thumb/v6-m/nofp/libgcc.a(muldf3.o)
 .bss           0x200001e8        0x0 /Applications/ArmGNUToolchain/14.2.rel1/arm-none-eabi/lib/gcc/arm-none-eabi/14.2.1/thumb/v6-m/nofp/libgcc.a(floatsidf.o)
 .bss           0x200001e8        0x0 /Applications/ArmGNUToolchain/14.2.rel1/arm-none-eabi/lib/gcc/arm-none-eabi/14.2.1/thumb/v6-m/nofp/libgcc.a(floatunsidf.o)
 .bss           0x200001e8        0x0 /Applications/ArmGNUToolchain/14.2.rel1/arm-none-eabi/lib/gcc/arm-none-eabi/14.2.1/thumb/v6-m/nofp/libgcc.a(extendsfdf2.o)
 .bss           0x200001e8        0x0 /Applications/ArmGNUToolchain/14.2.rel1/arm-none-eabi/lib/gcc/arm-none-eabi/14.2.1/thumb/v6-m/nofp/libgcc.a(truncdfsf2.o)
 .bss           0x200001e8        0x0 /Applications/ArmGNUToolchain/14.2.rel1/arm-none-eabi/lib/gcc/arm-none-eabi/14.2.1/thumb/v6-m/nofp/libgcc.a(_clzsi2.o)
 .bss           0x200001e8        0x0 /Applications/ArmGNUToolchain/14.2.rel1/arm-none-eabi/arm-none-eabi/lib/thumb/v6-m/nofp/libc_nano.a(libc_a-sprintf.o)
 .bss           0x200001e8        0x0 /Applications/ArmGNUToolchain/14.2.rel1/arm-none-eabi/arm-none-eabi/lib/thumb/v6-m/nofp/libc_nano.a(libc_a-printf.o)
 .bss           0x200001e8        0x0 /Applications/ArmGNUToolchain/14.2.rel1/arm-none-eabi/arm-none-eabi/lib/thumb/v6-m/nofp/libc_nano.a(libc_a-puts.o)
 .bss           0x200001e8        0x0 /Applications/ArmGNUToolchain/14.2.rel1/arm-none-eabi/arm-none-eabi/lib/thumb/v6-m/nofp/libc_nano.a(libc_a-lock.o)
 .bss.__lock___arc4random_mutex
                0x200001e8        0x1 /Applications/ArmGNUToolchain/14.2.rel1/arm-none-eabi/arm-none-eabi/lib/thumb/v6-m/nofp/libc_nano.a(libc_a-lock.o)
                0x200001e8                __lock___arc4random_mutex
 .bss.__lock___dd_hash_mutex
                0x200001e9        0x1 /Applications/ArmGNUToolchain/14.2.rel1/arm-none-eabi/arm-none-eabi/lib/thumb/v6-m/nofp/libc_nano.a(libc_a-lock.o)
                0x200001e9                __lock___dd_hash_mutex
 .bss.__lock___tz_mutex
                0x200001ea        0x1 /Applications/ArmGNUToolchain/14.2.rel1/arm-none-eabi/arm-none-eabi/lib/thumb/v6-m/nofp/libc_nano.a(libc_a-lock.o)
                0x200001ea                __lock___tz_mutex
 .bss.__lock___env_recursive_mutex
                0x200001eb        0x1 /Applications/ArmGNUToolchain/14.2.rel1/arm-none-eabi/arm-none-eabi/lib/thumb/v6-m/nofp/libc_nano.a(libc_a-lock.o)
                0x200001eb                __lock___env_recursive_mutex
 .bss.__lock___malloc_recursive_mutex
                0x200001ec        0x1 /Applications/ArmGNUToolchain/14.2.rel1/arm-none-eabi/arm-none-eabi/lib/thumb/v6-m/nofp/libc_nano.a(libc_a-lock.o)
                0x200001ec                __lock___malloc_recursive_mutex
 .bss.__lock___at_quick_exit_mutex
                0x200001ed        0x1 /Applications/ArmGNUToolchain/14.2.rel1/arm-none-eabi/arm-none-eabi/lib/thumb/v6-m/nofp/libc_nano.a(libc_a-lock.o)
                0x200001ed                __lock___at_quick_exit_mutex
 .bss.__lock___atexit_recursive_mutex
                0x200001ee        0x1 /Applications/ArmGNUToolchain/14.2.rel1/arm-none-eabi/arm-none-eabi/lib/thumb/v6-m/nofp/libc_nano.a(libc_a-lock.o)
                0x200001ee                __lock___atexit_recursive_mutex
 .bss.__lock___sfp_recursive_mutex
                0x200001ef        0x1 /Applications/ArmGNUToolchain/14.2.rel1/arm-none-eabi/arm-none-eabi/lib/thumb/v6-m/nofp/libc_nano.a(libc_a-lock.o)
                0x200001ef                __lock___sfp_recursive_mutex
 .bss           0x200001f0        0x0 /Applications/ArmGNUToolchain/14.2.rel1/arm-none-eabi/arm-none-eabi/lib/thumb/v6-m/nofp/libc_nano.a(libc_a-impure.o)
 .bss           0x200001f0        0x0 /Applications/ArmGNUToolchain/14.2.rel1/arm-none-eabi/arm-none-eabi/lib/thumb/v6-m/nofp/libc_nano.a(libc_a-strlen.o)
 .bss           0x200001f0        0x0 /Applications/ArmGNUToolchain/14.2.rel1/arm-none-eabi/arm-none-eabi/lib/thumb/v6-m/nofp/libc_nano.a(libc_a-nano-svfprintf.o)
 .bss           0x200001f0        0x0 /Applications/ArmGNUToolchain/14.2.rel1/arm-none-eabi/arm-none-eabi/lib/thumb/v6-m/nofp/libc_nano.a(libc_a-nano-vfprintf.o)
 .bss           0x200001f0        0x0 /Applications/ArmGNUToolchain/14.2.rel1/arm-none-eabi/arm-none-eabi/lib/thumb/v6-m/nofp/libc_nano.a(libc_a-mallocr.o)
 .bss.__malloc_sbrk_start
                0x200001f0        0x4 /Applications/ArmGNUToolchain/14.2.rel1/arm-none-eabi/arm-none-eabi/lib/thumb/v6-m/nofp/libc_nano.a(libc_a-mallocr.o)
                0x200001f0                __malloc_sbrk_start
 .bss.__malloc_free_list
                0x200001f4        0x4 /Applications/ArmGNUToolchain/14.2.rel1/arm-none-eabi/arm-none-eabi/lib/thumb/v6-m/nofp/libc_nano.a(libc_a-mallocr.o)
                0x200001f4                __malloc_free_list
 .bss           0x200001f8        0x0 /Applications/ArmGNUToolchain/14.2.rel1/arm-none-eabi/arm-none-eabi/lib/thumb/v6-m/nofp/libc_nano.a(libc_a-nano-vfprintf_i.o)
 .bss           0x200001f8        0x0 /Applications/ArmGNUToolchain/14.2.rel1/arm-none-eabi/arm-none-eabi/lib/thumb/v6-m/nofp/libc_nano.a(libc_a-mlock.o)
 .bss           0x200001f8        0x0 /Applications/ArmGNUToolchain/14.2.rel1/arm-none-eabi/arm-none-eabi/lib/thumb/v6-m/nofp/libc_nano.a(libc_a-findfp.o)
 .bss.__sf      0x200001f8      0x138 /Applications/ArmGNUToolchain/14.2.rel1/arm-none-eabi/arm-none-eabi/lib/thumb/v6-m/nofp/libc_nano.a(libc_a-findfp.o)
                0x200001f8                __sf
 .bss.__stdio_exit_handler
                0x20000330        0x4 /Applications/ArmGNUToolchain/14.2.rel1/arm-none-eabi/arm-none-eabi/lib/thumb/v6-m/nofp/libc_nano.a(libc_a-findfp.o)
                0x20000330                __stdio_exit_handler
 .bss           0x20000334        0x0 /Applications/ArmGNUToolchain/14.2.rel1/arm-none-eabi/arm-none-eabi/lib/thumb/v6-m/nofp/libc_nano.a(libc_a-reallocr.o)
 .bss           0x20000334        0x0 /Applications/ArmGNUToolchain/14.2.rel1/arm-none-eabi/arm-none-eabi/lib/thumb/v6-m/nofp/libc_nano.a(libc_a-wbuf.o)
 .bss           0x20000334        0x0 /Applications/ArmGNUToolchain/14.2.rel1/arm-none-eabi/arm-none-eabi/lib/thumb/v6-m/nofp/libc_nano.a(libc_a-wsetup.o)
 .bss           0x20000334        0x0 /Applications/ArmGNUToolchain/14.2.rel1/arm-none-eabi/arm-none-eabi/lib/thumb/v6-m/nofp/libc_nano.a(libc_a-fvwrite.o)
 .bss           0x20000334        0x0 /Applications/ArmGNUToolchain/14.2.rel1/arm-none-eabi/arm-none-eabi/lib/thumb/v6-m/nofp/libc_nano.a(libc_a-fwalk.o)
 .bss           0x20000334        0x0 /Applications/ArmGNUToolchain/14.2.rel1/arm-none-eabi/arm-none-eabi/lib/thumb/v6-m/nofp/libc_nano.a(libc_a-makebuf.o)
 .bss           0x20000334        0x0 /Applications/ArmGNUToolchain/14.2.rel1/arm-none-eabi/arm-none-eabi/lib/thumb/v6-m/nofp/libc_nano.a(libc_a-memmove.o)
 .bss           0x20000334        0x0 /Applications/ArmGNUToolchain/14.2.rel1/arm-none-eabi/arm-none-eabi/lib/thumb/v6-m/nofp/libc_nano.a(libc_a-memset.o)
 .bss           0x20000334        0x0 /Applications/ArmGNUToolchain/14.2.rel1/arm-none-eabi/arm-none-eabi/lib/thumb/v6-m/nofp/libc_nano.a(libc_a-isattyr.o)
 .bss           0x20000334        0x0 /Applications/ArmGNUToolchain/14.2.rel1/arm-none-eabi/arm-none-eabi/lib/thumb/v6-m/nofp/libc_nano.a(libc_a-sbrkr.o)
 .bss           0x20000334        0x0 /Applications/ArmGNUToolchain/14.2.rel1/arm-none-eabi/arm-none-eabi/lib/thumb/v6-m/nofp/libc_nano.a(libc_a-fstatr.o)
 .bss           0x20000334        0x0 /Applications/ArmGNUToolchain/14.2.rel1/arm-none-eabi/arm-none-eabi/lib/thumb/v6-m/nofp/libc_nano.a(libc_a-memchr-stub.o)
 .bss           0x20000334        0x0 /Applications/ArmGNUToolchain/14.2.rel1/arm-none-eabi/arm-none-eabi/lib/thumb/v6-m/nofp/libc_nano.a(libc_a-memcpy-stub.o)
 .bss           0x20000334        0x0 /Applications/ArmGNUToolchain/14.2.rel1/arm-none-eabi/arm-none-eabi/lib/thumb/v6-m/nofp/libc_nano.a(libc_a-freer.o)
 .bss           0x20000334        0x0 /Applications/ArmGNUToolchain/14.2.rel1/arm-none-eabi/arm-none-eabi/lib/thumb/v6-m/nofp/libc_nano.a(libc_a-fflush.o)
 .bss           0x20000334        0x0 /Applications/ArmGNUToolchain/14.2.rel1/arm-none-eabi/arm-none-eabi/lib/thumb/v6-m/nofp/libc_nano.a(libc_a-msizer.o)
 .bss           0x20000334        0x0 /Applications/ArmGNUToolchain/14.2.rel1/arm-none-eabi/arm-none-eabi/lib/thumb/v6-m/nofp/libc_nano.a(libc_a-stdio.o)
 .bss           0x20000334        0x0 /Applications/ArmGNUToolchain/14.2.rel1/arm-none-eabi/arm-none-eabi/lib/thumb/v6-m/nofp/libc_nano.a(libc_a-lseekr.o)
 .bss           0x20000334        0x0 /Applications/ArmGNUToolchain/14.2.rel1/arm-none-eabi/arm-none-eabi/lib/thumb/v6-m/nofp/libc_nano.a(libc_a-readr.o)
 .bss           0x20000334        0x0 /Applications/ArmGNUToolchain/14.2.rel1/arm-none-eabi/arm-none-eabi/lib/thumb/v6-m/nofp/libc_nano.a(libc_a-writer.o)
 .bss           0x20000334        0x0 /Applications/ArmGNUToolchain/14.2.rel1/arm-none-eabi/arm-none-eabi/lib/thumb/v6-m/nofp/libc_nano.a(libc_a-closer.o)
 .bss           0x20000334        0x0 /Applications/ArmGNUToolchain/14.2.rel1/arm-none-eabi/lib/gcc/arm-none-eabi/14.2.1/thumb/v6-m/nofp/libgcc.a(_thumb1_case_shi.o)
 .bss           0x20000334        0x0 /Applications/ArmGNUToolchain/14.2.rel1/arm-none-eabi/lib/gcc/arm-none-eabi/14.2.1/thumb/v6-m/nofp/libgcc.a(_udivsi3.o)
 *(COMMON)
                0x20000334                        . = ALIGN (0x4)
                0x20000334                        _ebss = .
                [!provide]                        PROVIDE (end = .)
                0x20000334                        PROVIDE (_HeapStart = .)
                0x20002000                        PROVIDE (_StackTop = (ORIGIN (ram) + LENGTH (ram)))
OUTPUT(main.elf elf32-littlearm)
LOAD linker stubs

.debug_info     0x00000000     0x27b9
 .debug_info    0x00000000      0x9ec main.o
 .debug_info    0x000009ec      0x7b4 UART2.o
 .debug_info    0x000011a0      0x3ad startup.o
 .debug_info    0x0000154d      0x82d serial.o
 .debug_info    0x00001d7a      0x724 newlib_stubs.o
 .debug_info    0x0000249e      0x31b adc.o

.debug_abbrev   0x00000000      0xb2a
 .debug_abbrev  0x00000000      0x31f main.o
 .debug_abbrev  0x0000031f      0x21b UART2.o
 .debug_abbrev  0x0000053a      0x174 startup.o
 .debug_abbrev  0x000006ae      0x1f5 serial.o
 .debug_abbrev  0x000008a3      0x17b newlib_stubs.o
 .debug_abbrev  0x00000a1e      0x10c adc.o

.debug_aranges  0x00000000       0xc8
 .debug_aranges
                0x00000000       0x20 main.o
 .debug_aranges
                0x00000020       0x20 UART2.o
 .debug_aranges
                0x00000040       0x28 startup.o
 .debug_aranges
                0x00000068       0x20 serial.o
 .debug_aranges
                0x00000088       0x20 newlib_stubs.o
 .debug_aranges
                0x000000a8       0x20 adc.o

.debug_line     0x00000000     0x17c9
 .debug_line    0x00000000      0x7bd main.o
 .debug_line    0x000007bd      0x4f5 UART2.o
 .debug_line    0x00000cb2      0x25e startup.o
 .debug_line    0x00000f10      0x49c serial.o
 .debug_line    0x000013ac      0x288 newlib_stubs.o
 .debug_line    0x00001634      0x195 adc.o

.debug_str      0x00000000      0xac6
 .debug_str     0x00000000      0xac6 main.o
                                0x4c3 (size before relaxing)
 .debug_str     0x00000ac6      0x3bd UART2.o
 .debug_str     0x00000ac6      0x2ec startup.o
 .debug_str     0x00000ac6      0x3c4 serial.o
 .debug_str     0x00000ac6      0x3ea newlib_stubs.o
 .debug_str     0x00000ac6      0x280 adc.o

.comment        0x00000000       0x8e
 .comment       0x00000000       0x8e main.o
                                 0x46 (size before relaxing)
 .comment       0x0000008e       0x46 UART2.o
 .comment       0x0000008e       0x4a startup.o
 .comment       0x0000008e       0x4a serial.o
 .comment       0x0000008e       0x4a newlib_stubs.o
 .comment       0x0000008e       0x4a adc.o

.ARM.attributes
                0x00000000       0x2a
 .ARM.attributes
                0x00000000       0x2c main.o
 .ARM.attributes
                0x0000002c       0x2c UART2.o
 .ARM.attributes
                0x00000058       0x2c startup.o
 .ARM.attributes
                0x00000084       0x2c serial.o
 .ARM.attributes
                0x000000b0       0x2c newlib_stubs.o
 .ARM.attributes
                0x000000dc       0x2c adc.o
 .ARM.attributes
                0x00000108       0x2c /Applications/ArmGNUToolchain/14.2.rel1/arm-none-eabi/arm-none-eabi/lib/thumb/v6-m/nofp/libnosys.a(errno.o)
 .ARM.attributes
                0x00000134       0x1e /Applications/ArmGNUToolchain/14.2.rel1/arm-none-eabi/lib/gcc/arm-none-eabi/14.2.1/thumb/v6-m/nofp/libgcc.a(_divsi3.o)
 .ARM.attributes
                0x00000152       0x1e /Applications/ArmGNUToolchain/14.2.rel1/arm-none-eabi/lib/gcc/arm-none-eabi/14.2.1/thumb/v6-m/nofp/libgcc.a(_dvmd_tls.o)
 .ARM.attributes
                0x00000170       0x1e /Applications/ArmGNUToolchain/14.2.rel1/arm-none-eabi/lib/gcc/arm-none-eabi/14.2.1/thumb/v6-m/nofp/libgcc.a(_arm_cmpdf2.o)
 .ARM.attributes
                0x0000018e       0x1e /Applications/ArmGNUToolchain/14.2.rel1/arm-none-eabi/lib/gcc/arm-none-eabi/14.2.1/thumb/v6-m/nofp/libgcc.a(_arm_cmpsf2.o)
 .ARM.attributes
                0x000001ac       0x2c /Applications/ArmGNUToolchain/14.2.rel1/arm-none-eabi/lib/gcc/arm-none-eabi/14.2.1/thumb/v6-m/nofp/libgcc.a(_floatdisf.o)
 .ARM.attributes
                0x000001d8       0x2c /Applications/ArmGNUToolchain/14.2.rel1/arm-none-eabi/lib/gcc/arm-none-eabi/14.2.1/thumb/v6-m/nofp/libgcc.a(addsf3.o)
 .ARM.attributes
                0x00000204       0x2c /Applications/ArmGNUToolchain/14.2.rel1/arm-none-eabi/lib/gcc/arm-none-eabi/14.2.1/thumb/v6-m/nofp/libgcc.a(divsf3.o)
 .ARM.attributes
                0x00000230       0x2c /Applications/ArmGNUToolchain/14.2.rel1/arm-none-eabi/lib/gcc/arm-none-eabi/14.2.1/thumb/v6-m/nofp/libgcc.a(eqsf2.o)
 .ARM.attributes
                0x0000025c       0x2c /Applications/ArmGNUToolchain/14.2.rel1/arm-none-eabi/lib/gcc/arm-none-eabi/14.2.1/thumb/v6-m/nofp/libgcc.a(gesf2.o)
 .ARM.attributes
                0x00000288       0x2c /Applications/ArmGNUToolchain/14.2.rel1/arm-none-eabi/lib/gcc/arm-none-eabi/14.2.1/thumb/v6-m/nofp/libgcc.a(lesf2.o)
 .ARM.attributes
                0x000002b4       0x2c /Applications/ArmGNUToolchain/14.2.rel1/arm-none-eabi/lib/gcc/arm-none-eabi/14.2.1/thumb/v6-m/nofp/libgcc.a(mulsf3.o)
 .ARM.attributes
                0x000002e0       0x2c /Applications/ArmGNUToolchain/14.2.rel1/arm-none-eabi/lib/gcc/arm-none-eabi/14.2.1/thumb/v6-m/nofp/libgcc.a(subsf3.o)
 .ARM.attributes
                0x0000030c       0x2c /Applications/ArmGNUToolchain/14.2.rel1/arm-none-eabi/lib/gcc/arm-none-eabi/14.2.1/thumb/v6-m/nofp/libgcc.a(fixsfsi.o)
 .ARM.attributes
                0x00000338       0x2c /Applications/ArmGNUToolchain/14.2.rel1/arm-none-eabi/lib/gcc/arm-none-eabi/14.2.1/thumb/v6-m/nofp/libgcc.a(adddf3.o)
 .ARM.attributes
                0x00000364       0x2c /Applications/ArmGNUToolchain/14.2.rel1/arm-none-eabi/lib/gcc/arm-none-eabi/14.2.1/thumb/v6-m/nofp/libgcc.a(eqdf2.o)
 .ARM.attributes
                0x00000390       0x2c /Applications/ArmGNUToolchain/14.2.rel1/arm-none-eabi/lib/gcc/arm-none-eabi/14.2.1/thumb/v6-m/nofp/libgcc.a(gedf2.o)
 .ARM.attributes
                0x000003bc       0x2c /Applications/ArmGNUToolchain/14.2.rel1/arm-none-eabi/lib/gcc/arm-none-eabi/14.2.1/thumb/v6-m/nofp/libgcc.a(ledf2.o)
 .ARM.attributes
                0x000003e8       0x2c /Applications/ArmGNUToolchain/14.2.rel1/arm-none-eabi/lib/gcc/arm-none-eabi/14.2.1/thumb/v6-m/nofp/libgcc.a(muldf3.o)
 .ARM.attributes
                0x00000414       0x2c /Applications/ArmGNUToolchain/14.2.rel1/arm-none-eabi/lib/gcc/arm-none-eabi/14.2.1/thumb/v6-m/nofp/libgcc.a(floatsidf.o)
 .ARM.attributes
                0x00000440       0x2c /Applications/ArmGNUToolchain/14.2.rel1/arm-none-eabi/lib/gcc/arm-none-eabi/14.2.1/thumb/v6-m/nofp/libgcc.a(floatunsidf.o)
 .ARM.attributes
                0x0000046c       0x2c /Applications/ArmGNUToolchain/14.2.rel1/arm-none-eabi/lib/gcc/arm-none-eabi/14.2.1/thumb/v6-m/nofp/libgcc.a(extendsfdf2.o)
 .ARM.attributes
                0x00000498       0x2c /Applications/ArmGNUToolchain/14.2.rel1/arm-none-eabi/lib/gcc/arm-none-eabi/14.2.1/thumb/v6-m/nofp/libgcc.a(truncdfsf2.o)
 .ARM.attributes
                0x000004c4       0x1e /Applications/ArmGNUToolchain/14.2.rel1/arm-none-eabi/lib/gcc/arm-none-eabi/14.2.1/thumb/v6-m/nofp/libgcc.a(_clzsi2.o)
 .ARM.attributes
                0x000004e2       0x2c /Applications/ArmGNUToolchain/14.2.rel1/arm-none-eabi/arm-none-eabi/lib/thumb/v6-m/nofp/libc_nano.a(libc_a-sprintf.o)
 .ARM.attributes
                0x0000050e       0x2c /Applications/ArmGNUToolchain/14.2.rel1/arm-none-eabi/arm-none-eabi/lib/thumb/v6-m/nofp/libc_nano.a(libc_a-printf.o)
 .ARM.attributes
                0x0000053a       0x2c /Applications/ArmGNUToolchain/14.2.rel1/arm-none-eabi/arm-none-eabi/lib/thumb/v6-m/nofp/libc_nano.a(libc_a-puts.o)
 .ARM.attributes
                0x00000566       0x2c /Applications/ArmGNUToolchain/14.2.rel1/arm-none-eabi/arm-none-eabi/lib/thumb/v6-m/nofp/libc_nano.a(libc_a-lock.o)
 .ARM.attributes
                0x00000592       0x2c /Applications/ArmGNUToolchain/14.2.rel1/arm-none-eabi/arm-none-eabi/lib/thumb/v6-m/nofp/libc_nano.a(libc_a-impure.o)
 .ARM.attributes
                0x000005be       0x1c /Applications/ArmGNUToolchain/14.2.rel1/arm-none-eabi/arm-none-eabi/lib/thumb/v6-m/nofp/libc_nano.a(libc_a-strlen.o)
 .ARM.attributes
                0x000005da       0x2c /Applications/ArmGNUToolchain/14.2.rel1/arm-none-eabi/arm-none-eabi/lib/thumb/v6-m/nofp/libc_nano.a(libc_a-nano-svfprintf.o)
 .ARM.attributes
                0x00000606       0x2c /Applications/ArmGNUToolchain/14.2.rel1/arm-none-eabi/arm-none-eabi/lib/thumb/v6-m/nofp/libc_nano.a(libc_a-nano-vfprintf.o)
 .ARM.attributes
                0x00000632       0x2c /Applications/ArmGNUToolchain/14.2.rel1/arm-none-eabi/arm-none-eabi/lib/thumb/v6-m/nofp/libc_nano.a(libc_a-mallocr.o)
 .ARM.attributes
                0x0000065e       0x2c /Applications/ArmGNUToolchain/14.2.rel1/arm-none-eabi/arm-none-eabi/lib/thumb/v6-m/nofp/libc_nano.a(libc_a-nano-vfprintf_i.o)
 .ARM.attributes
                0x0000068a       0x2c /Applications/ArmGNUToolchain/14.2.rel1/arm-none-eabi/arm-none-eabi/lib/thumb/v6-m/nofp/libc_nano.a(libc_a-mlock.o)
 .ARM.attributes
                0x000006b6       0x2c /Applications/ArmGNUToolchain/14.2.rel1/arm-none-eabi/arm-none-eabi/lib/thumb/v6-m/nofp/libc_nano.a(libc_a-findfp.o)
 .ARM.attributes
                0x000006e2       0x2c /Applications/ArmGNUToolchain/14.2.rel1/arm-none-eabi/arm-none-eabi/lib/thumb/v6-m/nofp/libc_nano.a(libc_a-reallocr.o)
 .ARM.attributes
                0x0000070e       0x2c /Applications/ArmGNUToolchain/14.2.rel1/arm-none-eabi/arm-none-eabi/lib/thumb/v6-m/nofp/libc_nano.a(libc_a-wbuf.o)
 .ARM.attributes
                0x0000073a       0x2c /Applications/ArmGNUToolchain/14.2.rel1/arm-none-eabi/arm-none-eabi/lib/thumb/v6-m/nofp/libc_nano.a(libc_a-wsetup.o)
 .ARM.attributes
                0x00000766       0x2c /Applications/ArmGNUToolchain/14.2.rel1/arm-none-eabi/arm-none-eabi/lib/thumb/v6-m/nofp/libc_nano.a(libc_a-fvwrite.o)
 .ARM.attributes
                0x00000792       0x2c /Applications/ArmGNUToolchain/14.2.rel1/arm-none-eabi/arm-none-eabi/lib/thumb/v6-m/nofp/libc_nano.a(libc_a-fwalk.o)
 .ARM.attributes
                0x000007be       0x2c /Applications/ArmGNUToolchain/14.2.rel1/arm-none-eabi/arm-none-eabi/lib/thumb/v6-m/nofp/libc_nano.a(libc_a-makebuf.o)
 .ARM.attributes
                0x000007ea       0x2c /Applications/ArmGNUToolchain/14.2.rel1/arm-none-eabi/arm-none-eabi/lib/thumb/v6-m/nofp/libc_nano.a(libc_a-memmove.o)
 .ARM.attributes
                0x00000816       0x2c /Applications/ArmGNUToolchain/14.2.rel1/arm-none-eabi/arm-none-eabi/lib/thumb/v6-m/nofp/libc_nano.a(libc_a-memset.o)
 .ARM.attributes
                0x00000842       0x2c /Applications/ArmGNUToolchain/14.2.rel1/arm-none-eabi/arm-none-eabi/lib/thumb/v6-m/nofp/libc_nano.a(libc_a-isattyr.o)
 .ARM.attributes
                0x0000086e       0x2c /Applications/ArmGNUToolchain/14.2.rel1/arm-none-eabi/arm-none-eabi/lib/thumb/v6-m/nofp/libc_nano.a(libc_a-sbrkr.o)
 .ARM.attributes
                0x0000089a       0x2c /Applications/ArmGNUToolchain/14.2.rel1/arm-none-eabi/arm-none-eabi/lib/thumb/v6-m/nofp/libc_nano.a(libc_a-fstatr.o)
 .ARM.attributes
                0x000008c6       0x2c /Applications/ArmGNUToolchain/14.2.rel1/arm-none-eabi/arm-none-eabi/lib/thumb/v6-m/nofp/libc_nano.a(libc_a-memchr-stub.o)
 .ARM.attributes
                0x000008f2       0x2c /Applications/ArmGNUToolchain/14.2.rel1/arm-none-eabi/arm-none-eabi/lib/thumb/v6-m/nofp/libc_nano.a(libc_a-memcpy-stub.o)
 .ARM.attributes
                0x0000091e       0x2c /Applications/ArmGNUToolchain/14.2.rel1/arm-none-eabi/arm-none-eabi/lib/thumb/v6-m/nofp/libc_nano.a(libc_a-freer.o)
 .ARM.attributes
                0x0000094a       0x2c /Applications/ArmGNUToolchain/14.2.rel1/arm-none-eabi/arm-none-eabi/lib/thumb/v6-m/nofp/libc_nano.a(libc_a-fflush.o)
 .ARM.attributes
                0x00000976       0x2c /Applications/ArmGNUToolchain/14.2.rel1/arm-none-eabi/arm-none-eabi/lib/thumb/v6-m/nofp/libc_nano.a(libc_a-msizer.o)
 .ARM.attributes
                0x000009a2       0x2c /Applications/ArmGNUToolchain/14.2.rel1/arm-none-eabi/arm-none-eabi/lib/thumb/v6-m/nofp/libc_nano.a(libc_a-stdio.o)
 .ARM.attributes
                0x000009ce       0x2c /Applications/ArmGNUToolchain/14.2.rel1/arm-none-eabi/arm-none-eabi/lib/thumb/v6-m/nofp/libc_nano.a(libc_a-lseekr.o)
 .ARM.attributes
                0x000009fa       0x2c /Applications/ArmGNUToolchain/14.2.rel1/arm-none-eabi/arm-none-eabi/lib/thumb/v6-m/nofp/libc_nano.a(libc_a-readr.o)
 .ARM.attributes
                0x00000a26       0x2c /Applications/ArmGNUToolchain/14.2.rel1/arm-none-eabi/arm-none-eabi/lib/thumb/v6-m/nofp/libc_nano.a(libc_a-writer.o)
 .ARM.attributes
                0x00000a52       0x2c /Applications/ArmGNUToolchain/14.2.rel1/arm-none-eabi/arm-none-eabi/lib/thumb/v6-m/nofp/libc_nano.a(libc_a-closer.o)
 .ARM.attributes
                0x00000a7e       0x1e /Applications/ArmGNUToolchain/14.2.rel1/arm-none-eabi/lib/gcc/arm-none-eabi/14.2.1/thumb/v6-m/nofp/libgcc.a(_thumb1_case_shi.o)
 .ARM.attributes
                0x00000a9c       0x1e /Applications/ArmGNUToolchain/14.2.rel1/arm-none-eabi/lib/gcc/arm-none-eabi/14.2.1/thumb/v6-m/nofp/libgcc.a(_udivsi3.o)

.debug_frame    0x00000000     0x15a8
 .debug_frame   0x00000000      0x1c4 main.o
 .debug_frame   0x000001c4      0x204 UART2.o
 .debug_frame   0x000003c8       0x94 startup.o
 .debug_frame   0x0000045c      0x1e8 serial.o
 .debug_frame   0x00000644      0x228 newlib_stubs.o
 .debug_frame   0x0000086c       0x4c adc.o
 .debug_frame   0x000008b8       0x20 /Applications/ArmGNUToolchain/14.2.rel1/arm-none-eabi/lib/gcc/arm-none-eabi/14.2.1/thumb/v6-m/nofp/libgcc.a(_divsi3.o)
 .debug_frame   0x000008d8       0x30 /Applications/ArmGNUToolchain/14.2.rel1/arm-none-eabi/lib/gcc/arm-none-eabi/14.2.1/thumb/v6-m/nofp/libgcc.a(_floatdisf.o)
 .debug_frame   0x00000908       0x38 /Applications/ArmGNUToolchain/14.2.rel1/arm-none-eabi/lib/gcc/arm-none-eabi/14.2.1/thumb/v6-m/nofp/libgcc.a(addsf3.o)
 .debug_frame   0x00000940       0x38 /Applications/ArmGNUToolchain/14.2.rel1/arm-none-eabi/lib/gcc/arm-none-eabi/14.2.1/thumb/v6-m/nofp/libgcc.a(divsf3.o)
 .debug_frame   0x00000978       0x2c /Applications/ArmGNUToolchain/14.2.rel1/arm-none-eabi/lib/gcc/arm-none-eabi/14.2.1/thumb/v6-m/nofp/libgcc.a(eqsf2.o)
 .debug_frame   0x000009a4       0x2c /Applications/ArmGNUToolchain/14.2.rel1/arm-none-eabi/lib/gcc/arm-none-eabi/14.2.1/thumb/v6-m/nofp/libgcc.a(gesf2.o)
 .debug_frame   0x000009d0       0x2c /Applications/ArmGNUToolchain/14.2.rel1/arm-none-eabi/lib/gcc/arm-none-eabi/14.2.1/thumb/v6-m/nofp/libgcc.a(lesf2.o)
 .debug_frame   0x000009fc       0x38 /Applications/ArmGNUToolchain/14.2.rel1/arm-none-eabi/lib/gcc/arm-none-eabi/14.2.1/thumb/v6-m/nofp/libgcc.a(mulsf3.o)
 .debug_frame   0x00000a34       0x38 /Applications/ArmGNUToolchain/14.2.rel1/arm-none-eabi/lib/gcc/arm-none-eabi/14.2.1/thumb/v6-m/nofp/libgcc.a(subsf3.o)
 .debug_frame   0x00000a6c       0x20 /Applications/ArmGNUToolchain/14.2.rel1/arm-none-eabi/lib/gcc/arm-none-eabi/14.2.1/thumb/v6-m/nofp/libgcc.a(fixsfsi.o)
 .debug_frame   0x00000a8c       0x3c /Applications/ArmGNUToolchain/14.2.rel1/arm-none-eabi/lib/gcc/arm-none-eabi/14.2.1/thumb/v6-m/nofp/libgcc.a(adddf3.o)
 .debug_frame   0x00000ac8       0x38 /Applications/ArmGNUToolchain/14.2.rel1/arm-none-eabi/lib/gcc/arm-none-eabi/14.2.1/thumb/v6-m/nofp/libgcc.a(eqdf2.o)
 .debug_frame   0x00000b00       0x3c /Applications/ArmGNUToolchain/14.2.rel1/arm-none-eabi/lib/gcc/arm-none-eabi/14.2.1/thumb/v6-m/nofp/libgcc.a(gedf2.o)
 .debug_frame   0x00000b3c       0x3c /Applications/ArmGNUToolchain/14.2.rel1/arm-none-eabi/lib/gcc/arm-none-eabi/14.2.1/thumb/v6-m/nofp/libgcc.a(ledf2.o)
 .debug_frame   0x00000b78       0x3c /Applications/ArmGNUToolchain/14.2.rel1/arm-none-eabi/lib/gcc/arm-none-eabi/14.2.1/thumb/v6-m/nofp/libgcc.a(muldf3.o)
 .debug_frame   0x00000bb4       0x2c /Applications/ArmGNUToolchain/14.2.rel1/arm-none-eabi/lib/gcc/arm-none-eabi/14.2.1/thumb/v6-m/nofp/libgcc.a(floatsidf.o)
 .debug_frame   0x00000be0       0x28 /Applications/ArmGNUToolchain/14.2.rel1/arm-none-eabi/lib/gcc/arm-none-eabi/14.2.1/thumb/v6-m/nofp/libgcc.a(floatunsidf.o)
 .debug_frame   0x00000c08       0x2c /Applications/ArmGNUToolchain/14.2.rel1/arm-none-eabi/lib/gcc/arm-none-eabi/14.2.1/thumb/v6-m/nofp/libgcc.a(extendsfdf2.o)
 .debug_frame   0x00000c34       0x30 /Applications/ArmGNUToolchain/14.2.rel1/arm-none-eabi/lib/gcc/arm-none-eabi/14.2.1/thumb/v6-m/nofp/libgcc.a(truncdfsf2.o)
 .debug_frame   0x00000c64       0x50 /Applications/ArmGNUToolchain/14.2.rel1/arm-none-eabi/arm-none-eabi/lib/thumb/v6-m/nofp/libc_nano.a(libc_a-sprintf.o)
 .debug_frame   0x00000cb4       0x4c /Applications/ArmGNUToolchain/14.2.rel1/arm-none-eabi/arm-none-eabi/lib/thumb/v6-m/nofp/libc_nano.a(libc_a-printf.o)
 .debug_frame   0x00000d00       0x44 /Applications/ArmGNUToolchain/14.2.rel1/arm-none-eabi/arm-none-eabi/lib/thumb/v6-m/nofp/libc_nano.a(libc_a-puts.o)
 .debug_frame   0x00000d44       0xb0 /Applications/ArmGNUToolchain/14.2.rel1/arm-none-eabi/arm-none-eabi/lib/thumb/v6-m/nofp/libc_nano.a(libc_a-lock.o)
 .debug_frame   0x00000df4       0x74 /Applications/ArmGNUToolchain/14.2.rel1/arm-none-eabi/arm-none-eabi/lib/thumb/v6-m/nofp/libc_nano.a(libc_a-nano-svfprintf.o)
 .debug_frame   0x00000e68       0x9c /Applications/ArmGNUToolchain/14.2.rel1/arm-none-eabi/arm-none-eabi/lib/thumb/v6-m/nofp/libc_nano.a(libc_a-nano-vfprintf.o)
 .debug_frame   0x00000f04       0x50 /Applications/ArmGNUToolchain/14.2.rel1/arm-none-eabi/arm-none-eabi/lib/thumb/v6-m/nofp/libc_nano.a(libc_a-mallocr.o)
 .debug_frame   0x00000f54       0x54 /Applications/ArmGNUToolchain/14.2.rel1/arm-none-eabi/arm-none-eabi/lib/thumb/v6-m/nofp/libc_nano.a(libc_a-nano-vfprintf_i.o)
 .debug_frame   0x00000fa8       0x40 /Applications/ArmGNUToolchain/14.2.rel1/arm-none-eabi/arm-none-eabi/lib/thumb/v6-m/nofp/libc_nano.a(libc_a-mlock.o)
 .debug_frame   0x00000fe8      0x138 /Applications/ArmGNUToolchain/14.2.rel1/arm-none-eabi/arm-none-eabi/lib/thumb/v6-m/nofp/libc_nano.a(libc_a-findfp.o)
 .debug_frame   0x00001120       0x34 /Applications/ArmGNUToolchain/14.2.rel1/arm-none-eabi/arm-none-eabi/lib/thumb/v6-m/nofp/libc_nano.a(libc_a-reallocr.o)
 .debug_frame   0x00001154       0x48 /Applications/ArmGNUToolchain/14.2.rel1/arm-none-eabi/arm-none-eabi/lib/thumb/v6-m/nofp/libc_nano.a(libc_a-wbuf.o)
 .debug_frame   0x0000119c       0x2c /Applications/ArmGNUToolchain/14.2.rel1/arm-none-eabi/arm-none-eabi/lib/thumb/v6-m/nofp/libc_nano.a(libc_a-wsetup.o)
 .debug_frame   0x000011c8       0x30 /Applications/ArmGNUToolchain/14.2.rel1/arm-none-eabi/arm-none-eabi/lib/thumb/v6-m/nofp/libc_nano.a(libc_a-fvwrite.o)
 .debug_frame   0x000011f8       0x34 /Applications/ArmGNUToolchain/14.2.rel1/arm-none-eabi/arm-none-eabi/lib/thumb/v6-m/nofp/libc_nano.a(libc_a-fwalk.o)
 .debug_frame   0x0000122c       0x54 /Applications/ArmGNUToolchain/14.2.rel1/arm-none-eabi/arm-none-eabi/lib/thumb/v6-m/nofp/libc_nano.a(libc_a-makebuf.o)
 .debug_frame   0x00001280       0x28 /Applications/ArmGNUToolchain/14.2.rel1/arm-none-eabi/arm-none-eabi/lib/thumb/v6-m/nofp/libc_nano.a(libc_a-memmove.o)
 .debug_frame   0x000012a8       0x20 /Applications/ArmGNUToolchain/14.2.rel1/arm-none-eabi/arm-none-eabi/lib/thumb/v6-m/nofp/libc_nano.a(libc_a-memset.o)
 .debug_frame   0x000012c8       0x2c /Applications/ArmGNUToolchain/14.2.rel1/arm-none-eabi/arm-none-eabi/lib/thumb/v6-m/nofp/libc_nano.a(libc_a-isattyr.o)
 .debug_frame   0x000012f4       0x2c /Applications/ArmGNUToolchain/14.2.rel1/arm-none-eabi/arm-none-eabi/lib/thumb/v6-m/nofp/libc_nano.a(libc_a-sbrkr.o)
 .debug_frame   0x00001320       0x2c /Applications/ArmGNUToolchain/14.2.rel1/arm-none-eabi/arm-none-eabi/lib/thumb/v6-m/nofp/libc_nano.a(libc_a-fstatr.o)
 .debug_frame   0x0000134c       0x20 /Applications/ArmGNUToolchain/14.2.rel1/arm-none-eabi/arm-none-eabi/lib/thumb/v6-m/nofp/libc_nano.a(libc_a-memchr-stub.o)
 .debug_frame   0x0000136c       0x28 /Applications/ArmGNUToolchain/14.2.rel1/arm-none-eabi/arm-none-eabi/lib/thumb/v6-m/nofp/libc_nano.a(libc_a-memcpy-stub.o)
 .debug_frame   0x00001394       0x2c /Applications/ArmGNUToolchain/14.2.rel1/arm-none-eabi/arm-none-eabi/lib/thumb/v6-m/nofp/libc_nano.a(libc_a-freer.o)
 .debug_frame   0x000013c0       0x68 /Applications/ArmGNUToolchain/14.2.rel1/arm-none-eabi/arm-none-eabi/lib/thumb/v6-m/nofp/libc_nano.a(libc_a-fflush.o)
 .debug_frame   0x00001428       0x20 /Applications/ArmGNUToolchain/14.2.rel1/arm-none-eabi/arm-none-eabi/lib/thumb/v6-m/nofp/libc_nano.a(libc_a-msizer.o)
 .debug_frame   0x00001448       0x90 /Applications/ArmGNUToolchain/14.2.rel1/arm-none-eabi/arm-none-eabi/lib/thumb/v6-m/nofp/libc_nano.a(libc_a-stdio.o)
 .debug_frame   0x000014d8       0x2c /Applications/ArmGNUToolchain/14.2.rel1/arm-none-eabi/arm-none-eabi/lib/thumb/v6-m/nofp/libc_nano.a(libc_a-lseekr.o)
 .debug_frame   0x00001504       0x2c /Applications/ArmGNUToolchain/14.2.rel1/arm-none-eabi/arm-none-eabi/lib/thumb/v6-m/nofp/libc_nano.a(libc_a-readr.o)
 .debug_frame   0x00001530       0x2c /Applications/ArmGNUToolchain/14.2.rel1/arm-none-eabi/arm-none-eabi/lib/thumb/v6-m/nofp/libc_nano.a(libc_a-writer.o)
 .debug_frame   0x0000155c       0x2c /Applications/ArmGNUToolchain/14.2.rel1/arm-none-eabi/arm-none-eabi/lib/thumb/v6-m/nofp/libc_nano.a(libc_a-closer.o)
 .debug_frame   0x00001588       0x20 /Applications/ArmGNUToolchain/14.2.rel1/arm-none-eabi/lib/gcc/arm-none-eabi/14.2.1/thumb/v6-m/nofp/libgcc.a(_udivsi3.o)

.debug_ranges   0x00000000       0x18
 .debug_ranges  0x00000000       0x18 startup.o

.debug_line_str
                0x00000000      0x1ce
 .debug_line_str
                0x00000000      0x1ce /Applications/ArmGNUToolchain/14.2.rel1/arm-none-eabi/lib/gcc/arm-none-eabi/14.2.1/thumb/v6-m/nofp/libgcc.a(_divsi3.o)
                                 0xd2 (size before relaxing)
 .debug_line_str
                0x000001ce       0xd2 /Applications/ArmGNUToolchain/14.2.rel1/arm-none-eabi/lib/gcc/arm-none-eabi/14.2.1/thumb/v6-m/nofp/libgcc.a(_dvmd_tls.o)
 .debug_line_str
                0x000001ce       0xd2 /Applications/ArmGNUToolchain/14.2.rel1/arm-none-eabi/lib/gcc/arm-none-eabi/14.2.1/thumb/v6-m/nofp/libgcc.a(_arm_cmpdf2.o)
 .debug_line_str
                0x000001ce       0xd2 /Applications/ArmGNUToolchain/14.2.rel1/arm-none-eabi/lib/gcc/arm-none-eabi/14.2.1/thumb/v6-m/nofp/libgcc.a(_arm_cmpsf2.o)
 .debug_line_str
                0x000001ce       0xd2 /Applications/ArmGNUToolchain/14.2.rel1/arm-none-eabi/lib/gcc/arm-none-eabi/14.2.1/thumb/v6-m/nofp/libgcc.a(_clzsi2.o)
 .debug_line_str
                0x000001ce       0xf0 /Applications/ArmGNUToolchain/14.2.rel1/arm-none-eabi/arm-none-eabi/lib/thumb/v6-m/nofp/libc_nano.a(libc_a-strlen.o)
 .debug_line_str
                0x000001ce       0xd2 /Applications/ArmGNUToolchain/14.2.rel1/arm-none-eabi/lib/gcc/arm-none-eabi/14.2.1/thumb/v6-m/nofp/libgcc.a(_thumb1_case_shi.o)
 .debug_line_str
                0x000001ce       0xd2 /Applications/ArmGNUToolchain/14.2.rel1/arm-none-eabi/lib/gcc/arm-none-eabi/14.2.1/thumb/v6-m/nofp/libgcc.a(_udivsi3.o)

Cross Reference Table

Symbol                                            File
ADC_COMP_Handler                                  startup.o
ComBusy                                           serial.o
ComBusy2                                          UART2.o
ComError                                          serial.o
ComError2                                         UART2.o
ComOpen                                           serial.o
ComOpen2                                          UART2.o
ComRXBuffer                                       serial.o
ComRXBuffer2                                      UART2.o
ComTXBuffer                                       serial.o
ComTXBuffer2                                      UART2.o
DMA_CH1_Handler                                   startup.o
DMA_CH2_3_Handler                                 startup.o
DMA_CH4_5_6_7_Handler                             startup.o
Default_Handler                                   startup.o
Delay_us                                          main.o
EXTI0_1_Handler                                   startup.o
EXTI2_3_Handler                                   startup.o
EXTI4_15_Handler                                  startup.o
FLASH_Handler                                     startup.o
GetBuf                                            serial.o
GetBuf2                                           UART2.o
GetBufCount                                       serial.o
GetBufCount2                                      UART2.o
GetPeriod                                         main.o
Hard_Fault_Handler                                startup.o
Hardware_Init                                     main.o
I2C1_Handler                                      startup.o
I2C2_Handler                                      startup.o
ISR_pwm1                                          main.o
ISR_pwm2                                          main.o
LPTIM1_Handler                                    startup.o
LPUART1_Handler                                   startup.o
NMI_Handler                                       startup.o
PVD_Handler                                       startup.o
PWM_Counter                                       main.o
PendSV_Handler                                    startup.o
PrintNumber                                       main.o
PutBuf                                            serial.o
PutBuf2                                           UART2.o
RCC_Handler                                       startup.o
RTC_Handler                                       startup.o
ReadCom                                           serial.o
ReadCom2                                          UART2.o
ReceivedBytes2                                    UART2.o
                                                  main.o
ReceptionOff                                      main.o
ResetInit                                         startup.o
SPI1_Handler                                      startup.o
SPI2_Handler                                      startup.o
SVC_Handler                                       startup.o
SendATCommand                                     main.o
SysTick_Handler                                   startup.o
TIM21_Handler                                     startup.o
TIM22_Handler                                     startup.o
TIM2_Handler                                      main.o
TIM6_Handler                                      startup.o
USART1_Handler                                    serial.o
                                                  startup.o
USART2_Handler                                    UART2.o
Vectors                                           startup.o
WWDG_Handler                                      startup.o
WriteCom                                          serial.o
WriteCom2                                         UART2.o
_HeapStart                                        newlib_stubs.o
_StackTop                                         newlib_stubs.o
                                                  startup.o
__aeabi_cdcmpeq                                   /Applications/ArmGNUToolchain/14.2.rel1/arm-none-eabi/lib/gcc/arm-none-eabi/14.2.1/thumb/v6-m/nofp/libgcc.a(_arm_cmpdf2.o)
__aeabi_cdcmple                                   /Applications/ArmGNUToolchain/14.2.rel1/arm-none-eabi/lib/gcc/arm-none-eabi/14.2.1/thumb/v6-m/nofp/libgcc.a(_arm_cmpdf2.o)
__aeabi_cdrcmple                                  /Applications/ArmGNUToolchain/14.2.rel1/arm-none-eabi/lib/gcc/arm-none-eabi/14.2.1/thumb/v6-m/nofp/libgcc.a(_arm_cmpdf2.o)
__aeabi_cfcmpeq                                   /Applications/ArmGNUToolchain/14.2.rel1/arm-none-eabi/lib/gcc/arm-none-eabi/14.2.1/thumb/v6-m/nofp/libgcc.a(_arm_cmpsf2.o)
__aeabi_cfcmple                                   /Applications/ArmGNUToolchain/14.2.rel1/arm-none-eabi/lib/gcc/arm-none-eabi/14.2.1/thumb/v6-m/nofp/libgcc.a(_arm_cmpsf2.o)
__aeabi_cfrcmple                                  /Applications/ArmGNUToolchain/14.2.rel1/arm-none-eabi/lib/gcc/arm-none-eabi/14.2.1/thumb/v6-m/nofp/libgcc.a(_arm_cmpsf2.o)
__aeabi_d2f                                       /Applications/ArmGNUToolchain/14.2.rel1/arm-none-eabi/lib/gcc/arm-none-eabi/14.2.1/thumb/v6-m/nofp/libgcc.a(truncdfsf2.o)
                                                  /Applications/ArmGNUToolchain/14.2.rel1/arm-none-eabi/lib/gcc/arm-none-eabi/14.2.1/thumb/v6-m/nofp/libgcc.a(_floatdisf.o)
__aeabi_dadd                                      /Applications/ArmGNUToolchain/14.2.rel1/arm-none-eabi/lib/gcc/arm-none-eabi/14.2.1/thumb/v6-m/nofp/libgcc.a(adddf3.o)
                                                  /Applications/ArmGNUToolchain/14.2.rel1/arm-none-eabi/lib/gcc/arm-none-eabi/14.2.1/thumb/v6-m/nofp/libgcc.a(_floatdisf.o)
__aeabi_dcmpeq                                    /Applications/ArmGNUToolchain/14.2.rel1/arm-none-eabi/lib/gcc/arm-none-eabi/14.2.1/thumb/v6-m/nofp/libgcc.a(_arm_cmpdf2.o)
__aeabi_dcmpge                                    /Applications/ArmGNUToolchain/14.2.rel1/arm-none-eabi/lib/gcc/arm-none-eabi/14.2.1/thumb/v6-m/nofp/libgcc.a(_arm_cmpdf2.o)
__aeabi_dcmpgt                                    /Applications/ArmGNUToolchain/14.2.rel1/arm-none-eabi/lib/gcc/arm-none-eabi/14.2.1/thumb/v6-m/nofp/libgcc.a(_arm_cmpdf2.o)
                                                  main.o
__aeabi_dcmple                                    /Applications/ArmGNUToolchain/14.2.rel1/arm-none-eabi/lib/gcc/arm-none-eabi/14.2.1/thumb/v6-m/nofp/libgcc.a(_arm_cmpdf2.o)
__aeabi_dcmplt                                    /Applications/ArmGNUToolchain/14.2.rel1/arm-none-eabi/lib/gcc/arm-none-eabi/14.2.1/thumb/v6-m/nofp/libgcc.a(_arm_cmpdf2.o)
                                                  main.o
__aeabi_dmul                                      /Applications/ArmGNUToolchain/14.2.rel1/arm-none-eabi/lib/gcc/arm-none-eabi/14.2.1/thumb/v6-m/nofp/libgcc.a(muldf3.o)
                                                  /Applications/ArmGNUToolchain/14.2.rel1/arm-none-eabi/lib/gcc/arm-none-eabi/14.2.1/thumb/v6-m/nofp/libgcc.a(_floatdisf.o)
__aeabi_f2d                                       /Applications/ArmGNUToolchain/14.2.rel1/arm-none-eabi/lib/gcc/arm-none-eabi/14.2.1/thumb/v6-m/nofp/libgcc.a(extendsfdf2.o)
                                                  main.o
__aeabi_f2iz                                      /Applications/ArmGNUToolchain/14.2.rel1/arm-none-eabi/lib/gcc/arm-none-eabi/14.2.1/thumb/v6-m/nofp/libgcc.a(fixsfsi.o)
                                                  main.o