Archive member included to satisfy reference by file (symbol)

C:\CrossIDE\gcc-arm-none-eabi-10.3-2021.10\arm-none-eabi\lib\thumb\v6-m\nofp\libnosys.a(errno.o)
                              newlib_stubs.o (errno)
C:\CrossIDE\gcc-arm-none-eabi-10.3-2021.10\lib\gcc\arm-none-eabi\10.3.1\thumb\v6-m\nofp\libgcc.a(_divsi3.o)
                              main.o (__aeabi_idiv)
C:\CrossIDE\gcc-arm-none-eabi-10.3-2021.10\lib\gcc\arm-none-eabi\10.3.1\thumb\v6-m\nofp\libgcc.a(_dvmd_tls.o)
                              C:\CrossIDE\gcc-arm-none-eabi-10.3-2021.10\lib\gcc\arm-none-eabi\10.3.1\thumb\v6-m\nofp\libgcc.a(_divsi3.o) (__aeabi_idiv0)

Memory Configuration

Name             Origin             Length             Attributes
flash            0x08000000         0x00010000
ram              0x20000000         0x00002000
*default*        0x00000000         0xffffffff

Linker script and memory map

LOAD main.o
LOAD adc.o
LOAD serial.o
LOAD startup.o
LOAD newlib_stubs.o
LOAD C:\CrossIDE\gcc-arm-none-eabi-10.3-2021.10\arm-none-eabi\lib\thumb\v6-m\nofp\libnosys.a
LOAD C:\CrossIDE\gcc-arm-none-eabi-10.3-2021.10\lib\gcc\arm-none-eabi\10.3.1\thumb\v6-m\nofp\libgcc.a
START GROUP
LOAD C:\CrossIDE\gcc-arm-none-eabi-10.3-2021.10\lib\gcc\arm-none-eabi\10.3.1\thumb\v6-m\nofp\libgcc.a
LOAD C:\CrossIDE\gcc-arm-none-eabi-10.3-2021.10\arm-none-eabi\lib\thumb\v6-m\nofp\libc_nano.a
LOAD C:\CrossIDE\gcc-arm-none-eabi-10.3-2021.10\arm-none-eabi\lib\thumb\v6-m\nofp\libm.a
END GROUP

.text           0x08000000     0x18b0
 *(.vectors)
 .vectors       0x08000000       0xb8 startup.o
                0x08000000                Vectors
 *(.after_vectors*)
 .after_vectors
                0x080000b8       0x28 startup.o
                0x080000b8                ResetInit
 *(.text*)
 .text          0x080000e0      0x864 main.o
                0x080000e0                wait_1ms
                0x08000118                waitms
                0x0800013a                TIM2_Handler
                0x08000200                Hardware_Init
                0x0800041c                GetPeriod
                0x08000518                PrintNumber
                0x080005b8                toggleMagnet
                0x080005f4                main
 .text          0x08000944      0x10c adc.o
                0x08000944                initADC
                0x080009e4                readADC
 .text          0x08000a50      0x5b4 serial.o
                0x08000a50                ReadCom
                0x08000ac4                WriteCom
                0x08000b64                initUART
                0x08000cb4                USART1_Handler
                0x08000ce0                usart_rx
                0x08000d10                usart_tx
                0x08000d78                PutBuf
                0x08000dda                GetBuf
                0x08000e30                GetBufCount
                0x08000e44                eputs
                0x08000e80                eputc
                0x08000e9e                egetc
                0x08000eb8                egets
                0x08000f44                egetc_echo
                0x08000f6a                egets_echo
 .text          0x08001004      0x1a8 startup.o
                0x0800107c                initClock
                0x08001184                EXTI2_3_Handler
                0x08001184                TIM21_Handler
                0x08001184                SysTick_Handler
                0x08001184                I2C1_Handler
                0x08001184                PendSV_Handler
                0x08001184                NMI_Handler
                0x08001184                WWDG_Handler
                0x08001184                RTC_Handler
                0x08001184                EXTI4_15_Handler
                0x08001184                DMA_CH4_5_6_7_Handler
                0x08001184                Default_Handler
                0x08001184                LPUART1_Handler
                0x08001184                FLASH_Handler
                0x08001184                EXTI0_1_Handler
                0x08001184                DMA_CH1_Handler
                0x08001184                SPI2_Handler
                0x08001184                DMA_CH2_3_Handler
                0x08001184                I2C2_Handler
                0x08001184                SVC_Handler
                0x08001184                LPTIM1_Handler
                0x08001184                USART2_Handler
                0x08001184                SPI1_Handler
                0x08001184                RCC_Handler
                0x08001184                PVD_Handler
                0x08001184                TIM6_Handler
                0x08001184                TIM22_Handler
                0x08001184                ADC_COMP_Handler
                0x08001198                Hard_Fault_Handler
 .text          0x080011ac      0x29c newlib_stubs.o
                0x080011ac                _exit
                0x080011b6                _close
                0x080011ca                _execve
                0x080011ec                _fork
                0x08001204                _fstat
                0x08001220                _getpid
                0x0800122c                _kill
                0x0800124c                _link
                0x0800126c                _lseek
                0x08001282                _stat
                0x0800129e                _times
                0x080012b2                _unlink
                0x080012d0                _wait
                0x080012f0                _isatty
                0x08001318                _sbrk
                0x0800137c                _read
                0x080013f4                _write
 .text          0x08001448        0x0 C:\CrossIDE\gcc-arm-none-eabi-10.3-2021.10\arm-none-eabi\lib\thumb\v6-m\nofp\libnosys.a(errno.o)
 .text          0x08001448      0x1d4 C:\CrossIDE\gcc-arm-none-eabi-10.3-2021.10\lib\gcc\arm-none-eabi\10.3.1\thumb\v6-m\nofp\libgcc.a(_divsi3.o)
                0x08001448                __divsi3
                0x08001448                __aeabi_idiv
                0x08001614                __aeabi_idivmod
 .text          0x0800161c        0x4 C:\CrossIDE\gcc-arm-none-eabi-10.3-2021.10\lib\gcc\arm-none-eabi\10.3.1\thumb\v6-m\nofp\libgcc.a(_dvmd_tls.o)
                0x0800161c                __aeabi_idiv0
                0x0800161c                __aeabi_ldiv0
 *(.rodata*)
 .rodata        0x08001620      0x214 main.o
 .rodata        0x08001834       0x7c startup.o
                0x080018b0                . = ALIGN (0x4)
                0x080018b0                PROVIDE (__init_array_start = .)
 *(SORT_BY_NAME(.init_array.*))
 *(.init_array)
                0x080018b0                PROVIDE (__init_array_end = .)
                0x080018b0                . = ALIGN (0x4)
                0x080018b0                _etext = .

.glue_7         0x080018b0        0x0
 .glue_7        0x080018b0        0x0 linker stubs

.glue_7t        0x080018b0        0x0
 .glue_7t       0x080018b0        0x0 linker stubs

.vfp11_veneer   0x080018b0        0x0
 .vfp11_veneer  0x080018b0        0x0 linker stubs

.v4_bx          0x080018b0        0x0
 .v4_bx         0x080018b0        0x0 linker stubs

.iplt           0x080018b0        0x0
 .iplt          0x080018b0        0x0 main.o

.rel.dyn        0x080018b0        0x0
 .rel.iplt      0x080018b0        0x0 main.o

.data           0x20000000        0x8 load address 0x080018b0
                0x20000000                . = ALIGN (0x4)
                0x20000000                _data = .
 *(.data*)
 .data          0x20000000        0x2 main.o
                0x20000000                ISR_pwm1
                0x20000001                ISR_pwm2
 .data          0x20000002        0x0 adc.o
 .data          0x20000002        0x0 serial.o
 .data          0x20000002        0x0 startup.o
 *fill*         0x20000002        0x2 
 .data          0x20000004        0x4 newlib_stubs.o
                0x20000004                environ
 .data          0x20000008        0x0 C:\CrossIDE\gcc-arm-none-eabi-10.3-2021.10\arm-none-eabi\lib\thumb\v6-m\nofp\libnosys.a(errno.o)
 .data          0x20000008        0x0 C:\CrossIDE\gcc-arm-none-eabi-10.3-2021.10\lib\gcc\arm-none-eabi\10.3.1\thumb\v6-m\nofp\libgcc.a(_divsi3.o)
 .data          0x20000008        0x0 C:\CrossIDE\gcc-arm-none-eabi-10.3-2021.10\lib\gcc\arm-none-eabi\10.3.1\thumb\v6-m\nofp\libgcc.a(_dvmd_tls.o)
                0x20000008                . = ALIGN (0x4)
                0x20000008                _edata = .

.igot.plt       0x20000008        0x0 load address 0x080018b8
 .igot.plt      0x20000008        0x0 main.o

.bss            0x20000008       0xb4 load address 0x080018b8
                0x20000008                _bss = .
 *(.bss*)
 .bss           0x20000008        0x4 main.o
                0x20000008                PWM_Counter
 .bss           0x2000000c        0x0 adc.o
 .bss           0x2000000c       0xa4 serial.o
                0x2000000c                ComRXBuffer
                0x20000058                ComTXBuffer
                0x200000a4                ComOpen
                0x200000a8                ComError
                0x200000ac                ComBusy
 .bss           0x200000b0        0x0 startup.o
 .bss           0x200000b0        0x8 newlib_stubs.o
                0x200000b0                __env
 .bss           0x200000b8        0x0 C:\CrossIDE\gcc-arm-none-eabi-10.3-2021.10\arm-none-eabi\lib\thumb\v6-m\nofp\libnosys.a(errno.o)
 .bss.errno     0x200000b8        0x4 C:\CrossIDE\gcc-arm-none-eabi-10.3-2021.10\arm-none-eabi\lib\thumb\v6-m\nofp\libnosys.a(errno.o)
                0x200000b8                errno
 .bss           0x200000bc        0x0 C:\CrossIDE\gcc-arm-none-eabi-10.3-2021.10\lib\gcc\arm-none-eabi\10.3.1\thumb\v6-m\nofp\libgcc.a(_divsi3.o)
 .bss           0x200000bc        0x0 C:\CrossIDE\gcc-arm-none-eabi-10.3-2021.10\lib\gcc\arm-none-eabi\10.3.1\thumb\v6-m\nofp\libgcc.a(_dvmd_tls.o)
 *(COMMON)
                0x200000bc                . = ALIGN (0x4)
                0x200000bc                _ebss = .
                [!provide]                PROVIDE (end = .)
                0x200000bc                PROVIDE (_HeapStart = .)
                0x20002000                PROVIDE (_StackTop = (ORIGIN (ram) + LENGTH (ram)))
OUTPUT(main.elf elf32-littlearm)
LOAD linker stubs

.debug_info     0x00000000     0x1d64
 .debug_info    0x00000000      0x74b main.o
 .debug_info    0x0000074b      0x31b adc.o
 .debug_info    0x00000a66      0x82d serial.o
 .debug_info    0x00001293      0x3ad startup.o
 .debug_info    0x00001640      0x724 newlib_stubs.o

.debug_abbrev   0x00000000      0x7d0
 .debug_abbrev  0x00000000      0x1e0 main.o
 .debug_abbrev  0x000001e0      0x10c adc.o
 .debug_abbrev  0x000002ec      0x1f5 serial.o
 .debug_abbrev  0x000004e1      0x174 startup.o
 .debug_abbrev  0x00000655      0x17b newlib_stubs.o

.debug_aranges  0x00000000       0xa8
 .debug_aranges
                0x00000000       0x20 main.o
 .debug_aranges
                0x00000020       0x20 adc.o
 .debug_aranges
                0x00000040       0x20 serial.o
 .debug_aranges
                0x00000060       0x28 startup.o
 .debug_aranges
                0x00000088       0x20 newlib_stubs.o

.debug_line     0x00000000      0xf29
 .debug_line    0x00000000      0x412 main.o
 .debug_line    0x00000412      0x195 adc.o
 .debug_line    0x000005a7      0x49c serial.o
 .debug_line    0x00000a43      0x25e startup.o
 .debug_line    0x00000ca1      0x288 newlib_stubs.o

.debug_str      0x00000000      0x82a
 .debug_str     0x00000000      0x378 main.o
                                0x3c7 (size before relaxing)
 .debug_str     0x00000378       0x71 adc.o
                                0x280 (size before relaxing)
 .debug_str     0x000003e9      0x129 serial.o
                                0x3c4 (size before relaxing)
 .debug_str     0x00000512       0xee startup.o
                                0x2ec (size before relaxing)
 .debug_str     0x00000600      0x22a newlib_stubs.o
                                0x3ea (size before relaxing)

.comment        0x00000000       0x49
 .comment       0x00000000       0x49 main.o
                                 0x4a (size before relaxing)
 .comment       0x00000049       0x4a adc.o
 .comment       0x00000049       0x4a serial.o
 .comment       0x00000049       0x4a startup.o
 .comment       0x00000049       0x4a newlib_stubs.o

.ARM.attributes
                0x00000000       0x2c
 .ARM.attributes
                0x00000000       0x2c main.o
 .ARM.attributes
                0x0000002c       0x2c adc.o
 .ARM.attributes
                0x00000058       0x2c serial.o
 .ARM.attributes
                0x00000084       0x2c startup.o
 .ARM.attributes
                0x000000b0       0x2c newlib_stubs.o
 .ARM.attributes
                0x000000dc       0x2c C:\CrossIDE\gcc-arm-none-eabi-10.3-2021.10\arm-none-eabi\lib\thumb\v6-m\nofp\libnosys.a(errno.o)
 .ARM.attributes
                0x00000108       0x1e C:\CrossIDE\gcc-arm-none-eabi-10.3-2021.10\lib\gcc\arm-none-eabi\10.3.1\thumb\v6-m\nofp\libgcc.a(_divsi3.o)
 .ARM.attributes
                0x00000126       0x1e C:\CrossIDE\gcc-arm-none-eabi-10.3-2021.10\lib\gcc\arm-none-eabi\10.3.1\thumb\v6-m\nofp\libgcc.a(_dvmd_tls.o)

.debug_frame    0x00000000      0x614
 .debug_frame   0x00000000      0x104 main.o
 .debug_frame   0x00000104       0x4c adc.o
 .debug_frame   0x00000150      0x1e8 serial.o
 .debug_frame   0x00000338       0x94 startup.o
 .debug_frame   0x000003cc      0x228 newlib_stubs.o
 .debug_frame   0x000005f4       0x20 C:\CrossIDE\gcc-arm-none-eabi-10.3-2021.10\lib\gcc\arm-none-eabi\10.3.1\thumb\v6-m\nofp\libgcc.a(_divsi3.o)

.debug_ranges   0x00000000       0x18
 .debug_ranges  0x00000000       0x18 startup.o

Cross Reference Table

Symbol                                            File
ADC_COMP_Handler                                  startup.o
ComBusy                                           serial.o
ComError                                          serial.o
ComOpen                                           serial.o
ComRXBuffer                                       serial.o
ComTXBuffer                                       serial.o
DMA_CH1_Handler                                   startup.o
DMA_CH2_3_Handler                                 startup.o
DMA_CH4_5_6_7_Handler                             startup.o
Default_Handler                                   startup.o
EXTI0_1_Handler                                   startup.o
EXTI2_3_Handler                                   startup.o
EXTI4_15_Handler                                  startup.o
FLASH_Handler                                     startup.o
GetBuf                                            serial.o
GetBufCount                                       serial.o
GetPeriod                                         main.o
Hard_Fault_Handler                                startup.o
Hardware_Init                                     main.o
I2C1_Handler                                      startup.o
I2C2_Handler                                      startup.o
ISR_pwm1                                          main.o
ISR_pwm2                                          main.o
LPTIM1_Handler                                    startup.o
LPUART1_Handler                                   startup.o
NMI_Handler                                       startup.o
PVD_Handler                                       startup.o
PWM_Counter                                       main.o
PendSV_Handler                                    startup.o
PrintNumber                                       main.o
PutBuf                                            serial.o
RCC_Handler                                       startup.o
RTC_Handler                                       startup.o
ReadCom                                           serial.o
ResetInit                                         startup.o
SPI1_Handler                                      startup.o
SPI2_Handler                                      startup.o
SVC_Handler                                       startup.o
SysTick_Handler                                   startup.o
TIM21_Handler                                     startup.o
TIM22_Handler                                     startup.o
TIM2_Handler                                      main.o
TIM6_Handler                                      startup.o
USART1_Handler                                    serial.o
USART2_Handler                                    startup.o
Vectors                                           startup.o
WWDG_Handler                                      startup.o
WriteCom                                          serial.o
_HeapStart                                        newlib_stubs.o
_StackTop                                         newlib_stubs.o
                                                  startup.o
__aeabi_idiv                                      C:\CrossIDE\gcc-arm-none-eabi-10.3-2021.10\lib\gcc\arm-none-eabi\10.3.1\thumb\v6-m\nofp\libgcc.a(_divsi3.o)
                                                  serial.o
                                                  main.o
__aeabi_idiv0                                     C:\CrossIDE\gcc-arm-none-eabi-10.3-2021.10\lib\gcc\arm-none-eabi\10.3.1\thumb\v6-m\nofp\libgcc.a(_dvmd_tls.o)
                                                  C:\CrossIDE\gcc-arm-none-eabi-10.3-2021.10\lib\gcc\arm-none-eabi\10.3.1\thumb\v6-m\nofp\libgcc.a(_divsi3.o)
__aeabi_idivmod                                   C:\CrossIDE\gcc-arm-none-eabi-10.3-2021.10\lib\gcc\arm-none-eabi\10.3.1\thumb\v6-m\nofp\libgcc.a(_divsi3.o)
                                                  main.o
__aeabi_ldiv0                                     C:\CrossIDE\gcc-arm-none-eabi-10.3-2021.10\lib\gcc\arm-none-eabi\10.3.1\thumb\v6-m\nofp\libgcc.a(_dvmd_tls.o)
__divsi3                                          C:\CrossIDE\gcc-arm-none-eabi-10.3-2021.10\lib\gcc\arm-none-eabi\10.3.1\thumb\v6-m\nofp\libgcc.a(_divsi3.o)
__env                                             newlib_stubs.o
__init_array_end                                  startup.o
__init_array_start                                startup.o
_close                                            newlib_stubs.o
_data                                             startup.o
_ebss                                             startup.o
_edata                                            startup.o
_etext                                            startup.o
_execve                                           newlib_stubs.o
_exit                                             newlib_stubs.o
_fork                                             newlib_stubs.o
_fstat                                            newlib_stubs.o
_getpid                                           newlib_stubs.o
_isatty                                           newlib_stubs.o
_kill                                             newlib_stubs.o
_link                                             newlib_stubs.o
_lseek                                            newlib_stubs.o
_read                                             newlib_stubs.o
_sbrk                                             newlib_stubs.o
_stat                                             newlib_stubs.o
_times                                            newlib_stubs.o
_unlink                                           newlib_stubs.o
_wait                                             newlib_stubs.o
_write                                            newlib_stubs.o
egetc                                             serial.o
                                                  newlib_stubs.o
egetc_echo                                        serial.o
egets                                             serial.o
egets_echo                                        serial.o
environ                                           newlib_stubs.o
eputc                                             serial.o
                                                  newlib_stubs.o
                                                  main.o
eputs                                             serial.o
                                                  startup.o
                                                  main.o
errno                                             C:\CrossIDE\gcc-arm-none-eabi-10.3-2021.10\arm-none-eabi\lib\thumb\v6-m\nofp\libnosys.a(errno.o)
                                                  newlib_stubs.o
initADC                                           adc.o
                                                  main.o
initClock                                         startup.o
initUART                                          serial.o
                                                  startup.o
main                                              main.o
                                                  startup.o
readADC                                           adc.o
                                                  main.o
toggleMagnet                                      main.o
usart_rx                                          serial.o
usart_tx                                          serial.o
wait_1ms                                          main.o
waitms                                            main.o
