Archive member included to satisfy reference by file (symbol)

C:\arm-gnu-toolchain-14.2.rel1-mingw-w64-i686-arm-none-eabi\lib\gcc\arm-none-eabi\14.2.1\thumb\v6-m\nofp\libnosys.a(errno.o)
                              newlib_stubs.o (errno)
C:\arm-gnu-toolchain-14.2.rel1-mingw-w64-i686-arm-none-eabi\lib\gcc\arm-none-eabi\14.2.1\thumb\v6-m\nofp\libgcc.a(_divsi3.o)
                              main.o (__aeabi_idiv)
C:\arm-gnu-toolchain-14.2.rel1-mingw-w64-i686-arm-none-eabi\lib\gcc\arm-none-eabi\14.2.1\thumb\v6-m\nofp\libgcc.a(_dvmd_tls.o)
                              C:\arm-gnu-toolchain-14.2.rel1-mingw-w64-i686-arm-none-eabi\lib\gcc\arm-none-eabi\14.2.1\thumb\v6-m\nofp\libgcc.a(_divsi3.o) (__aeabi_idiv0)
C:\arm-gnu-toolchain-14.2.rel1-mingw-w64-i686-arm-none-eabi\lib\gcc\arm-none-eabi\14.2.1\thumb\v6-m\nofp\libc_nano.a(libc_a-printf.o)
                              main.o (printf)
C:\arm-gnu-toolchain-14.2.rel1-mingw-w64-i686-arm-none-eabi\lib\gcc\arm-none-eabi\14.2.1\thumb\v6-m\nofp\libc_nano.a(libc_a-impure.o)
                              C:\arm-gnu-toolchain-14.2.rel1-mingw-w64-i686-arm-none-eabi\lib\gcc\arm-none-eabi\14.2.1\thumb\v6-m\nofp\libc_nano.a(libc_a-printf.o) (_impure_ptr)
C:\arm-gnu-toolchain-14.2.rel1-mingw-w64-i686-arm-none-eabi\lib\gcc\arm-none-eabi\14.2.1\thumb\v6-m\nofp\libc_nano.a(libc_a-nano-vfprintf.o)
                              C:\arm-gnu-toolchain-14.2.rel1-mingw-w64-i686-arm-none-eabi\lib\gcc\arm-none-eabi\14.2.1\thumb\v6-m\nofp\libc_nano.a(libc_a-printf.o) (_vfprintf_r)
C:\arm-gnu-toolchain-14.2.rel1-mingw-w64-i686-arm-none-eabi\lib\gcc\arm-none-eabi\14.2.1\thumb\v6-m\nofp\libc_nano.a(libc_a-nano-vfprintf_i.o)
                              C:\arm-gnu-toolchain-14.2.rel1-mingw-w64-i686-arm-none-eabi\lib\gcc\arm-none-eabi\14.2.1\thumb\v6-m\nofp\libc_nano.a(libc_a-nano-vfprintf.o) (_printf_i)
C:\arm-gnu-toolchain-14.2.rel1-mingw-w64-i686-arm-none-eabi\lib\gcc\arm-none-eabi\14.2.1\thumb\v6-m\nofp\libc_nano.a(libc_a-findfp.o)
                              C:\arm-gnu-toolchain-14.2.rel1-mingw-w64-i686-arm-none-eabi\lib\gcc\arm-none-eabi\14.2.1\thumb\v6-m\nofp\libc_nano.a(libc_a-nano-vfprintf.o) (__sinit)
C:\arm-gnu-toolchain-14.2.rel1-mingw-w64-i686-arm-none-eabi\lib\gcc\arm-none-eabi\14.2.1\thumb\v6-m\nofp\libc_nano.a(libc_a-fvwrite.o)
                              C:\arm-gnu-toolchain-14.2.rel1-mingw-w64-i686-arm-none-eabi\lib\gcc\arm-none-eabi\14.2.1\thumb\v6-m\nofp\libc_nano.a(libc_a-nano-vfprintf.o) (__sfvwrite_r)
C:\arm-gnu-toolchain-14.2.rel1-mingw-w64-i686-arm-none-eabi\lib\gcc\arm-none-eabi\14.2.1\thumb\v6-m\nofp\libc_nano.a(libc_a-fwalk.o)
                              C:\arm-gnu-toolchain-14.2.rel1-mingw-w64-i686-arm-none-eabi\lib\gcc\arm-none-eabi\14.2.1\thumb\v6-m\nofp\libc_nano.a(libc_a-findfp.o) (_fwalk_sglue)
C:\arm-gnu-toolchain-14.2.rel1-mingw-w64-i686-arm-none-eabi\lib\gcc\arm-none-eabi\14.2.1\thumb\v6-m\nofp\libc_nano.a(libc_a-stdio.o)
                              C:\arm-gnu-toolchain-14.2.rel1-mingw-w64-i686-arm-none-eabi\lib\gcc\arm-none-eabi\14.2.1\thumb\v6-m\nofp\libc_nano.a(libc_a-findfp.o) (__sread)
C:\arm-gnu-toolchain-14.2.rel1-mingw-w64-i686-arm-none-eabi\lib\gcc\arm-none-eabi\14.2.1\thumb\v6-m\nofp\libc_nano.a(libc_a-wbuf.o)
                              C:\arm-gnu-toolchain-14.2.rel1-mingw-w64-i686-arm-none-eabi\lib\gcc\arm-none-eabi\14.2.1\thumb\v6-m\nofp\libc_nano.a(libc_a-nano-vfprintf.o) (__swbuf_r)
C:\arm-gnu-toolchain-14.2.rel1-mingw-w64-i686-arm-none-eabi\lib\gcc\arm-none-eabi\14.2.1\thumb\v6-m\nofp\libc_nano.a(libc_a-wsetup.o)
                              C:\arm-gnu-toolchain-14.2.rel1-mingw-w64-i686-arm-none-eabi\lib\gcc\arm-none-eabi\14.2.1\thumb\v6-m\nofp\libc_nano.a(libc_a-nano-vfprintf.o) (__swsetup_r)
C:\arm-gnu-toolchain-14.2.rel1-mingw-w64-i686-arm-none-eabi\lib\gcc\arm-none-eabi\14.2.1\thumb\v6-m\nofp\libc_nano.a(libc_a-memmove.o)
                              C:\arm-gnu-toolchain-14.2.rel1-mingw-w64-i686-arm-none-eabi\lib\gcc\arm-none-eabi\14.2.1\thumb\v6-m\nofp\libc_nano.a(libc_a-fvwrite.o) (memmove)
C:\arm-gnu-toolchain-14.2.rel1-mingw-w64-i686-arm-none-eabi\lib\gcc\arm-none-eabi\14.2.1\thumb\v6-m\nofp\libc_nano.a(libc_a-memset.o)
                              C:\arm-gnu-toolchain-14.2.rel1-mingw-w64-i686-arm-none-eabi\lib\gcc\arm-none-eabi\14.2.1\thumb\v6-m\nofp\libc_nano.a(libc_a-findfp.o) (memset)
C:\arm-gnu-toolchain-14.2.rel1-mingw-w64-i686-arm-none-eabi\lib\gcc\arm-none-eabi\14.2.1\thumb\v6-m\nofp\libc_nano.a(libc_a-closer.o)
                              C:\arm-gnu-toolchain-14.2.rel1-mingw-w64-i686-arm-none-eabi\lib\gcc\arm-none-eabi\14.2.1\thumb\v6-m\nofp\libc_nano.a(libc_a-stdio.o) (_close_r)
C:\arm-gnu-toolchain-14.2.rel1-mingw-w64-i686-arm-none-eabi\lib\gcc\arm-none-eabi\14.2.1\thumb\v6-m\nofp\libc_nano.a(libc_a-lseekr.o)
                              C:\arm-gnu-toolchain-14.2.rel1-mingw-w64-i686-arm-none-eabi\lib\gcc\arm-none-eabi\14.2.1\thumb\v6-m\nofp\libc_nano.a(libc_a-stdio.o) (_lseek_r)
[...]
Memory Configuration

Name             Origin             Length             Attributes
flash            0x08000000         0x00010000
ram              0x20000000         0x00002000
*default*        0x00000000         0xffffffff

Linker script and memory map

LOAD main.o
LOAD adc.o
LOAD serial.o
LOAD startup.o
LOAD newlib_stubs.o
LOAD UART2.o
LOAD C:\arm-gnu-toolchain-14.2.rel1-mingw-w64-i686-arm-none-eabi\lib\gcc\arm-none-eabi\14.2.1\thumb\v6-m\nofp\libnosys.a
LOAD C:\arm-gnu-toolchain-14.2.rel1-mingw-w64-i686-arm-none-eabi\lib\gcc\arm-none-eabi\14.2.1\thumb\v6-m\nofp\libgcc.a
START GROUP
LOAD C:\arm-gnu-toolchain-14.2.rel1-mingw-w64-i686-arm-none-eabi\lib\gcc\arm-none-eabi\14.2.1\thumb\v6-m\nofp\libgcc.a
LOAD C:\arm-gnu-toolchain-14.2.rel1-mingw-w64-i686-arm-none-eabi\lib\gcc\arm-none-eabi\14.2.1\thumb\v6-m\nofp\libc_nano.a
LOAD C:\arm-gnu-toolchain-14.2.rel1-mingw-w64-i686-arm-none-eabi\lib\gcc\arm-none-eabi\14.2.1\thumb\v6-m\nofp\libm.a
END GROUP

.text           0x08000000     0x3740
 *(.vectors)
 .vectors       0x08000000       0xb8 startup.o
                0x08000000                Vectors
 *(.after_vectors*)
 .after_vectors
                0x080000b8       0x28 startup.o
                0x080000b8                ResetInit
 *(.text*)
 .text          0x080000e0      0xc58 main.o
                0x080000e0                wait_1ms
                0x08000118                waitms
                0x0800013a                TIM2_Handler
                0x080002c8                Hardware_Init
                0x080004e4                SendATCommand
                0x0800055c                ReceptionOff
                0x080005b4                move_backward
                0x080005fc                move_forward
                0x08000644                move_left
                0x0800068c                move_right
                0x080006d4                move_stop
                0x080006f4                GetPeriod
                0x080008f8                PrintNumber
                0x08000998                toggleMagnet
                0x080009d4                pickCoin
                0x08000adc                detectPerimeter
                0x08000b4c                detectCoin
                0x08000bfc                main
 .text          0x08000d38      0x10c adc.o
                0x08000d38                initADC
                0x08000dd8                readADC
 .text          0x08000e44      0x5b4 serial.o
                0x08000e44                ReadCom
                0x08000eb8                WriteCom
                0x08000f58                initUART
                0x080010a8                USART1_Handler
                0x080010d4                usart_rx
                0x08001104                usart_tx
                0x0800116c                PutBuf
                0x080011ce                GetBuf
                0x08001224                GetBufCount
                0x08001238                eputs
                0x08001274                eputc
                0x08001292                egetc
                0x080012ac                egets
                0x08001338                egetc_echo
                0x0800135e                egets_echo
 .text          0x080013f8      0x1a8 startup.o
                0x08001470                initClock
                0x08001578                EXTI2_3_Handler
                0x08001578                TIM21_Handler
                0x08001578                SysTick_Handler
                0x08001578                I2C1_Handler
                0x08001578                PendSV_Handler
                0x08001578                NMI_Handler
                0x08001578                WWDG_Handler
                0x08001578                RTC_Handler
                0x08001578                EXTI4_15_Handler
                0x08001578                DMA_CH4_5_6_7_Handler
                0x08001578                Default_Handler
                0x08001578                LPUART1_Handler
                0x08001578                FLASH_Handler
                0x08001578                EXTI0_1_Handler
                0x08001578                DMA_CH1_Handler
                0x08001578                SPI2_Handler
                0x08001578                DMA_CH2_3_Handler
                0x08001578                I2C2_Handler
                0x08001578                SVC_Handler
                0x08001578                LPTIM1_Handler
                0x08001578                SPI1_Handler
                0x08001578                RCC_Handler
                0x08001578                PVD_Handler
                0x08001578                TIM6_Handler
                0x08001578                TIM22_Handler
                0x08001578                ADC_COMP_Handler
                0x0800158c                Hard_Fault_Handler
 .text          0x080015a0      0x29c newlib_stubs.o
                0x080015a0                _exit
                0x080015aa                _close
                0x080015be                _execve
                0x080015e0                _fork
                0x080015f8                _fstat
                0x08001614                _getpid
                0x08001620                _kill
                0x08001640                _link
                0x08001660                _lseek
                0x08001676                _stat
                0x08001692                _times
                0x080016a6                _unlink
                0x080016c4                _wait
                0x080016e4                _isatty
                0x0800170c                _sbrk
                0x08001770                _read
                0x080017e8                _write
 .text          0x0800183c      0x5c8 UART2.o
                0x0800183c                ReadCom2
                0x080018b0                WriteCom2
                0x08001950                initUART2
                0x08001a9c                USART2_Handler
                0x08001ac8                usart_rx2
                0x08001af8                usart_tx2
                0x08001b60                PutBuf2
                0x08001bc2                GetBuf2
                0x08001c18                GetBufCount2
                0x08001c2c                eputs2
                0x08001c68                eputc2
                0x08001c86                egetc2
                0x08001ca0                egets2
                0x08001d2c                ReceivedBytes2
                0x08001d44                egetc_echo2
                0x08001d6a                egets_echo2
 .text          0x08001e04        0x0 C:\arm-gnu-toolchain-14.2.rel1-mingw-w64-i686-arm-none-eabi\lib\gcc\arm-none-eabi\14.2.1\thumb\v6-m\nofp\libnosys.a(errno.o)
 .text          0x08001e04      0x1d4 C:\arm-gnu-toolchain-14.2.rel1-mingw-w64-i686-arm-none-eabi\lib\gcc\arm-none-eabi\14.2.1\thumb\v6-m\nofp\libgcc.a(_divsi3.o)
                0x08001e04                __divsi3
                0x08001e04                __aeabi_idiv
                0x08001fd0                __aeabi_idivmod
 .text          0x08001fd8        0x4 C:\arm-gnu-toolchain-14.2.rel1-mingw-w64-i686-arm-none-eabi\lib\gcc\arm-none-eabi\14.2.1\thumb\v6-m\nofp\libgcc.a(_dvmd_tls.o)
                0x08001fd8                __aeabi_idiv0
                0x08001fd8                __aeabi_ldiv0
 .text          0x08001fdc        0x0 C:\arm-gnu-toolchain-14.2.rel1-mingw-w64-i686-arm-none-eabi\lib\gcc\arm-none-eabi\14.2.1\thumb\v6-m\nofp\libc_nano.a(libc_a-printf.o)
 .text._printf_r
                0x08001fdc       0x18 C:\arm-gnu-toolchain-14.2.rel1-mingw-w64-i686-arm-none-eabi\lib\gcc\arm-none-eabi\14.2.1\thumb\v6-m\nofp\libc_nano.a(libc_a-printf.o)
                0x08001fdc                _iprintf_r
                0x08001fdc                _printf_r
 .text.printf   0x08001ff4       0x20 C:\arm-gnu-toolchain-14.2.rel1-mingw-w64-i686-arm-none-eabi\lib\gcc\arm-none-eabi\14.2.1\thumb\v6-m\nofp\libc_nano.a(libc_a-printf.o)
                0x08001ff4                iprintf
                0x08001ff4                printf
 .text          0x08002014        0x0 C:\arm-gnu-toolchain-14.2.rel1-mingw-w64-i686-arm-none-eabi\lib\gcc\arm-none-eabi\14.2.1\thumb\v6-m\nofp\libc_nano.a(libc_a-impure.o)
 .text          0x08002014        0x0 C:\arm-gnu-toolchain-14.2.rel1-mingw-w64-i686-arm-none-eabi\lib\gcc\arm-none-eabi\14.2.1\thumb\v6-m\nofp\libc_nano.a(libc_a-nano-vfprintf.o)
 .text.__sfputc_r
                0x08002014       0x2a C:\arm-gnu-toolchain-14.2.rel1-mingw-w64-i686-arm-none-eabi\lib\gcc\arm-none-eabi\14.2.1\thumb\v6-m\nofp\libc_nano.a(libc_a-nano-vfprintf.o)
 .text.__sfputs_r
                0x0800203e       0x24 C:\arm-gnu-toolchain-14.2.rel1-mingw-w64-i686-arm-none-eabi\lib\gcc\arm-none-eabi\14.2.1\thumb\v6-m\nofp\libc_nano.a(libc_a-nano-vfprintf.o)
                0x0800203e                __sfputs_r
 .text.__sprint_r
                0x08002062       0x20 C:\arm-gnu-toolchain-14.2.rel1-mingw-w64-i686-arm-none-eabi\lib\gcc\arm-none-eabi\14.2.1\thumb\v6-m\nofp\libc_nano.a(libc_a-nano-vfprintf.o)
                0x08002062                __sprint_r
 *fill*         0x08002082        0x2 
 .text._vfprintf_r
                0x08002084      0x240 C:\arm-gnu-toolchain-14.2.rel1-mingw-w64-i686-arm-none-eabi\lib\gcc\arm-none-eabi\14.2.1\thumb\v6-m\nofp\libc_nano.a(libc_a-nano-vfprintf.o)
                0x08002084                _vfprintf_r
                0x08002084                _vfiprintf_r
 .text.vfprintf
                0x080022c4       0x18 C:\arm-gnu-toolchain-14.2.rel1-mingw-w64-i686-arm-none-eabi\lib\gcc\arm-none-eabi\14.2.1\thumb\v6-m\nofp\libc_nano.a(libc_a-nano-vfprintf.o)
                0x080022c4                vfprintf
                0x080022c4                vfiprintf
 .text          0x080022dc        0x0 C:\arm-gnu-toolchain-14.2.rel1-mingw-w64-i686-arm-none-eabi\lib\gcc\arm-none-eabi\14.2.1\thumb\v6-m\nofp\libc_nano.a(libc_a-nano-vfprintf_i.o)
 .text._printf_common
                0x080022dc       0xde C:\arm-gnu-toolchain-14.2.rel1-mingw-w64-i686-arm-none-eabi\lib\gcc\arm-none-eabi\14.2.1\thumb\v6-m\nofp\libc_nano.a(libc_a-nano-vfprintf_i.o)
                0x080022dc                _printf_common
 *fill*         0x080023ba        0x2 
 .text._printf_i
                0x080023bc      0x218 C:\arm-gnu-toolchain-14.2.rel1-mingw-w64-i686-arm-none-eabi\lib\gcc\arm-none-eabi\14.2.1\thumb\v6-m\nofp\libc_nano.a(libc_a-nano-vfprintf_i.o)
                0x080023bc                _printf_i
 .text          0x080025d4        0x0 C:\arm-gnu-toolchain-14.2.rel1-mingw-w64-i686-arm-none-eabi\lib\gcc\arm-none-eabi\14.2.1\thumb\v6-m\nofp\libc_nano.a(libc_a-findfp.o)
 .text.std      0x080025d4       0x6c C:\arm-gnu-toolchain-14.2.rel1-mingw-w64-i686-arm-none-eabi\lib\gcc\arm-none-eabi\14.2.1\thumb\v6-m\nofp\libc_nano.a(libc_a-findfp.o)
 .text.stdio_exit_handler
                0x08002640       0x1c C:\arm-gnu-toolchain-14.2.rel1-mingw-w64-i686-arm-none-eabi\lib\gcc\arm-none-eabi\14.2.1\thumb\v6-m\nofp\libc_nano.a(libc_a-findfp.o)
 .text.cleanup_stdio
                0x0800265c       0x3c C:\arm-gnu-toolchain-14.2.rel1-mingw-w64-i686-arm-none-eabi\lib\gcc\arm-none-eabi\14.2.1\thumb\v6-m\nofp\libc_nano.a(libc_a-findfp.o)
 .text.__fp_lock
                0x08002698       0x18 C:\arm-gnu-toolchain-14.2.rel1-mingw-w64-i686-arm-none-eabi\lib\gcc\arm-none-eabi\14.2.1\thumb\v6-m\nofp\libc_nano.a(libc_a-findfp.o)
 .text.__fp_unlock
                0x080026b0       0x18 C:\arm-gnu-toolchain-14.2.rel1-mingw-w64-i686-arm-none-eabi\lib\gcc\arm-none-eabi\14.2.1\thumb\v6-m\nofp\libc_nano.a(libc_a-findfp.o)
 .text.global_stdio_init.part.0
                0x080026c8       0x3c C:\arm-gnu-toolchain-14.2.rel1-mingw-w64-i686-arm-none-eabi\lib\gcc\arm-none-eabi\14.2.1\thumb\v6-m\nofp\libc_nano.a(libc_a-findfp.o)
 .text.__sfp_lock_acquire
                0x08002704       0x10 C:\arm-gnu-toolchain-14.2.rel1-mingw-w64-i686-arm-none-eabi\lib\gcc\arm-none-eabi\14.2.1\thumb\v6-m\nofp\libc_nano.a(libc_a-findfp.o)
                0x08002704                __sfp_lock_acquire
 .text.__sfp_lock_release
                0x08002714       0x10 C:\arm-gnu-toolchain-14.2.rel1-mingw-w64-i686-arm-none-eabi\lib\gcc\arm-none-eabi\14.2.1\thumb\v6-m\nofp\libc_nano.a(libc_a-findfp.o)
                0x08002714                __sfp_lock_release
 .text.__sfp    0x08002724       0xa8 C:\arm-gnu-toolchain-14.2.rel1-mingw-w64-i686-arm-none-eabi\lib\gcc\arm-none-eabi\14.2.1\thumb\v6-m\nofp\libc_nano.a(libc_a-findfp.o)
                0x08002724                __sfp
 .text.__sinit  0x080027cc       0x30 C:\arm-gnu-toolchain-14.2.rel1-mingw-w64-i686-arm-none-eabi\lib\gcc\arm-none-eabi\14.2.1\thumb\v6-m\nofp\libc_nano.a(libc_a-findfp.o)
                0x080027cc                __sinit
 .text.__fp_lock_all
                0x080027fc       0x1c C:\arm-gnu-toolchain-14.2.rel1-mingw-w64-i686-arm-none-eabi\lib\gcc\arm-none-eabi\14.2.1\thumb\v6-m\nofp\libc_nano.a(libc_a-findfp.o)
                0x080027fc                __fp_lock_all
 .text.__fp_unlock_all
                0x08002818       0x1c C:\arm-gnu-toolchain-14.2.rel1-mingw-w64-i686-arm-none-eabi\lib\gcc\arm-none-eabi\14.2.1\thumb\v6-m\nofp\libc_nano.a(libc_a-findfp.o)
                0x08002818                __fp_unlock_all
 .text          0x08002834        0x0 C:\arm-gnu-toolchain-14.2.rel1-mingw-w64-i686-arm-none-eabi\lib\gcc\arm-none-eabi\14.2.1\thumb\v6-m\nofp\libc_nano.a(libc_a-fvwrite.o)
 .text.__sfvwrite_r
                0x08002834      0x2c4 C:\arm-gnu-toolchain-14.2.rel1-mingw-w64-i686-arm-none-eabi\lib\gcc\arm-none-eabi\14.2.1\thumb\v6-m\nofp\libc_nano.a(libc_a-fvwrite.o)
                0x08002834                __sfvwrite_r
 .text          0x08002af8        0x0 C:\arm-gnu-toolchain-14.2.rel1-mingw-w64-i686-arm-none-eabi\lib\gcc\arm-none-eabi\14.2.1\thumb\v6-m\nofp\libc_nano.a(libc_a-fwalk.o)
 .text._fwalk_sglue
                0x08002af8       0x38 C:\arm-gnu-toolchain-14.2.rel1-mingw-w64-i686-arm-none-eabi\lib\gcc\arm-none-eabi\14.2.1\thumb\v6-m\nofp\libc_nano.a(libc_a-fwalk.o)
                0x08002af8                _fwalk_sglue
 .text          0x08002b30        0x0 C:\arm-gnu-toolchain-14.2.rel1-mingw-w64-i686-arm-none-eabi\lib\gcc\arm-none-eabi\14.2.1\thumb\v6-m\nofp\libc_nano.a(libc_a-stdio.o)
 .text.__sread  0x08002b30       0x28 C:\arm-gnu-toolchain-14.2.rel1-mingw-w64-i686-arm-none-eabi\lib\gcc\arm-none-eabi\14.2.1\thumb\v6-m\nofp\libc_nano.a(libc_a-stdio.o)
                0x08002b30                __sread
 .text.__seofread
                0x08002b58        0x4 C:\arm-gnu-toolchain-14.2.rel1-mingw-w64-i686-arm-none-eabi\lib\gcc\arm-none-eabi\14.2.1\thumb\v6-m\nofp\libc_nano.a(libc_a-stdio.o)
                0x08002b58                __seofread
 .text.__swrite
                0x08002b5c       0x38 C:\arm-gnu-toolchain-14.2.rel1-mingw-w64-i686-arm-none-eabi\lib\gcc\arm-none-eabi\14.2.1\thumb\v6-m\nofp\libc_nano.a(libc_a-stdio.o)
                0x08002b5c                __swrite
 .text.__sseek  0x08002b94       0x2c C:\arm-gnu-toolchain-14.2.rel1-mingw-w64-i686-arm-none-eabi\lib\gcc\arm-none-eabi\14.2.1\thumb\v6-m\nofp\libc_nano.a(libc_a-stdio.o)
                0x08002b94                __sseek
 .text.__sclose
                0x08002bc0        0xc C:\arm-gnu-toolchain-14.2.rel1-mingw-w64-i686-arm-none-eabi\lib\gcc\arm-none-eabi\14.2.1\thumb\v6-m\nofp\libc_nano.a(libc_a-stdio.o)
                0x08002bc0                __sclose
 .text          0x08002bcc        0x0 C:\arm-gnu-toolchain-14.2.rel1-mingw-w64-i686-arm-none-eabi\lib\gcc\arm-none-eabi\14.2.1\thumb\v6-m\nofp\libc_nano.a(libc_a-wbuf.o)
 .text.__swbuf_r
                0x08002bcc       0x84 C:\arm-gnu-toolchain-14.2.rel1-mingw-w64-i686-arm-none-eabi\lib\gcc\arm-none-eabi\14.2.1\thumb\v6-m\nofp\libc_nano.a(libc_a-wbuf.o)
                0x08002bcc                __swbuf_r
 .text.__swbuf  0x08002c50       0x14 C:\arm-gnu-toolchain-14.2.rel1-mingw-w64-i686-arm-none-eabi\lib\gcc\arm-none-eabi\14.2.1\thumb\v6-m\nofp\libc_nano.a(libc_a-wbuf.o)
                0x08002c50                __swbuf
 .text          0x08002c64        0x0 C:\arm-gnu-toolchain-14.2.rel1-mingw-w64-i686-arm-none-eabi\lib\gcc\arm-none-eabi\14.2.1\thumb\v6-m\nofp\libc_nano.a(libc_a-wsetup.o)
 .text.__swsetup_r
                0x08002c64       0xb4 C:\arm-gnu-toolchain-14.2.rel1-mingw-w64-i686-arm-none-eabi\lib\gcc\arm-none-eabi\14.2.1\thumb\v6-m\nofp\libc_nano.a(libc_a-wsetup.o)
                0x08002c64                __swsetup_r
 .text          0x08002d18        0x0 C:\arm-gnu-toolchain-14.2.rel1-mingw-w64-i686-arm-none-eabi\lib\gcc\arm-none-eabi\14.2.1\thumb\v6-m\nofp\libc_nano.a(libc_a-memmove.o)
 .text.memmove  0x08002d18       0x24 C:\arm-gnu-toolchain-14.2.rel1-mingw-w64-i686-arm-none-eabi\lib\gcc\arm-none-eabi\14.2.1\thumb\v6-m\nofp\libc_nano.a(libc_a-memmove.o)
                0x08002d18                memmove
 .text          0x08002d3c        0x0 C:\arm-gnu-toolchain-14.2.rel1-mingw-w64-i686-arm-none-eabi\lib\gcc\arm-none-eabi\14.2.1\thumb\v6-m\nofp\libc_nano.a(libc_a-memset.o)
 .text.memset   0x08002d3c       0x10 C:\arm-gnu-toolchain-14.2.rel1-mingw-w64-i686-arm-none-eabi\lib\gcc\arm-none-eabi\14.2.1\thumb\v6-m\nofp\libc_nano.a(libc_a-memset.o)
                0x08002d3c                memset
 .text          0x08002d4c        0x0 C:\arm-gnu-toolchain-14.2.rel1-mingw-w64-i686-arm-none-eabi\lib\gcc\arm-none-eabi\14.2.1\thumb\v6-m\nofp\libc_nano.a(libc_a-closer.o)
 .text._close_r
                0x08002d4c       0x24 C:\arm-gnu-toolchain-14.2.rel1-mingw-w64-i686-arm-none-eabi\lib\gcc\arm-none-eabi\14.2.1\thumb\v6-m\nofp\libc_nano.a(libc_a-closer.o)
                0x08002d4c                _close_r
 .text          0x08002d70        0x0 C:\arm-gnu-toolchain-14.2.rel1-mingw-w64-i686-arm-none-eabi\lib\gcc\arm-none-eabi\14.2.1\thumb\v6-m\nofp\libc_nano.a(libc_a-lseekr.o)
 .text._lseek_r
                0x08002d70       0x28 C:\arm-gnu-toolchain-14.2.rel1-mingw-w64-i686-arm-none-eabi\lib\gcc\arm-none-eabi\14.2.1\thumb\v6-m\nofp\libc_nano.a(libc_a-lseekr.o)
                0x08002d70                _lseek_r
 .text          0x08002d98        0x0 C:\arm-gnu-toolchain-14.2.rel1-mingw-w64-i686-arm-none-eabi\lib\gcc\arm-none-eabi\14.2.1\thumb\v6-m\nofp\libc_nano.a(libc_a-readr.o)
 .text._read_r  0x08002d98       0x28 C:\arm-gnu-toolchain-14.2.rel1-mingw-w64-i686-arm-none-eabi\lib\gcc\arm-none-eabi\14.2.1\thumb\v6-m\nofp\libc_nano.a(libc_a-readr.o)
                0x08002d98                _read_r
 .text          0x08002dc0        0x0 C:\arm-gnu-toolchain-14.2.rel1-mingw-w64-i686-arm-none-eabi\lib\gcc\arm-none-eabi\14.2.1\thumb\v6-m\nofp\libc_nano.a(libc_a-writer.o)
 .text._write_r
                0x08002dc0       0x28 C:\arm-gnu-toolchain-14.2.rel1-mingw-w64-i686-arm-none-eabi\lib\gcc\arm-none-eabi\14.2.1\thumb\v6-m\nofp\libc_nano.a(libc_a-writer.o)
                0x08002dc0                _write_r
 .text          0x08002de8        0x0 C:\arm-gnu-toolchain-14.2.rel1-mingw-w64-i686-arm-none-eabi\lib\gcc\arm-none-eabi\14.2.1\thumb\v6-m\nofp\libc_nano.a(libc_a-lock.o)
 .text.__retarget_lock_init
                0x08002de8        0x2 C:\arm-gnu-toolchain-14.2.rel1-mingw-w64-i686-arm-none-eabi\lib\gcc\arm-none-eabi\14.2.1\thumb\v6-m\nofp\libc_nano.a(libc_a-lock.o)
                0x08002de8                __retarget_lock_init
 .text.__retarget_lock_init_recursive
                0x08002dea        0x2 C:\arm-gnu-toolchain-14.2.rel1-mingw-w64-i686-arm-none-eabi\lib\gcc\arm-none-eabi\14.2.1\thumb\v6-m\nofp\libc_nano.a(libc_a-lock.o)
                0x08002dea                __retarget_lock_init_recursive
 .text.__retarget_lock_close
                0x08002dec        0x2 C:\arm-gnu-toolchain-14.2.rel1-mingw-w64-i686-arm-none-eabi\lib\gcc\arm-none-eabi\14.2.1\thumb\v6-m\nofp\libc_nano.a(libc_a-lock.o)
                0x08002dec                __retarget_lock_close
 .text.__retarget_lock_close_recursive
                0x08002dee        0x2 C:\arm-gnu-toolchain-14.2.rel1-mingw-w64-i686-arm-none-eabi\lib\gcc\arm-none-eabi\14.2.1\thumb\v6-m\nofp\libc_nano.a(libc_a-lock.o)
                0x08002dee                __retarget_lock_close_recursive
 .text.__retarget_lock_acquire
                0x08002df0        0x2 C:\arm-gnu-toolchain-14.2.rel1-mingw-w64-i686-arm-none-eabi\lib\gcc\arm-none-eabi\14.2.1\thumb\v6-m\nofp\libc_nano.a(libc_a-lock.o)
                0x08002df0                __retarget_lock_acquire
 .text.__retarget_lock_acquire_recursive
                0x08002df2        0x2 C:\arm-gnu-toolchain-14.2.rel1-mingw-w64-i686-arm-none-eabi\lib\gcc\arm-none-eabi\14.2.1\thumb\v6-m\nofp\libc_nano.a(libc_a-lock.o)
                0x08002df2                __retarget_lock_acquire_recursive
 .text.__retarget_lock_try_acquire
                0x08002df4        0x4 C:\arm-gnu-toolchain-14.2.rel1-mingw-w64-i686-arm-none-eabi\lib\gcc\arm-none-eabi\14.2.1\thumb\v6-m\nofp\libc_nano.a(libc_a-lock.o)
                0x08002df4                __retarget_lock_try_acquire
 .text.__retarget_lock_try_acquire_recursive
                0x08002df8        0x4 C:\arm-gnu-toolchain-14.2.rel1-mingw-w64-i686-arm-none-eabi\lib\gcc\arm-none-eabi\14.2.1\thumb\v6-m\nofp\libc_nano.a(libc_a-lock.o)
                0x08002df8                __retarget_lock_try_acquire_recursive
 .text.__retarget_lock_release
                0x08002dfc        0x2 C:\arm-gnu-toolchain-14.2.rel1-mingw-w64-i686-arm-none-eabi\lib\gcc\arm-none-eabi\14.2.1\thumb\v6-m\nofp\libc_nano.a(libc_a-lock.o)
                0x08002dfc                __retarget_lock_release
 .text.__retarget_lock_release_recursive
                0x08002dfe        0x2 C:\arm-gnu-toolchain-14.2.rel1-mingw-w64-i686-arm-none-eabi\lib\gcc\arm-none-eabi\14.2.1\thumb\v6-m\nofp\libc_nano.a(libc_a-lock.o)
                0x08002dfe                __retarget_lock_release_recursive
 .text          0x08002e00        0x0 C:\arm-gnu-toolchain-14.2.rel1-mingw-w64-i686-arm-none-eabi\lib\gcc\arm-none-eabi\14.2.1\thumb\v6-m\nofp\libc_nano.a(libc_a-memchr-stub.o)
 .text.memchr   0x08002e00       0x16 C:\arm-gnu-toolchain-14.2.rel1-mingw-w64-i686-arm-none-eabi\lib\gcc\arm-none-eabi\14.2.1\thumb\v6-m\nofp\libc_nano.a(libc_a-memchr-stub.o)
                0x08002e00                memchr
 .text          0x08002e16        0x0 C:\arm-gnu-toolchain-14.2.rel1-mingw-w64-i686-arm-none-eabi\lib\gcc\arm-none-eabi\14.2.1\thumb\v6-m\nofp\libc_nano.a(libc_a-memcpy-stub.o)
 .text.memcpy   0x08002e16       0x12 C:\arm-gnu-toolchain-14.2.rel1-mingw-w64-i686-arm-none-eabi\lib\gcc\arm-none-eabi\14.2.1\thumb\v6-m\nofp\libc_nano.a(libc_a-memcpy-stub.o)
                0x08002e16                memcpy
 .text          0x08002e28        0x0 C:\arm-gnu-toolchain-14.2.rel1-mingw-w64-i686-arm-none-eabi\lib\gcc\arm-none-eabi\14.2.1\thumb\v6-m\nofp\libc_nano.a(libc_a-freer.o)
 .text._free_r  0x08002e28       0x94 C:\arm-gnu-toolchain-14.2.rel1-mingw-w64-i686-arm-none-eabi\lib\gcc\arm-none-eabi\14.2.1\thumb\v6-m\nofp\libc_nano.a(libc_a-freer.o)
                0x08002e28                _free_r
 .text          0x08002ebc        0x0 C:\arm-gnu-toolchain-14.2.rel1-mingw-w64-i686-arm-none-eabi\lib\gcc\arm-none-eabi\14.2.1\thumb\v6-m\nofp\libc_nano.a(libc_a-mallocr.o)
 .text.sbrk_aligned
                0x08002ebc       0x44 C:\arm-gnu-toolchain-14.2.rel1-mingw-w64-i686-arm-none-eabi\lib\gcc\arm-none-eabi\14.2.1\thumb\v6-m\nofp\libc_nano.a(libc_a-mallocr.o)
 .text._malloc_r
                0x08002f00      0x100 C:\arm-gnu-toolchain-14.2.rel1-mingw-w64-i686-arm-none-eabi\lib\gcc\arm-none-eabi\14.2.1\thumb\v6-m\nofp\libc_nano.a(libc_a-mallocr.o)
                0x08002f00                _malloc_r
 .text          0x08003000        0x0 C:\arm-gnu-toolchain-14.2.rel1-mingw-w64-i686-arm-none-eabi\lib\gcc\arm-none-eabi\14.2.1\thumb\v6-m\nofp\libc_nano.a(libc_a-mlock.o)
 .text.__malloc_lock
                0x08003000       0x10 C:\arm-gnu-toolchain-14.2.rel1-mingw-w64-i686-arm-none-eabi\lib\gcc\arm-none-eabi\14.2.1\thumb\v6-m\nofp\libc_nano.a(libc_a-mlock.o)
                0x08003000                __malloc_lock
 .text.__malloc_unlock
                0x08003010       0x10 C:\arm-gnu-toolchain-14.2.rel1-mingw-w64-i686-arm-none-eabi\lib\gcc\arm-none-eabi\14.2.1\thumb\v6-m\nofp\libc_nano.a(libc_a-mlock.o)
                0x08003010                __malloc_unlock
 .text          0x08003020        0x0 C:\arm-gnu-toolchain-14.2.rel1-mingw-w64-i686-arm-none-eabi\lib\gcc\arm-none-eabi\14.2.1\thumb\v6-m\nofp\libc_nano.a(libc_a-reallocr.o)
 .text._realloc_r
                0x08003020       0x60 C:\arm-gnu-toolchain-14.2.rel1-mingw-w64-i686-arm-none-eabi\lib\gcc\arm-none-eabi\14.2.1\thumb\v6-m\nofp\libc_nano.a(libc_a-reallocr.o)
                0x08003020                _realloc_r
 .text          0x08003080        0x0 C:\arm-gnu-toolchain-14.2.rel1-mingw-w64-i686-arm-none-eabi\lib\gcc\arm-none-eabi\14.2.1\thumb\v6-m\nofp\libc_nano.a(libc_a-fflush.o)
 .text.__sflush_r
                0x08003080      0x114 C:\arm-gnu-toolchain-14.2.rel1-mingw-w64-i686-arm-none-eabi\lib\gcc\arm-none-eabi\14.2.1\thumb\v6-m\nofp\libc_nano.a(libc_a-fflush.o)
                0x08003080                __sflush_r
 .text._fflush_r
                0x08003194       0x56 C:\arm-gnu-toolchain-14.2.rel1-mingw-w64-i686-arm-none-eabi\lib\gcc\arm-none-eabi\14.2.1\thumb\v6-m\nofp\libc_nano.a(libc_a-fflush.o)
                0x08003194                _fflush_r
 *fill*         0x080031ea        0x2 
 .text.fflush   0x080031ec       0x30 C:\arm-gnu-toolchain-14.2.rel1-mingw-w64-i686-arm-none-eabi\lib\gcc\arm-none-eabi\14.2.1\thumb\v6-m\nofp\libc_nano.a(libc_a-fflush.o)
                0x080031ec                fflush
 .text          0x0800321c        0x0 C:\arm-gnu-toolchain-14.2.rel1-mingw-w64-i686-arm-none-eabi\lib\gcc\arm-none-eabi\14.2.1\thumb\v6-m\nofp\libc_nano.a(libc_a-makebuf.o)
 .text.__swhatbuf_r
                0x0800321c       0x54 C:\arm-gnu-toolchain-14.2.rel1-mingw-w64-i686-arm-none-eabi\lib\gcc\arm-none-eabi\14.2.1\thumb\v6-m\nofp\libc_nano.a(libc_a-makebuf.o)
                0x0800321c                __swhatbuf_r
 .text.__smakebuf_r
                0x08003270       0x72 C:\arm-gnu-toolchain-14.2.rel1-mingw-w64-i686-arm-none-eabi\lib\gcc\arm-none-eabi\14.2.1\thumb\v6-m\nofp\libc_nano.a(libc_a-makebuf.o)
                0x08003270                __smakebuf_r
 .text          0x080032e2        0x0 C:\arm-gnu-toolchain-14.2.rel1-mingw-w64-i686-arm-none-eabi\lib\gcc\arm-none-eabi\14.2.1\thumb\v6-m\nofp\libc_nano.a(libc_a-fstatr.o)
 *fill*         0x080032e2        0x2 
 .text._fstat_r
                0x080032e4       0x24 C:\arm-gnu-toolchain-14.2.rel1-mingw-w64-i686-arm-none-eabi\lib\gcc\arm-none-eabi\14.2.1\thumb\v6-m\nofp\libc_nano.a(libc_a-fstatr.o)
                0x080032e4                _fstat_r
 .text          0x08003308        0x0 C:\arm-gnu-toolchain-14.2.rel1-mingw-w64-i686-arm-none-eabi\lib\gcc\arm-none-eabi\14.2.1\thumb\v6-m\nofp\libc_nano.a(libc_a-isattyr.o)
 .text._isatty_r
                0x08003308       0x24 C:\arm-gnu-toolchain-14.2.rel1-mingw-w64-i686-arm-none-eabi\lib\gcc\arm-none-eabi\14.2.1\thumb\v6-m\nofp\libc_nano.a(libc_a-isattyr.o)
                0x08003308                _isatty_r
 .text          0x0800332c        0x0 C:\arm-gnu-toolchain-14.2.rel1-mingw-w64-i686-arm-none-eabi\lib\gcc\arm-none-eabi\14.2.1\thumb\v6-m\nofp\libc_nano.a(libc_a-sbrkr.o)
 .text._sbrk_r  0x0800332c       0x24 C:\arm-gnu-toolchain-14.2.rel1-mingw-w64-i686-arm-none-eabi\lib\gcc\arm-none-eabi\14.2.1\thumb\v6-m\nofp\libc_nano.a(libc_a-sbrkr.o)
                0x0800332c                _sbrk_r
 .text          0x08003350        0x0 C:\arm-gnu-toolchain-14.2.rel1-mingw-w64-i686-arm-none-eabi\lib\gcc\arm-none-eabi\14.2.1\thumb\v6-m\nofp\libc_nano.a(libc_a-msizer.o)
 .text._malloc_usable_size_r
                0x08003350       0x10 C:\arm-gnu-toolchain-14.2.rel1-mingw-w64-i686-arm-none-eabi\lib\gcc\arm-none-eabi\14.2.1\thumb\v6-m\nofp\libc_nano.a(libc_a-msizer.o)
                0x08003350                _malloc_usable_size_r
 .text          0x08003360       0x14 C:\arm-gnu-toolchain-14.2.rel1-mingw-w64-i686-arm-none-eabi\lib\gcc\arm-none-eabi\14.2.1\thumb\v6-m\nofp\libgcc.a(_thumb1_case_shi.o)
                0x08003360                __gnu_thumb1_case_shi
 .text          0x08003374      0x114 C:\arm-gnu-toolchain-14.2.rel1-mingw-w64-i686-arm-none-eabi\lib\gcc\arm-none-eabi\14.2.1\thumb\v6-m\nofp\libgcc.a(_udivsi3.o)
                0x08003374                __aeabi_uidiv
                0x08003374                __udivsi3
                0x08003480                __aeabi_uidivmod
 *(.rodata*)
 .rodata        0x08003488      0x208 main.o
 .rodata        0x08003690       0x7c startup.o
 .rodata._vfprintf_r.str1.1
                0x0800370c       0x33 C:\arm-gnu-toolchain-14.2.rel1-mingw-w64-i686-arm-none-eabi\lib\gcc\arm-none-eabi\14.2.1\thumb\v6-m\nofp\libc_nano.a(libc_a-nano-vfprintf.o)
                                 0x11 (size before relaxing)
 .rodata._printf_i.str1.1
                0x0800373f       0x22 C:\arm-gnu-toolchain-14.2.rel1-mingw-w64-i686-arm-none-eabi\lib\gcc\arm-none-eabi\14.2.1\thumb\v6-m\nofp\libc_nano.a(libc_a-nano-vfprintf_i.o)
                0x08003764                        . = ALIGN (0x4)
 *fill*         0x0800373f        0x1 
                0x08003740                        PROVIDE (__init_array_start = .)
 *(SORT_BY_NAME(.init_array.*))
 *(.init_array)
                0x08003740                        PROVIDE (__init_array_end = .)
                0x08003740                        . = ALIGN (0x4)
                0x08003740                        _etext = .

.glue_7         0x08003740        0x0
 .glue_7        0x08003740        0x0 linker stubs

.glue_7t        0x08003740        0x0
 .glue_7t       0x08003740        0x0 linker stubs

.vfp11_veneer   0x08003740        0x0
 .vfp11_veneer  0x08003740        0x0 linker stubs

.v4_bx          0x08003740        0x0
 .v4_bx         0x08003740        0x0 linker stubs

.iplt           0x08003740        0x0
 .iplt          0x08003740        0x0 main.o

.rel.dyn        0x08003740        0x0
 .rel.iplt      0x08003740        0x0 main.o

.data           0x20000000       0x68 load address 0x08003740
                0x20000000                        . = ALIGN (0x4)
                0x20000000                        _data = .
 *(.data*)
 .data          0x20000000        0x8 main.o
                0x20000000                ISR_pwm1
                0x20000001                ISR_pwm2
 .data          0x20000008        0x0 adc.o
 .data          0x20000008        0x0 serial.o
 .data          0x20000008        0x0 startup.o
 .data          0x20000008        0x4 newlib_stubs.o
                0x20000008                environ
 .data          0x2000000c        0x0 UART2.o
 .data          0x2000000c        0x0 C:\arm-gnu-toolchain-14.2.rel1-mingw-w64-i686-arm-none-eabi\lib\gcc\arm-none-eabi\14.2.1\thumb\v6-m\nofp\libnosys.a(errno.o)
 .data          0x2000000c        0x0 C:\arm-gnu-toolchain-14.2.rel1-mingw-w64-i686-arm-none-eabi\lib\gcc\arm-none-eabi\14.2.1\thumb\v6-m\nofp\libgcc.a(_divsi3.o)
 .data          0x2000000c        0x0 C:\arm-gnu-toolchain-14.2.rel1-mingw-w64-i686-arm-none-eabi\lib\gcc\arm-none-eabi\14.2.1\thumb\v6-m\nofp\libgcc.a(_dvmd_tls.o)
 .data          0x2000000c        0x0 C:\arm-gnu-toolchain-14.2.rel1-mingw-w64-i686-arm-none-eabi\lib\gcc\arm-none-eabi\14.2.1\thumb\v6-m\nofp\libc_nano.a(libc_a-printf.o)
 .data          0x2000000c        0x0 C:\arm-gnu-toolchain-14.2.rel1-mingw-w64-i686-arm-none-eabi\lib\gcc\arm-none-eabi\14.2.1\thumb\v6-m\nofp\libc_nano.a(libc_a-impure.o)
 .data._impure_ptr
                0x2000000c        0x4 C:\arm-gnu-toolchain-14.2.rel1-mingw-w64-i686-arm-none-eabi\lib\gcc\arm-none-eabi\14.2.1\thumb\v6-m\nofp\libc_nano.a(libc_a-impure.o)
                0x2000000c                _impure_ptr
 .data._impure_data
                0x20000010       0x4c C:\arm-gnu-toolchain-14.2.rel1-mingw-w64-i686-arm-none-eabi\lib\gcc\arm-none-eabi\14.2.1\thumb\v6-m\nofp\libc_nano.a(libc_a-impure.o)
                0x20000010                _impure_data
 .data          0x2000005c        0x0 C:\arm-gnu-toolchain-14.2.rel1-mingw-w64-i686-arm-none-eabi\lib\gcc\arm-none-eabi\14.2.1\thumb\v6-m\nofp\libc_nano.a(libc_a-nano-vfprintf.o)
 .data          0x2000005c        0x0 C:\arm-gnu-toolchain-14.2.rel1-mingw-w64-i686-arm-none-eabi\lib\gcc\arm-none-eabi\14.2.1\thumb\v6-m\nofp\libc_nano.a(libc_a-nano-vfprintf_i.o)
 .data          0x2000005c        0x0 C:\arm-gnu-toolchain-14.2.rel1-mingw-w64-i686-arm-none-eabi\lib\gcc\arm-none-eabi\14.2.1\thumb\v6-m\nofp\libc_nano.a(libc_a-findfp.o)
 .data.__sglue  0x2000005c        0xc C:\arm-gnu-toolchain-14.2.rel1-mingw-w64-i686-arm-none-eabi\lib\gcc\arm-none-eabi\14.2.1\thumb\v6-m\nofp\libc_nano.a(libc_a-findfp.o)
                0x2000005c                __sglue
 .data          0x20000068        0x0 C:\arm-gnu-toolchain-14.2.rel1-mingw-w64-i686-arm-none-eabi\lib\gcc\arm-none-eabi\14.2.1\thumb\v6-m\nofp\libc_nano.a(libc_a-fvwrite.o)
 .data          0x20000068        0x0 C:\arm-gnu-toolchain-14.2.rel1-mingw-w64-i686-arm-none-eabi\lib\gcc\arm-none-eabi\14.2.1\thumb\v6-m\nofp\libc_nano.a(libc_a-fwalk.o)
 .data          0x20000068        0x0 C:\arm-gnu-toolchain-14.2.rel1-mingw-w64-i686-arm-none-eabi\lib\gcc\arm-none-eabi\14.2.1\thumb\v6-m\nofp\libc_nano.a(libc_a-stdio.o)
 .data          0x20000068        0x0 C:\arm-gnu-toolchain-14.2.rel1-mingw-w64-i686-arm-none-eabi\lib\gcc\arm-none-eabi\14.2.1\thumb\v6-m\nofp\libc_nano.a(libc_a-wbuf.o)
 .data          0x20000068        0x0 C:\arm-gnu-toolchain-14.2.rel1-mingw-w64-i686-arm-none-eabi\lib\gcc\arm-none-eabi\14.2.1\thumb\v6-m\nofp\libc_nano.a(libc_a-wsetup.o)
 .data          0x20000068        0x0 C:\arm-gnu-toolchain-14.2.rel1-mingw-w64-i686-arm-none-eabi\lib\gcc\arm-none-eabi\14.2.1\thumb\v6-m\nofp\libc_nano.a(libc_a-memmove.o)
 .data          0x20000068        0x0 C:\arm-gnu-toolchain-14.2.rel1-mingw-w64-i686-arm-none-eabi\lib\gcc\arm-none-eabi\14.2.1\thumb\v6-m\nofp\libc_nano.a(libc_a-memset.o)
 .data          0x20000068        0x0 C:\arm-gnu-toolchain-14.2.rel1-mingw-w64-i686-arm-none-eabi\lib\gcc\arm-none-eabi\14.2.1\thumb\v6-m\nofp\libc_nano.a(libc_a-closer.o)
 .data          0x20000068        0x0 C:\arm-gnu-toolchain-14.2.rel1-mingw-w64-i686-arm-none-eabi\lib\gcc\arm-none-eabi\14.2.1\thumb\v6-m\nofp\libc_nano.a(libc_a-lseekr.o)
 .data          0x20000068        0x0 C:\arm-gnu-toolchain-14.2.rel1-mingw-w64-i686-arm-none-eabi\lib\gcc\arm-none-eabi\14.2.1\thumb\v6-m\nofp\libc_nano.a(libc_a-readr.o)
 .data          0x20000068        0x0 C:\arm-gnu-toolchain-14.2.rel1-mingw-w64-i686-arm-none-eabi\lib\gcc\arm-none-eabi\14.2.1\thumb\v6-m\nofp\libc_nano.a(libc_a-writer.o)
 .data          0x20000068        0x0 C:\arm-gnu-toolchain-14.2.rel1-mingw-w64-i686-arm-none-eabi\lib\gcc\arm-none-eabi\14.2.1\thumb\v6-m\nofp\libc_nano.a(libc_a-lock.o)
 .data          0x20000068        0x0 C:\arm-gnu-toolchain-14.2.rel1-mingw-w64-i686-arm-none-eabi\lib\gcc\arm-none-eabi\14.2.1\thumb\v6-m\nofp\libc_nano.a(libc_a-memchr-stub.o)
 .data          0x20000068        0x0 C:\arm-gnu-toolchain-14.2.rel1-mingw-w64-i686-arm-none-eabi\lib\gcc\arm-none-eabi\14.2.1\thumb\v6-m\nofp\libc_nano.a(libc_a-memcpy-stub.o)
 .data          0x20000068        0x0 C:\arm-gnu-toolchain-14.2.rel1-mingw-w64-i686-arm-none-eabi\lib\gcc\arm-none-eabi\14.2.1\thumb\v6-m\nofp\libc_nano.a(libc_a-freer.o)
 .data          0x20000068        0x0 C:\arm-gnu-toolchain-14.2.rel1-mingw-w64-i686-arm-none-eabi\lib\gcc\arm-none-eabi\14.2.1\thumb\v6-m\nofp\libc_nano.a(libc_a-mallocr.o)
 .data          0x20000068        0x0 C:\arm-gnu-toolchain-14.2.rel1-mingw-w64-i686-arm-none-eabi\lib\gcc\arm-none-eabi\14.2.1\thumb\v6-m\nofp\libc_nano.a(libc_a-mlock.o)
 .data          0x20000068        0x0 C:\arm-gnu-toolchain-14.2.rel1-mingw-w64-i686-arm-none-eabi\lib\gcc\arm-none-eabi\14.2.1\thumb\v6-m\nofp\libc_nano.a(libc_a-reallocr.o)
 .data          0x20000068        0x0 C:\arm-gnu-toolchain-14.2.rel1-mingw-w64-i686-arm-none-eabi\lib\gcc\arm-none-eabi\14.2.1\thumb\v6-m\nofp\libc_nano.a(libc_a-fflush.o)
 .data          0x20000068        0x0 C:\arm-gnu-toolchain-14.2.rel1-mingw-w64-i686-arm-none-eabi\lib\gcc\arm-none-eabi\14.2.1\thumb\v6-m\nofp\libc_nano.a(libc_a-makebuf.o)
 .data          0x20000068        0x0 C:\arm-gnu-toolchain-14.2.rel1-mingw-w64-i686-arm-none-eabi\lib\gcc\arm-none-eabi\14.2.1\thumb\v6-m\nofp\libc_nano.a(libc_a-fstatr.o)
 .data          0x20000068        0x0 C:\arm-gnu-toolchain-14.2.rel1-mingw-w64-i686-arm-none-eabi\lib\gcc\arm-none-eabi\14.2.1\thumb\v6-m\nofp\libc_nano.a(libc_a-isattyr.o)
 .data          0x20000068        0x0 C:\arm-gnu-toolchain-14.2.rel1-mingw-w64-i686-arm-none-eabi\lib\gcc\arm-none-eabi\14.2.1\thumb\v6-m\nofp\libc_nano.a(libc_a-sbrkr.o)
 .data          0x20000068        0x0 C:\arm-gnu-toolchain-14.2.rel1-mingw-w64-i686-arm-none-eabi\lib\gcc\arm-none-eabi\14.2.1\thumb\v6-m\nofp\libc_nano.a(libc_a-msizer.o)
 .data          0x20000068        0x0 C:\arm-gnu-toolchain-14.2.rel1-mingw-w64-i686-arm-none-eabi\lib\gcc\arm-none-eabi\14.2.1\thumb\v6-m\nofp\libgcc.a(_thumb1_case_shi.o)
 .data          0x20000068        0x0 C:\arm-gnu-toolchain-14.2.rel1-mingw-w64-i686-arm-none-eabi\lib\gcc\arm-none-eabi\14.2.1\thumb\v6-m\nofp\libgcc.a(_udivsi3.o)
                0x20000068                        . = ALIGN (0x4)
                0x20000068                        _edata = .

.igot.plt       0x20000068        0x0 load address 0x080037a8
 .igot.plt      0x20000068        0x0 main.o

.bss            0x20000068      0x2b4 load address 0x080037a8
                0x20000068                        _bss = .
 *(.bss*)
 .bss           0x20000068       0x14 main.o
                0x20000068                PWM_Counter
                0x2000006c                PWM_counter_motor
                0x20000070                pwm1
                0x20000071                pwm2
 .bss           0x2000007c        0x0 adc.o
 .bss           0x2000007c       0xa4 serial.o
                0x2000007c                ComRXBuffer
                0x200000c8                ComTXBuffer
                0x20000114                ComOpen
                0x20000118                ComError
                0x2000011c                ComBusy
 .bss           0x20000120        0x0 startup.o
 .bss           0x20000120        0x8 newlib_stubs.o
                0x20000120                __env
 .bss           0x20000128       0xa4 UART2.o
                0x20000128                ComRXBuffer2
                0x20000174                ComTXBuffer2
                0x200001c0                ComOpen2
                0x200001c4                ComError2
                0x200001c8                ComBusy2
 .bss           0x200001cc        0x0 C:\arm-gnu-toolchain-14.2.rel1-mingw-w64-i686-arm-none-eabi\lib\gcc\arm-none-eabi\14.2.1\thumb\v6-m\nofp\libnosys.a(errno.o)
 .bss.errno     0x200001cc        0x4 C:\arm-gnu-toolchain-14.2.rel1-mingw-w64-i686-arm-none-eabi\lib\gcc\arm-none-eabi\14.2.1\thumb\v6-m\nofp\libnosys.a(errno.o)
                0x200001cc                errno
 .bss           0x200001d0        0x0 C:\arm-gnu-toolchain-14.2.rel1-mingw-w64-i686-arm-none-eabi\lib\gcc\arm-none-eabi\14.2.1\thumb\v6-m\nofp\libgcc.a(_divsi3.o)
 .bss           0x200001d0        0x0 C:\arm-gnu-toolchain-14.2.rel1-mingw-w64-i686-arm-none-eabi\lib\gcc\arm-none-eabi\14.2.1\thumb\v6-m\nofp\libgcc.a(_dvmd_tls.o)
 .bss           0x200001d0        0x0 C:\arm-gnu-toolchain-14.2.rel1-mingw-w64-i686-arm-none-eabi\lib\gcc\arm-none-eabi\14.2.1\thumb\v6-m\nofp\libc_nano.a(libc_a-printf.o)
 .bss           0x200001d0        0x0 C:\arm-gnu-toolchain-14.2.rel1-mingw-w64-i686-arm-none-eabi\lib\gcc\arm-none-eabi\14.2.1\thumb\v6-m\nofp\libc_nano.a(libc_a-impure.o)
 .bss           0x200001d0        0x0 C:\arm-gnu-toolchain-14.2.rel1-mingw-w64-i686-arm-none-eabi\lib\gcc\arm-none-eabi\14.2.1\thumb\v6-m\nofp\libc_nano.a(libc_a-nano-vfprintf.o)
 .bss           0x200001d0        0x0 C:\arm-gnu-toolchain-14.2.rel1-mingw-w64-i686-arm-none-eabi\lib\gcc\arm-none-eabi\14.2.1\thumb\v6-m\nofp\libc_nano.a(libc_a-nano-vfprintf_i.o)
 .bss           0x200001d0        0x0 C:\arm-gnu-toolchain-14.2.rel1-mingw-w64-i686-arm-none-eabi\lib\gcc\arm-none-eabi\14.2.1\thumb\v6-m\nofp\libc_nano.a(libc_a-findfp.o)
 .bss.__sf      0x200001d0      0x138 C:\arm-gnu-toolchain-14.2.rel1-mingw-w64-i686-arm-none-eabi\lib\gcc\arm-none-eabi\14.2.1\thumb\v6-m\nofp\libc_nano.a(libc_a-findfp.o)
                0x200001d0                __sf
 .bss.__stdio_exit_handler
                0x20000308        0x4 C:\arm-gnu-toolchain-14.2.rel1-mingw-w64-i686-arm-none-eabi\lib\gcc\arm-none-eabi\14.2.1\thumb\v6-m\nofp\libc_nano.a(libc_a-findfp.o)
                0x20000308                __stdio_exit_handler
 .bss           0x2000030c        0x0 C:\arm-gnu-toolchain-14.2.rel1-mingw-w64-i686-arm-none-eabi\lib\gcc\arm-none-eabi\14.2.1\thumb\v6-m\nofp\libc_nano.a(libc_a-fvwrite.o)
 .bss           0x2000030c        0x0 C:\arm-gnu-toolchain-14.2.rel1-mingw-w64-i686-arm-none-eabi\lib\gcc\arm-none-eabi\14.2.1\thumb\v6-m\nofp\libc_nano.a(libc_a-fwalk.o)
 .bss           0x2000030c        0x0 C:\arm-gnu-toolchain-14.2.rel1-mingw-w64-i686-arm-none-eabi\lib\gcc\arm-none-eabi\14.2.1\thumb\v6-m\nofp\libc_nano.a(libc_a-stdio.o)
 .bss           0x2000030c        0x0 C:\arm-gnu-toolchain-14.2.rel1-mingw-w64-i686-arm-none-eabi\lib\gcc\arm-none-eabi\14.2.1\thumb\v6-m\nofp\libc_nano.a(libc_a-wbuf.o)
 .bss           0x2000030c        0x0 C:\arm-gnu-toolchain-14.2.rel1-mingw-w64-i686-arm-none-eabi\lib\gcc\arm-none-eabi\14.2.1\thumb\v6-m\nofp\libc_nano.a(libc_a-wsetup.o)
 .bss           0x2000030c        0x0 C:\arm-gnu-toolchain-14.2.rel1-mingw-w64-i686-arm-none-eabi\lib\gcc\arm-none-eabi\14.2.1\thumb\v6-m\nofp\libc_nano.a(libc_a-memmove.o)
 .bss           0x2000030c        0x0 C:\arm-gnu-toolchain-14.2.rel1-mingw-w64-i686-arm-none-eabi\lib\gcc\arm-none-eabi\14.2.1\thumb\v6-m\nofp\libc_nano.a(libc_a-memset.o)
 .bss           0x2000030c        0x0 C:\arm-gnu-toolchain-14.2.rel1-mingw-w64-i686-arm-none-eabi\lib\gcc\arm-none-eabi\14.2.1\thumb\v6-m\nofp\libc_nano.a(libc_a-closer.o)
 .bss           0x2000030c        0x0 C:\arm-gnu-toolchain-14.2.rel1-mingw-w64-i686-arm-none-eabi\lib\gcc\arm-none-eabi\14.2.1\thumb\v6-m\nofp\libc_nano.a(libc_a-lseekr.o)
 .bss           0x2000030c        0x0 C:\arm-gnu-toolchain-14.2.rel1-mingw-w64-i686-arm-none-eabi\lib\gcc\arm-none-eabi\14.2.1\thumb\v6-m\nofp\libc_nano.a(libc_a-readr.o)
 .bss           0x2000030c        0x0 C:\arm-gnu-toolchain-14.2.rel1-mingw-w64-i686-arm-none-eabi\lib\gcc\arm-none-eabi\14.2.1\thumb\v6-m\nofp\libc_nano.a(libc_a-writer.o)
 .bss           0x2000030c        0x0 C:\arm-gnu-toolchain-14.2.rel1-mingw-w64-i686-arm-none-eabi\lib\gcc\arm-none-eabi\14.2.1\thumb\v6-m\nofp\libc_nano.a(libc_a-lock.o)
 .bss.__lock___arc4random_mutex
                0x2000030c        0x1 C:\arm-gnu-toolchain-14.2.rel1-mingw-w64-i686-arm-none-eabi\lib\gcc\arm-none-eabi\14.2.1\thumb\v6-m\nofp\libc_nano.a(libc_a-lock.o)
                0x2000030c                __lock___arc4random_mutex
 .bss.__lock___dd_hash_mutex
                0x2000030d        0x1 C:\arm-gnu-toolchain-14.2.rel1-mingw-w64-i686-arm-none-eabi\lib\gcc\arm-none-eabi\14.2.1\thumb\v6-m\nofp\libc_nano.a(libc_a-lock.o)
                0x2000030d                __lock___dd_hash_mutex
 .bss.__lock___tz_mutex
                0x2000030e        0x1 C:\arm-gnu-toolchain-14.2.rel1-mingw-w64-i686-arm-none-eabi\lib\gcc\arm-none-eabi\14.2.1\thumb\v6-m\nofp\libc_nano.a(libc_a-lock.o)
                0x2000030e                __lock___tz_mutex
 .bss.__lock___env_recursive_mutex
                0x2000030f        0x1 C:\arm-gnu-toolchain-14.2.rel1-mingw-w64-i686-arm-none-eabi\lib\gcc\arm-none-eabi\14.2.1\thumb\v6-m\nofp\libc_nano.a(libc_a-lock.o)
                0x2000030f                __lock___env_recursive_mutex
 .bss.__lock___malloc_recursive_mutex
                0x20000310        0x1 C:\arm-gnu-toolchain-14.2.rel1-mingw-w64-i686-arm-none-eabi\lib\gcc\arm-none-eabi\14.2.1\thumb\v6-m\nofp\libc_nano.a(libc_a-lock.o)
                0x20000310                __lock___malloc_recursive_mutex
 .bss.__lock___at_quick_exit_mutex
                0x20000311        0x1 C:\arm-gnu-toolchain-14.2.rel1-mingw-w64-i686-arm-none-eabi\lib\gcc\arm-none-eabi\14.2.1\thumb\v6-m\nofp\libc_nano.a(libc_a-lock.o)
                0x20000311                __lock___at_quick_exit_mutex
 .bss.__lock___atexit_recursive_mutex
                0x20000312        0x1 C:\arm-gnu-toolchain-14.2.rel1-mingw-w64-i686-arm-none-eabi\lib\gcc\arm-none-eabi\14.2.1\thumb\v6-m\nofp\libc_nano.a(libc_a-lock.o)
                0x20000312                __lock___atexit_recursive_mutex
 .bss.__lock___sfp_recursive_mutex
                0x20000313        0x1 C:\arm-gnu-toolchain-14.2.rel1-mingw-w64-i686-arm-none-eabi\lib\gcc\arm-none-eabi\14.2.1\thumb\v6-m\nofp\libc_nano.a(libc_a-lock.o)
                0x20000313                __lock___sfp_recursive_mutex
 .bss           0x20000314        0x0 C:\arm-gnu-toolchain-14.2.rel1-mingw-w64-i686-arm-none-eabi\lib\gcc\arm-none-eabi\14.2.1\thumb\v6-m\nofp\libc_nano.a(libc_a-memchr-stub.o)
 .bss           0x20000314        0x0 C:\arm-gnu-toolchain-14.2.rel1-mingw-w64-i686-arm-none-eabi\lib\gcc\arm-none-eabi\14.2.1\thumb\v6-m\nofp\libc_nano.a(libc_a-memcpy-stub.o)
 .bss           0x20000314        0x0 C:\arm-gnu-toolchain-14.2.rel1-mingw-w64-i686-arm-none-eabi\lib\gcc\arm-none-eabi\14.2.1\thumb\v6-m\nofp\libc_nano.a(libc_a-freer.o)
 .bss           0x20000314        0x0 C:\arm-gnu-toolchain-14.2.rel1-mingw-w64-i686-arm-none-eabi\lib\gcc\arm-none-eabi\14.2.1\thumb\v6-m\nofp\libc_nano.a(libc_a-mallocr.o)
 .bss.__malloc_sbrk_start
                0x20000314        0x4 C:\arm-gnu-toolchain-14.2.rel1-mingw-w64-i686-arm-none-eabi\lib\gcc\arm-none-eabi\14.2.1\thumb\v6-m\nofp\libc_nano.a(libc_a-mallocr.o)
                0x20000314                __malloc_sbrk_start
 .bss.__malloc_free_list
                0x20000318        0x4 C:\arm-gnu-toolchain-14.2.rel1-mingw-w64-i686-arm-none-eabi\lib\gcc\arm-none-eabi\14.2.1\thumb\v6-m\nofp\libc_nano.a(libc_a-mallocr.o)
                0x20000318                __malloc_free_list
 .bss           0x2000031c        0x0 C:\arm-gnu-toolchain-14.2.rel1-mingw-w64-i686-arm-none-eabi\lib\gcc\arm-none-eabi\14.2.1\thumb\v6-m\nofp\libc_nano.a(libc_a-mlock.o)
 .bss           0x2000031c        0x0 C:\arm-gnu-toolchain-14.2.rel1-mingw-w64-i686-arm-none-eabi\lib\gcc\arm-none-eabi\14.2.1\thumb\v6-m\nofp\libc_nano.a(libc_a-reallocr.o)
 .bss           0x2000031c        0x0 C:\arm-gnu-toolchain-14.2.rel1-mingw-w64-i686-arm-none-eabi\lib\gcc\arm-none-eabi\14.2.1\thumb\v6-m\nofp\libc_nano.a(libc_a-fflush.o)
 .bss           0x2000031c        0x0 C:\arm-gnu-toolchain-14.2.rel1-mingw-w64-i686-arm-none-eabi\lib\gcc\arm-none-eabi\14.2.1\thumb\v6-m\nofp\libc_nano.a(libc_a-makebuf.o)
 .bss           0x2000031c        0x0 C:\arm-gnu-toolchain-14.2.rel1-mingw-w64-i686-arm-none-eabi\lib\gcc\arm-none-eabi\14.2.1\thumb\v6-m\nofp\libc_nano.a(libc_a-fstatr.o)
 .bss           0x2000031c        0x0 C:\arm-gnu-toolchain-14.2.rel1-mingw-w64-i686-arm-none-eabi\lib\gcc\arm-none-eabi\14.2.1\thumb\v6-m\nofp\libc_nano.a(libc_a-isattyr.o)
 .bss           0x2000031c        0x0 C:\arm-gnu-toolchain-14.2.rel1-mingw-w64-i686-arm-none-eabi\lib\gcc\arm-none-eabi\14.2.1\thumb\v6-m\nofp\libc_nano.a(libc_a-sbrkr.o)
 .bss           0x2000031c        0x0 C:\arm-gnu-toolchain-14.2.rel1-mingw-w64-i686-arm-none-eabi\lib\gcc\arm-none-eabi\14.2.1\thumb\v6-m\nofp\libc_nano.a(libc_a-msizer.o)
 .bss           0x2000031c        0x0 C:\arm-gnu-toolchain-14.2.rel1-mingw-w64-i686-arm-none-eabi\lib\gcc\arm-none-eabi\14.2.1\thumb\v6-m\nofp\libgcc.a(_thumb1_case_shi.o)
 .bss           0x2000031c        0x0 C:\arm-gnu-toolchain-14.2.rel1-mingw-w64-i686-arm-none-eabi\lib\gcc\arm-none-eabi\14.2.1\thumb\v6-m\nofp\libgcc.a(_udivsi3.o)
 *(COMMON)
                0x2000031c                        . = ALIGN (0x4)
                0x2000031c                        _ebss = .
                [!provide]                        PROVIDE (end = .)
                0x2000031c                        PROVIDE (_HeapStart = .)
                0x20002000                        PROVIDE (_StackTop = (ORIGIN (ram) + LENGTH (ram)))
OUTPUT(main.elf elf32-littlearm)
LOAD linker stubs

.debug_info     0x00000000     0x280c
 .debug_info    0x00000000      0xa3f main.o
 .debug_info    0x00000a3f      0x31b adc.o
 .debug_info    0x00000d5a      0x82d serial.o
 .debug_info    0x00001587      0x3ad startup.o
 .debug_info    0x00001934      0x724 newlib_stubs.o
 .debug_info    0x00002058      0x7b4 UART2.o

.debug_abbrev   0x00000000      0xb2b
 .debug_abbrev  0x00000000      0x320 main.o
 .debug_abbrev  0x00000320      0x10c adc.o
 .debug_abbrev  0x0000042c      0x1f5 serial.o
 .debug_abbrev  0x00000621      0x174 startup.o
 .debug_abbrev  0x00000795      0x17b newlib_stubs.o
 .debug_abbrev  0x00000910      0x21b UART2.o

.debug_aranges  0x00000000       0xc8
 .debug_aranges
                0x00000000       0x20 main.o
 .debug_aranges
                0x00000020       0x20 adc.o
 .debug_aranges
                0x00000040       0x20 serial.o
 .debug_aranges
                0x00000060       0x28 startup.o
 .debug_aranges
                0x00000088       0x20 newlib_stubs.o
 .debug_aranges
                0x000000a8       0x20 UART2.o

.debug_line     0x00000000     0x1713
 .debug_line    0x00000000      0x707 main.o
 .debug_line    0x00000707      0x195 adc.o
 .debug_line    0x0000089c      0x49c serial.o
 .debug_line    0x00000d38      0x25e startup.o
 .debug_line    0x00000f96      0x288 newlib_stubs.o
 .debug_line    0x0000121e      0x4f5 UART2.o

.debug_str      0x00000000      0xad4
 .debug_str     0x00000000      0xad4 main.o
                                0x4d9 (size before relaxing)
 .debug_str     0x00000ad4      0x280 adc.o
 .debug_str     0x00000ad4      0x3c4 serial.o
 .debug_str     0x00000ad4      0x2ec startup.o
 .debug_str     0x00000ad4      0x3ea newlib_stubs.o
 .debug_str     0x00000ad4      0x3bd UART2.o

.comment        0x00000000       0x8e
 .comment       0x00000000       0x8e main.o
                                 0x46 (size before relaxing)
 .comment       0x0000008e       0x4a adc.o
 .comment       0x0000008e       0x4a serial.o
 .comment       0x0000008e       0x4a startup.o
 .comment       0x0000008e       0x4a newlib_stubs.o
 .comment       0x0000008e       0x46 UART2.o

.ARM.attributes
                0x00000000       0x2c
 .ARM.attributes
                0x00000000       0x2c main.o
 .ARM.attributes
                0x0000002c       0x2c adc.o
 .ARM.attributes
                0x00000058       0x2c serial.o
 .ARM.attributes
                0x00000084       0x2c startup.o
 .ARM.attributes
                0x000000b0       0x2c newlib_stubs.o
 .ARM.attributes
                0x000000dc       0x2c UART2.o
 .ARM.attributes
                0x00000108       0x2c C:\arm-gnu-toolchain-14.2.rel1-mingw-w64-i686-arm-none-eabi\lib\gcc\arm-none-eabi\14.2.1\thumb\v6-m\nofp\libnosys.a(errno.o)
 .ARM.attributes
                0x00000134       0x1e C:\arm-gnu-toolchain-14.2.rel1-mingw-w64-i686-arm-none-eabi\lib\gcc\arm-none-eabi\14.2.1\thumb\v6-m\nofp\libgcc.a(_divsi3.o)
 .ARM.attributes
                0x00000152       0x1e C:\arm-gnu-toolchain-14.2.rel1-mingw-w64-i686-arm-none-eabi\lib\gcc\arm-none-eabi\14.2.1\thumb\v6-m\nofp\libgcc.a(_dvmd_tls.o)
 .ARM.attributes
                0x00000170       0x2c C:\arm-gnu-toolchain-14.2.rel1-mingw-w64-i686-arm-none-eabi\lib\gcc\arm-none-eabi\14.2.1\thumb\v6-m\nofp\libc_nano.a(libc_a-printf.o)
 .ARM.attributes
                0x0000019c       0x2c C:\arm-gnu-toolchain-14.2.rel1-mingw-w64-i686-arm-none-eabi\lib\gcc\arm-none-eabi\14.2.1\thumb\v6-m\nofp\libc_nano.a(libc_a-impure.o)
 .ARM.attributes
                0x000001c8       0x2c C:\arm-gnu-toolchain-14.2.rel1-mingw-w64-i686-arm-none-eabi\lib\gcc\arm-none-eabi\14.2.1\thumb\v6-m\nofp\libc_nano.a(libc_a-nano-vfprintf.o)
 .ARM.attributes
                0x000001f4       0x2c C:\arm-gnu-toolchain-14.2.rel1-mingw-w64-i686-arm-none-eabi\lib\gcc\arm-none-eabi\14.2.1\thumb\v6-m\nofp\libc_nano.a(libc_a-nano-vfprintf_i.o)
 .ARM.attributes
                0x00000220       0x2c C:\arm-gnu-toolchain-14.2.rel1-mingw-w64-i686-arm-none-eabi\lib\gcc\arm-none-eabi\14.2.1\thumb\v6-m\nofp\libc_nano.a(libc_a-findfp.o)
 .ARM.attributes
                0x0000024c       0x2c C:\arm-gnu-toolchain-14.2.rel1-mingw-w64-i686-arm-none-eabi\lib\gcc\arm-none-eabi\14.2.1\thumb\v6-m\nofp\libc_nano.a(libc_a-fvwrite.o)
 .ARM.attributes
                0x00000278       0x2c C:\arm-gnu-toolchain-14.2.rel1-mingw-w64-i686-arm-none-eabi\lib\gcc\arm-none-eabi\14.2.1\thumb\v6-m\nofp\libc_nano.a(libc_a-fwalk.o)
 .ARM.attributes
                0x000002a4       0x2c C:\arm-gnu-toolchain-14.2.rel1-mingw-w64-i686-arm-none-eabi\lib\gcc\arm-none-eabi\14.2.1\thumb\v6-m\nofp\libc_nano.a(libc_a-stdio.o)
 .ARM.attributes
                0x000002d0       0x2c C:\arm-gnu-toolchain-14.2.rel1-mingw-w64-i686-arm-none-eabi\lib\gcc\arm-none-eabi\14.2.1\thumb\v6-m\nofp\libc_nano.a(libc_a-wbuf.o)
 .ARM.attributes
                0x000002fc       0x2c C:\arm-gnu-toolchain-14.2.rel1-mingw-w64-i686-arm-none-eabi\lib\gcc\arm-none-eabi\14.2.1\thumb\v6-m\nofp\libc_nano.a(libc_a-wsetup.o)
 .ARM.attributes
                0x00000328       0x2c C:\arm-gnu-toolchain-14.2.rel1-mingw-w64-i686-arm-none-eabi\lib\gcc\arm-none-eabi\14.2.1\thumb\v6-m\nofp\libc_nano.a(libc_a-memmove.o)
 .ARM.attributes
                0x00000354       0x2c C:\arm-gnu-toolchain-14.2.rel1-mingw-w64-i686-arm-none-eabi\lib\gcc\arm-none-eabi\14.2.1\thumb\v6-m\nofp\libc_nano.a(libc_a-memset.o)
 .ARM.attributes
                0x00000380       0x2c C:\arm-gnu-toolchain-14.2.rel1-mingw-w64-i686-arm-none-eabi\lib\gcc\arm-none-eabi\14.2.1\thumb\v6-m\nofp\libc_nano.a(libc_a-closer.o)
 .ARM.attributes
                0x000003ac       0x2c C:\arm-gnu-toolchain-14.2.rel1-mingw-w64-i686-arm-none-eabi\lib\gcc\arm-none-eabi\14.2.1\thumb\v6-m\nofp\libc_nano.a(libc_a-lseekr.o)
 .ARM.attributes
                0x000003d8       0x2c C:\arm-gnu-toolchain-14.2.rel1-mingw-w64-i686-arm-none-eabi\lib\gcc\arm-none-eabi\14.2.1\thumb\v6-m\nofp\libc_nano.a(libc_a-readr.o)
 .ARM.attributes
                0x00000404       0x2c C:\arm-gnu-toolchain-14.2.rel1-mingw-w64-i686-arm-none-eabi\lib\gcc\arm-none-eabi\14.2.1\thumb\v6-m\nofp\libc_nano.a(libc_a-writer.o)
 .ARM.attributes
                0x00000430       0x2c C:\arm-gnu-toolchain-14.2.rel1-mingw-w64-i686-arm-none-eabi\lib\gcc\arm-none-eabi\14.2.1\thumb\v6-m\nofp\libc_nano.a(libc_a-lock.o)
 .ARM.attributes
                0x0000045c       0x2c C:\arm-gnu-toolchain-14.2.rel1-mingw-w64-i686-arm-none-eabi\lib\gcc\arm-none-eabi\14.2.1\thumb\v6-m\nofp\libc_nano.a(libc_a-memchr-stub.o)
 .ARM.attributes
                0x00000488       0x2c C:\arm-gnu-toolchain-14.2.rel1-mingw-w64-i686-arm-none-eabi\lib\gcc\arm-none-eabi\14.2.1\thumb\v6-m\nofp\libc_nano.a(libc_a-memcpy-stub.o)
 .ARM.attributes
                0x000004b4       0x2c C:\arm-gnu-toolchain-14.2.rel1-mingw-w64-i686-arm-none-eabi\lib\gcc\arm-none-eabi\14.2.1\thumb\v6-m\nofp\libc_nano.a(libc_a-freer.o)
 .ARM.attributes
                0x000004e0       0x2c C:\arm-gnu-toolchain-14.2.rel1-mingw-w64-i686-arm-none-eabi\lib\gcc\arm-none-eabi\14.2.1\thumb\v6-m\nofp\libc_nano.a(libc_a-mallocr.o)
 .ARM.attributes
                0x0000050c       0x2c C:\arm-gnu-toolchain-14.2.rel1-mingw-w64-i686-arm-none-eabi\lib\gcc\arm-none-eabi\14.2.1\thumb\v6-m\nofp\libc_nano.a(libc_a-mlock.o)
 .ARM.attributes
                0x00000538       0x2c C:\arm-gnu-toolchain-14.2.rel1-mingw-w64-i686-arm-none-eabi\lib\gcc\arm-none-eabi\14.2.1\thumb\v6-m\nofp\libc_nano.a(libc_a-reallocr.o)
 .ARM.attributes
                0x00000564       0x2c C:\arm-gnu-toolchain-14.2.rel1-mingw-w64-i686-arm-none-eabi\lib\gcc\arm-none-eabi\14.2.1\thumb\v6-m\nofp\libc_nano.a(libc_a-fflush.o)
 .ARM.attributes
                0x00000590       0x2c C:\arm-gnu-toolchain-14.2.rel1-mingw-w64-i686-arm-none-eabi\lib\gcc\arm-none-eabi\14.2.1\thumb\v6-m\nofp\libc_nano.a(libc_a-makebuf.o)
 .ARM.attributes
                0x000005bc       0x2c C:\arm-gnu-toolchain-14.2.rel1-mingw-w64-i686-arm-none-eabi\lib\gcc\arm-none-eabi\14.2.1\thumb\v6-m\nofp\libc_nano.a(libc_a-fstatr.o)
 .ARM.attributes
                0x000005e8       0x2c C:\arm-gnu-toolchain-14.2.rel1-mingw-w64-i686-arm-none-eabi\lib\gcc\arm-none-eabi\14.2.1\thumb\v6-m\nofp\libc_nano.a(libc_a-isattyr.o)
 .ARM.attributes
                0x00000614       0x2c C:\arm-gnu-toolchain-14.2.rel1-mingw-w64-i686-arm-none-eabi\lib\gcc\arm-none-eabi\14.2.1\thumb\v6-m\nofp\libc_nano.a(libc_a-sbrkr.o)
 .ARM.attributes
                0x00000640       0x2c C:\arm-gnu-toolchain-14.2.rel1-mingw-w64-i686-arm-none-eabi\lib\gcc\arm-none-eabi\14.2.1\thumb\v6-m\nofp\libc_nano.a(libc_a-msizer.o)
 .ARM.attributes
                0x0000066c       0x1e C:\arm-gnu-toolchain-14.2.rel1-mingw-w64-i686-arm-none-eabi\lib\gcc\arm-none-eabi\14.2.1\thumb\v6-m\nofp\libgcc.a(_thumb1_case_shi.o)
 .ARM.attributes
                0x0000068a       0x1e C:\arm-gnu-toolchain-14.2.rel1-mingw-w64-i686-arm-none-eabi\lib\gcc\arm-none-eabi\14.2.1\thumb\v6-m\nofp\libgcc.a(_udivsi3.o)

.debug_frame    0x00000000     0x118c
 .debug_frame   0x00000000      0x23c main.o
 .debug_frame   0x0000023c       0x4c adc.o
 .debug_frame   0x00000288      0x1e8 serial.o
 .debug_frame   0x00000470       0x94 startup.o
 .debug_frame   0x00000504      0x228 newlib_stubs.o
 .debug_frame   0x0000072c      0x204 UART2.o
 .debug_frame   0x00000930       0x20 C:\arm-gnu-toolchain-14.2.rel1-mingw-w64-i686-arm-none-eabi\lib\gcc\arm-none-eabi\14.2.1\thumb\v6-m\nofp\libgcc.a(_divsi3.o)
 .debug_frame   0x00000950       0x4c C:\arm-gnu-toolchain-14.2.rel1-mingw-w64-i686-arm-none-eabi\lib\gcc\arm-none-eabi\14.2.1\thumb\v6-m\nofp\libc_nano.a(libc_a-printf.o)
 .debug_frame   0x0000099c       0x9c C:\arm-gnu-toolchain-14.2.rel1-mingw-w64-i686-arm-none-eabi\lib\gcc\arm-none-eabi\14.2.1\thumb\v6-m\nofp\libc_nano.a(libc_a-nano-vfprintf.o)
 .debug_frame   0x00000a38       0x54 C:\arm-gnu-toolchain-14.2.rel1-mingw-w64-i686-arm-none-eabi\lib\gcc\arm-none-eabi\14.2.1\thumb\v6-m\nofp\libc_nano.a(libc_a-nano-vfprintf_i.o)
 .debug_frame   0x00000a8c      0x138 C:\arm-gnu-toolchain-14.2.rel1-mingw-w64-i686-arm-none-eabi\lib\gcc\arm-none-eabi\14.2.1\thumb\v6-m\nofp\libc_nano.a(libc_a-findfp.o)
 .debug_frame   0x00000bc4       0x30 C:\arm-gnu-toolchain-14.2.rel1-mingw-w64-i686-arm-none-eabi\lib\gcc\arm-none-eabi\14.2.1\thumb\v6-m\nofp\libc_nano.a(libc_a-fvwrite.o)
 .debug_frame   0x00000bf4       0x34 C:\arm-gnu-toolchain-14.2.rel1-mingw-w64-i686-arm-none-eabi\lib\gcc\arm-none-eabi\14.2.1\thumb\v6-m\nofp\libc_nano.a(libc_a-fwalk.o)
 .debug_frame   0x00000c28       0x90 C:\arm-gnu-toolchain-14.2.rel1-mingw-w64-i686-arm-none-eabi\lib\gcc\arm-none-eabi\14.2.1\thumb\v6-m\nofp\libc_nano.a(libc_a-stdio.o)
 .debug_frame   0x00000cb8       0x48 C:\arm-gnu-toolchain-14.2.rel1-mingw-w64-i686-arm-none-eabi\lib\gcc\arm-none-eabi\14.2.1\thumb\v6-m\nofp\libc_nano.a(libc_a-wbuf.o)
 .debug_frame   0x00000d00       0x2c C:\arm-gnu-toolchain-14.2.rel1-mingw-w64-i686-arm-none-eabi\lib\gcc\arm-none-eabi\14.2.1\thumb\v6-m\nofp\libc_nano.a(libc_a-wsetup.o)
 .debug_frame   0x00000d2c       0x28 C:\arm-gnu-toolchain-14.2.rel1-mingw-w64-i686-arm-none-eabi\lib\gcc\arm-none-eabi\14.2.1\thumb\v6-m\nofp\libc_nano.a(libc_a-memmove.o)
 .debug_frame   0x00000d54       0x20 C:\arm-gnu-toolchain-14.2.rel1-mingw-w64-i686-arm-none-eabi\lib\gcc\arm-none-eabi\14.2.1\thumb\v6-m\nofp\libc_nano.a(libc_a-memset.o)
 .debug_frame   0x00000d74       0x2c C:\arm-gnu-toolchain-14.2.rel1-mingw-w64-i686-arm-none-eabi\lib\gcc\arm-none-eabi\14.2.1\thumb\v6-m\nofp\libc_nano.a(libc_a-closer.o)
 .debug_frame   0x00000da0       0x2c C:\arm-gnu-toolchain-14.2.rel1-mingw-w64-i686-arm-none-eabi\lib\gcc\arm-none-eabi\14.2.1\thumb\v6-m\nofp\libc_nano.a(libc_a-lseekr.o)
 .debug_frame   0x00000dcc       0x2c C:\arm-gnu-toolchain-14.2.rel1-mingw-w64-i686-arm-none-eabi\lib\gcc\arm-none-eabi\14.2.1\thumb\v6-m\nofp\libc_nano.a(libc_a-readr.o)
 .debug_frame   0x00000df8       0x2c C:\arm-gnu-toolchain-14.2.rel1-mingw-w64-i686-arm-none-eabi\lib\gcc\arm-none-eabi\14.2.1\thumb\v6-m\nofp\libc_nano.a(libc_a-writer.o)
 .debug_frame   0x00000e24       0xb0 C:\arm-gnu-toolchain-14.2.rel1-mingw-w64-i686-arm-none-eabi\lib\gcc\arm-none-eabi\14.2.1\thumb\v6-m\nofp\libc_nano.a(libc_a-lock.o)
 .debug_frame   0x00000ed4       0x20 C:\arm-gnu-toolchain-14.2.rel1-mingw-w64-i686-arm-none-eabi\lib\gcc\arm-none-eabi\14.2.1\thumb\v6-m\nofp\libc_nano.a(libc_a-memchr-stub.o)
 .debug_frame   0x00000ef4       0x28 C:\arm-gnu-toolchain-14.2.rel1-mingw-w64-i686-arm-none-eabi\lib\gcc\arm-none-eabi\14.2.1\thumb\v6-m\nofp\libc_nano.a(libc_a-memcpy-stub.o)
 .debug_frame   0x00000f1c       0x2c C:\arm-gnu-toolchain-14.2.rel1-mingw-w64-i686-arm-none-eabi\lib\gcc\arm-none-eabi\14.2.1\thumb\v6-m\nofp\libc_nano.a(libc_a-freer.o)
 .debug_frame   0x00000f48       0x50 C:\arm-gnu-toolchain-14.2.rel1-mingw-w64-i686-arm-none-eabi\lib\gcc\arm-none-eabi\14.2.1\thumb\v6-m\nofp\libc_nano.a(libc_a-mallocr.o)
 .debug_frame   0x00000f98       0x40 C:\arm-gnu-toolchain-14.2.rel1-mingw-w64-i686-arm-none-eabi\lib\gcc\arm-none-eabi\14.2.1\thumb\v6-m\nofp\libc_nano.a(libc_a-mlock.o)
 .debug_frame   0x00000fd8       0x34 C:\arm-gnu-toolchain-14.2.rel1-mingw-w64-i686-arm-none-eabi\lib\gcc\arm-none-eabi\14.2.1\thumb\v6-m\nofp\libc_nano.a(libc_a-reallocr.o)
 .debug_frame   0x0000100c       0x68 C:\arm-gnu-toolchain-14.2.rel1-mingw-w64-i686-arm-none-eabi\lib\gcc\arm-none-eabi\14.2.1\thumb\v6-m\nofp\libc_nano.a(libc_a-fflush.o)
 .debug_frame   0x00001074       0x54 C:\arm-gnu-toolchain-14.2.rel1-mingw-w64-i686-arm-none-eabi\lib\gcc\arm-none-eabi\14.2.1\thumb\v6-m\nofp\libc_nano.a(libc_a-makebuf.o)
 .debug_frame   0x000010c8       0x2c C:\arm-gnu-toolchain-14.2.rel1-mingw-w64-i686-arm-none-eabi\lib\gcc\arm-none-eabi\14.2.1\thumb\v6-m\nofp\libc_nano.a(libc_a-fstatr.o)
 .debug_frame   0x000010f4       0x2c C:\arm-gnu-toolchain-14.2.rel1-mingw-w64-i686-arm-none-eabi\lib\gcc\arm-none-eabi\14.2.1\thumb\v6-m\nofp\libc_nano.a(libc_a-isattyr.o)
 .debug_frame   0x00001120       0x2c C:\arm-gnu-toolchain-14.2.rel1-mingw-w64-i686-arm-none-eabi\lib\gcc\arm-none-eabi\14.2.1\thumb\v6-m\nofp\libc_nano.a(libc_a-sbrkr.o)
 .debug_frame   0x0000114c       0x20 C:\arm-gnu-toolchain-14.2.rel1-mingw-w64-i686-arm-none-eabi\lib\gcc\arm-none-eabi\14.2.1\thumb\v6-m\nofp\libc_nano.a(libc_a-msizer.o)
 .debug_frame   0x0000116c       0x20 C:\arm-gnu-toolchain-14.2.rel1-mingw-w64-i686-arm-none-eabi\lib\gcc\arm-none-eabi\14.2.1\thumb\v6-m\nofp\libgcc.a(_udivsi3.o)

.debug_ranges   0x00000000       0x18
 .debug_ranges  0x00000000       0x18 startup.o

.debug_line_str
                0x00000000       0xc9
 .debug_line_str
                0x00000000       0xc9 C:\arm-gnu-toolchain-14.2.rel1-mingw-w64-i686-arm-none-eabi\lib\gcc\arm-none-eabi\14.2.1\thumb\v6-m\nofp\libgcc.a(_divsi3.o)
 .debug_line_str
                0x000000c9       0xc9 C:\arm-gnu-toolchain-14.2.rel1-mingw-w64-i686-arm-none-eabi\lib\gcc\arm-none-eabi\14.2.1\thumb\v6-m\nofp\libgcc.a(_dvmd_tls.o)
 .debug_line_str
                0x000000c9       0xc9 C:\arm-gnu-toolchain-14.2.rel1-mingw-w64-i686-arm-none-eabi\lib\gcc\arm-none-eabi\14.2.1\thumb\v6-m\nofp\libgcc.a(_thumb1_case_shi.o)
 .debug_line_str
                0x000000c9       0xc9 C:\arm-gnu-toolchain-14.2.rel1-mingw-w64-i686-arm-none-eabi\lib\gcc\arm-none-eabi\14.2.1\thumb\v6-m\nofp\libgcc.a(_udivsi3.o)

Cross Reference Table

Symbol                                            File
ADC_COMP_Handler                                  startup.o
ComBusy                                           serial.o
ComBusy2                                          UART2.o
ComError                                          serial.o
ComError2                                         UART2.o
ComOpen                                           serial.o
ComOpen2                                          UART2.o
ComRXBuffer                                       serial.o
ComRXBuffer2                                      UART2.o
ComTXBuffer                                       serial.o
ComTXBuffer2                                      UART2.o
DMA_CH1_Handler                                   startup.o
DMA_CH2_3_Handler                                 startup.o
DMA_CH4_5_6_7_Handler                             startup.o
Default_Handler                                   startup.o
EXTI0_1_Handler                                   startup.o
EXTI2_3_Handler                                   startup.o
EXTI4_15_Handler                                  startup.o
FLASH_Handler                                     startup.o
GetBuf                                            serial.o
GetBuf2                                           UART2.o
GetBufCount                                       serial.o
GetBufCount2                                      UART2.o
GetPeriod                                         main.o
Hard_Fault_Handler                                startup.o
Hardware_Init                                     main.o
I2C1_Handler                                      startup.o
I2C2_Handler                                      startup.o
ISR_pwm1                                          main.o
ISR_pwm2                                          main.o
LPTIM1_Handler                                    startup.o
LPUART1_Handler                                   startup.o
NMI_Handler                                       startup.o
PVD_Handler                                       startup.o
PWM_Counter                                       main.o
PWM_counter_motor                                 main.o
PendSV_Handler                                    startup.o
PrintNumber                                       main.o
PutBuf                                            serial.o
PutBuf2                                           UART2.o
RCC_Handler                                       startup.o
RTC_Handler                                       startup.o
ReadCom                                           serial.o
ReadCom2                                          UART2.o
ReceivedBytes2                                    UART2.o
                                                  main.o
ReceptionOff                                      main.o
ResetInit                                         startup.o
SPI1_Handler                                      startup.o
SPI2_Handler                                      startup.o
SVC_Handler                                       startup.o
SendATCommand                                     main.o
SysTick_Handler                                   startup.o
TIM21_Handler                                     startup.o
TIM22_Handler                                     startup.o
TIM2_Handler                                      main.o
TIM6_Handler                                      startup.o
USART1_Handler                                    serial.o
USART2_Handler                                    UART2.o
                                                  startup.o
Vectors                                           startup.o
WWDG_Handler                                      startup.o
WriteCom                                          serial.o
WriteCom2                                         UART2.o
_HeapStart                                        newlib_stubs.o
_StackTop                                         newlib_stubs.o
                                                  startup.o
__aeabi_idiv                                      C:\arm-gnu-toolchain-14.2.rel1-mingw-w64-i686-arm-none-eabi\lib\gcc\arm-none-eabi\14.2.1\thumb\v6-m\nofp\libgcc.a(_divsi3.o)
                                                  C:\arm-gnu-toolchain-14.2.rel1-mingw-w64-i686-arm-none-eabi\lib\gcc\arm-none-eabi\14.2.1\thumb\v6-m\nofp\libc_nano.a(libc_a-fvwrite.o)
                                                  UART2.o
                                                  serial.o
                                                  main.o
__aeabi_idiv0                                     C:\arm-gnu-toolchain-14.2.rel1-mingw-w64-i686-arm-none-eabi\lib\gcc\arm-none-eabi\14.2.1\thumb\v6-m\nofp\libgcc.a(_dvmd_tls.o)
                                                  C:\arm-gnu-toolchain-14.2.rel1-mingw-w64-i686-arm-none-eabi\lib\gcc\arm-none-eabi\14.2.1\thumb\v6-m\nofp\libgcc.a(_udivsi3.o)
                                                  C:\arm-gnu-toolchain-14.2.rel1-mingw-w64-i686-arm-none-eabi\lib\gcc\arm-none-eabi\14.2.1\thumb\v6-m\nofp\libgcc.a(_divsi3.o)
__aeabi_idivmod                                   C:\arm-gnu-toolchain-14.2.rel1-mingw-w64-i686-arm-none-eabi\lib\gcc\arm-none-eabi\14.2.1\thumb\v6-m\nofp\libgcc.a(_divsi3.o)
                                                  main.o
__aeabi_ldiv0                                     C:\arm-gnu-toolchain-14.2.rel1-mingw-w64-i686-arm-none-eabi\lib\gcc\arm-none-eabi\14.2.1\thumb\v6-m\nofp\libgcc.a(_dvmd_tls.o)
__aeabi_uidiv                                     C:\arm-gnu-toolchain-14.2.rel1-mingw-w64-i686-arm-none-eabi\lib\gcc\arm-none-eabi\14.2.1\thumb\v6-m\nofp\libgcc.a(_udivsi3.o)
__aeabi_uidivmod                                  C:\arm-gnu-toolchain-14.2.rel1-mingw-w64-i686-arm-none-eabi\lib\gcc\arm-none-eabi\14.2.1\thumb\v6-m\nofp\libgcc.a(_udivsi3.o)
                                                  C:\arm-gnu-toolchain-14.2.rel1-mingw-w64-i686-arm-none-eabi\lib\gcc\arm-none-eabi\14.2.1\thumb\v6-m\nofp\libc_nano.a(libc_a-nano-vfprintf_i.o)
__divsi3                                          C:\arm-gnu-toolchain-14.2.rel1-mingw-w64-i686-arm-none-eabi\lib\gcc\arm-none-eabi\14.2.1\thumb\v6-m\nofp\libgcc.a(_divsi3.o)
__env                                             newlib_stubs.o
__fp_lock_all                                     C:\arm-gnu-toolchain-14.2.rel1-mingw-w64-i686-arm-none-eabi\lib\gcc\arm-none-eabi\14.2.1\thumb\v6-m\nofp\libc_nano.a(libc_a-findfp.o)
__fp_unlock_all                                   C:\arm-gnu-toolchain-14.2.rel1-mingw-w64-i686-arm-none-eabi\lib\gcc\arm-none-eabi\14.2.1\thumb\v6-m\nofp\libc_nano.a(libc_a-findfp.o)
__gnu_thumb1_case_shi                             C:\arm-gnu-toolchain-14.2.rel1-mingw-w64-i686-arm-none-eabi\lib\gcc\arm-none-eabi\14.2.1\thumb\v6-m\nofp\libgcc.a(_thumb1_case_shi.o)
                                                  C:\arm-gnu-toolchain-14.2.rel1-mingw-w64-i686-arm-none-eabi\lib\gcc\arm-none-eabi\14.2.1\thumb\v6-m\nofp\libc_nano.a(libc_a-nano-vfprintf_i.o)
__init_array_end                                  startup.o
__init_array_start                                startup.o
__lock___arc4random_mutex                         C:\arm-gnu-toolchain-14.2.rel1-mingw-w64-i686-arm-none-eabi\lib\gcc\arm-none-eabi\14.2.1\thumb\v6-m\nofp\libc_nano.a(libc_a-lock.o)
__lock___at_quick_exit_mutex                      C:\arm-gnu-toolchain-14.2.rel1-mingw-w64-i686-arm-none-eabi\lib\gcc\arm-none-eabi\14.2.1\thumb\v6-m\nofp\libc_nano.a(libc_a-lock.o)
__lock___atexit_recursive_mutex                   C:\arm-gnu-toolchain-14.2.rel1-mingw-w64-i686-arm-none-eabi\lib\gcc\arm-none-eabi\14.2.1\thumb\v6-m\nofp\libc_nano.a(libc_a-lock.o)
__lock___dd_hash_mutex                            C:\arm-gnu-toolchain-14.2.rel1-mingw-w64-i686-arm-none-eabi\lib\gcc\arm-none-eabi\14.2.1\thumb\v6-m\nofp\libc_nano.a(libc_a-lock.o)
__lock___env_recursive_mutex                      C:\arm-gnu-toolchain-14.2.rel1-mingw-w64-i686-arm-none-eabi\lib\gcc\arm-none-eabi\14.2.1\thumb\v6-m\nofp\libc_nano.a(libc_a-lock.o)
__lock___malloc_recursive_mutex                   C:\arm-gnu-toolchain-14.2.rel1-mingw-w64-i686-arm-none-eabi\lib\gcc\arm-none-eabi\14.2.1\thumb\v6-m\nofp\libc_nano.a(libc_a-lock.o)
                                                  C:\arm-gnu-toolchain-14.2.rel1-mingw-w64-i686-arm-none-eabi\lib\gcc\arm-none-eabi\14.2.1\thumb\v6-m\nofp\libc_nano.a(libc_a-mlock.o)
__lock___sfp_recursive_mutex                      C:\arm-gnu-toolchain-14.2.rel1-mingw-w64-i686-arm-none-eabi\lib\gcc\arm-none-eabi\14.2.1\thumb\v6-m\nofp\libc_nano.a(libc_a-lock.o)
                                                  C:\arm-gnu-toolchain-14.2.rel1-mingw-w64-i686-arm-none-eabi\lib\gcc\arm-none-eabi\14.2.1\thumb\v6-m\nofp\libc_nano.a(libc_a-findfp.o)
__lock___tz_mutex                                 C:\arm-gnu-toolchain-14.2.rel1-mingw-w64-i686-arm-none-eabi\lib\gcc\arm-none-eabi\14.2.1\thumb\v6-m\nofp\libc_nano.a(libc_a-lock.o)
__malloc_free_list                                C:\arm-gnu-toolchain-14.2.rel1-mingw-w64-i686-arm-none-eabi\lib\gcc\arm-none-eabi\14.2.1\thumb\v6-m\nofp\libc_nano.a(libc_a-mallocr.o)
                                                  C:\arm-gnu-toolchain-14.2.rel1-mingw-w64-i686-arm-none-eabi\lib\gcc\arm-none-eabi\14.2.1\thumb\v6-m\nofp\libc_nano.a(libc_a-freer.o)
__malloc_lock                                     C:\arm-gnu-toolchain-14.2.rel1-mingw-w64-i686-arm-none-eabi\lib\gcc\arm-none-eabi\14.2.1\thumb\v6-m\nofp\libc_nano.a(libc_a-mlock.o)
                                                  C:\arm-gnu-toolchain-14.2.rel1-mingw-w64-i686-arm-none-eabi\lib\gcc\arm-none-eabi\14.2.1\thumb\v6-m\nofp\libc_nano.a(libc_a-mallocr.o)
                                                  C:\arm-gnu-toolchain-14.2.rel1-mingw-w64-i686-arm-none-eabi\lib\gcc\arm-none-eabi\14.2.1\thumb\v6-m\nofp\libc_nano.a(libc_a-freer.o)
__malloc_sbrk_start                               C:\arm-gnu-toolchain-14.2.rel1-mingw-w64-i686-arm-none-eabi\lib\gcc\arm-none-eabi\14.2.1\thumb\v6-m\nofp\libc_nano.a(libc_a-mallocr.o)
__malloc_unlock                                   C:\arm-gnu-toolchain-14.2.rel1-mingw-w64-i686-arm-none-eabi\lib\gcc\arm-none-eabi\14.2.1\thumb\v6-m\nofp\libc_nano.a(libc_a-mlock.o)
                                                  C:\arm-gnu-toolchain-14.2.rel1-mingw-w64-i686-arm-none-eabi\lib\gcc\arm-none-eabi\14.2.1\thumb\v6-m\nofp\libc_nano.a(libc_a-mallocr.o)
                                                  C:\arm-gnu-toolchain-14.2.rel1-mingw-w64-i686-arm-none-eabi\lib\gcc\arm-none-eabi\14.2.1\thumb\v6-m\nofp\libc_nano.a(libc_a-freer.o)
__retarget_lock_acquire                           C:\arm-gnu-toolchain-14.2.rel1-mingw-w64-i686-arm-none-eabi\lib\gcc\arm-none-eabi\14.2.1\thumb\v6-m\nofp\libc_nano.a(libc_a-lock.o)
__retarget_lock_acquire_recursive                 C:\arm-gnu-toolchain-14.2.rel1-mingw-w64-i686-arm-none-eabi\lib\gcc\arm-none-eabi\14.2.1\thumb\v6-m\nofp\libc_nano.a(libc_a-lock.o)
                                                  C:\arm-gnu-toolchain-14.2.rel1-mingw-w64-i686-arm-none-eabi\lib\gcc\arm-none-eabi\14.2.1\thumb\v6-m\nofp\libc_nano.a(libc_a-fflush.o)
                                                  C:\arm-gnu-toolchain-14.2.rel1-mingw-w64-i686-arm-none-eabi\lib\gcc\arm-none-eabi\14.2.1\thumb\v6-m\nofp\libc_nano.a(libc_a-mlock.o)
                                                  C:\arm-gnu-toolchain-14.2.rel1-mingw-w64-i686-arm-none-eabi\lib\gcc\arm-none-eabi\14.2.1\thumb\v6-m\nofp\libc_nano.a(libc_a-findfp.o)
                                                  C:\arm-gnu-toolchain-14.2.rel1-mingw-w64-i686-arm-none-eabi\lib\gcc\arm-none-eabi\14.2.1\thumb\v6-m\nofp\libc_nano.a(libc_a-nano-vfprintf.o)
__retarget_lock_close                             C:\arm-gnu-toolchain-14.2.rel1-mingw-w64-i686-arm-none-eabi\lib\gcc\arm-none-eabi\14.2.1\thumb\v6-m\nofp\libc_nano.a(libc_a-lock.o)
__retarget_lock_close_recursive                   C:\arm-gnu-toolchain-14.2.rel1-mingw-w64-i686-arm-none-eabi\lib\gcc\arm-none-eabi\14.2.1\thumb\v6-m\nofp\libc_nano.a(libc_a-lock.o)
__retarget_lock_init                              C:\arm-gnu-toolchain-14.2.rel1-mingw-w64-i686-arm-none-eabi\lib\gcc\arm-none-eabi\14.2.1\thumb\v6-m\nofp\libc_nano.a(libc_a-lock.o)
__retarget_lock_init_recursive                    C:\arm-gnu-toolchain-14.2.rel1-mingw-w64-i686-arm-none-eabi\lib\gcc\arm-none-eabi\14.2.1\thumb\v6-m\nofp\libc_nano.a(libc_a-lock.o)
                                                  C:\arm-gnu-toolchain-14.2.rel1-mingw-w64-i686-arm-none-eabi\lib\gcc\arm-none-eabi\14.2.1\thumb\v6-m\nofp\libc_nano.a(libc_a-findfp.o)
__retarget_lock_release                           C:\arm-gnu-toolchain-14.2.rel1-mingw-w64-i686-arm-none-eabi\lib\gcc\arm-none-eabi\14.2.1\thumb\v6-m\nofp\libc_nano.a(libc_a-lock.o)
__retarget_lock_release_recursive                 C:\arm-gnu-toolchain-14.2.rel1-mingw-w64-i686-arm-none-eabi\lib\gcc\arm-none-eabi\14.2.1\thumb\v6-m\nofp\libc_nano.a(libc_a-lock.o)
                                                  C:\arm-gnu-toolchain-14.2.rel1-mingw-w64-i686-arm-none-eabi\lib\gcc\arm-none-eabi\14.2.1\thumb\v6-m\nofp\libc_nano.a(libc_a-fflush.o)
                                                  C:\arm-gnu-toolchain-14.2.rel1-mingw-w64-i686-arm-none-eabi\lib\gcc\arm-none-eabi\14.2.1\thumb\v6-m\nofp\libc_nano.a(libc_a-mlock.o)
                                                  C:\arm-gnu-toolchain-14.2.rel1-mingw-w64-i686-arm-none-eabi\lib\gcc\arm-none-eabi\14.2.1\thumb\v6-m\nofp\libc_nano.a(libc_a-findfp.o)
                                                  C:\arm-gnu-toolchain-14.2.rel1-mingw-w64-i686-arm-none-eabi\lib\gcc\arm-none-eabi\14.2.1\thumb\v6-m\nofp\libc_nano.a(libc_a-nano-vfprintf.o)
__retarget_lock_try_acquire                       C:\arm-gnu-toolchain-14.2.rel1-mingw-w64-i686-arm-none-eabi\lib\gcc\arm-none-eabi\14.2.1\thumb\v6-m\nofp\libc_nano.a(libc_a-lock.o)
__retarget_lock_try_acquire_recursive             C:\arm-gnu-toolchain-14.2.rel1-mingw-w64-i686-arm-none-eabi\lib\gcc\arm-none-eabi\14.2.1\thumb\v6-m\nofp\libc_nano.a(libc_a-lock.o)
__sclose                                          C:\arm-gnu-toolchain-14.2.rel1-mingw-w64-i686-arm-none-eabi\lib\gcc\arm-none-eabi\14.2.1\thumb\v6-m\nofp\libc_nano.a(libc_a-stdio.o)
                                                  C:\arm-gnu-toolchain-14.2.rel1-mingw-w64-i686-arm-none-eabi\lib\gcc\arm-none-eabi\14.2.1\thumb\v6-m\nofp\libc_nano.a(libc_a-findfp.o)
__seofread                                        C:\arm-gnu-toolchain-14.2.rel1-mingw-w64-i686-arm-none-eabi\lib\gcc\arm-none-eabi\14.2.1\thumb\v6-m\nofp\libc_nano.a(libc_a-stdio.o)
__sf                                              C:\arm-gnu-toolchain-14.2.rel1-mingw-w64-i686-arm-none-eabi\lib\gcc\arm-none-eabi\14.2.1\thumb\v6-m\nofp\libc_nano.a(libc_a-findfp.o)
                                                  C:\arm-gnu-toolchain-14.2.rel1-mingw-w64-i686-arm-none-eabi\lib\gcc\arm-none-eabi\14.2.1\thumb\v6-m\nofp\libc_nano.a(libc_a-impure.o)
__sflush_r                                        C:\arm-gnu-toolchain-14.2.rel1-mingw-w64-i686-arm-none-eabi\lib\gcc\arm-none-eabi\14.2.1\thumb\v6-m\nofp\libc_nano.a(libc_a-fflush.o)
__sfp                                             C:\arm-gnu-toolchain-14.2.rel1-mingw-w64-i686-arm-none-eabi\lib\gcc\arm-none-eabi\14.2.1\thumb\v6-m\nofp\libc_nano.a(libc_a-findfp.o)
__sfp_lock_acquire                                C:\arm-gnu-toolchain-14.2.rel1-mingw-w64-i686-arm-none-eabi\lib\gcc\arm-none-eabi\14.2.1\thumb\v6-m\nofp\libc_nano.a(libc_a-findfp.o)
__sfp_lock_release                                C:\arm-gnu-toolchain-14.2.rel1-mingw-w64-i686-arm-none-eabi\lib\gcc\arm-none-eabi\14.2.1\thumb\v6-m\nofp\libc_nano.a(libc_a-findfp.o)
__sfputs_r                                        C:\arm-gnu-toolchain-14.2.rel1-mingw-w64-i686-arm-none-eabi\lib\gcc\arm-none-eabi\14.2.1\thumb\v6-m\nofp\libc_nano.a(libc_a-nano-vfprintf.o)
__sfvwrite_r                                      C:\arm-gnu-toolchain-14.2.rel1-mingw-w64-i686-arm-none-eabi\lib\gcc\arm-none-eabi\14.2.1\thumb\v6-m\nofp\libc_nano.a(libc_a-fvwrite.o)
                                                  C:\arm-gnu-toolchain-14.2.rel1-mingw-w64-i686-arm-none-eabi\lib\gcc\arm-none-eabi\14.2.1\thumb\v6-m\nofp\libc_nano.a(libc_a-nano-vfprintf.o)
__sglue                                           C:\arm-gnu-toolchain-14.2.rel1-mingw-w64-i686-arm-none-eabi\lib\gcc\arm-none-eabi\14.2.1\thumb\v6-m\nofp\libc_nano.a(libc_a-findfp.o)
                                                  C:\arm-gnu-toolchain-14.2.rel1-mingw-w64-i686-arm-none-eabi\lib\gcc\arm-none-eabi\14.2.1\thumb\v6-m\nofp\libc_nano.a(libc_a-fflush.o)
__sinit                                           C:\arm-gnu-toolchain-14.2.rel1-mingw-w64-i686-arm-none-eabi\lib\gcc\arm-none-eabi\14.2.1\thumb\v6-m\nofp\libc_nano.a(libc_a-findfp.o)
                                                  C:\arm-gnu-toolchain-14.2.rel1-mingw-w64-i686-arm-none-eabi\lib\gcc\arm-none-eabi\14.2.1\thumb\v6-m\nofp\libc_nano.a(libc_a-fflush.o)
                                                  C:\arm-gnu-toolchain-14.2.rel1-mingw-w64-i686-arm-none-eabi\lib\gcc\arm-none-eabi\14.2.1\thumb\v6-m\nofp\libc_nano.a(libc_a-wsetup.o)
                                                  C:\arm-gnu-toolchain-14.2.rel1-mingw-w64-i686-arm-none-eabi\lib\gcc\arm-none-eabi\14.2.1\thumb\v6-m\nofp\libc_nano.a(libc_a-wbuf.o)
                                                  C:\arm-gnu-toolchain-14.2.rel1-mingw-w64-i686-arm-none-eabi\lib\gcc\arm-none-eabi\14.2.1\thumb\v6-m\nofp\libc_nano.a(libc_a-nano-vfprintf.o)
__smakebuf_r                                      C:\arm-gnu-toolchain-14.2.rel1-mingw-w64-i686-arm-none-eabi\lib\gcc\arm-none-eabi\14.2.1\thumb\v6-m\nofp\libc_nano.a(libc_a-makebuf.o)
                                                  C:\arm-gnu-toolchain-14.2.rel1-mingw-w64-i686-arm-none-eabi\lib\gcc\arm-none-eabi\14.2.1\thumb\v6-m\nofp\libc_nano.a(libc_a-wsetup.o)
__sprint_r                                        C:\arm-gnu-toolchain-14.2.rel1-mingw-w64-i686-arm-none-eabi\lib\gcc\arm-none-eabi\14.2.1\thumb\v6-m\nofp\libc_nano.a(libc_a-nano-vfprintf.o)
__sread                                           C:\arm-gnu-toolchain-14.2.rel1-mingw-w64-i686-arm-none-eabi\lib\gcc\arm-none-eabi\14.2.1\thumb\v6-m\nofp\libc_nano.a(libc_a-stdio.o)
                                                  C:\arm-gnu-toolchain-14.2.rel1-mingw-w64-i686-arm-none-eabi\lib\gcc\arm-none-eabi\14.2.1\thumb\v6-m\nofp\libc_nano.a(libc_a-findfp.o)
__sseek                                           C:\arm-gnu-toolchain-14.2.rel1-mingw-w64-i686-arm-none-eabi\lib\gcc\arm-none-eabi\14.2.1\thumb\v6-m\nofp\libc_nano.a(libc_a-stdio.o)
                                                  C:\arm-gnu-toolchain-14.2.rel1-mingw-w64-i686-arm-none-eabi\lib\gcc\arm-none-eabi\14.2.1\thumb\v6-m\nofp\libc_nano.a(libc_a-findfp.o)
__stdio_exit_handler                              C:\arm-gnu-toolchain-14.2.rel1-mingw-w64-i686-arm-none-eabi\lib\gcc\arm-none-eabi\14.2.1\thumb\v6-m\nofp\libc_nano.a(libc_a-findfp.o)
__swbuf                                           C:\arm-gnu-toolchain-14.2.rel1-mingw-w64-i686-arm-none-eabi\lib\gcc\arm-none-eabi\14.2.1\thumb\v6-m\nofp\libc_nano.a(libc_a-wbuf.o)
__swbuf_r                                         C:\arm-gnu-toolchain-14.2.rel1-mingw-w64-i686-arm-none-eabi\lib\gcc\arm-none-eabi\14.2.1\thumb\v6-m\nofp\libc_nano.a(libc_a-wbuf.o)
                                                  C:\arm-gnu-toolchain-14.2.rel1-mingw-w64-i686-arm-none-eabi\lib\gcc\arm-none-eabi\14.2.1\thumb\v6-m\nofp\libc_nano.a(libc_a-nano-vfprintf.o)
__swhatbuf_r                                      C:\arm-gnu-toolchain-14.2.rel1-mingw-w64-i686-arm-none-eabi\lib\gcc\arm-none-eabi\14.2.1\thumb\v6-m\nofp\libc_nano.a(libc_a-makebuf.o)
__swrite                                          C:\arm-gnu-toolchain-14.2.rel1-mingw-w64-i686-arm-none-eabi\lib\gcc\arm-none-eabi\14.2.1\thumb\v6-m\nofp\libc_nano.a(libc_a-stdio.o)
                                                  C:\arm-gnu-toolchain-14.2.rel1-mingw-w64-i686-arm-none-eabi\lib\gcc\arm-none-eabi\14.2.1\thumb\v6-m\nofp\libc_nano.a(libc_a-findfp.o)
__swsetup_r                                       C:\arm-gnu-toolchain-14.2.rel1-mingw-w64-i686-arm-none-eabi\lib\gcc\arm-none-eabi\14.2.1\thumb\v6-m\nofp\libc_nano.a(libc_a-wsetup.o)
                                                  C:\arm-gnu-toolchain-14.2.rel1-mingw-w64-i686-arm-none-eabi\lib\gcc\arm-none-eabi\14.2.1\thumb\v6-m\nofp\libc_nano.a(libc_a-wbuf.o)
                                                  C:\arm-gnu-toolchain-14.2.rel1-mingw-w64-i686-arm-none-eabi\lib\gcc\arm-none-eabi\14.2.1\thumb\v6-m\nofp\libc_nano.a(libc_a-fvwrite.o)
                                                  C:\arm-gnu-toolchain-14.2.rel1-mingw-w64-i686-arm-none-eabi\lib\gcc\arm-none-eabi\14.2.1\thumb\v6-m\nofp\libc_nano.a(libc_a-nano-vfprintf.o)
__udivsi3                                         C:\arm-gnu-toolchain-14.2.rel1-mingw-w64-i686-arm-none-eabi\lib\gcc\arm-none-eabi\14.2.1\thumb\v6-m\nofp\libgcc.a(_udivsi3.o)
_close                                            newlib_stubs.o
                                                  C:\arm-gnu-toolchain-14.2.rel1-mingw-w64-i686-arm-none-eabi\lib\gcc\arm-none-eabi\14.2.1\thumb\v6-m\nofp\libc_nano.a(libc_a-closer.o)
_close_r                                          C:\arm-gnu-toolchain-14.2.rel1-mingw-w64-i686-arm-none-eabi\lib\gcc\arm-none-eabi\14.2.1\thumb\v6-m\nofp\libc_nano.a(libc_a-closer.o)
                                                  C:\arm-gnu-toolchain-14.2.rel1-mingw-w64-i686-arm-none-eabi\lib\gcc\arm-none-eabi\14.2.1\thumb\v6-m\nofp\libc_nano.a(libc_a-stdio.o)
_data                                             startup.o
_ebss                                             startup.o
_edata                                            startup.o
_etext                                            startup.o
_execve                                           newlib_stubs.o
_exit                                             newlib_stubs.o
_fflush_r                                         C:\arm-gnu-toolchain-14.2.rel1-mingw-w64-i686-arm-none-eabi\lib\gcc\arm-none-eabi\14.2.1\thumb\v6-m\nofp\libc_nano.a(libc_a-fflush.o)
                                                  C:\arm-gnu-toolchain-14.2.rel1-mingw-w64-i686-arm-none-eabi\lib\gcc\arm-none-eabi\14.2.1\thumb\v6-m\nofp\libc_nano.a(libc_a-wbuf.o)
                                                  C:\arm-gnu-toolchain-14.2.rel1-mingw-w64-i686-arm-none-eabi\lib\gcc\arm-none-eabi\14.2.1\thumb\v6-m\nofp\libc_nano.a(libc_a-fvwrite.o)
                                                  C:\arm-gnu-toolchain-14.2.rel1-mingw-w64-i686-arm-none-eabi\lib\gcc\arm-none-eabi\14.2.1\thumb\v6-m\nofp\libc_nano.a(libc_a-findfp.o)
_fork                                             newlib_stubs.o
_free_r                                           C:\arm-gnu-toolchain-14.2.rel1-mingw-w64-i686-arm-none-eabi\lib\gcc\arm-none-eabi\14.2.1\thumb\v6-m\nofp\libc_nano.a(libc_a-freer.o)
                                                  C:\arm-gnu-toolchain-14.2.rel1-mingw-w64-i686-arm-none-eabi\lib\gcc\arm-none-eabi\14.2.1\thumb\v6-m\nofp\libc_nano.a(libc_a-fflush.o)
                                                  C:\arm-gnu-toolchain-14.2.rel1-mingw-w64-i686-arm-none-eabi\lib\gcc\arm-none-eabi\14.2.1\thumb\v6-m\nofp\libc_nano.a(libc_a-reallocr.o)
                                                  C:\arm-gnu-toolchain-14.2.rel1-mingw-w64-i686-arm-none-eabi\lib\gcc\arm-none-eabi\14.2.1\thumb\v6-m\nofp\libc_nano.a(libc_a-wsetup.o)
                                                  C:\arm-gnu-toolchain-14.2.rel1-mingw-w64-i686-arm-none-eabi\lib\gcc\arm-none-eabi\14.2.1\thumb\v6-m\nofp\libc_nano.a(libc_a-fvwrite.o)
_fstat                                            newlib_stubs.o
                                                  C:\arm-gnu-toolchain-14.2.rel1-mingw-w64-i686-arm-none-eabi\lib\gcc\arm-none-eabi\14.2.1\thumb\v6-m\nofp\libc_nano.a(libc_a-fstatr.o)
_fstat_r                                          C:\arm-gnu-toolchain-14.2.rel1-mingw-w64-i686-arm-none-eabi\lib\gcc\arm-none-eabi\14.2.1\thumb\v6-m\nofp\libc_nano.a(libc_a-fstatr.o)
                                                  C:\arm-gnu-toolchain-14.2.rel1-mingw-w64-i686-arm-none-eabi\lib\gcc\arm-none-eabi\14.2.1\thumb\v6-m\nofp\libc_nano.a(libc_a-makebuf.o)
_fwalk_sglue                                      C:\arm-gnu-toolchain-14.2.rel1-mingw-w64-i686-arm-none-eabi\lib\gcc\arm-none-eabi\14.2.1\thumb\v6-m\nofp\libc_nano.a(libc_a-fwalk.o)
                                                  C:\arm-gnu-toolchain-14.2.rel1-mingw-w64-i686-arm-none-eabi\lib\gcc\arm-none-eabi\14.2.1\thumb\v6-m\nofp\libc_nano.a(libc_a-fflush.o)
                                                  C:\arm-gnu-toolchain-14.2.rel1-mingw-w64-i686-arm-none-eabi\lib\gcc\arm-none-eabi\14.2.1\thumb\v6-m\nofp\libc_nano.a(libc_a-findfp.o)
_getpid                                           newlib_stubs.o
_impure_data                                      C:\arm-gnu-toolchain-14.2.rel1-mingw-w64-i686-arm-none-eabi\lib\gcc\arm-none-eabi\14.2.1\thumb\v6-m\nofp\libc_nano.a(libc_a-impure.o)
                                                  C:\arm-gnu-toolchain-14.2.rel1-mingw-w64-i686-arm-none-eabi\lib\gcc\arm-none-eabi\14.2.1\thumb\v6-m\nofp\libc_nano.a(libc_a-fflush.o)
                                                  C:\arm-gnu-toolchain-14.2.rel1-mingw-w64-i686-arm-none-eabi\lib\gcc\arm-none-eabi\14.2.1\thumb\v6-m\nofp\libc_nano.a(libc_a-findfp.o)
_impure_ptr                                       C:\arm-gnu-toolchain-14.2.rel1-mingw-w64-i686-arm-none-eabi\lib\gcc\arm-none-eabi\14.2.1\thumb\v6-m\nofp\libc_nano.a(libc_a-impure.o)
                                                  C:\arm-gnu-toolchain-14.2.rel1-mingw-w64-i686-arm-none-eabi\lib\gcc\arm-none-eabi\14.2.1\thumb\v6-m\nofp\libc_nano.a(libc_a-fflush.o)
                                                  C:\arm-gnu-toolchain-14.2.rel1-mingw-w64-i686-arm-none-eabi\lib\gcc\arm-none-eabi\14.2.1\thumb\v6-m\nofp\libc_nano.a(libc_a-wsetup.o)
                                                  C:\arm-gnu-toolchain-14.2.rel1-mingw-w64-i686-arm-none-eabi\lib\gcc\arm-none-eabi\14.2.1\thumb\v6-m\nofp\libc_nano.a(libc_a-wbuf.o)
                                                  C:\arm-gnu-toolchain-14.2.rel1-mingw-w64-i686-arm-none-eabi\lib\gcc\arm-none-eabi\14.2.1\thumb\v6-m\nofp\libc_nano.a(libc_a-nano-vfprintf.o)
                                                  C:\arm-gnu-toolchain-14.2.rel1-mingw-w64-i686-arm-none-eabi\lib\gcc\arm-none-eabi\14.2.1\thumb\v6-m\nofp\libc_nano.a(libc_a-printf.o)
_iprintf_r                                        C:\arm-gnu-toolchain-14.2.rel1-mingw-w64-i686-arm-none-eabi\lib\gcc\arm-none-eabi\14.2.1\thumb\v6-m\nofp\libc_nano.a(libc_a-printf.o)
_isatty                                           newlib_stubs.o
                                                  C:\arm-gnu-toolchain-14.2.rel1-mingw-w64-i686-arm-none-eabi\lib\gcc\arm-none-eabi\14.2.1\thumb\v6-m\nofp\libc_nano.a(libc_a-isattyr.o)
_isatty_r                                         C:\arm-gnu-toolchain-14.2.rel1-mingw-w64-i686-arm-none-eabi\lib\gcc\arm-none-eabi\14.2.1\thumb\v6-m\nofp\libc_nano.a(libc_a-isattyr.o)
                                                  C:\arm-gnu-toolchain-14.2.rel1-mingw-w64-i686-arm-none-eabi\lib\gcc\arm-none-eabi\14.2.1\thumb\v6-m\nofp\libc_nano.a(libc_a-makebuf.o)
_kill                                             newlib_stubs.o
_link                                             newlib_stubs.o
_lseek                                            newlib_stubs.o
                                                  C:\arm-gnu-toolchain-14.2.rel1-mingw-w64-i686-arm-none-eabi\lib\gcc\arm-none-eabi\14.2.1\thumb\v6-m\nofp\libc_nano.a(libc_a-lseekr.o)
_lseek_r                                          C:\arm-gnu-toolchain-14.2.rel1-mingw-w64-i686-arm-none-eabi\lib\gcc\arm-none-eabi\14.2.1\thumb\v6-m\nofp\libc_nano.a(libc_a-lseekr.o)
                                                  C:\arm-gnu-toolchain-14.2.rel1-mingw-w64-i686-arm-none-eabi\lib\gcc\arm-none-eabi\14.2.1\thumb\v6-m\nofp\libc_nano.a(libc_a-stdio.o)
_malloc_r                                         C:\arm-gnu-toolchain-14.2.rel1-mingw-w64-i686-arm-none-eabi\lib\gcc\arm-none-eabi\14.2.1\thumb\v6-m\nofp\libc_nano.a(libc_a-mallocr.o)
                                                  C:\arm-gnu-toolchain-14.2.rel1-mingw-w64-i686-arm-none-eabi\lib\gcc\arm-none-eabi\14.2.1\thumb\v6-m\nofp\libc_nano.a(libc_a-makebuf.o)
                                                  C:\arm-gnu-toolchain-14.2.rel1-mingw-w64-i686-arm-none-eabi\lib\gcc\arm-none-eabi\14.2.1\thumb\v6-m\nofp\libc_nano.a(libc_a-reallocr.o)
                                                  C:\arm-gnu-toolchain-14.2.rel1-mingw-w64-i686-arm-none-eabi\lib\gcc\arm-none-eabi\14.2.1\thumb\v6-m\nofp\libc_nano.a(libc_a-fvwrite.o)
                                                  C:\arm-gnu-toolchain-14.2.rel1-mingw-w64-i686-arm-none-eabi\lib\gcc\arm-none-eabi\14.2.1\thumb\v6-m\nofp\libc_nano.a(libc_a-findfp.o)
_malloc_usable_size_r                             C:\arm-gnu-toolchain-14.2.rel1-mingw-w64-i686-arm-none-eabi\lib\gcc\arm-none-eabi\14.2.1\thumb\v6-m\nofp\libc_nano.a(libc_a-msizer.o)
                                                  C:\arm-gnu-toolchain-14.2.rel1-mingw-w64-i686-arm-none-eabi\lib\gcc\arm-none-eabi\14.2.1\thumb\v6-m\nofp\libc_nano.a(libc_a-reallocr.o)
_printf_common                                    C:\arm-gnu-toolchain-14.2.rel1-mingw-w64-i686-arm-none-eabi\lib\gcc\arm-none-eabi\14.2.1\thumb\v6-m\nofp\libc_nano.a(libc_a-nano-vfprintf_i.o)
_printf_float                                     C:\arm-gnu-toolchain-14.2.rel1-mingw-w64-i686-arm-none-eabi\lib\gcc\arm-none-eabi\14.2.1\thumb\v6-m\nofp\libc_nano.a(libc_a-nano-vfprintf.o)
_printf_i                                         C:\arm-gnu-toolchain-14.2.rel1-mingw-w64-i686-arm-none-eabi\lib\gcc\arm-none-eabi\14.2.1\thumb\v6-m\nofp\libc_nano.a(libc_a-nano-vfprintf_i.o)
                                                  C:\arm-gnu-toolchain-14.2.rel1-mingw-w64-i686-arm-none-eabi\lib\gcc\arm-none-eabi\14.2.1\thumb\v6-m\nofp\libc_nano.a(libc_a-nano-vfprintf.o)
_printf_r                                         C:\arm-gnu-toolchain-14.2.rel1-mingw-w64-i686-arm-none-eabi\lib\gcc\arm-none-eabi\14.2.1\thumb\v6-m\nofp\libc_nano.a(libc_a-printf.o)
_read                                             newlib_stubs.o
                                                  C:\arm-gnu-toolchain-14.2.rel1-mingw-w64-i686-arm-none-eabi\lib\gcc\arm-none-eabi\14.2.1\thumb\v6-m\nofp\libc_nano.a(libc_a-readr.o)
_read_r                                           C:\arm-gnu-toolchain-14.2.rel1-mingw-w64-i686-arm-none-eabi\lib\gcc\arm-none-eabi\14.2.1\thumb\v6-m\nofp\libc_nano.a(libc_a-readr.o)
                                                  C:\arm-gnu-toolchain-14.2.rel1-mingw-w64-i686-arm-none-eabi\lib\gcc\arm-none-eabi\14.2.1\thumb\v6-m\nofp\libc_nano.a(libc_a-stdio.o)