Archive member included to satisfy reference by file (symbol)

C:\CrossIDE\gcc-arm-none-eabi-10.3-2021.10\arm-none-eabi\lib\thumb\v6-m\nofp\libnosys.a(errno.o)
                              newlib_stubs.o (errno)
C:\CrossIDE\gcc-arm-none-eabi-10.3-2021.10\lib\gcc\arm-none-eabi\10.3.1\thumb\v6-m\nofp\libgcc.a(_divsi3.o)
                              main.o (__aeabi_idiv)
C:\CrossIDE\gcc-arm-none-eabi-10.3-2021.10\lib\gcc\arm-none-eabi\10.3.1\thumb\v6-m\nofp\libgcc.a(_dvmd_tls.o)
                              C:\CrossIDE\gcc-arm-none-eabi-10.3-2021.10\lib\gcc\arm-none-eabi\10.3.1\thumb\v6-m\nofp\libgcc.a(_divsi3.o) (__aeabi_idiv0)
C:\CrossIDE\gcc-arm-none-eabi-10.3-2021.10\lib\gcc\arm-none-eabi\10.3.1\thumb\v6-m\nofp\libgcc.a(_arm_cmpdf2.o)
                              main.o (__aeabi_dcmplt)
C:\CrossIDE\gcc-arm-none-eabi-10.3-2021.10\lib\gcc\arm-none-eabi\10.3.1\thumb\v6-m\nofp\libgcc.a(_arm_cmpsf2.o)
                              main.o (__aeabi_fcmplt)
C:\CrossIDE\gcc-arm-none-eabi-10.3-2021.10\lib\gcc\arm-none-eabi\10.3.1\thumb\v6-m\nofp\libgcc.a(_floatdidf.o)
                              main.o (__aeabi_l2d)
C:\CrossIDE\gcc-arm-none-eabi-10.3-2021.10\lib\gcc\arm-none-eabi\10.3.1\thumb\v6-m\nofp\libgcc.a(divsf3.o)
                              main.o (__aeabi_fdiv)
C:\CrossIDE\gcc-arm-none-eabi-10.3-2021.10\lib\gcc\arm-none-eabi\10.3.1\thumb\v6-m\nofp\libgcc.a(eqsf2.o)
                              C:\CrossIDE\gcc-arm-none-eabi-10.3-2021.10\lib\gcc\arm-none-eabi\10.3.1\thumb\v6-m\nofp\libgcc.a(_arm_cmpsf2.o) (__eqsf2)
C:\CrossIDE\gcc-arm-none-eabi-10.3-2021.10\lib\gcc\arm-none-eabi\10.3.1\thumb\v6-m\nofp\libgcc.a(gesf2.o)
                              C:\CrossIDE\gcc-arm-none-eabi-10.3-2021.10\lib\gcc\arm-none-eabi\10.3.1\thumb\v6-m\nofp\libgcc.a(_arm_cmpsf2.o) (__gesf2)
C:\CrossIDE\gcc-arm-none-eabi-10.3-2021.10\lib\gcc\arm-none-eabi\10.3.1\thumb\v6-m\nofp\libgcc.a(lesf2.o)
                              C:\CrossIDE\gcc-arm-none-eabi-10.3-2021.10\lib\gcc\arm-none-eabi\10.3.1\thumb\v6-m\nofp\libgcc.a(_arm_cmpsf2.o) (__lesf2)
C:\CrossIDE\gcc-arm-none-eabi-10.3-2021.10\lib\gcc\arm-none-eabi\10.3.1\thumb\v6-m\nofp\libgcc.a(adddf3.o)
                              C:\CrossIDE\gcc-arm-none-eabi-10.3-2021.10\lib\gcc\arm-none-eabi\10.3.1\thumb\v6-m\nofp\libgcc.a(_floatdidf.o) (__aeabi_dadd)
C:\CrossIDE\gcc-arm-none-eabi-10.3-2021.10\lib\gcc\arm-none-eabi\10.3.1\thumb\v6-m\nofp\libgcc.a(divdf3.o)
                              main.o (__aeabi_ddiv)
C:\CrossIDE\gcc-arm-none-eabi-10.3-2021.10\lib\gcc\arm-none-eabi\10.3.1\thumb\v6-m\nofp\libgcc.a(eqdf2.o)
                              C:\CrossIDE\gcc-arm-none-eabi-10.3-2021.10\lib\gcc\arm-none-eabi\10.3.1\thumb\v6-m\nofp\libgcc.a(_arm_cmpdf2.o) (__eqdf2)
C:\CrossIDE\gcc-arm-none-eabi-10.3-2021.10\lib\gcc\arm-none-eabi\10.3.1\thumb\v6-m\nofp\libgcc.a(gedf2.o)
                              C:\CrossIDE\gcc-arm-none-eabi-10.3-2021.10\lib\gcc\arm-none-eabi\10.3.1\thumb\v6-m\nofp\libgcc.a(_arm_cmpdf2.o) (__gedf2)
C:\CrossIDE\gcc-arm-none-eabi-10.3-2021.10\lib\gcc\arm-none-eabi\10.3.1\thumb\v6-m\nofp\libgcc.a(ledf2.o)
                              C:\CrossIDE\gcc-arm-none-eabi-10.3-2021.10\lib\gcc\arm-none-eabi\10.3.1\thumb\v6-m\nofp\libgcc.a(_arm_cmpdf2.o) (__ledf2)
C:\CrossIDE\gcc-arm-none-eabi-10.3-2021.10\lib\gcc\arm-none-eabi\10.3.1\thumb\v6-m\nofp\libgcc.a(muldf3.o)
                              main.o (__aeabi_dmul)
C:\CrossIDE\gcc-arm-none-eabi-10.3-2021.10\lib\gcc\arm-none-eabi\10.3.1\thumb\v6-m\nofp\libgcc.a(subdf3.o)
                              main.o (__aeabi_dsub)
C:\CrossIDE\gcc-arm-none-eabi-10.3-2021.10\lib\gcc\arm-none-eabi\10.3.1\thumb\v6-m\nofp\libgcc.a(floatsidf.o)
                              C:\CrossIDE\gcc-arm-none-eabi-10.3-2021.10\lib\gcc\arm-none-eabi\10.3.1\thumb\v6-m\nofp\libgcc.a(_floatdidf.o) (__aeabi_i2d)
C:\CrossIDE\gcc-arm-none-eabi-10.3-2021.10\lib\gcc\arm-none-eabi\10.3.1\thumb\v6-m\nofp\libgcc.a(floatunsidf.o)
                              C:\CrossIDE\gcc-arm-none-eabi-10.3-2021.10\lib\gcc\arm-none-eabi\10.3.1\thumb\v6-m\nofp\libgcc.a(_floatdidf.o) (__aeabi_ui2d)
C:\CrossIDE\gcc-arm-none-eabi-10.3-2021.10\lib\gcc\arm-none-eabi\10.3.1\thumb\v6-m\nofp\libgcc.a(extendsfdf2.o)
                              main.o (__aeabi_f2d)
C:\CrossIDE\gcc-arm-none-eabi-10.3-2021.10\lib\gcc\arm-none-eabi\10.3.1\thumb\v6-m\nofp\libgcc.a(truncdfsf2.o)
                              main.o (__aeabi_d2f)
C:\CrossIDE\gcc-arm-none-eabi-10.3-2021.10\lib\gcc\arm-none-eabi\10.3.1\thumb\v6-m\nofp\libgcc.a(_udivsi3.o)
                              C:\CrossIDE\gcc-arm-none-eabi-10.3-2021.10\lib\gcc\arm-none-eabi\10.3.1\thumb\v6-m\nofp\libgcc.a(divdf3.o) (__aeabi_uidivmod)
C:\CrossIDE\gcc-arm-none-eabi-10.3-2021.10\lib\gcc\arm-none-eabi\10.3.1\thumb\v6-m\nofp\libgcc.a(_clzsi2.o)
                              C:\CrossIDE\gcc-arm-none-eabi-10.3-2021.10\lib\gcc\arm-none-eabi\10.3.1\thumb\v6-m\nofp\libgcc.a(divsf3.o) (__clzsi2)
[...]
Memory Configuration

Name             Origin             Length             Attributes
flash            0x08000000         0x00010000
ram              0x20000000         0x00002000
*default*        0x00000000         0xffffffff

Linker script and memory map

LOAD main.o
LOAD startup.o
LOAD serial.o
LOAD newlib_stubs.o
LOAD C:\CrossIDE\gcc-arm-none-eabi-10.3-2021.10\arm-none-eabi\lib\thumb\v6-m\nofp\libnosys.a
LOAD C:\CrossIDE\gcc-arm-none-eabi-10.3-2021.10\lib\gcc\arm-none-eabi\10.3.1\thumb\v6-m\nofp\libgcc.a
START GROUP
LOAD C:\CrossIDE\gcc-arm-none-eabi-10.3-2021.10\lib\gcc\arm-none-eabi\10.3.1\thumb\v6-m\nofp\libgcc.a
LOAD C:\CrossIDE\gcc-arm-none-eabi-10.3-2021.10\arm-none-eabi\lib\thumb\v6-m\nofp\libc_nano.a
LOAD C:\CrossIDE\gcc-arm-none-eabi-10.3-2021.10\arm-none-eabi\lib\thumb\v6-m\nofp\libm.a
END GROUP

.text           0x08000000     0x7a5c
 *(.vectors)
 .vectors       0x08000000       0xb8 startup.o
                0x08000000                Vectors
 *(.after_vectors*)
 .after_vectors
                0x080000b8       0x28 startup.o
                0x080000b8                ResetInit
 *(.text*)
 .text          0x080000e0      0x910 main.o
                0x080000e0                Delay_us
                0x08000140                waitms
                0x0800018c                LCD_pulse
                0x080001bc                LCD_byte
                0x0800033e                WriteData
                0x08000372                WriteCommand
                0x080003a6                LCD_4BIT
                0x080003f0                LCDprint
                0x0800046c                Configure_Pins
                0x08000574                delay
                0x08000592                wait_1ms
                0x080005cc                GetPeriod
                0x080007b8                main
 .text          0x080009f0      0x1a8 startup.o
                0x08000a68                initClock
                0x08000b70                EXTI2_3_Handler
                0x08000b70                TIM21_Handler
                0x08000b70                SysTick_Handler
                0x08000b70                I2C1_Handler
                0x08000b70                PendSV_Handler
                0x08000b70                NMI_Handler
                0x08000b70                WWDG_Handler
                0x08000b70                RTC_Handler
                0x08000b70                EXTI4_15_Handler
                0x08000b70                TIM2_Handler
                0x08000b70                DMA_CH4_5_6_7_Handler
                0x08000b70                Default_Handler
                0x08000b70                LPUART1_Handler
                0x08000b70                FLASH_Handler
                0x08000b70                EXTI0_1_Handler
                0x08000b70                DMA_CH1_Handler
                0x08000b70                SPI2_Handler
                0x08000b70                DMA_CH2_3_Handler
                0x08000b70                I2C2_Handler
                0x08000b70                SVC_Handler
                0x08000b70                LPTIM1_Handler
                0x08000b70                USART2_Handler
                0x08000b70                SPI1_Handler
                0x08000b70                RCC_Handler
                0x08000b70                PVD_Handler
                0x08000b70                TIM6_Handler
                0x08000b70                TIM22_Handler
                0x08000b70                ADC_COMP_Handler
                0x08000b84                Hard_Fault_Handler
 .text          0x08000b98      0x5b4 serial.o
                0x08000b98                ReadCom
                0x08000c0c                WriteCom
                0x08000cac                initUART
                0x08000dfc                USART1_Handler
                0x08000e28                usart_rx
                0x08000e58                usart_tx
                0x08000ec0                PutBuf
                0x08000f22                GetBuf
                0x08000f78                GetBufCount
                0x08000f8c                eputs
                0x08000fc8                eputc
                0x08000fe6                egetc
                0x08001000                egets
                0x0800108c                egetc_echo
                0x080010b2                egets_echo
 .text          0x0800114c      0x29c newlib_stubs.o
                0x0800114c                _exit
                0x08001156                _close
                0x0800116a                _execve
                0x0800118c                _fork
                0x080011a4                _fstat
                0x080011c0                _getpid
                0x080011cc                _kill
                0x080011ec                _link
                0x0800120c                _lseek
                0x08001222                _stat
                0x0800123e                _times
                0x08001252                _unlink
                0x08001270                _wait
                0x08001290                _isatty
                0x080012b8                _sbrk
                0x0800131c                _read
                0x08001394                _write
 .text          0x080013e8        0x0 C:\CrossIDE\gcc-arm-none-eabi-10.3-2021.10\arm-none-eabi\lib\thumb\v6-m\nofp\libnosys.a(errno.o)
 .text          0x080013e8      0x1d4 C:\CrossIDE\gcc-arm-none-eabi-10.3-2021.10\lib\gcc\arm-none-eabi\10.3.1\thumb\v6-m\nofp\libgcc.a(_divsi3.o)
                0x080013e8                __divsi3
                0x080013e8                __aeabi_idiv
                0x080015b4                __aeabi_idivmod
 .text          0x080015bc        0x4 C:\CrossIDE\gcc-arm-none-eabi-10.3-2021.10\lib\gcc\arm-none-eabi\10.3.1\thumb\v6-m\nofp\libgcc.a(_dvmd_tls.o)
                0x080015bc                __aeabi_idiv0
                0x080015bc                __aeabi_ldiv0
 .text          0x080015c0       0x7c C:\CrossIDE\gcc-arm-none-eabi-10.3-2021.10\lib\gcc\arm-none-eabi\10.3.1\thumb\v6-m\nofp\libgcc.a(_arm_cmpdf2.o)
                0x080015c0                __aeabi_cdrcmple
                0x080015d0                __aeabi_cdcmple
                0x080015d0                __aeabi_cdcmpeq
                0x080015e0                __aeabi_dcmpeq
                0x080015ec                __aeabi_dcmplt
                0x08001600                __aeabi_dcmple
                0x08001614                __aeabi_dcmpgt
                0x08001628                __aeabi_dcmpge
 .text          0x0800163c       0x74 C:\CrossIDE\gcc-arm-none-eabi-10.3-2021.10\lib\gcc\arm-none-eabi\10.3.1\thumb\v6-m\nofp\libgcc.a(_arm_cmpsf2.o)
                0x0800163c                __aeabi_cfrcmple
                0x08001644                __aeabi_cfcmpeq
                0x08001644                __aeabi_cfcmple
                0x08001654                __aeabi_fcmpeq
                0x08001660                __aeabi_fcmplt
                0x08001674                __aeabi_fcmple
                0x08001688                __aeabi_fcmpgt
                0x0800169c                __aeabi_fcmpge
 .text          0x080016b0       0x2c C:\CrossIDE\gcc-arm-none-eabi-10.3-2021.10\lib\gcc\arm-none-eabi\10.3.1\thumb\v6-m\nofp\libgcc.a(_floatdidf.o)
                0x080016b0                __aeabi_l2d
                0x080016b0                __floatdidf
 .text          0x080016dc      0x230 C:\CrossIDE\gcc-arm-none-eabi-10.3-2021.10\lib\gcc\arm-none-eabi\10.3.1\thumb\v6-m\nofp\libgcc.a(divsf3.o)
                0x080016dc                __aeabi_fdiv
 .text          0x0800190c       0x4c C:\CrossIDE\gcc-arm-none-eabi-10.3-2021.10\lib\gcc\arm-none-eabi\10.3.1\thumb\v6-m\nofp\libgcc.a(eqsf2.o)
                0x0800190c                __eqsf2
                0x0800190c                __nesf2
 .text          0x08001958       0x8c C:\CrossIDE\gcc-arm-none-eabi-10.3-2021.10\lib\gcc\arm-none-eabi\10.3.1\thumb\v6-m\nofp\libgcc.a(gesf2.o)
                0x08001958                __gesf2
                0x08001958                __gtsf2
 .text          0x080019e4       0x88 C:\CrossIDE\gcc-arm-none-eabi-10.3-2021.10\lib\gcc\arm-none-eabi\10.3.1\thumb\v6-m\nofp\libgcc.a(lesf2.o)
                0x080019e4                __ltsf2
                0x080019e4                __lesf2
 .text          0x08001a6c      0x678 C:\CrossIDE\gcc-arm-none-eabi-10.3-2021.10\lib\gcc\arm-none-eabi\10.3.1\thumb\v6-m\nofp\libgcc.a(adddf3.o)
                0x08001a6c                __aeabi_dadd
 .text          0x080020e4      0x5ec C:\CrossIDE\gcc-arm-none-eabi-10.3-2021.10\lib\gcc\arm-none-eabi\10.3.1\thumb\v6-m\nofp\libgcc.a(divdf3.o)
                0x080020e4                __aeabi_ddiv
 .text          0x080026d0       0x84 C:\CrossIDE\gcc-arm-none-eabi-10.3-2021.10\lib\gcc\arm-none-eabi\10.3.1\thumb\v6-m\nofp\libgcc.a(eqdf2.o)
                0x080026d0                __nedf2
                0x080026d0                __eqdf2
 .text          0x08002754       0xcc C:\CrossIDE\gcc-arm-none-eabi-10.3-2021.10\lib\gcc\arm-none-eabi\10.3.1\thumb\v6-m\nofp\libgcc.a(gedf2.o)
                0x08002754                __gedf2
                0x08002754                __gtdf2
 .text          0x08002820       0xc8 C:\CrossIDE\gcc-arm-none-eabi-10.3-2021.10\lib\gcc\arm-none-eabi\10.3.1\thumb\v6-m\nofp\libgcc.a(ledf2.o)
                0x08002820                __ledf2
                0x08002820                __ltdf2
 .text          0x080028e8      0x4d8 C:\CrossIDE\gcc-arm-none-eabi-10.3-2021.10\lib\gcc\arm-none-eabi\10.3.1\thumb\v6-m\nofp\libgcc.a(muldf3.o)
                0x080028e8                __aeabi_dmul
 .text          0x08002dc0      0x724 C:\CrossIDE\gcc-arm-none-eabi-10.3-2021.10\lib\gcc\arm-none-eabi\10.3.1\thumb\v6-m\nofp\libgcc.a(subdf3.o)
                0x08002dc0                __aeabi_dsub
 .text          0x080034e4       0x60 C:\CrossIDE\gcc-arm-none-eabi-10.3-2021.10\lib\gcc\arm-none-eabi\10.3.1\thumb\v6-m\nofp\libgcc.a(floatsidf.o)
                0x080034e4                __aeabi_i2d
 .text          0x08003544       0x4c C:\CrossIDE\gcc-arm-none-eabi-10.3-2021.10\lib\gcc\arm-none-eabi\10.3.1\thumb\v6-m\nofp\libgcc.a(floatunsidf.o)
                0x08003544                __aeabi_ui2d
 .text          0x08003590       0x90 C:\CrossIDE\gcc-arm-none-eabi-10.3-2021.10\lib\gcc\arm-none-eabi\10.3.1\thumb\v6-m\nofp\libgcc.a(extendsfdf2.o)
                0x08003590                __aeabi_f2d
 .text          0x08003620      0x110 C:\CrossIDE\gcc-arm-none-eabi-10.3-2021.10\lib\gcc\arm-none-eabi\10.3.1\thumb\v6-m\nofp\libgcc.a(truncdfsf2.o)
                0x08003620                __aeabi_d2f
 .text          0x08003730      0x114 C:\CrossIDE\gcc-arm-none-eabi-10.3-2021.10\lib\gcc\arm-none-eabi\10.3.1\thumb\v6-m\nofp\libgcc.a(_udivsi3.o)
                0x08003730                __aeabi_uidiv
                0x08003730                __udivsi3
                0x0800383c                __aeabi_uidivmod
 .text          0x08003844       0x3c C:\CrossIDE\gcc-arm-none-eabi-10.3-2021.10\lib\gcc\arm-none-eabi\10.3.1\thumb\v6-m\nofp\libgcc.a(_clzsi2.o)
                0x08003844                __clzsi2
 .text          0x08003880        0x0 C:\CrossIDE\gcc-arm-none-eabi-10.3-2021.10\arm-none-eabi\lib\thumb\v6-m\nofp\libc_nano.a(lib_a-fflush.o)
 .text.__sflush_r
                0x08003880      0x118 C:\CrossIDE\gcc-arm-none-eabi-10.3-2021.10\arm-none-eabi\lib\thumb\v6-m\nofp\libc_nano.a(lib_a-fflush.o)
                0x08003880                __sflush_r
 .text._fflush_r
                0x08003998       0x80 C:\CrossIDE\gcc-arm-none-eabi-10.3-2021.10\arm-none-eabi\lib\thumb\v6-m\nofp\libc_nano.a(lib_a-fflush.o)
                0x08003998                _fflush_r
 .text.fflush   0x08003a18       0x2c C:\CrossIDE\gcc-arm-none-eabi-10.3-2021.10\arm-none-eabi\lib\thumb\v6-m\nofp\libc_nano.a(lib_a-fflush.o)
                0x08003a18                fflush
 .text          0x08003a44        0x0 C:\CrossIDE\gcc-arm-none-eabi-10.3-2021.10\arm-none-eabi\lib\thumb\v6-m\nofp\libc_nano.a(lib_a-findfp.o)
 .text.std      0x08003a44       0x48 C:\CrossIDE\gcc-arm-none-eabi-10.3-2021.10\arm-none-eabi\lib\thumb\v6-m\nofp\libc_nano.a(lib_a-findfp.o)
 .text._cleanup_r
                0x08003a8c       0x10 C:\CrossIDE\gcc-arm-none-eabi-10.3-2021.10\arm-none-eabi\lib\thumb\v6-m\nofp\libc_nano.a(lib_a-findfp.o)
                0x08003a8c                _cleanup_r
 .text.__fp_lock
                0x08003a9c       0x18 C:\CrossIDE\gcc-arm-none-eabi-10.3-2021.10\arm-none-eabi\lib\thumb\v6-m\nofp\libc_nano.a(lib_a-findfp.o)
 .text.__fp_unlock
                0x08003ab4       0x18 C:\CrossIDE\gcc-arm-none-eabi-10.3-2021.10\arm-none-eabi\lib\thumb\v6-m\nofp\libc_nano.a(lib_a-findfp.o)
 .text.__sfmoreglue
                0x08003acc       0x2c C:\CrossIDE\gcc-arm-none-eabi-10.3-2021.10\arm-none-eabi\lib\thumb\v6-m\nofp\libc_nano.a(lib_a-findfp.o)
                0x08003acc                __sfmoreglue
 .text._cleanup
                0x08003af8       0x10 C:\CrossIDE\gcc-arm-none-eabi-10.3-2021.10\arm-none-eabi\lib\thumb\v6-m\nofp\libc_nano.a(lib_a-findfp.o)
                0x08003af8                _cleanup
 .text.__sfp_lock_acquire
                0x08003b08       0x10 C:\CrossIDE\gcc-arm-none-eabi-10.3-2021.10\arm-none-eabi\lib\thumb\v6-m\nofp\libc_nano.a(lib_a-findfp.o)
                0x08003b08                __sfp_lock_acquire
 .text.__sfp_lock_release
                0x08003b18       0x10 C:\CrossIDE\gcc-arm-none-eabi-10.3-2021.10\arm-none-eabi\lib\thumb\v6-m\nofp\libc_nano.a(lib_a-findfp.o)
                0x08003b18                __sfp_lock_release
 .text.__sinit_lock_acquire
                0x08003b28       0x10 C:\CrossIDE\gcc-arm-none-eabi-10.3-2021.10\arm-none-eabi\lib\thumb\v6-m\nofp\libc_nano.a(lib_a-findfp.o)
                0x08003b28                __sinit_lock_acquire
 .text.__sinit_lock_release
                0x08003b38       0x10 C:\CrossIDE\gcc-arm-none-eabi-10.3-2021.10\arm-none-eabi\lib\thumb\v6-m\nofp\libc_nano.a(lib_a-findfp.o)
                0x08003b38                __sinit_lock_release
 .text.__sinit  0x08003b48       0x70 C:\CrossIDE\gcc-arm-none-eabi-10.3-2021.10\arm-none-eabi\lib\thumb\v6-m\nofp\libc_nano.a(lib_a-findfp.o)
                0x08003b48                __sinit
 .text.__sfp    0x08003bb8       0x90 C:\CrossIDE\gcc-arm-none-eabi-10.3-2021.10\arm-none-eabi\lib\thumb\v6-m\nofp\libc_nano.a(lib_a-findfp.o)
                0x08003bb8                __sfp
 .text.__fp_lock_all
                0x08003c48       0x1c C:\CrossIDE\gcc-arm-none-eabi-10.3-2021.10\arm-none-eabi\lib\thumb\v6-m\nofp\libc_nano.a(lib_a-findfp.o)
                0x08003c48                __fp_lock_all
 .text.__fp_unlock_all
                0x08003c64       0x1c C:\CrossIDE\gcc-arm-none-eabi-10.3-2021.10\arm-none-eabi\lib\thumb\v6-m\nofp\libc_nano.a(lib_a-findfp.o)
                0x08003c64                __fp_unlock_all
 .text          0x08003c80        0x0 C:\CrossIDE\gcc-arm-none-eabi-10.3-2021.10\arm-none-eabi\lib\thumb\v6-m\nofp\libc_nano.a(lib_a-fwalk.o)
 .text._fwalk   0x08003c80       0x36 C:\CrossIDE\gcc-arm-none-eabi-10.3-2021.10\arm-none-eabi\lib\thumb\v6-m\nofp\libc_nano.a(lib_a-fwalk.o)
                0x08003c80                _fwalk
 .text._fwalk_reent
                0x08003cb6       0x40 C:\CrossIDE\gcc-arm-none-eabi-10.3-2021.10\arm-none-eabi\lib\thumb\v6-m\nofp\libc_nano.a(lib_a-fwalk.o)
                0x08003cb6                _fwalk_reent
 .text          0x08003cf6        0x0 C:\CrossIDE\gcc-arm-none-eabi-10.3-2021.10\arm-none-eabi\lib\thumb\v6-m\nofp\libc_nano.a(lib_a-impure.o)
 .text          0x08003cf6        0x0 C:\CrossIDE\gcc-arm-none-eabi-10.3-2021.10\arm-none-eabi\lib\thumb\v6-m\nofp\libc_nano.a(lib_a-lock.o)
 .text.__retarget_lock_init
                0x08003cf6        0x2 C:\CrossIDE\gcc-arm-none-eabi-10.3-2021.10\arm-none-eabi\lib\thumb\v6-m\nofp\libc_nano.a(lib_a-lock.o)
                0x08003cf6                __retarget_lock_init
 .text.__retarget_lock_init_recursive
                0x08003cf8        0x2 C:\CrossIDE\gcc-arm-none-eabi-10.3-2021.10\arm-none-eabi\lib\thumb\v6-m\nofp\libc_nano.a(lib_a-lock.o)
                0x08003cf8                __retarget_lock_init_recursive
 .text.__retarget_lock_close
                0x08003cfa        0x2 C:\CrossIDE\gcc-arm-none-eabi-10.3-2021.10\arm-none-eabi\lib\thumb\v6-m\nofp\libc_nano.a(lib_a-lock.o)
                0x08003cfa                __retarget_lock_close
 .text.__retarget_lock_close_recursive
                0x08003cfc        0x2 C:\CrossIDE\gcc-arm-none-eabi-10.3-2021.10\arm-none-eabi\lib\thumb\v6-m\nofp\libc_nano.a(lib_a-lock.o)
                0x08003cfc                __retarget_lock_close_recursive
 .text.__retarget_lock_acquire
                0x08003cfe        0x2 C:\CrossIDE\gcc-arm-none-eabi-10.3-2021.10\arm-none-eabi\lib\thumb\v6-m\nofp\libc_nano.a(lib_a-lock.o)
                0x08003cfe                __retarget_lock_acquire
 .text.__retarget_lock_acquire_recursive
                0x08003d00        0x2 C:\CrossIDE\gcc-arm-none-eabi-10.3-2021.10\arm-none-eabi\lib\thumb\v6-m\nofp\libc_nano.a(lib_a-lock.o)
                0x08003d00                __retarget_lock_acquire_recursive
 .text.__retarget_lock_try_acquire
                0x08003d02        0x4 C:\CrossIDE\gcc-arm-none-eabi-10.3-2021.10\arm-none-eabi\lib\thumb\v6-m\nofp\libc_nano.a(lib_a-lock.o)
                0x08003d02                __retarget_lock_try_acquire
 .text.__retarget_lock_try_acquire_recursive
                0x08003d06        0x4 C:\CrossIDE\gcc-arm-none-eabi-10.3-2021.10\arm-none-eabi\lib\thumb\v6-m\nofp\libc_nano.a(lib_a-lock.o)
                0x08003d06                __retarget_lock_try_acquire_recursive
 .text.__retarget_lock_release
                0x08003d0a        0x2 C:\CrossIDE\gcc-arm-none-eabi-10.3-2021.10\arm-none-eabi\lib\thumb\v6-m\nofp\libc_nano.a(lib_a-lock.o)
                0x08003d0a                __retarget_lock_release
 .text.__retarget_lock_release_recursive
                0x08003d0c        0x2 C:\CrossIDE\gcc-arm-none-eabi-10.3-2021.10\arm-none-eabi\lib\thumb\v6-m\nofp\libc_nano.a(lib_a-lock.o)
                0x08003d0c                __retarget_lock_release_recursive
 .text          0x08003d0e        0x0 C:\CrossIDE\gcc-arm-none-eabi-10.3-2021.10\arm-none-eabi\lib\thumb\v6-m\nofp\libc_nano.a(lib_a-memset.o)
 .text.memset   0x08003d0e       0x10 C:\CrossIDE\gcc-arm-none-eabi-10.3-2021.10\arm-none-eabi\lib\thumb\v6-m\nofp\libc_nano.a(lib_a-memset.o)
                0x08003d0e                memset
 .text          0x08003d1e        0x0 C:\CrossIDE\gcc-arm-none-eabi-10.3-2021.10\arm-none-eabi\lib\thumb\v6-m\nofp\libc_nano.a(lib_a-nano-freer.o)
 *fill*         0x08003d1e        0x2 
 .text._free_r  0x08003d20       0x94 C:\CrossIDE\gcc-arm-none-eabi-10.3-2021.10\arm-none-eabi\lib\thumb\v6-m\nofp\libc_nano.a(lib_a-nano-freer.o)
                0x08003d20                _free_r
 .text          0x08003db4        0x0 C:\CrossIDE\gcc-arm-none-eabi-10.3-2021.10\arm-none-eabi\lib\thumb\v6-m\nofp\libc_nano.a(lib_a-nano-mallocr.o)
 .text.sbrk_aligned
                0x08003db4       0x44 C:\CrossIDE\gcc-arm-none-eabi-10.3-2021.10\arm-none-eabi\lib\thumb\v6-m\nofp\libc_nano.a(lib_a-nano-mallocr.o)
 .text._malloc_r
                0x08003df8       0xec C:\CrossIDE\gcc-arm-none-eabi-10.3-2021.10\arm-none-eabi\lib\thumb\v6-m\nofp\libc_nano.a(lib_a-nano-mallocr.o)
                0x08003df8                _malloc_r
 .text          0x08003ee4        0x0 C:\CrossIDE\gcc-arm-none-eabi-10.3-2021.10\arm-none-eabi\lib\thumb\v6-m\nofp\libc_nano.a(lib_a-nano-vfprintf_float.o)
 .text.__cvt    0x08003ee4       0xc6 C:\CrossIDE\gcc-arm-none-eabi-10.3-2021.10\arm-none-eabi\lib\thumb\v6-m\nofp\libc_nano.a(lib_a-nano-vfprintf_float.o)
                0x08003ee4                __cvt
 .text.__exponent
                0x08003faa       0x8e C:\CrossIDE\gcc-arm-none-eabi-10.3-2021.10\arm-none-eabi\lib\thumb\v6-m\nofp\libc_nano.a(lib_a-nano-vfprintf_float.o)
                0x08003faa                __exponent
 .text._printf_float
                0x08004038      0x484 C:\CrossIDE\gcc-arm-none-eabi-10.3-2021.10\arm-none-eabi\lib\thumb\v6-m\nofp\libc_nano.a(lib_a-nano-vfprintf_float.o)
                0x08004038                _printf_float
 .text          0x080044bc        0x0 C:\CrossIDE\gcc-arm-none-eabi-10.3-2021.10\arm-none-eabi\lib\thumb\v6-m\nofp\libc_nano.a(lib_a-nano-vfprintf_i.o)
 .text._printf_common
                0x080044bc       0xde C:\CrossIDE\gcc-arm-none-eabi-10.3-2021.10\arm-none-eabi\lib\thumb\v6-m\nofp\libc_nano.a(lib_a-nano-vfprintf_i.o)
                0x080044bc                _printf_common
 *fill*         0x0800459a        0x2 
 .text._printf_i
                0x0800459c      0x224 C:\CrossIDE\gcc-arm-none-eabi-10.3-2021.10\arm-none-eabi\lib\thumb\v6-m\nofp\libc_nano.a(lib_a-nano-vfprintf_i.o)
                0x0800459c                _printf_i
 .text          0x080047c0        0x0 C:\CrossIDE\gcc-arm-none-eabi-10.3-2021.10\arm-none-eabi\lib\thumb\v6-m\nofp\libc_nano.a(lib_a-printf.o)
 .text._printf_r
                0x080047c0       0x28 C:\CrossIDE\gcc-arm-none-eabi-10.3-2021.10\arm-none-eabi\lib\thumb\v6-m\nofp\libc_nano.a(lib_a-printf.o)
                0x080047c0                _iprintf_r
                0x080047c0                _printf_r
 .text.printf   0x080047e8       0x34 C:\CrossIDE\gcc-arm-none-eabi-10.3-2021.10\arm-none-eabi\lib\thumb\v6-m\nofp\libc_nano.a(lib_a-printf.o)
                0x080047e8                iprintf
                0x080047e8                printf
 .text          0x0800481c        0x0 C:\CrossIDE\gcc-arm-none-eabi-10.3-2021.10\arm-none-eabi\lib\thumb\v6-m\nofp\libc_nano.a(lib_a-puts.o)
 .text._puts_r  0x0800481c       0xe4 C:\CrossIDE\gcc-arm-none-eabi-10.3-2021.10\arm-none-eabi\lib\thumb\v6-m\nofp\libc_nano.a(lib_a-puts.o)
                0x0800481c                _puts_r
 .text.puts     0x08004900       0x14 C:\CrossIDE\gcc-arm-none-eabi-10.3-2021.10\arm-none-eabi\lib\thumb\v6-m\nofp\libc_nano.a(lib_a-puts.o)
                0x08004900                puts
 .text          0x08004914        0x0 C:\CrossIDE\gcc-arm-none-eabi-10.3-2021.10\arm-none-eabi\lib\thumb\v6-m\nofp\libc_nano.a(lib_a-sbrkr.o)
 .text._sbrk_r  0x08004914       0x24 C:\CrossIDE\gcc-arm-none-eabi-10.3-2021.10\arm-none-eabi\lib\thumb\v6-m\nofp\libc_nano.a(lib_a-sbrkr.o)
                0x08004914                _sbrk_r
 .text          0x08004938        0x0 C:\CrossIDE\gcc-arm-none-eabi-10.3-2021.10\arm-none-eabi\lib\thumb\v6-m\nofp\libc_nano.a(lib_a-sprintf.o)
 .text._sprintf_r
                0x08004938       0x38 C:\CrossIDE\gcc-arm-none-eabi-10.3-2021.10\arm-none-eabi\lib\thumb\v6-m\nofp\libc_nano.a(lib_a-sprintf.o)
                0x08004938                _sprintf_r
                0x08004938                _siprintf_r
 .text.sprintf  0x08004970       0x40 C:\CrossIDE\gcc-arm-none-eabi-10.3-2021.10\arm-none-eabi\lib\thumb\v6-m\nofp\libc_nano.a(lib_a-sprintf.o)
                0x08004970                siprintf
                0x08004970                sprintf
 .text          0x080049b0        0x0 C:\CrossIDE\gcc-arm-none-eabi-10.3-2021.10\arm-none-eabi\lib\thumb\v6-m\nofp\libc_nano.a(lib_a-stdio.o)
 .text.__sread  0x080049b0       0x28 C:\CrossIDE\gcc-arm-none-eabi-10.3-2021.10\arm-none-eabi\lib\thumb\v6-m\nofp\libc_nano.a(lib_a-stdio.o)
                0x080049b0                __sread
 .text.__seofread
                0x080049d8        0x4 C:\CrossIDE\gcc-arm-none-eabi-10.3-2021.10\arm-none-eabi\lib\thumb\v6-m\nofp\libc_nano.a(lib_a-stdio.o)
                0x080049d8                __seofread
 .text.__swrite
                0x080049dc       0x38 C:\CrossIDE\gcc-arm-none-eabi-10.3-2021.10\arm-none-eabi\lib\thumb\v6-m\nofp\libc_nano.a(lib_a-stdio.o)
                0x080049dc                __swrite
 .text.__sseek  0x08004a14       0x2c C:\CrossIDE\gcc-arm-none-eabi-10.3-2021.10\arm-none-eabi\lib\thumb\v6-m\nofp\libc_nano.a(lib_a-stdio.o)
                0x08004a14                __sseek
 .text.__sclose
                0x08004a40        0xc C:\CrossIDE\gcc-arm-none-eabi-10.3-2021.10\arm-none-eabi\lib\thumb\v6-m\nofp\libc_nano.a(lib_a-stdio.o)
                0x08004a40                __sclose
 .text          0x08004a4c        0xe C:\CrossIDE\gcc-arm-none-eabi-10.3-2021.10\arm-none-eabi\lib\thumb\v6-m\nofp\libc_nano.a(lib_a-strlen.o)
                0x08004a4c                strlen
 .text          0x08004a5a        0x0 C:\CrossIDE\gcc-arm-none-eabi-10.3-2021.10\arm-none-eabi\lib\thumb\v6-m\nofp\libc_nano.a(lib_a-wbuf.o)
 *fill*         0x08004a5a        0x2 
 .text.__swbuf_r
                0x08004a5c       0xac C:\CrossIDE\gcc-arm-none-eabi-10.3-2021.10\arm-none-eabi\lib\thumb\v6-m\nofp\libc_nano.a(lib_a-wbuf.o)
                0x08004a5c                __swbuf_r
 .text.__swbuf  0x08004b08       0x14 C:\CrossIDE\gcc-arm-none-eabi-10.3-2021.10\arm-none-eabi\lib\thumb\v6-m\nofp\libc_nano.a(lib_a-wbuf.o)
                0x08004b08                __swbuf
 .text          0x08004b1c        0x0 C:\CrossIDE\gcc-arm-none-eabi-10.3-2021.10\arm-none-eabi\lib\thumb\v6-m\nofp\libc_nano.a(lib_a-writer.o)
 .text._write_r
                0x08004b1c       0x28 C:\CrossIDE\gcc-arm-none-eabi-10.3-2021.10\arm-none-eabi\lib\thumb\v6-m\nofp\libc_nano.a(lib_a-writer.o)
                0x08004b1c                _write_r
 .text          0x08004b44        0x0 C:\CrossIDE\gcc-arm-none-eabi-10.3-2021.10\arm-none-eabi\lib\thumb\v6-m\nofp\libc_nano.a(lib_a-wsetup.o)
 .text.__swsetup_r
                0x08004b44       0xf0 C:\CrossIDE\gcc-arm-none-eabi-10.3-2021.10\arm-none-eabi\lib\thumb\v6-m\nofp\libc_nano.a(lib_a-wsetup.o)
                0x08004b44                __swsetup_r
 .text          0x08004c34        0x0 C:\CrossIDE\gcc-arm-none-eabi-10.3-2021.10\arm-none-eabi\lib\thumb\v6-m\nofp\libc_nano.a(lib_a-closer.o)
 .text._close_r
                0x08004c34       0x24 C:\CrossIDE\gcc-arm-none-eabi-10.3-2021.10\arm-none-eabi\lib\thumb\v6-m\nofp\libc_nano.a(lib_a-closer.o)
                0x08004c34                _close_r
 .text          0x08004c58        0x0 C:\CrossIDE\gcc-arm-none-eabi-10.3-2021.10\arm-none-eabi\lib\thumb\v6-m\nofp\libc_nano.a(lib_a-dtoa.o)
 .text.quorem   0x08004c58      0x116 C:\CrossIDE\gcc-arm-none-eabi-10.3-2021.10\arm-none-eabi\lib\thumb\v6-m\nofp\libc_nano.a(lib_a-dtoa.o)
 *fill*         0x08004d6e        0x2 
 .text._dtoa_r  0x08004d70      0xc34 C:\CrossIDE\gcc-arm-none-eabi-10.3-2021.10\arm-none-eabi\lib\thumb\v6-m\nofp\libc_nano.a(lib_a-dtoa.o)
                0x08004d70                _dtoa_r
 .text          0x080059a4        0x0 C:\CrossIDE\gcc-arm-none-eabi-10.3-2021.10\arm-none-eabi\lib\thumb\v6-m\nofp\libc_nano.a(lib_a-localeconv.o)
 .text.__localeconv_l
                0x080059a4        0x4 C:\CrossIDE\gcc-arm-none-eabi-10.3-2021.10\arm-none-eabi\lib\thumb\v6-m\nofp\libc_nano.a(lib_a-localeconv.o)
                0x080059a4                __localeconv_l
 .text._localeconv_r
                0x080059a8        0x8 C:\CrossIDE\gcc-arm-none-eabi-10.3-2021.10\arm-none-eabi\lib\thumb\v6-m\nofp\libc_nano.a(lib_a-localeconv.o)
                0x080059a8                _localeconv_r
 .text.localeconv
                0x080059b0        0x8 C:\CrossIDE\gcc-arm-none-eabi-10.3-2021.10\arm-none-eabi\lib\thumb\v6-m\nofp\libc_nano.a(lib_a-localeconv.o)
                0x080059b0                localeconv
 .text          0x080059b8        0x0 C:\CrossIDE\gcc-arm-none-eabi-10.3-2021.10\arm-none-eabi\lib\thumb\v6-m\nofp\libc_nano.a(lib_a-lseekr.o)
 .text._lseek_r
                0x080059b8       0x28 C:\CrossIDE\gcc-arm-none-eabi-10.3-2021.10\arm-none-eabi\lib\thumb\v6-m\nofp\libc_nano.a(lib_a-lseekr.o)
                0x080059b8                _lseek_r
 .text          0x080059e0        0x0 C:\CrossIDE\gcc-arm-none-eabi-10.3-2021.10\arm-none-eabi\lib\thumb\v6-m\nofp\libc_nano.a(lib_a-makebuf.o)
 .text.__swhatbuf_r
                0x080059e0       0x50 C:\CrossIDE\gcc-arm-none-eabi-10.3-2021.10\arm-none-eabi\lib\thumb\v6-m\nofp\libc_nano.a(lib_a-makebuf.o)
                0x080059e0                __swhatbuf_r
 .text.__smakebuf_r
                0x08005a30       0x88 C:\CrossIDE\gcc-arm-none-eabi-10.3-2021.10\arm-none-eabi\lib\thumb\v6-m\nofp\libc_nano.a(lib_a-makebuf.o)
                0x08005a30                __smakebuf_r
 .text          0x08005ab8        0x0 C:\CrossIDE\gcc-arm-none-eabi-10.3-2021.10\arm-none-eabi\lib\thumb\v6-m\nofp\libc_nano.a(lib_a-malloc.o)
 .text.malloc   0x08005ab8       0x14 C:\CrossIDE\gcc-arm-none-eabi-10.3-2021.10\arm-none-eabi\lib\thumb\v6-m\nofp\libc_nano.a(lib_a-malloc.o)
                0x08005ab8                malloc
 .text.free     0x08005acc       0x14 C:\CrossIDE\gcc-arm-none-eabi-10.3-2021.10\arm-none-eabi\lib\thumb\v6-m\nofp\libc_nano.a(lib_a-malloc.o)
                0x08005acc                free
 .text          0x08005ae0        0x0 C:\CrossIDE\gcc-arm-none-eabi-10.3-2021.10\arm-none-eabi\lib\thumb\v6-m\nofp\libc_nano.a(lib_a-memchr-stub.o)
 .text.memchr   0x08005ae0       0x16 C:\CrossIDE\gcc-arm-none-eabi-10.3-2021.10\arm-none-eabi\lib\thumb\v6-m\nofp\libc_nano.a(lib_a-memchr-stub.o)
                0x08005ae0                memchr
 .text          0x08005af6        0x0 C:\CrossIDE\gcc-arm-none-eabi-10.3-2021.10\arm-none-eabi\lib\thumb\v6-m\nofp\libc_nano.a(lib_a-memcpy-stub.o)
 .text.memcpy   0x08005af6       0x12 C:\CrossIDE\gcc-arm-none-eabi-10.3-2021.10\arm-none-eabi\lib\thumb\v6-m\nofp\libc_nano.a(lib_a-memcpy-stub.o)
                0x08005af6                memcpy
 .text          0x08005b08        0x0 C:\CrossIDE\gcc-arm-none-eabi-10.3-2021.10\arm-none-eabi\lib\thumb\v6-m\nofp\libc_nano.a(lib_a-mlock.o)
 .text.__malloc_lock
                0x08005b08       0x10 C:\CrossIDE\gcc-arm-none-eabi-10.3-2021.10\arm-none-eabi\lib\thumb\v6-m\nofp\libc_nano.a(lib_a-mlock.o)
                0x08005b08                __malloc_lock
 .text.__malloc_unlock
                0x08005b18       0x10 C:\CrossIDE\gcc-arm-none-eabi-10.3-2021.10\arm-none-eabi\lib\thumb\v6-m\nofp\libc_nano.a(lib_a-mlock.o)
                0x08005b18                __malloc_unlock
 .text          0x08005b28        0x0 C:\CrossIDE\gcc-arm-none-eabi-10.3-2021.10\arm-none-eabi\lib\thumb\v6-m\nofp\libc_nano.a(lib_a-mprec.o)
 .text._Balloc  0x08005b28       0x88 C:\CrossIDE\gcc-arm-none-eabi-10.3-2021.10\arm-none-eabi\lib\thumb\v6-m\nofp\libc_nano.a(lib_a-mprec.o)
                0x08005b28                _Balloc
 .text._Bfree   0x08005bb0       0x48 C:\CrossIDE\gcc-arm-none-eabi-10.3-2021.10\arm-none-eabi\lib\thumb\v6-m\nofp\libc_nano.a(lib_a-mprec.o)
                0x08005bb0                _Bfree
 .text.__multadd
                0x08005bf8       0x88 C:\CrossIDE\gcc-arm-none-eabi-10.3-2021.10\arm-none-eabi\lib\thumb\v6-m\nofp\libc_nano.a(lib_a-mprec.o)
                0x08005bf8                __multadd
 .text.__s2b    0x08005c80       0x98 C:\CrossIDE\gcc-arm-none-eabi-10.3-2021.10\arm-none-eabi\lib\thumb\v6-m\nofp\libc_nano.a(lib_a-mprec.o)
                0x08005c80                __s2b
 .text.__hi0bits
                0x08005d18       0x34 C:\CrossIDE\gcc-arm-none-eabi-10.3-2021.10\arm-none-eabi\lib\thumb\v6-m\nofp\libc_nano.a(lib_a-mprec.o)
                0x08005d18                __hi0bits
 .text.__lo0bits
                0x08005d4c       0x5c C:\CrossIDE\gcc-arm-none-eabi-10.3-2021.10\arm-none-eabi\lib\thumb\v6-m\nofp\libc_nano.a(lib_a-mprec.o)
                0x08005d4c                __lo0bits
 .text.__i2b    0x08005da8       0x2c C:\CrossIDE\gcc-arm-none-eabi-10.3-2021.10\arm-none-eabi\lib\thumb\v6-m\nofp\libc_nano.a(lib_a-mprec.o)
                0x08005da8                __i2b
 .text.__multiply
                0x08005dd4      0x160 C:\CrossIDE\gcc-arm-none-eabi-10.3-2021.10\arm-none-eabi\lib\thumb\v6-m\nofp\libc_nano.a(lib_a-mprec.o)
                0x08005dd4                __multiply
 .text.__pow5mult
                0x08005f34       0xb8 C:\CrossIDE\gcc-arm-none-eabi-10.3-2021.10\arm-none-eabi\lib\thumb\v6-m\nofp\libc_nano.a(lib_a-mprec.o)
                0x08005f34                __pow5mult
 .text.__lshift
                0x08005fec       0xdc C:\CrossIDE\gcc-arm-none-eabi-10.3-2021.10\arm-none-eabi\lib\thumb\v6-m\nofp\libc_nano.a(lib_a-mprec.o)
                0x08005fec                __lshift
 .text.__mcmp   0x080060c8       0x36 C:\CrossIDE\gcc-arm-none-eabi-10.3-2021.10\arm-none-eabi\lib\thumb\v6-m\nofp\libc_nano.a(lib_a-mprec.o)
                0x080060c8                __mcmp
 *fill*         0x080060fe        0x2 
 .text.__mdiff  0x08006100      0x130 C:\CrossIDE\gcc-arm-none-eabi-10.3-2021.10\arm-none-eabi\lib\thumb\v6-m\nofp\libc_nano.a(lib_a-mprec.o)
                0x08006100                __mdiff
 .text.__ulp    0x08006230       0x48 C:\CrossIDE\gcc-arm-none-eabi-10.3-2021.10\arm-none-eabi\lib\thumb\v6-m\nofp\libc_nano.a(lib_a-mprec.o)
                0x08006230                __ulp
 .text.__b2d    0x08006278       0xa0 C:\CrossIDE\gcc-arm-none-eabi-10.3-2021.10\arm-none-eabi\lib\thumb\v6-m\nofp\libc_nano.a(lib_a-mprec.o)
                0x08006278                __b2d
 .text.__d2b    0x08006318       0xc8 C:\CrossIDE\gcc-arm-none-eabi-10.3-2021.10\arm-none-eabi\lib\thumb\v6-m\nofp\libc_nano.a(lib_a-mprec.o)
                0x08006318                __d2b
 .text.__ratio  0x080063e0       0x52 C:\CrossIDE\gcc-arm-none-eabi-10.3-2021.10\arm-none-eabi\lib\thumb\v6-m\nofp\libc_nano.a(lib_a-mprec.o)
                0x080063e0                __ratio
 *fill*         0x08006432        0x2 
 .text._mprec_log10
                0x08006434       0x34 C:\CrossIDE\gcc-arm-none-eabi-10.3-2021.10\arm-none-eabi\lib\thumb\v6-m\nofp\libc_nano.a(lib_a-mprec.o)
                0x08006434                _mprec_log10
 .text.__copybits
                0x08006468       0x42 C:\CrossIDE\gcc-arm-none-eabi-10.3-2021.10\arm-none-eabi\lib\thumb\v6-m\nofp\libc_nano.a(lib_a-mprec.o)
                0x08006468                __copybits
 .text.__any_on
                0x080064aa       0x46 C:\CrossIDE\gcc-arm-none-eabi-10.3-2021.10\arm-none-eabi\lib\thumb\v6-m\nofp\libc_nano.a(lib_a-mprec.o)
                0x080064aa                __any_on
 .text          0x080064f0        0x0 C:\CrossIDE\gcc-arm-none-eabi-10.3-2021.10\arm-none-eabi\lib\thumb\v6-m\nofp\libc_nano.a(lib_a-nano-callocr.o)
 .text._calloc_r
                0x080064f0       0x58 C:\CrossIDE\gcc-arm-none-eabi-10.3-2021.10\arm-none-eabi\lib\thumb\v6-m\nofp\libc_nano.a(lib_a-nano-callocr.o)
                0x080064f0                _calloc_r
 .text          0x08006548        0x0 C:\CrossIDE\gcc-arm-none-eabi-10.3-2021.10\arm-none-eabi\lib\thumb\v6-m\nofp\libc_nano.a(lib_a-nano-svfprintf.o)
 .text.__ssputs_r
                0x08006548       0xc4 C:\CrossIDE\gcc-arm-none-eabi-10.3-2021.10\arm-none-eabi\lib\thumb\v6-m\nofp\libc_nano.a(lib_a-nano-svfprintf.o)
                0x08006548                __ssputs_r
 .text.__ssprint_r
                0x0800660c      0x100 C:\CrossIDE\gcc-arm-none-eabi-10.3-2021.10\arm-none-eabi\lib\thumb\v6-m\nofp\libc_nano.a(lib_a-nano-svfprintf.o)
                0x0800660c                __ssprint_r
 .text._svfprintf_r
                0x0800670c      0x200 C:\CrossIDE\gcc-arm-none-eabi-10.3-2021.10\arm-none-eabi\lib\thumb\v6-m\nofp\libc_nano.a(lib_a-nano-svfprintf.o)
                0x0800670c                _svfiprintf_r
                0x0800670c                _svfprintf_r
 .text          0x0800690c        0x0 C:\CrossIDE\gcc-arm-none-eabi-10.3-2021.10\arm-none-eabi\lib\thumb\v6-m\nofp\libc_nano.a(lib_a-nano-vfprintf.o)
 .text.__sfputc_r
                0x0800690c       0x2a C:\CrossIDE\gcc-arm-none-eabi-10.3-2021.10\arm-none-eabi\lib\thumb\v6-m\nofp\libc_nano.a(lib_a-nano-vfprintf.o)
 .text.__sfputs_r
                0x08006936       0x24 C:\CrossIDE\gcc-arm-none-eabi-10.3-2021.10\arm-none-eabi\lib\thumb\v6-m\nofp\libc_nano.a(lib_a-nano-vfprintf.o)
                0x08006936                __sfputs_r
 .text.__sprint_r
                0x0800695a       0x1c C:\CrossIDE\gcc-arm-none-eabi-10.3-2021.10\arm-none-eabi\lib\thumb\v6-m\nofp\libc_nano.a(lib_a-nano-vfprintf.o)
                0x0800695a                __sprint_r
 *fill*         0x08006976        0x2 
 .text._vfprintf_r
                0x08006978      0x274 C:\CrossIDE\gcc-arm-none-eabi-10.3-2021.10\arm-none-eabi\lib\thumb\v6-m\nofp\libc_nano.a(lib_a-nano-vfprintf.o)
                0x08006978                _vfprintf_r
                0x08006978                _vfiprintf_r
 .text.vfprintf
                0x08006bec       0x18 C:\CrossIDE\gcc-arm-none-eabi-10.3-2021.10\arm-none-eabi\lib\thumb\v6-m\nofp\libc_nano.a(lib_a-nano-vfprintf.o)
                0x08006bec                vfprintf
                0x08006bec                vfiprintf
 .text          0x08006c04        0x0 C:\CrossIDE\gcc-arm-none-eabi-10.3-2021.10\arm-none-eabi\lib\thumb\v6-m\nofp\libc_nano.a(lib_a-readr.o)
 .text._read_r  0x08006c04       0x28 C:\CrossIDE\gcc-arm-none-eabi-10.3-2021.10\arm-none-eabi\lib\thumb\v6-m\nofp\libc_nano.a(lib_a-readr.o)
                0x08006c04                _read_r
 .text          0x08006c2c        0x0 C:\CrossIDE\gcc-arm-none-eabi-10.3-2021.10\arm-none-eabi\lib\thumb\v6-m\nofp\libc_nano.a(lib_a-assert.o)
 .text.__assert_func
                0x08006c2c       0x3c C:\CrossIDE\gcc-arm-none-eabi-10.3-2021.10\arm-none-eabi\lib\thumb\v6-m\nofp\libc_nano.a(lib_a-assert.o)
                0x08006c2c                __assert_func
 .text.__assert
                0x08006c68        0xa C:\CrossIDE\gcc-arm-none-eabi-10.3-2021.10\arm-none-eabi\lib\thumb\v6-m\nofp\libc_nano.a(lib_a-assert.o)
                0x08006c68                __assert
 .text          0x08006c72        0x0 C:\CrossIDE\gcc-arm-none-eabi-10.3-2021.10\arm-none-eabi\lib\thumb\v6-m\nofp\libc_nano.a(lib_a-fprintf.o)
 .text._fprintf_r
                0x08006c72       0x16 C:\CrossIDE\gcc-arm-none-eabi-10.3-2021.10\arm-none-eabi\lib\thumb\v6-m\nofp\libc_nano.a(lib_a-fprintf.o)
                0x08006c72                _fiprintf_r
                0x08006c72                _fprintf_r
 .text.fprintf  0x08006c88       0x20 C:\CrossIDE\gcc-arm-none-eabi-10.3-2021.10\arm-none-eabi\lib\thumb\v6-m\nofp\libc_nano.a(lib_a-fprintf.o)
                0x08006c88                fiprintf
                0x08006c88                fprintf
 .text          0x08006ca8        0x0 C:\CrossIDE\gcc-arm-none-eabi-10.3-2021.10\arm-none-eabi\lib\thumb\v6-m\nofp\libc_nano.a(lib_a-fstatr.o)
 .text._fstat_r
                0x08006ca8       0x24 C:\CrossIDE\gcc-arm-none-eabi-10.3-2021.10\arm-none-eabi\lib\thumb\v6-m\nofp\libc_nano.a(lib_a-fstatr.o)
                0x08006ca8                _fstat_r
 .text          0x08006ccc        0x0 C:\CrossIDE\gcc-arm-none-eabi-10.3-2021.10\arm-none-eabi\lib\thumb\v6-m\nofp\libc_nano.a(lib_a-fvwrite.o)
 .text.__sfvwrite_r
                0x08006ccc      0x2d0 C:\CrossIDE\gcc-arm-none-eabi-10.3-2021.10\arm-none-eabi\lib\thumb\v6-m\nofp\libc_nano.a(lib_a-fvwrite.o)
                0x08006ccc                __sfvwrite_r
 .text          0x08006f9c        0x0 C:\CrossIDE\gcc-arm-none-eabi-10.3-2021.10\arm-none-eabi\lib\thumb\v6-m\nofp\libc_nano.a(lib_a-isattyr.o)
 .text._isatty_r
                0x08006f9c       0x24 C:\CrossIDE\gcc-arm-none-eabi-10.3-2021.10\arm-none-eabi\lib\thumb\v6-m\nofp\libc_nano.a(lib_a-isattyr.o)
                0x08006f9c                _isatty_r
 .text          0x08006fc0        0x0 C:\CrossIDE\gcc-arm-none-eabi-10.3-2021.10\arm-none-eabi\lib\thumb\v6-m\nofp\libc_nano.a(lib_a-locale.o)
 .text._setlocale_r
                0x08006fc0       0x40 C:\CrossIDE\gcc-arm-none-eabi-10.3-2021.10\arm-none-eabi\lib\thumb\v6-m\nofp\libc_nano.a(lib_a-locale.o)
                0x08006fc0                _setlocale_r
 .text.__locale_mb_cur_max
                0x08007000       0x10 C:\CrossIDE\gcc-arm-none-eabi-10.3-2021.10\arm-none-eabi\lib\thumb\v6-m\nofp\libc_nano.a(lib_a-locale.o)
                0x08007000                __locale_mb_cur_max
 .text.setlocale
                0x08007010       0x14 C:\CrossIDE\gcc-arm-none-eabi-10.3-2021.10\arm-none-eabi\lib\thumb\v6-m\nofp\libc_nano.a(lib_a-locale.o)
                0x08007010                setlocale
 .text          0x08007024        0x0 C:\CrossIDE\gcc-arm-none-eabi-10.3-2021.10\arm-none-eabi\lib\thumb\v6-m\nofp\libc_nano.a(lib_a-mbtowc_r.o)
 .text._mbtowc_r
                0x08007024       0x14 C:\CrossIDE\gcc-arm-none-eabi-10.3-2021.10\arm-none-eabi\lib\thumb\v6-m\nofp\libc_nano.a(lib_a-mbtowc_r.o)
                0x08007024                _mbtowc_r
 .text.__ascii_mbtowc
                0x08007038       0x24 C:\CrossIDE\gcc-arm-none-eabi-10.3-2021.10\arm-none-eabi\lib\thumb\v6-m\nofp\libc_nano.a(lib_a-mbtowc_r.o)
                0x08007038                __ascii_mbtowc
 .text          0x0800705c        0x0 C:\CrossIDE\gcc-arm-none-eabi-10.3-2021.10\arm-none-eabi\lib\thumb\v6-m\nofp\libc_nano.a(lib_a-memmove.o)
 .text.memmove  0x0800705c       0x26 C:\CrossIDE\gcc-arm-none-eabi-10.3-2021.10\arm-none-eabi\lib\thumb\v6-m\nofp\libc_nano.a(lib_a-memmove.o)
                0x0800705c                memmove
 .text          0x08007082        0x0 C:\CrossIDE\gcc-arm-none-eabi-10.3-2021.10\arm-none-eabi\lib\thumb\v6-m\nofp\libc_nano.a(lib_a-nano-reallocr.o)
 .text._realloc_r
                0x08007082       0x5e C:\CrossIDE\gcc-arm-none-eabi-10.3-2021.10\arm-none-eabi\lib\thumb\v6-m\nofp\libc_nano.a(lib_a-nano-reallocr.o)
                0x08007082                _realloc_r
 .text          0x080070e0       0x14 C:\CrossIDE\gcc-arm-none-eabi-10.3-2021.10\arm-none-eabi\lib\thumb\v6-m\nofp\libc_nano.a(lib_a-strcmp.o)
                0x080070e0                strcmp
 .text          0x080070f4        0x0 C:\CrossIDE\gcc-arm-none-eabi-10.3-2021.10\arm-none-eabi\lib\thumb\v6-m\nofp\libc_nano.a(lib_a-wctomb_r.o)
 .text._wctomb_r
                0x080070f4       0x10 C:\CrossIDE\gcc-arm-none-eabi-10.3-2021.10\arm-none-eabi\lib\thumb\v6-m\nofp\libc_nano.a(lib_a-wctomb_r.o)
                0x080070f4                _wctomb_r
 .text.__ascii_wctomb
                0x08007104       0x1a C:\CrossIDE\gcc-arm-none-eabi-10.3-2021.10\arm-none-eabi\lib\thumb\v6-m\nofp\libc_nano.a(lib_a-wctomb_r.o)
                0x08007104                __ascii_wctomb
 .text          0x0800711e        0x0 C:\CrossIDE\gcc-arm-none-eabi-10.3-2021.10\arm-none-eabi\lib\thumb\v6-m\nofp\libc_nano.a(lib_a-abort.o)
 .text.abort    0x0800711e        0xe C:\CrossIDE\gcc-arm-none-eabi-10.3-2021.10\arm-none-eabi\lib\thumb\v6-m\nofp\libc_nano.a(lib_a-abort.o)
                0x0800711e                abort
 .text          0x0800712c        0x0 C:\CrossIDE\gcc-arm-none-eabi-10.3-2021.10\arm-none-eabi\lib\thumb\v6-m\nofp\libc_nano.a(lib_a-ctype_.o)
 .text          0x0800712c        0x0 C:\CrossIDE\gcc-arm-none-eabi-10.3-2021.10\arm-none-eabi\lib\thumb\v6-m\nofp\libc_nano.a(lib_a-nano-msizer.o)
 .text._malloc_usable_size_r
                0x0800712c       0x10 C:\CrossIDE\gcc-arm-none-eabi-10.3-2021.10\arm-none-eabi\lib\thumb\v6-m\nofp\libc_nano.a(lib_a-nano-msizer.o)
                0x0800712c                _malloc_usable_size_r
 .text          0x0800713c        0x0 C:\CrossIDE\gcc-arm-none-eabi-10.3-2021.10\arm-none-eabi\lib\thumb\v6-m\nofp\libc_nano.a(lib_a-signal.o)
 .text._init_signal_r
                0x0800713c       0x2a C:\CrossIDE\gcc-arm-none-eabi-10.3-2021.10\arm-none-eabi\lib\thumb\v6-m\nofp\libc_nano.a(lib_a-signal.o)
                0x0800713c                _init_signal_r
 .text._signal_r
                0x08007166       0x32 C:\CrossIDE\gcc-arm-none-eabi-10.3-2021.10\arm-none-eabi\lib\thumb\v6-m\nofp\libc_nano.a(lib_a-signal.o)
                0x08007166                _signal_r
 .text._raise_r
                0x08007198       0x54 C:\CrossIDE\gcc-arm-none-eabi-10.3-2021.10\arm-none-eabi\lib\thumb\v6-m\nofp\libc_nano.a(lib_a-signal.o)
                0x08007198                _raise_r
 .text.__sigtramp_r
                0x080071ec       0x46 C:\CrossIDE\gcc-arm-none-eabi-10.3-2021.10\arm-none-eabi\lib\thumb\v6-m\nofp\libc_nano.a(lib_a-signal.o)
                0x080071ec                __sigtramp_r
 *fill*         0x08007232        0x2 
 .text.raise    0x08007234       0x14 C:\CrossIDE\gcc-arm-none-eabi-10.3-2021.10\arm-none-eabi\lib\thumb\v6-m\nofp\libc_nano.a(lib_a-signal.o)
                0x08007234                raise
 .text.signal   0x08007248       0x14 C:\CrossIDE\gcc-arm-none-eabi-10.3-2021.10\arm-none-eabi\lib\thumb\v6-m\nofp\libc_nano.a(lib_a-signal.o)
                0x08007248                signal
 .text._init_signal
                0x0800725c       0x10 C:\CrossIDE\gcc-arm-none-eabi-10.3-2021.10\arm-none-eabi\lib\thumb\v6-m\nofp\libc_nano.a(lib_a-signal.o)
                0x0800725c                _init_signal
 .text.__sigtramp
                0x0800726c       0x14 C:\CrossIDE\gcc-arm-none-eabi-10.3-2021.10\arm-none-eabi\lib\thumb\v6-m\nofp\libc_nano.a(lib_a-signal.o)
                0x0800726c                __sigtramp
 .text          0x08007280        0x0 C:\CrossIDE\gcc-arm-none-eabi-10.3-2021.10\arm-none-eabi\lib\thumb\v6-m\nofp\libc_nano.a(lib_a-signalr.o)
 .text._kill_r  0x08007280       0x24 C:\CrossIDE\gcc-arm-none-eabi-10.3-2021.10\arm-none-eabi\lib\thumb\v6-m\nofp\libc_nano.a(lib_a-signalr.o)
                0x08007280                _kill_r
 .text._getpid_r
                0x080072a4        0x8 C:\CrossIDE\gcc-arm-none-eabi-10.3-2021.10\arm-none-eabi\lib\thumb\v6-m\nofp\libc_nano.a(lib_a-signalr.o)
                0x080072a4                _getpid_r
 .text          0x080072ac       0x14 C:\CrossIDE\gcc-arm-none-eabi-10.3-2021.10\lib\gcc\arm-none-eabi\10.3.1\thumb\v6-m\nofp\libgcc.a(_thumb1_case_uqi.o)
                0x080072ac                __gnu_thumb1_case_uqi
 .text          0x080072c0       0x14 C:\CrossIDE\gcc-arm-none-eabi-10.3-2021.10\lib\gcc\arm-none-eabi\10.3.1\thumb\v6-m\nofp\libgcc.a(_thumb1_case_shi.o)
                0x080072c0                __gnu_thumb1_case_shi
 .text          0x080072d4       0x3c C:\CrossIDE\gcc-arm-none-eabi-10.3-2021.10\lib\gcc\arm-none-eabi\10.3.1\thumb\v6-m\nofp\libgcc.a(unorddf2.o)
                0x080072d4                __aeabi_dcmpun
 .text          0x08007310       0x6c C:\CrossIDE\gcc-arm-none-eabi-10.3-2021.10\lib\gcc\arm-none-eabi\10.3.1\thumb\v6-m\nofp\libgcc.a(fixdfsi.o)
                0x08007310                __aeabi_d2iz
 *(.rodata*)
 .rodata        0x0800737c      0x116 main.o
 *fill*         0x08007492        0x2 
 .rodata        0x08007494       0x7c startup.o
 .rodata        0x08007510       0x80 C:\CrossIDE\gcc-arm-none-eabi-10.3-2021.10\lib\gcc\arm-none-eabi\10.3.1\thumb\v6-m\nofp\libgcc.a(divsf3.o)
 .rodata        0x08007590       0x40 C:\CrossIDE\gcc-arm-none-eabi-10.3-2021.10\lib\gcc\arm-none-eabi\10.3.1\thumb\v6-m\nofp\libgcc.a(divdf3.o)
 .rodata        0x080075d0       0x40 C:\CrossIDE\gcc-arm-none-eabi-10.3-2021.10\lib\gcc\arm-none-eabi\10.3.1\thumb\v6-m\nofp\libgcc.a(muldf3.o)
 .rodata.__sf_fake_stderr
                0x08007610       0x20 C:\CrossIDE\gcc-arm-none-eabi-10.3-2021.10\arm-none-eabi\lib\thumb\v6-m\nofp\libc_nano.a(lib_a-findfp.o)
                0x08007610                __sf_fake_stderr
 .rodata.__sf_fake_stdin
                0x08007630       0x20 C:\CrossIDE\gcc-arm-none-eabi-10.3-2021.10\arm-none-eabi\lib\thumb\v6-m\nofp\libc_nano.a(lib_a-findfp.o)
                0x08007630                __sf_fake_stdin
 .rodata.__sf_fake_stdout
                0x08007650       0x20 C:\CrossIDE\gcc-arm-none-eabi-10.3-2021.10\arm-none-eabi\lib\thumb\v6-m\nofp\libc_nano.a(lib_a-findfp.o)
                0x08007650                __sf_fake_stdout
 .rodata._global_impure_ptr
                0x08007670        0x4 C:\CrossIDE\gcc-arm-none-eabi-10.3-2021.10\arm-none-eabi\lib\thumb\v6-m\nofp\libc_nano.a(lib_a-impure.o)
                0x08007670                _global_impure_ptr
 .rodata._printf_float.str1.1
                0x08007674       0x12 C:\CrossIDE\gcc-arm-none-eabi-10.3-2021.10\arm-none-eabi\lib\thumb\v6-m\nofp\libc_nano.a(lib_a-nano-vfprintf_float.o)
 .rodata._printf_i.str1.1
                0x08007686       0x22 C:\CrossIDE\gcc-arm-none-eabi-10.3-2021.10\arm-none-eabi\lib\thumb\v6-m\nofp\libc_nano.a(lib_a-nano-vfprintf_i.o)
 .rodata._dtoa_r.str1.1
                0x080076a8       0xb3 C:\CrossIDE\gcc-arm-none-eabi-10.3-2021.10\arm-none-eabi\lib\thumb\v6-m\nofp\libc_nano.a(lib_a-dtoa.o)
                                 0xb5 (size before relaxing)
 .rodata._Balloc.str1.1
                0x0800775b       0x7f C:\CrossIDE\gcc-arm-none-eabi-10.3-2021.10\arm-none-eabi\lib\thumb\v6-m\nofp\libc_nano.a(lib_a-mprec.o)
                                 0x96 (size before relaxing)
 .rodata.__multadd.str1.1
                0x080077da       0x11 C:\CrossIDE\gcc-arm-none-eabi-10.3-2021.10\arm-none-eabi\lib\thumb\v6-m\nofp\libc_nano.a(lib_a-mprec.o)
 *fill*         0x080077da        0x6 
 .rodata.__mprec_bigtens
                0x080077e0       0x28 C:\CrossIDE\gcc-arm-none-eabi-10.3-2021.10\arm-none-eabi\lib\thumb\v6-m\nofp\libc_nano.a(lib_a-mprec.o)
                0x080077e0                __mprec_bigtens
 .rodata.__mprec_tens
                0x08007808       0xc8 C:\CrossIDE\gcc-arm-none-eabi-10.3-2021.10\arm-none-eabi\lib\thumb\v6-m\nofp\libc_nano.a(lib_a-mprec.o)
                0x08007808                __mprec_tens
 .rodata.__mprec_tinytens
                0x080078d0       0x28 C:\CrossIDE\gcc-arm-none-eabi-10.3-2021.10\arm-none-eabi\lib\thumb\v6-m\nofp\libc_nano.a(lib_a-mprec.o)
                0x080078d0                __mprec_tinytens
 .rodata.p05.0  0x080078f8        0xc C:\CrossIDE\gcc-arm-none-eabi-10.3-2021.10\arm-none-eabi\lib\thumb\v6-m\nofp\libc_nano.a(lib_a-mprec.o)
 .rodata._svfprintf_r.str1.1
                0x08007904       0x11 C:\CrossIDE\gcc-arm-none-eabi-10.3-2021.10\arm-none-eabi\lib\thumb\v6-m\nofp\libc_nano.a(lib_a-nano-svfprintf.o)
 .rodata._vfprintf_r.str1.1
                0x08007915       0x11 C:\CrossIDE\gcc-arm-none-eabi-10.3-2021.10\arm-none-eabi\lib\thumb\v6-m\nofp\libc_nano.a(lib_a-nano-vfprintf.o)
 .rodata.__assert_func.str1.1
                0x08007915       0x3c C:\CrossIDE\gcc-arm-none-eabi-10.3-2021.10\arm-none-eabi\lib\thumb\v6-m\nofp\libc_nano.a(lib_a-assert.o)
                                 0x3d (size before relaxing)
 .rodata._setlocale_r.str1.1
                0x08007951        0x8 C:\CrossIDE\gcc-arm-none-eabi-10.3-2021.10\arm-none-eabi\lib\thumb\v6-m\nofp\libc_nano.a(lib_a-locale.o)
                                  0x9 (size before relaxing)
 .rodata.str1.1
                0x08007959        0x2 C:\CrossIDE\gcc-arm-none-eabi-10.3-2021.10\arm-none-eabi\lib\thumb\v6-m\nofp\libc_nano.a(lib_a-locale.o)
 .rodata._ctype_
                0x0800795b      0x101 C:\CrossIDE\gcc-arm-none-eabi-10.3-2021.10\arm-none-eabi\lib\thumb\v6-m\nofp\libc_nano.a(lib_a-ctype_.o)
                0x0800795b                _ctype_
                0x08007a5c                . = ALIGN (0x4)
                0x08007a5c                PROVIDE (__init_array_start = .)
 *(SORT_BY_NAME(.init_array.*))
 *(.init_array)
                0x08007a5c                PROVIDE (__init_array_end = .)
                0x08007a5c                . = ALIGN (0x4)
                0x08007a5c                _etext = .

.glue_7         0x08007a5c        0x0
 .glue_7        0x08007a5c        0x0 linker stubs

.glue_7t        0x08007a5c        0x0
 .glue_7t       0x08007a5c        0x0 linker stubs

.vfp11_veneer   0x08007a5c        0x0
 .vfp11_veneer  0x08007a5c        0x0 linker stubs

.v4_bx          0x08007a5c        0x0
 .v4_bx         0x08007a5c        0x0 linker stubs

.iplt           0x08007a5c        0x0
 .iplt          0x08007a5c        0x0 main.o

.rel.dyn        0x08007a5c        0x0
 .rel.iplt      0x08007a5c        0x0 main.o

.data           0x20000000      0x1d4 load address 0x08007a5c
                0x20000000                . = ALIGN (0x4)
                0x20000000                _data = .
 *(.data*)
 .data          0x20000000        0x0 main.o
 .data          0x20000000        0x0 startup.o
 .data          0x20000000        0x0 serial.o
 .data          0x20000000        0x4 newlib_stubs.o
                0x20000000                environ
 .data          0x20000004        0x0 C:\CrossIDE\gcc-arm-none-eabi-10.3-2021.10\arm-none-eabi\lib\thumb\v6-m\nofp\libnosys.a(errno.o)
 .data          0x20000004        0x0 C:\CrossIDE\gcc-arm-none-eabi-10.3-2021.10\lib\gcc\arm-none-eabi\10.3.1\thumb\v6-m\nofp\libgcc.a(_divsi3.o)
 .data          0x20000004        0x0 C:\CrossIDE\gcc-arm-none-eabi-10.3-2021.10\lib\gcc\arm-none-eabi\10.3.1\thumb\v6-m\nofp\libgcc.a(_dvmd_tls.o)
 .data          0x20000004        0x0 C:\CrossIDE\gcc-arm-none-eabi-10.3-2021.10\lib\gcc\arm-none-eabi\10.3.1\thumb\v6-m\nofp\libgcc.a(_arm_cmpdf2.o)
 .data          0x20000004        0x0 C:\CrossIDE\gcc-arm-none-eabi-10.3-2021.10\lib\gcc\arm-none-eabi\10.3.1\thumb\v6-m\nofp\libgcc.a(_arm_cmpsf2.o)
 .data          0x20000004        0x0 C:\CrossIDE\gcc-arm-none-eabi-10.3-2021.10\lib\gcc\arm-none-eabi\10.3.1\thumb\v6-m\nofp\libgcc.a(_floatdidf.o)
 .data          0x20000004        0x0 C:\CrossIDE\gcc-arm-none-eabi-10.3-2021.10\lib\gcc\arm-none-eabi\10.3.1\thumb\v6-m\nofp\libgcc.a(divsf3.o)
 .data          0x20000004        0x0 C:\CrossIDE\gcc-arm-none-eabi-10.3-2021.10\lib\gcc\arm-none-eabi\10.3.1\thumb\v6-m\nofp\libgcc.a(eqsf2.o)
 .data          0x20000004        0x0 C:\CrossIDE\gcc-arm-none-eabi-10.3-2021.10\lib\gcc\arm-none-eabi\10.3.1\thumb\v6-m\nofp\libgcc.a(gesf2.o)
 .data          0x20000004        0x0 C:\CrossIDE\gcc-arm-none-eabi-10.3-2021.10\lib\gcc\arm-none-eabi\10.3.1\thumb\v6-m\nofp\libgcc.a(lesf2.o)
 .data          0x20000004        0x0 C:\CrossIDE\gcc-arm-none-eabi-10.3-2021.10\lib\gcc\arm-none-eabi\10.3.1\thumb\v6-m\nofp\libgcc.a(adddf3.o)
 .data          0x20000004        0x0 C:\CrossIDE\gcc-arm-none-eabi-10.3-2021.10\lib\gcc\arm-none-eabi\10.3.1\thumb\v6-m\nofp\libgcc.a(divdf3.o)
 .data          0x20000004        0x0 C:\CrossIDE\gcc-arm-none-eabi-10.3-2021.10\lib\gcc\arm-none-eabi\10.3.1\thumb\v6-m\nofp\libgcc.a(eqdf2.o)
 .data          0x20000004        0x0 C:\CrossIDE\gcc-arm-none-eabi-10.3-2021.10\lib\gcc\arm-none-eabi\10.3.1\thumb\v6-m\nofp\libgcc.a(gedf2.o)
 .data          0x20000004        0x0 C:\CrossIDE\gcc-arm-none-eabi-10.3-2021.10\lib\gcc\arm-none-eabi\10.3.1\thumb\v6-m\nofp\libgcc.a(ledf2.o)
 .data          0x20000004        0x0 C:\CrossIDE\gcc-arm-none-eabi-10.3-2021.10\lib\gcc\arm-none-eabi\10.3.1\thumb\v6-m\nofp\libgcc.a(muldf3.o)
 .data          0x20000004        0x0 C:\CrossIDE\gcc-arm-none-eabi-10.3-2021.10\lib\gcc\arm-none-eabi\10.3.1\thumb\v6-m\nofp\libgcc.a(subdf3.o)
 .data          0x20000004        0x0 C:\CrossIDE\gcc-arm-none-eabi-10.3-2021.10\lib\gcc\arm-none-eabi\10.3.1\thumb\v6-m\nofp\libgcc.a(floatsidf.o)
 .data          0x20000004        0x0 C:\CrossIDE\gcc-arm-none-eabi-10.3-2021.10\lib\gcc\arm-none-eabi\10.3.1\thumb\v6-m\nofp\libgcc.a(floatunsidf.o)
 .data          0x20000004        0x0 C:\CrossIDE\gcc-arm-none-eabi-10.3-2021.10\lib\gcc\arm-none-eabi\10.3.1\thumb\v6-m\nofp\libgcc.a(extendsfdf2.o)
 .data          0x20000004        0x0 C:\CrossIDE\gcc-arm-none-eabi-10.3-2021.10\lib\gcc\arm-none-eabi\10.3.1\thumb\v6-m\nofp\libgcc.a(truncdfsf2.o)
 .data          0x20000004        0x0 C:\CrossIDE\gcc-arm-none-eabi-10.3-2021.10\lib\gcc\arm-none-eabi\10.3.1\thumb\v6-m\nofp\libgcc.a(_udivsi3.o)
 .data          0x20000004        0x0 C:\CrossIDE\gcc-arm-none-eabi-10.3-2021.10\lib\gcc\arm-none-eabi\10.3.1\thumb\v6-m\nofp\libgcc.a(_clzsi2.o)
 .data          0x20000004        0x0 C:\CrossIDE\gcc-arm-none-eabi-10.3-2021.10\arm-none-eabi\lib\thumb\v6-m\nofp\libc_nano.a(lib_a-fflush.o)
 .data          0x20000004        0x0 C:\CrossIDE\gcc-arm-none-eabi-10.3-2021.10\arm-none-eabi\lib\thumb\v6-m\nofp\libc_nano.a(lib_a-findfp.o)
 .data          0x20000004        0x0 C:\CrossIDE\gcc-arm-none-eabi-10.3-2021.10\arm-none-eabi\lib\thumb\v6-m\nofp\libc_nano.a(lib_a-fwalk.o)
 .data          0x20000004        0x0 C:\CrossIDE\gcc-arm-none-eabi-10.3-2021.10\arm-none-eabi\lib\thumb\v6-m\nofp\libc_nano.a(lib_a-impure.o)
 .data._impure_ptr
                0x20000004        0x4 C:\CrossIDE\gcc-arm-none-eabi-10.3-2021.10\arm-none-eabi\lib\thumb\v6-m\nofp\libc_nano.a(lib_a-impure.o)
                0x20000004                _impure_ptr
 .data.impure_data
                0x20000008       0x60 C:\CrossIDE\gcc-arm-none-eabi-10.3-2021.10\arm-none-eabi\lib\thumb\v6-m\nofp\libc_nano.a(lib_a-impure.o)
 .data          0x20000068        0x0 C:\CrossIDE\gcc-arm-none-eabi-10.3-2021.10\arm-none-eabi\lib\thumb\v6-m\nofp\libc_nano.a(lib_a-lock.o)
 .data          0x20000068        0x0 C:\CrossIDE\gcc-arm-none-eabi-10.3-2021.10\arm-none-eabi\lib\thumb\v6-m\nofp\libc_nano.a(lib_a-memset.o)
 .data          0x20000068        0x0 C:\CrossIDE\gcc-arm-none-eabi-10.3-2021.10\arm-none-eabi\lib\thumb\v6-m\nofp\libc_nano.a(lib_a-nano-freer.o)
 .data          0x20000068        0x0 C:\CrossIDE\gcc-arm-none-eabi-10.3-2021.10\arm-none-eabi\lib\thumb\v6-m\nofp\libc_nano.a(lib_a-nano-mallocr.o)
 .data          0x20000068        0x0 C:\CrossIDE\gcc-arm-none-eabi-10.3-2021.10\arm-none-eabi\lib\thumb\v6-m\nofp\libc_nano.a(lib_a-nano-vfprintf_float.o)
 .data          0x20000068        0x0 C:\CrossIDE\gcc-arm-none-eabi-10.3-2021.10\arm-none-eabi\lib\thumb\v6-m\nofp\libc_nano.a(lib_a-nano-vfprintf_i.o)
 .data          0x20000068        0x0 C:\CrossIDE\gcc-arm-none-eabi-10.3-2021.10\arm-none-eabi\lib\thumb\v6-m\nofp\libc_nano.a(lib_a-printf.o)
 .data          0x20000068        0x0 C:\CrossIDE\gcc-arm-none-eabi-10.3-2021.10\arm-none-eabi\lib\thumb\v6-m\nofp\libc_nano.a(lib_a-puts.o)
 .data          0x20000068        0x0 C:\CrossIDE\gcc-arm-none-eabi-10.3-2021.10\arm-none-eabi\lib\thumb\v6-m\nofp\libc_nano.a(lib_a-sbrkr.o)
 .data          0x20000068        0x0 C:\CrossIDE\gcc-arm-none-eabi-10.3-2021.10\arm-none-eabi\lib\thumb\v6-m\nofp\libc_nano.a(lib_a-sprintf.o)
 .data          0x20000068        0x0 C:\CrossIDE\gcc-arm-none-eabi-10.3-2021.10\arm-none-eabi\lib\thumb\v6-m\nofp\libc_nano.a(lib_a-stdio.o)
 .data          0x20000068        0x0 C:\CrossIDE\gcc-arm-none-eabi-10.3-2021.10\arm-none-eabi\lib\thumb\v6-m\nofp\libc_nano.a(lib_a-strlen.o)
 .data          0x20000068        0x0 C:\CrossIDE\gcc-arm-none-eabi-10.3-2021.10\arm-none-eabi\lib\thumb\v6-m\nofp\libc_nano.a(lib_a-wbuf.o)
 .data          0x20000068        0x0 C:\CrossIDE\gcc-arm-none-eabi-10.3-2021.10\arm-none-eabi\lib\thumb\v6-m\nofp\libc_nano.a(lib_a-writer.o)
 .data          0x20000068        0x0 C:\CrossIDE\gcc-arm-none-eabi-10.3-2021.10\arm-none-eabi\lib\thumb\v6-m\nofp\libc_nano.a(lib_a-wsetup.o)
 .data          0x20000068        0x0 C:\CrossIDE\gcc-arm-none-eabi-10.3-2021.10\arm-none-eabi\lib\thumb\v6-m\nofp\libc_nano.a(lib_a-closer.o)
 .data          0x20000068        0x0 C:\CrossIDE\gcc-arm-none-eabi-10.3-2021.10\arm-none-eabi\lib\thumb\v6-m\nofp\libc_nano.a(lib_a-dtoa.o)
 .data          0x20000068        0x0 C:\CrossIDE\gcc-arm-none-eabi-10.3-2021.10\arm-none-eabi\lib\thumb\v6-m\nofp\libc_nano.a(lib_a-localeconv.o)
 .data          0x20000068        0x0 C:\CrossIDE\gcc-arm-none-eabi-10.3-2021.10\arm-none-eabi\lib\thumb\v6-m\nofp\libc_nano.a(lib_a-lseekr.o)
 .data          0x20000068        0x0 C:\CrossIDE\gcc-arm-none-eabi-10.3-2021.10\arm-none-eabi\lib\thumb\v6-m\nofp\libc_nano.a(lib_a-makebuf.o)
 .data          0x20000068        0x0 C:\CrossIDE\gcc-arm-none-eabi-10.3-2021.10\arm-none-eabi\lib\thumb\v6-m\nofp\libc_nano.a(lib_a-malloc.o)
 .data          0x20000068        0x0 C:\CrossIDE\gcc-arm-none-eabi-10.3-2021.10\arm-none-eabi\lib\thumb\v6-m\nofp\libc_nano.a(lib_a-memchr-stub.o)
 .data          0x20000068        0x0 C:\CrossIDE\gcc-arm-none-eabi-10.3-2021.10\arm-none-eabi\lib\thumb\v6-m\nofp\libc_nano.a(lib_a-memcpy-stub.o)
 .data          0x20000068        0x0 C:\CrossIDE\gcc-arm-none-eabi-10.3-2021.10\arm-none-eabi\lib\thumb\v6-m\nofp\libc_nano.a(lib_a-mlock.o)
 .data          0x20000068        0x0 C:\CrossIDE\gcc-arm-none-eabi-10.3-2021.10\arm-none-eabi\lib\thumb\v6-m\nofp\libc_nano.a(lib_a-mprec.o)
 .data          0x20000068        0x0 C:\CrossIDE\gcc-arm-none-eabi-10.3-2021.10\arm-none-eabi\lib\thumb\v6-m\nofp\libc_nano.a(lib_a-nano-callocr.o)
 .data          0x20000068        0x0 C:\CrossIDE\gcc-arm-none-eabi-10.3-2021.10\arm-none-eabi\lib\thumb\v6-m\nofp\libc_nano.a(lib_a-nano-svfprintf.o)
 .data          0x20000068        0x0 C:\CrossIDE\gcc-arm-none-eabi-10.3-2021.10\arm-none-eabi\lib\thumb\v6-m\nofp\libc_nano.a(lib_a-nano-vfprintf.o)
 .data          0x20000068        0x0 C:\CrossIDE\gcc-arm-none-eabi-10.3-2021.10\arm-none-eabi\lib\thumb\v6-m\nofp\libc_nano.a(lib_a-readr.o)
 .data          0x20000068        0x0 C:\CrossIDE\gcc-arm-none-eabi-10.3-2021.10\arm-none-eabi\lib\thumb\v6-m\nofp\libc_nano.a(lib_a-assert.o)
 .data          0x20000068        0x0 C:\CrossIDE\gcc-arm-none-eabi-10.3-2021.10\arm-none-eabi\lib\thumb\v6-m\nofp\libc_nano.a(lib_a-fprintf.o)
 .data          0x20000068        0x0 C:\CrossIDE\gcc-arm-none-eabi-10.3-2021.10\arm-none-eabi\lib\thumb\v6-m\nofp\libc_nano.a(lib_a-fstatr.o)
 .data          0x20000068        0x0 C:\CrossIDE\gcc-arm-none-eabi-10.3-2021.10\arm-none-eabi\lib\thumb\v6-m\nofp\libc_nano.a(lib_a-fvwrite.o)
 .data          0x20000068        0x0 C:\CrossIDE\gcc-arm-none-eabi-10.3-2021.10\arm-none-eabi\lib\thumb\v6-m\nofp\libc_nano.a(lib_a-isattyr.o)
 .data          0x20000068        0x0 C:\CrossIDE\gcc-arm-none-eabi-10.3-2021.10\arm-none-eabi\lib\thumb\v6-m\nofp\libc_nano.a(lib_a-locale.o)
 .data.__global_locale
                0x20000068      0x16c C:\CrossIDE\gcc-arm-none-eabi-10.3-2021.10\arm-none-eabi\lib\thumb\v6-m\nofp\libc_nano.a(lib_a-locale.o)
                0x20000068                __global_locale
 .data          0x200001d4        0x0 C:\CrossIDE\gcc-arm-none-eabi-10.3-2021.10\arm-none-eabi\lib\thumb\v6-m\nofp\libc_nano.a(lib_a-mbtowc_r.o)
 .data          0x200001d4        0x0 C:\CrossIDE\gcc-arm-none-eabi-10.3-2021.10\arm-none-eabi\lib\thumb\v6-m\nofp\libc_nano.a(lib_a-memmove.o)
 .data          0x200001d4        0x0 C:\CrossIDE\gcc-arm-none-eabi-10.3-2021.10\arm-none-eabi\lib\thumb\v6-m\nofp\libc_nano.a(lib_a-nano-reallocr.o)
 .data          0x200001d4        0x0 C:\CrossIDE\gcc-arm-none-eabi-10.3-2021.10\arm-none-eabi\lib\thumb\v6-m\nofp\libc_nano.a(lib_a-strcmp.o)
 .data          0x200001d4        0x0 C:\CrossIDE\gcc-arm-none-eabi-10.3-2021.10\arm-none-eabi\lib\thumb\v6-m\nofp\libc_nano.a(lib_a-wctomb_r.o)
 .data          0x200001d4        0x0 C:\CrossIDE\gcc-arm-none-eabi-10.3-2021.10\arm-none-eabi\lib\thumb\v6-m\nofp\libc_nano.a(lib_a-abort.o)
 .data          0x200001d4        0x0 C:\CrossIDE\gcc-arm-none-eabi-10.3-2021.10\arm-none-eabi\lib\thumb\v6-m\nofp\libc_nano.a(lib_a-ctype_.o)
 .data          0x200001d4        0x0 C:\CrossIDE\gcc-arm-none-eabi-10.3-2021.10\arm-none-eabi\lib\thumb\v6-m\nofp\libc_nano.a(lib_a-nano-msizer.o)
 .data          0x200001d4        0x0 C:\CrossIDE\gcc-arm-none-eabi-10.3-2021.10\arm-none-eabi\lib\thumb\v6-m\nofp\libc_nano.a(lib_a-signal.o)
 .data          0x200001d4        0x0 C:\CrossIDE\gcc-arm-none-eabi-10.3-2021.10\arm-none-eabi\lib\thumb\v6-m\nofp\libc_nano.a(lib_a-signalr.o)
 .data          0x200001d4        0x0 C:\CrossIDE\gcc-arm-none-eabi-10.3-2021.10\lib\gcc\arm-none-eabi\10.3.1\thumb\v6-m\nofp\libgcc.a(_thumb1_case_uqi.o)
 .data          0x200001d4        0x0 C:\CrossIDE\gcc-arm-none-eabi-10.3-2021.10\lib\gcc\arm-none-eabi\10.3.1\thumb\v6-m\nofp\libgcc.a(_thumb1_case_shi.o)
 .data          0x200001d4        0x0 C:\CrossIDE\gcc-arm-none-eabi-10.3-2021.10\lib\gcc\arm-none-eabi\10.3.1\thumb\v6-m\nofp\libgcc.a(unorddf2.o)
 .data          0x200001d4        0x0 C:\CrossIDE\gcc-arm-none-eabi-10.3-2021.10\lib\gcc\arm-none-eabi\10.3.1\thumb\v6-m\nofp\libgcc.a(fixdfsi.o)
                0x200001d4                . = ALIGN (0x4)
                0x200001d4                _edata = .

.igot.plt       0x200001d4        0x0 load address 0x08007c30
 .igot.plt      0x200001d4        0x0 main.o

.bss            0x200001d4       0xc8 load address 0x08007c30
                0x200001d4                _bss = .
 *(.bss*)
 .bss           0x200001d4        0x0 main.o
 .bss           0x200001d4        0x0 startup.o
 .bss           0x200001d4       0xa4 serial.o
                0x200001d4                ComRXBuffer
                0x20000220                ComTXBuffer
                0x2000026c                ComOpen
                0x20000270                ComError
                0x20000274                ComBusy
 .bss           0x20000278        0x8 newlib_stubs.o
                0x20000278                __env
 .bss           0x20000280        0x0 C:\CrossIDE\gcc-arm-none-eabi-10.3-2021.10\arm-none-eabi\lib\thumb\v6-m\nofp\libnosys.a(errno.o)
 .bss.errno     0x20000280        0x4 C:\CrossIDE\gcc-arm-none-eabi-10.3-2021.10\arm-none-eabi\lib\thumb\v6-m\nofp\libnosys.a(errno.o)
                0x20000280                errno
 .bss           0x20000284        0x0 C:\CrossIDE\gcc-arm-none-eabi-10.3-2021.10\lib\gcc\arm-none-eabi\10.3.1\thumb\v6-m\nofp\libgcc.a(_divsi3.o)
 .bss           0x20000284        0x0 C:\CrossIDE\gcc-arm-none-eabi-10.3-2021.10\lib\gcc\arm-none-eabi\10.3.1\thumb\v6-m\nofp\libgcc.a(_dvmd_tls.o)
 .bss           0x20000284        0x0 C:\CrossIDE\gcc-arm-none-eabi-10.3-2021.10\lib\gcc\arm-none-eabi\10.3.1\thumb\v6-m\nofp\libgcc.a(_arm_cmpdf2.o)
 .bss           0x20000284        0x0 C:\CrossIDE\gcc-arm-none-eabi-10.3-2021.10\lib\gcc\arm-none-eabi\10.3.1\thumb\v6-m\nofp\libgcc.a(_arm_cmpsf2.o)
 .bss           0x20000284        0x0 C:\CrossIDE\gcc-arm-none-eabi-10.3-2021.10\lib\gcc\arm-none-eabi\10.3.1\thumb\v6-m\nofp\libgcc.a(_floatdidf.o)
 .bss           0x20000284        0x0 C:\CrossIDE\gcc-arm-none-eabi-10.3-2021.10\lib\gcc\arm-none-eabi\10.3.1\thumb\v6-m\nofp\libgcc.a(divsf3.o)
 .bss           0x20000284        0x0 C:\CrossIDE\gcc-arm-none-eabi-10.3-2021.10\lib\gcc\arm-none-eabi\10.3.1\thumb\v6-m\nofp\libgcc.a(eqsf2.o)
 .bss           0x20000284        0x0 C:\CrossIDE\gcc-arm-none-eabi-10.3-2021.10\lib\gcc\arm-none-eabi\10.3.1\thumb\v6-m\nofp\libgcc.a(gesf2.o)
 .bss           0x20000284        0x0 C:\CrossIDE\gcc-arm-none-eabi-10.3-2021.10\lib\gcc\arm-none-eabi\10.3.1\thumb\v6-m\nofp\libgcc.a(lesf2.o)
 .bss           0x20000284        0x0 C:\CrossIDE\gcc-arm-none-eabi-10.3-2021.10\lib\gcc\arm-none-eabi\10.3.1\thumb\v6-m\nofp\libgcc.a(adddf3.o)
 .bss           0x20000284        0x0 C:\CrossIDE\gcc-arm-none-eabi-10.3-2021.10\lib\gcc\arm-none-eabi\10.3.1\thumb\v6-m\nofp\libgcc.a(divdf3.o)
 .bss           0x20000284        0x0 C:\CrossIDE\gcc-arm-none-eabi-10.3-2021.10\lib\gcc\arm-none-eabi\10.3.1\thumb\v6-m\nofp\libgcc.a(eqdf2.o)
 .bss           0x20000284        0x0 C:\CrossIDE\gcc-arm-none-eabi-10.3-2021.10\lib\gcc\arm-none-eabi\10.3.1\thumb\v6-m\nofp\libgcc.a(gedf2.o)
 .bss           0x20000284        0x0 C:\CrossIDE\gcc-arm-none-eabi-10.3-2021.10\lib\gcc\arm-none-eabi\10.3.1\thumb\v6-m\nofp\libgcc.a(ledf2.o)
 .bss           0x20000284        0x0 C:\CrossIDE\gcc-arm-none-eabi-10.3-2021.10\lib\gcc\arm-none-eabi\10.3.1\thumb\v6-m\nofp\libgcc.a(muldf3.o)
 .bss           0x20000284        0x0 C:\CrossIDE\gcc-arm-none-eabi-10.3-2021.10\lib\gcc\arm-none-eabi\10.3.1\thumb\v6-m\nofp\libgcc.a(subdf3.o)
 .bss           0x20000284        0x0 C:\CrossIDE\gcc-arm-none-eabi-10.3-2021.10\lib\gcc\arm-none-eabi\10.3.1\thumb\v6-m\nofp\libgcc.a(floatsidf.o)
 .bss           0x20000284        0x0 C:\CrossIDE\gcc-arm-none-eabi-10.3-2021.10\lib\gcc\arm-none-eabi\10.3.1\thumb\v6-m\nofp\libgcc.a(floatunsidf.o)
 .bss           0x20000284        0x0 C:\CrossIDE\gcc-arm-none-eabi-10.3-2021.10\lib\gcc\arm-none-eabi\10.3.1\thumb\v6-m\nofp\libgcc.a(extendsfdf2.o)
 .bss           0x20000284        0x0 C:\CrossIDE\gcc-arm-none-eabi-10.3-2021.10\lib\gcc\arm-none-eabi\10.3.1\thumb\v6-m\nofp\libgcc.a(truncdfsf2.o)
 .bss           0x20000284        0x0 C:\CrossIDE\gcc-arm-none-eabi-10.3-2021.10\lib\gcc\arm-none-eabi\10.3.1\thumb\v6-m\nofp\libgcc.a(_udivsi3.o)
 .bss           0x20000284        0x0 C:\CrossIDE\gcc-arm-none-eabi-10.3-2021.10\lib\gcc\arm-none-eabi\10.3.1\thumb\v6-m\nofp\libgcc.a(_clzsi2.o)
 .bss           0x20000284        0x0 C:\CrossIDE\gcc-arm-none-eabi-10.3-2021.10\arm-none-eabi\lib\thumb\v6-m\nofp\libc_nano.a(lib_a-fflush.o)
 .bss           0x20000284        0x0 C:\CrossIDE\gcc-arm-none-eabi-10.3-2021.10\arm-none-eabi\lib\thumb\v6-m\nofp\libc_nano.a(lib_a-findfp.o)
 .bss           0x20000284        0x0 C:\CrossIDE\gcc-arm-none-eabi-10.3-2021.10\arm-none-eabi\lib\thumb\v6-m\nofp\libc_nano.a(lib_a-fwalk.o)
 .bss           0x20000284        0x0 C:\CrossIDE\gcc-arm-none-eabi-10.3-2021.10\arm-none-eabi\lib\thumb\v6-m\nofp\libc_nano.a(lib_a-impure.o)
 .bss           0x20000284        0x0 C:\CrossIDE\gcc-arm-none-eabi-10.3-2021.10\arm-none-eabi\lib\thumb\v6-m\nofp\libc_nano.a(lib_a-lock.o)
 .bss.__lock___arc4random_mutex
                0x20000284        0x1 C:\CrossIDE\gcc-arm-none-eabi-10.3-2021.10\arm-none-eabi\lib\thumb\v6-m\nofp\libc_nano.a(lib_a-lock.o)
                0x20000284                __lock___arc4random_mutex
 .bss.__lock___at_quick_exit_mutex
                0x20000285        0x1 C:\CrossIDE\gcc-arm-none-eabi-10.3-2021.10\arm-none-eabi\lib\thumb\v6-m\nofp\libc_nano.a(lib_a-lock.o)
                0x20000285                __lock___at_quick_exit_mutex
 .bss.__lock___atexit_recursive_mutex
                0x20000286        0x1 C:\CrossIDE\gcc-arm-none-eabi-10.3-2021.10\arm-none-eabi\lib\thumb\v6-m\nofp\libc_nano.a(lib_a-lock.o)
                0x20000286                __lock___atexit_recursive_mutex
 .bss.__lock___dd_hash_mutex
                0x20000287        0x1 C:\CrossIDE\gcc-arm-none-eabi-10.3-2021.10\arm-none-eabi\lib\thumb\v6-m\nofp\libc_nano.a(lib_a-lock.o)
                0x20000287                __lock___dd_hash_mutex
 .bss.__lock___env_recursive_mutex
                0x20000288        0x1 C:\CrossIDE\gcc-arm-none-eabi-10.3-2021.10\arm-none-eabi\lib\thumb\v6-m\nofp\libc_nano.a(lib_a-lock.o)
                0x20000288                __lock___env_recursive_mutex
 .bss.__lock___malloc_recursive_mutex
                0x20000289        0x1 C:\CrossIDE\gcc-arm-none-eabi-10.3-2021.10\arm-none-eabi\lib\thumb\v6-m\nofp\libc_nano.a(lib_a-lock.o)
                0x20000289                __lock___malloc_recursive_mutex
 .bss.__lock___sfp_recursive_mutex
                0x2000028a        0x1 C:\CrossIDE\gcc-arm-none-eabi-10.3-2021.10\arm-none-eabi\lib\thumb\v6-m\nofp\libc_nano.a(lib_a-lock.o)
                0x2000028a                __lock___sfp_recursive_mutex
 .bss.__lock___sinit_recursive_mutex
                0x2000028b        0x1 C:\CrossIDE\gcc-arm-none-eabi-10.3-2021.10\arm-none-eabi\lib\thumb\v6-m\nofp\libc_nano.a(lib_a-lock.o)
                0x2000028b                __lock___sinit_recursive_mutex
 .bss.__lock___tz_mutex
                0x2000028c        0x1 C:\CrossIDE\gcc-arm-none-eabi-10.3-2021.10\arm-none-eabi\lib\thumb\v6-m\nofp\libc_nano.a(lib_a-lock.o)
                0x2000028c                __lock___tz_mutex
 .bss           0x2000028d        0x0 C:\CrossIDE\gcc-arm-none-eabi-10.3-2021.10\arm-none-eabi\lib\thumb\v6-m\nofp\libc_nano.a(lib_a-memset.o)
 .bss           0x2000028d        0x0 C:\CrossIDE\gcc-arm-none-eabi-10.3-2021.10\arm-none-eabi\lib\thumb\v6-m\nofp\libc_nano.a(lib_a-nano-freer.o)
 .bss           0x2000028d        0x0 C:\CrossIDE\gcc-arm-none-eabi-10.3-2021.10\arm-none-eabi\lib\thumb\v6-m\nofp\libc_nano.a(lib_a-nano-mallocr.o)
 *fill*         0x2000028d        0x3 
 .bss.__malloc_free_list
                0x20000290        0x4 C:\CrossIDE\gcc-arm-none-eabi-10.3-2021.10\arm-none-eabi\lib\thumb\v6-m\nofp\libc_nano.a(lib_a-nano-mallocr.o)
                0x20000290                __malloc_free_list
 .bss.__malloc_sbrk_start
                0x20000294        0x4 C:\CrossIDE\gcc-arm-none-eabi-10.3-2021.10\arm-none-eabi\lib\thumb\v6-m\nofp\libc_nano.a(lib_a-nano-mallocr.o)
                0x20000294                __malloc_sbrk_start
 .bss           0x20000298        0x0 C:\CrossIDE\gcc-arm-none-eabi-10.3-2021.10\arm-none-eabi\lib\thumb\v6-m\nofp\libc_nano.a(lib_a-nano-vfprintf_float.o)
 .bss           0x20000298        0x0 C:\CrossIDE\gcc-arm-none-eabi-10.3-2021.10\arm-none-eabi\lib\thumb\v6-m\nofp\libc_nano.a(lib_a-nano-vfprintf_i.o)
 .bss           0x20000298        0x0 C:\CrossIDE\gcc-arm-none-eabi-10.3-2021.10\arm-none-eabi\lib\thumb\v6-m\nofp\libc_nano.a(lib_a-printf.o)
 .bss           0x20000298        0x0 C:\CrossIDE\gcc-arm-none-eabi-10.3-2021.10\arm-none-eabi\lib\thumb\v6-m\nofp\libc_nano.a(lib_a-puts.o)
 .bss           0x20000298        0x0 C:\CrossIDE\gcc-arm-none-eabi-10.3-2021.10\arm-none-eabi\lib\thumb\v6-m\nofp\libc_nano.a(lib_a-sbrkr.o)
 .bss           0x20000298        0x0 C:\CrossIDE\gcc-arm-none-eabi-10.3-2021.10\arm-none-eabi\lib\thumb\v6-m\nofp\libc_nano.a(lib_a-sprintf.o)
 .bss           0x20000298        0x0 C:\CrossIDE\gcc-arm-none-eabi-10.3-2021.10\arm-none-eabi\lib\thumb\v6-m\nofp\libc_nano.a(lib_a-stdio.o)
 .bss           0x20000298        0x0 C:\CrossIDE\gcc-arm-none-eabi-10.3-2021.10\arm-none-eabi\lib\thumb\v6-m\nofp\libc_nano.a(lib_a-strlen.o)
 .bss           0x20000298        0x0 C:\CrossIDE\gcc-arm-none-eabi-10.3-2021.10\arm-none-eabi\lib\thumb\v6-m\nofp\libc_nano.a(lib_a-wbuf.o)
 .bss           0x20000298        0x0 C:\CrossIDE\gcc-arm-none-eabi-10.3-2021.10\arm-none-eabi\lib\thumb\v6-m\nofp\libc_nano.a(lib_a-writer.o)
 .bss           0x20000298        0x0 C:\CrossIDE\gcc-arm-none-eabi-10.3-2021.10\arm-none-eabi\lib\thumb\v6-m\nofp\libc_nano.a(lib_a-wsetup.o)
 .bss           0x20000298        0x0 C:\CrossIDE\gcc-arm-none-eabi-10.3-2021.10\arm-none-eabi\lib\thumb\v6-m\nofp\libc_nano.a(lib_a-closer.o)
 .bss           0x20000298        0x0 C:\CrossIDE\gcc-arm-none-eabi-10.3-2021.10\arm-none-eabi\lib\thumb\v6-m\nofp\libc_nano.a(lib_a-dtoa.o)
 .bss           0x20000298        0x0 C:\CrossIDE\gcc-arm-none-eabi-10.3-2021.10\arm-none-eabi\lib\thumb\v6-m\nofp\libc_nano.a(lib_a-localeconv.o)
 .bss           0x20000298        0x0 C:\CrossIDE\gcc-arm-none-eabi-10.3-2021.10\arm-none-eabi\lib\thumb\v6-m\nofp\libc_nano.a(lib_a-lseekr.o)
 .bss           0x20000298        0x0 C:\CrossIDE\gcc-arm-none-eabi-10.3-2021.10\arm-none-eabi\lib\thumb\v6-m\nofp\libc_nano.a(lib_a-makebuf.o)
 .bss           0x20000298        0x0 C:\CrossIDE\gcc-arm-none-eabi-10.3-2021.10\arm-none-eabi\lib\thumb\v6-m\nofp\libc_nano.a(lib_a-malloc.o)
 .bss           0x20000298        0x0 C:\CrossIDE\gcc-arm-none-eabi-10.3-2021.10\arm-none-eabi\lib\thumb\v6-m\nofp\libc_nano.a(lib_a-memchr-stub.o)
 .bss           0x20000298        0x0 C:\CrossIDE\gcc-arm-none-eabi-10.3-2021.10\arm-none-eabi\lib\thumb\v6-m\nofp\libc_nano.a(lib_a-memcpy-stub.o)
 .bss           0x20000298        0x0 C:\CrossIDE\gcc-arm-none-eabi-10.3-2021.10\arm-none-eabi\lib\thumb\v6-m\nofp\libc_nano.a(lib_a-mlock.o)
 .bss           0x20000298        0x0 C:\CrossIDE\gcc-arm-none-eabi-10.3-2021.10\arm-none-eabi\lib\thumb\v6-m\nofp\libc_nano.a(lib_a-mprec.o)
 .bss           0x20000298        0x0 C:\CrossIDE\gcc-arm-none-eabi-10.3-2021.10\arm-none-eabi\lib\thumb\v6-m\nofp\libc_nano.a(lib_a-nano-callocr.o)
 .bss           0x20000298        0x0 C:\CrossIDE\gcc-arm-none-eabi-10.3-2021.10\arm-none-eabi\lib\thumb\v6-m\nofp\libc_nano.a(lib_a-nano-svfprintf.o)
 .bss           0x20000298        0x0 C:\CrossIDE\gcc-arm-none-eabi-10.3-2021.10\arm-none-eabi\lib\thumb\v6-m\nofp\libc_nano.a(lib_a-nano-vfprintf.o)
 .bss           0x20000298        0x0 C:\CrossIDE\gcc-arm-none-eabi-10.3-2021.10\arm-none-eabi\lib\thumb\v6-m\nofp\libc_nano.a(lib_a-readr.o)
 .bss           0x20000298        0x0 C:\CrossIDE\gcc-arm-none-eabi-10.3-2021.10\arm-none-eabi\lib\thumb\v6-m\nofp\libc_nano.a(lib_a-assert.o)
 .bss           0x20000298        0x0 C:\CrossIDE\gcc-arm-none-eabi-10.3-2021.10\arm-none-eabi\lib\thumb\v6-m\nofp\libc_nano.a(lib_a-fprintf.o)
 .bss           0x20000298        0x0 C:\CrossIDE\gcc-arm-none-eabi-10.3-2021.10\arm-none-eabi\lib\thumb\v6-m\nofp\libc_nano.a(lib_a-fstatr.o)
 .bss           0x20000298        0x0 C:\CrossIDE\gcc-arm-none-eabi-10.3-2021.10\arm-none-eabi\lib\thumb\v6-m\nofp\libc_nano.a(lib_a-fvwrite.o)
 .bss           0x20000298        0x0 C:\CrossIDE\gcc-arm-none-eabi-10.3-2021.10\arm-none-eabi\lib\thumb\v6-m\nofp\libc_nano.a(lib_a-isattyr.o)
 .bss           0x20000298        0x0 C:\CrossIDE\gcc-arm-none-eabi-10.3-2021.10\arm-none-eabi\lib\thumb\v6-m\nofp\libc_nano.a(lib_a-locale.o)
 .bss._PathLocale
                0x20000298        0x4 C:\CrossIDE\gcc-arm-none-eabi-10.3-2021.10\arm-none-eabi\lib\thumb\v6-m\nofp\libc_nano.a(lib_a-locale.o)
                0x20000298                _PathLocale
 .bss           0x2000029c        0x0 C:\CrossIDE\gcc-arm-none-eabi-10.3-2021.10\arm-none-eabi\lib\thumb\v6-m\nofp\libc_nano.a(lib_a-mbtowc_r.o)
 .bss           0x2000029c        0x0 C:\CrossIDE\gcc-arm-none-eabi-10.3-2021.10\arm-none-eabi\lib\thumb\v6-m\nofp\libc_nano.a(lib_a-memmove.o)
 .bss           0x2000029c        0x0 C:\CrossIDE\gcc-arm-none-eabi-10.3-2021.10\arm-none-eabi\lib\thumb\v6-m\nofp\libc_nano.a(lib_a-nano-reallocr.o)
 .bss           0x2000029c        0x0 C:\CrossIDE\gcc-arm-none-eabi-10.3-2021.10\arm-none-eabi\lib\thumb\v6-m\nofp\libc_nano.a(lib_a-strcmp.o)
 .bss           0x2000029c        0x0 C:\CrossIDE\gcc-arm-none-eabi-10.3-2021.10\arm-none-eabi\lib\thumb\v6-m\nofp\libc_nano.a(lib_a-wctomb_r.o)
 .bss           0x2000029c        0x0 C:\CrossIDE\gcc-arm-none-eabi-10.3-2021.10\arm-none-eabi\lib\thumb\v6-m\nofp\libc_nano.a(lib_a-abort.o)
 .bss           0x2000029c        0x0 C:\CrossIDE\gcc-arm-none-eabi-10.3-2021.10\arm-none-eabi\lib\thumb\v6-m\nofp\libc_nano.a(lib_a-ctype_.o)
 .bss           0x2000029c        0x0 C:\CrossIDE\gcc-arm-none-eabi-10.3-2021.10\arm-none-eabi\lib\thumb\v6-m\nofp\libc_nano.a(lib_a-nano-msizer.o)
 .bss           0x2000029c        0x0 C:\CrossIDE\gcc-arm-none-eabi-10.3-2021.10\arm-none-eabi\lib\thumb\v6-m\nofp\libc_nano.a(lib_a-signal.o)
 .bss           0x2000029c        0x0 C:\CrossIDE\gcc-arm-none-eabi-10.3-2021.10\arm-none-eabi\lib\thumb\v6-m\nofp\libc_nano.a(lib_a-signalr.o)
 .bss           0x2000029c        0x0 C:\CrossIDE\gcc-arm-none-eabi-10.3-2021.10\lib\gcc\arm-none-eabi\10.3.1\thumb\v6-m\nofp\libgcc.a(_thumb1_case_uqi.o)
 .bss           0x2000029c        0x0 C:\CrossIDE\gcc-arm-none-eabi-10.3-2021.10\lib\gcc\arm-none-eabi\10.3.1\thumb\v6-m\nofp\libgcc.a(_thumb1_case_shi.o)
 .bss           0x2000029c        0x0 C:\CrossIDE\gcc-arm-none-eabi-10.3-2021.10\lib\gcc\arm-none-eabi\10.3.1\thumb\v6-m\nofp\libgcc.a(unorddf2.o)
 .bss           0x2000029c        0x0 C:\CrossIDE\gcc-arm-none-eabi-10.3-2021.10\lib\gcc\arm-none-eabi\10.3.1\thumb\v6-m\nofp\libgcc.a(fixdfsi.o)
 *(COMMON)
                0x2000029c                . = ALIGN (0x4)
                0x2000029c                _ebss = .
                [!provide]                PROVIDE (end = .)
                0x2000029c                PROVIDE (_HeapStart = .)
                0x20002000                PROVIDE (_StackTop = (ORIGIN (ram) + LENGTH (ram)))
OUTPUT(main.elf elf32-littlearm)
LOAD linker stubs

.debug_info     0x00000000     0x1ff7
 .debug_info    0x00000000      0xdc4 main.o
 .debug_info    0x00000dc4      0x391 startup.o
 .debug_info    0x00001155      0x79e serial.o
 .debug_info    0x000018f3      0x704 newlib_stubs.o

.debug_abbrev   0x00000000      0x81f
 .debug_abbrev  0x00000000      0x2a2 main.o
 .debug_abbrev  0x000002a2      0x1c2 startup.o
 .debug_abbrev  0x00000464      0x208 serial.o
 .debug_abbrev  0x0000066c      0x1b3 newlib_stubs.o

.debug_aranges  0x00000000       0x88
 .debug_aranges
                0x00000000       0x20 main.o
 .debug_aranges
                0x00000020       0x28 startup.o
 .debug_aranges
                0x00000048       0x20 serial.o
 .debug_aranges
                0x00000068       0x20 newlib_stubs.o

.debug_line     0x00000000      0xff5
 .debug_line    0x00000000      0x573 main.o
 .debug_line    0x00000573      0x2ab startup.o
 .debug_line    0x0000081e      0x50a serial.o
 .debug_line    0x00000d28      0x2cd newlib_stubs.o

.debug_str      0x00000000      0xb3a
 .debug_str     0x00000000      0x649 main.o
                                0x6c1 (size before relaxing)
 .debug_str     0x00000649      0x182 startup.o
                                0x2c2 (size before relaxing)
 .debug_str     0x000007cb      0x164 serial.o
                                0x381 (size before relaxing)
 .debug_str     0x0000092f      0x20b newlib_stubs.o
                                0x3b3 (size before relaxing)

.comment        0x00000000       0x8e
 .comment       0x00000000       0x49 main.o
                                 0x4a (size before relaxing)
 .comment       0x00000049       0x45 startup.o
                                 0x46 (size before relaxing)
 .comment       0x0000008e       0x46 serial.o
 .comment       0x0000008e       0x46 newlib_stubs.o

.ARM.attributes
                0x00000000       0x2a
 .ARM.attributes
                0x00000000       0x2c main.o
 .ARM.attributes
                0x0000002c       0x2c startup.o
 .ARM.attributes
                0x00000058       0x2c serial.o
 .ARM.attributes
                0x00000084       0x2c newlib_stubs.o
 .ARM.attributes
                0x000000b0       0x2c C:\CrossIDE\gcc-arm-none-eabi-10.3-2021.10\arm-none-eabi\lib\thumb\v6-m\nofp\libnosys.a(errno.o)
 .ARM.attributes
                0x000000dc       0x1e C:\CrossIDE\gcc-arm-none-eabi-10.3-2021.10\lib\gcc\arm-none-eabi\10.3.1\thumb\v6-m\nofp\libgcc.a(_divsi3.o)
 .ARM.attributes
                0x000000fa       0x1e C:\CrossIDE\gcc-arm-none-eabi-10.3-2021.10\lib\gcc\arm-none-eabi\10.3.1\thumb\v6-m\nofp\libgcc.a(_dvmd_tls.o)
 .ARM.attributes
                0x00000118       0x1e C:\CrossIDE\gcc-arm-none-eabi-10.3-2021.10\lib\gcc\arm-none-eabi\10.3.1\thumb\v6-m\nofp\libgcc.a(_arm_cmpdf2.o)
 .ARM.attributes
                0x00000136       0x1e C:\CrossIDE\gcc-arm-none-eabi-10.3-2021.10\lib\gcc\arm-none-eabi\10.3.1\thumb\v6-m\nofp\libgcc.a(_arm_cmpsf2.o)
 .ARM.attributes
                0x00000154       0x2c C:\CrossIDE\gcc-arm-none-eabi-10.3-2021.10\lib\gcc\arm-none-eabi\10.3.1\thumb\v6-m\nofp\libgcc.a(_floatdidf.o)
 .ARM.attributes
                0x00000180       0x2c C:\CrossIDE\gcc-arm-none-eabi-10.3-2021.10\lib\gcc\arm-none-eabi\10.3.1\thumb\v6-m\nofp\libgcc.a(divsf3.o)
 .ARM.attributes
                0x000001ac       0x2c C:\CrossIDE\gcc-arm-none-eabi-10.3-2021.10\lib\gcc\arm-none-eabi\10.3.1\thumb\v6-m\nofp\libgcc.a(eqsf2.o)
 .ARM.attributes
                0x000001d8       0x2c C:\CrossIDE\gcc-arm-none-eabi-10.3-2021.10\lib\gcc\arm-none-eabi\10.3.1\thumb\v6-m\nofp\libgcc.a(gesf2.o)
 .ARM.attributes
                0x00000204       0x2c C:\CrossIDE\gcc-arm-none-eabi-10.3-2021.10\lib\gcc\arm-none-eabi\10.3.1\thumb\v6-m\nofp\libgcc.a(lesf2.o)
 .ARM.attributes
                0x00000230       0x2c C:\CrossIDE\gcc-arm-none-eabi-10.3-2021.10\lib\gcc\arm-none-eabi\10.3.1\thumb\v6-m\nofp\libgcc.a(adddf3.o)
 .ARM.attributes
                0x0000025c       0x2c C:\CrossIDE\gcc-arm-none-eabi-10.3-2021.10\lib\gcc\arm-none-eabi\10.3.1\thumb\v6-m\nofp\libgcc.a(divdf3.o)
 .ARM.attributes
                0x00000288       0x2c C:\CrossIDE\gcc-arm-none-eabi-10.3-2021.10\lib\gcc\arm-none-eabi\10.3.1\thumb\v6-m\nofp\libgcc.a(eqdf2.o)
 .ARM.attributes
                0x000002b4       0x2c C:\CrossIDE\gcc-arm-none-eabi-10.3-2021.10\lib\gcc\arm-none-eabi\10.3.1\thumb\v6-m\nofp\libgcc.a(gedf2.o)
 .ARM.attributes
                0x000002e0       0x2c C:\CrossIDE\gcc-arm-none-eabi-10.3-2021.10\lib\gcc\arm-none-eabi\10.3.1\thumb\v6-m\nofp\libgcc.a(ledf2.o)
 .ARM.attributes
                0x0000030c       0x2c C:\CrossIDE\gcc-arm-none-eabi-10.3-2021.10\lib\gcc\arm-none-eabi\10.3.1\thumb\v6-m\nofp\libgcc.a(muldf3.o)
 .ARM.attributes
                0x00000338       0x2c C:\CrossIDE\gcc-arm-none-eabi-10.3-2021.10\lib\gcc\arm-none-eabi\10.3.1\thumb\v6-m\nofp\libgcc.a(subdf3.o)
 .ARM.attributes
                0x00000364       0x2c C:\CrossIDE\gcc-arm-none-eabi-10.3-2021.10\lib\gcc\arm-none-eabi\10.3.1\thumb\v6-m\nofp\libgcc.a(floatsidf.o)
 .ARM.attributes
                0x00000390       0x2c C:\CrossIDE\gcc-arm-none-eabi-10.3-2021.10\lib\gcc\arm-none-eabi\10.3.1\thumb\v6-m\nofp\libgcc.a(floatunsidf.o)
 .ARM.attributes
                0x000003bc       0x2c C:\CrossIDE\gcc-arm-none-eabi-10.3-2021.10\lib\gcc\arm-none-eabi\10.3.1\thumb\v6-m\nofp\libgcc.a(extendsfdf2.o)
 .ARM.attributes
                0x000003e8       0x2c C:\CrossIDE\gcc-arm-none-eabi-10.3-2021.10\lib\gcc\arm-none-eabi\10.3.1\thumb\v6-m\nofp\libgcc.a(truncdfsf2.o)
 .ARM.attributes
                0x00000414       0x1e C:\CrossIDE\gcc-arm-none-eabi-10.3-2021.10\lib\gcc\arm-none-eabi\10.3.1\thumb\v6-m\nofp\libgcc.a(_udivsi3.o)
 .ARM.attributes
                0x00000432       0x1e C:\CrossIDE\gcc-arm-none-eabi-10.3-2021.10\lib\gcc\arm-none-eabi\10.3.1\thumb\v6-m\nofp\libgcc.a(_clzsi2.o)
 .ARM.attributes
                0x00000450       0x2c C:\CrossIDE\gcc-arm-none-eabi-10.3-2021.10\arm-none-eabi\lib\thumb\v6-m\nofp\libc_nano.a(lib_a-fflush.o)
 .ARM.attributes
                0x0000047c       0x2c C:\CrossIDE\gcc-arm-none-eabi-10.3-2021.10\arm-none-eabi\lib\thumb\v6-m\nofp\libc_nano.a(lib_a-findfp.o)
 .ARM.attributes
                0x000004a8       0x2c C:\CrossIDE\gcc-arm-none-eabi-10.3-2021.10\arm-none-eabi\lib\thumb\v6-m\nofp\libc_nano.a(lib_a-fwalk.o)
 .ARM.attributes
                0x000004d4       0x2c C:\CrossIDE\gcc-arm-none-eabi-10.3-2021.10\arm-none-eabi\lib\thumb\v6-m\nofp\libc_nano.a(lib_a-impure.o)
 .ARM.attributes
                0x00000500       0x2c C:\CrossIDE\gcc-arm-none-eabi-10.3-2021.10\arm-none-eabi\lib\thumb\v6-m\nofp\libc_nano.a(lib_a-lock.o)
 .ARM.attributes
                0x0000052c       0x2c C:\CrossIDE\gcc-arm-none-eabi-10.3-2021.10\arm-none-eabi\lib\thumb\v6-m\nofp\libc_nano.a(lib_a-memset.o)
 .ARM.attributes
                0x00000558       0x2c C:\CrossIDE\gcc-arm-none-eabi-10.3-2021.10\arm-none-eabi\lib\thumb\v6-m\nofp\libc_nano.a(lib_a-nano-freer.o)
 .ARM.attributes
                0x00000584       0x2c C:\CrossIDE\gcc-arm-none-eabi-10.3-2021.10\arm-none-eabi\lib\thumb\v6-m\nofp\libc_nano.a(lib_a-nano-mallocr.o)
 .ARM.attributes
                0x000005b0       0x2c C:\CrossIDE\gcc-arm-none-eabi-10.3-2021.10\arm-none-eabi\lib\thumb\v6-m\nofp\libc_nano.a(lib_a-nano-vfprintf_float.o)
 .ARM.attributes
                0x000005dc       0x2c C:\CrossIDE\gcc-arm-none-eabi-10.3-2021.10\arm-none-eabi\lib\thumb\v6-m\nofp\libc_nano.a(lib_a-nano-vfprintf_i.o)
 .ARM.attributes
                0x00000608       0x2c C:\CrossIDE\gcc-arm-none-eabi-10.3-2021.10\arm-none-eabi\lib\thumb\v6-m\nofp\libc_nano.a(lib_a-printf.o)
 .ARM.attributes
                0x00000634       0x2c C:\CrossIDE\gcc-arm-none-eabi-10.3-2021.10\arm-none-eabi\lib\thumb\v6-m\nofp\libc_nano.a(lib_a-puts.o)
 .ARM.attributes
                0x00000660       0x2c C:\CrossIDE\gcc-arm-none-eabi-10.3-2021.10\arm-none-eabi\lib\thumb\v6-m\nofp\libc_nano.a(lib_a-sbrkr.o)
 .ARM.attributes
                0x0000068c       0x2c C:\CrossIDE\gcc-arm-none-eabi-10.3-2021.10\arm-none-eabi\lib\thumb\v6-m\nofp\libc_nano.a(lib_a-sprintf.o)
 .ARM.attributes
                0x000006b8       0x2c C:\CrossIDE\gcc-arm-none-eabi-10.3-2021.10\arm-none-eabi\lib\thumb\v6-m\nofp\libc_nano.a(lib_a-stdio.o)
 .ARM.attributes
                0x000006e4       0x1c C:\CrossIDE\gcc-arm-none-eabi-10.3-2021.10\arm-none-eabi\lib\thumb\v6-m\nofp\libc_nano.a(lib_a-strlen.o)
 .ARM.attributes
                0x00000700       0x2c C:\CrossIDE\gcc-arm-none-eabi-10.3-2021.10\arm-none-eabi\lib\thumb\v6-m\nofp\libc_nano.a(lib_a-wbuf.o)
 .ARM.attributes
                0x0000072c       0x2c C:\CrossIDE\gcc-arm-none-eabi-10.3-2021.10\arm-none-eabi\lib\thumb\v6-m\nofp\libc_nano.a(lib_a-writer.o)
 .ARM.attributes
                0x00000758       0x2c C:\CrossIDE\gcc-arm-none-eabi-10.3-2021.10\arm-none-eabi\lib\thumb\v6-m\nofp\libc_nano.a(lib_a-wsetup.o)
 .ARM.attributes
                0x00000784       0x2c C:\CrossIDE\gcc-arm-none-eabi-10.3-2021.10\arm-none-eabi\lib\thumb\v6-m\nofp\libc_nano.a(lib_a-closer.o)
 .ARM.attributes
                0x000007b0       0x2c C:\CrossIDE\gcc-arm-none-eabi-10.3-2021.10\arm-none-eabi\lib\thumb\v6-m\nofp\libc_nano.a(lib_a-dtoa.o)
 .ARM.attributes
                0x000007dc       0x2c C:\CrossIDE\gcc-arm-none-eabi-10.3-2021.10\arm-none-eabi\lib\thumb\v6-m\nofp\libc_nano.a(lib_a-localeconv.o)
 .ARM.attributes
                0x00000808       0x2c C:\CrossIDE\gcc-arm-none-eabi-10.3-2021.10\arm-none-eabi\lib\thumb\v6-m\nofp\libc_nano.a(lib_a-lseekr.o)
 .ARM.attributes
                0x00000834       0x2c C:\CrossIDE\gcc-arm-none-eabi-10.3-2021.10\arm-none-eabi\lib\thumb\v6-m\nofp\libc_nano.a(lib_a-makebuf.o)
 .ARM.attributes
                0x00000860       0x2c C:\CrossIDE\gcc-arm-none-eabi-10.3-2021.10\arm-none-eabi\lib\thumb\v6-m\nofp\libc_nano.a(lib_a-malloc.o)
 .ARM.attributes
                0x0000088c       0x2c C:\CrossIDE\gcc-arm-none-eabi-10.3-2021.10\arm-none-eabi\lib\thumb\v6-m\nofp\libc_nano.a(lib_a-memchr-stub.o)
 .ARM.attributes
                0x000008b8       0x2c C:\CrossIDE\gcc-arm-none-eabi-10.3-2021.10\arm-none-eabi\lib\thumb\v6-m\nofp\libc_nano.a(lib_a-memcpy-stub.o)
 .ARM.attributes
                0x000008e4       0x2c C:\CrossIDE\gcc-arm-none-eabi-10.3-2021.10\arm-none-eabi\lib\thumb\v6-m\nofp\libc_nano.a(lib_a-mlock.o)
 .ARM.attributes
                0x00000910       0x2c C:\CrossIDE\gcc-arm-none-eabi-10.3-2021.10\arm-none-eabi\lib\thumb\v6-m\nofp\libc_nano.a(lib_a-mprec.o)
 .ARM.attributes
                0x0000093c       0x2c C:\CrossIDE\gcc-arm-none-eabi-10.3-2021.10\arm-none-eabi\lib\thumb\v6-m\nofp\libc_nano.a(lib_a-nano-callocr.o)
 .ARM.attributes
                0x00000968       0x2c C:\CrossIDE\gcc-arm-none-eabi-10.3-2021.10\arm-none-eabi\lib\thumb\v6-m\nofp\libc_nano.a(lib_a-nano-svfprintf.o)
 .ARM.attributes
                0x00000994       0x2c C:\CrossIDE\gcc-arm-none-eabi-10.3-2021.10\arm-none-eabi\lib\thumb\v6-m\nofp\libc_nano.a(lib_a-nano-vfprintf.o)
 .ARM.attributes
                0x000009c0       0x2c C:\CrossIDE\gcc-arm-none-eabi-10.3-2021.10\arm-none-eabi\lib\thumb\v6-m\nofp\libc_nano.a(lib_a-readr.o)
 .ARM.attributes
                0x000009ec       0x2c C:\CrossIDE\gcc-arm-none-eabi-10.3-2021.10\arm-none-eabi\lib\thumb\v6-m\nofp\libc_nano.a(lib_a-assert.o)
 .ARM.attributes
                0x00000a18       0x2c C:\CrossIDE\gcc-arm-none-eabi-10.3-2021.10\arm-none-eabi\lib\thumb\v6-m\nofp\libc_nano.a(lib_a-fprintf.o)
 .ARM.attributes
                0x00000a44       0x2c C:\CrossIDE\gcc-arm-none-eabi-10.3-2021.10\arm-none-eabi\lib\thumb\v6-m\nofp\libc_nano.a(lib_a-fstatr.o)
 .ARM.attributes
                0x00000a70       0x2c C:\CrossIDE\gcc-arm-none-eabi-10.3-2021.10\arm-none-eabi\lib\thumb\v6-m\nofp\libc_nano.a(lib_a-fvwrite.o)
 .ARM.attributes
                0x00000a9c       0x2c C:\CrossIDE\gcc-arm-none-eabi-10.3-2021.10\arm-none-eabi\lib\thumb\v6-m\nofp\libc_nano.a(lib_a-isattyr.o)
 .ARM.attributes
                0x00000ac8       0x2c C:\CrossIDE\gcc-arm-none-eabi-10.3-2021.10\arm-none-eabi\lib\thumb\v6-m\nofp\libc_nano.a(lib_a-locale.o)
 .ARM.attributes
                0x00000af4       0x2c C:\CrossIDE\gcc-arm-none-eabi-10.3-2021.10\arm-none-eabi\lib\thumb\v6-m\nofp\libc_nano.a(lib_a-mbtowc_r.o)
 .ARM.attributes
                0x00000b20       0x2c C:\CrossIDE\gcc-arm-none-eabi-10.3-2021.10\arm-none-eabi\lib\thumb\v6-m\nofp\libc_nano.a(lib_a-memmove.o)
 .ARM.attributes
                0x00000b4c       0x2c C:\CrossIDE\gcc-arm-none-eabi-10.3-2021.10\arm-none-eabi\lib\thumb\v6-m\nofp\libc_nano.a(lib_a-nano-reallocr.o)
 .ARM.attributes
                0x00000b78       0x1c C:\CrossIDE\gcc-arm-none-eabi-10.3-2021.10\arm-none-eabi\lib\thumb\v6-m\nofp\libc_nano.a(lib_a-strcmp.o)
 .ARM.attributes
                0x00000b94       0x2c C:\CrossIDE\gcc-arm-none-eabi-10.3-2021.10\arm-none-eabi\lib\thumb\v6-m\nofp\libc_nano.a(lib_a-wctomb_r.o)
 .ARM.attributes
                0x00000bc0       0x2c C:\CrossIDE\gcc-arm-none-eabi-10.3-2021.10\arm-none-eabi\lib\thumb\v6-m\nofp\libc_nano.a(lib_a-abort.o)
 .ARM.attributes
                0x00000bec       0x2c C:\CrossIDE\gcc-arm-none-eabi-10.3-2021.10\arm-none-eabi\lib\thumb\v6-m\nofp\libc_nano.a(lib_a-ctype_.o)
 .ARM.attributes
                0x00000c18       0x2c C:\CrossIDE\gcc-arm-none-eabi-10.3-2021.10\arm-none-eabi\lib\thumb\v6-m\nofp\libc_nano.a(lib_a-nano-msizer.o)
 .ARM.attributes
                0x00000c44       0x2c C:\CrossIDE\gcc-arm-none-eabi-10.3-2021.10\arm-none-eabi\lib\thumb\v6-m\nofp\libc_nano.a(lib_a-signal.o)
 .ARM.attributes
                0x00000c70       0x2c C:\CrossIDE\gcc-arm-none-eabi-10.3-2021.10\arm-none-eabi\lib\thumb\v6-m\nofp\libc_nano.a(lib_a-signalr.o)
 .ARM.attributes
                0x00000c9c       0x1e C:\CrossIDE\gcc-arm-none-eabi-10.3-2021.10\lib\gcc\arm-none-eabi\10.3.1\thumb\v6-m\nofp\libgcc.a(_thumb1_case_uqi.o)
 .ARM.attributes
                0x00000cba       0x1e C:\CrossIDE\gcc-arm-none-eabi-10.3-2021.10\lib\gcc\arm-none-eabi\10.3.1\thumb\v6-m\nofp\libgcc.a(_thumb1_case_shi.o)
 .ARM.attributes
                0x00000cd8       0x2c C:\CrossIDE\gcc-arm-none-eabi-10.3-2021.10\lib\gcc\arm-none-eabi\10.3.1\thumb\v6-m\nofp\libgcc.a(unorddf2.o)
 .ARM.attributes
                0x00000d04       0x2c C:\CrossIDE\gcc-arm-none-eabi-10.3-2021.10\lib\gcc\arm-none-eabi\10.3.1\thumb\v6-m\nofp\libgcc.a(fixdfsi.o)

.debug_frame    0x00000000     0x19ec
 .debug_frame   0x00000000      0x1a8 main.o
 .debug_frame   0x000001a8       0x94 startup.o
 .debug_frame   0x0000023c      0x1e8 serial.o
 .debug_frame   0x00000424      0x228 newlib_stubs.o
 .debug_frame   0x0000064c       0x20 C:\CrossIDE\gcc-arm-none-eabi-10.3-2021.10\lib\gcc\arm-none-eabi\10.3.1\thumb\v6-m\nofp\libgcc.a(_divsi3.o)
 .debug_frame   0x0000066c       0x2c C:\CrossIDE\gcc-arm-none-eabi-10.3-2021.10\lib\gcc\arm-none-eabi\10.3.1\thumb\v6-m\nofp\libgcc.a(_floatdidf.o)
 .debug_frame   0x00000698       0x38 C:\CrossIDE\gcc-arm-none-eabi-10.3-2021.10\lib\gcc\arm-none-eabi\10.3.1\thumb\v6-m\nofp\libgcc.a(divsf3.o)
 .debug_frame   0x000006d0       0x2c C:\CrossIDE\gcc-arm-none-eabi-10.3-2021.10\lib\gcc\arm-none-eabi\10.3.1\thumb\v6-m\nofp\libgcc.a(eqsf2.o)
 .debug_frame   0x000006fc       0x2c C:\CrossIDE\gcc-arm-none-eabi-10.3-2021.10\lib\gcc\arm-none-eabi\10.3.1\thumb\v6-m\nofp\libgcc.a(gesf2.o)
 .debug_frame   0x00000728       0x2c C:\CrossIDE\gcc-arm-none-eabi-10.3-2021.10\lib\gcc\arm-none-eabi\10.3.1\thumb\v6-m\nofp\libgcc.a(lesf2.o)