Archive member included to satisfy reference by file (symbol)

/Applications/ArmGNUToolchain/14.2.rel1/arm-none-eabi/arm-none-eabi/lib/thumb/v6-m/nofp/libnosys.a(errno.o)
                              newlib_stubs.o (errno)
/Applications/ArmGNUToolchain/14.2.rel1/arm-none-eabi/lib/gcc/arm-none-eabi/14.2.1/thumb/v6-m/nofp/libgcc.a(_divsi3.o)
                              main.o (__aeabi_idiv)
/Applications/ArmGNUToolchain/14.2.rel1/arm-none-eabi/lib/gcc/arm-none-eabi/14.2.1/thumb/v6-m/nofp/libgcc.a(_dvmd_tls.o)
                              /Applications/ArmGNUToolchain/14.2.rel1/arm-none-eabi/lib/gcc/arm-none-eabi/14.2.1/thumb/v6-m/nofp/libgcc.a(_divsi3.o) (__aeabi_idiv0)
/Applications/ArmGNUToolchain/14.2.rel1/arm-none-eabi/lib/gcc/arm-none-eabi/14.2.1/thumb/v6-m/nofp/libgcc.a(_floatdidf.o)
                              main.o (__aeabi_l2d)
/Applications/ArmGNUToolchain/14.2.rel1/arm-none-eabi/lib/gcc/arm-none-eabi/14.2.1/thumb/v6-m/nofp/libgcc.a(divsf3.o)
                              main.o (__aeabi_fdiv)
/Applications/ArmGNUToolchain/14.2.rel1/arm-none-eabi/lib/gcc/arm-none-eabi/14.2.1/thumb/v6-m/nofp/libgcc.a(adddf3.o)
                              /Applications/ArmGNUToolchain/14.2.rel1/arm-none-eabi/lib/gcc/arm-none-eabi/14.2.1/thumb/v6-m/nofp/libgcc.a(_floatdidf.o) (__aeabi_dadd)
/Applications/ArmGNUToolchain/14.2.rel1/arm-none-eabi/lib/gcc/arm-none-eabi/14.2.1/thumb/v6-m/nofp/libgcc.a(divdf3.o)
                              main.o (__aeabi_ddiv)
/Applications/ArmGNUToolchain/14.2.rel1/arm-none-eabi/lib/gcc/arm-none-eabi/14.2.1/thumb/v6-m/nofp/libgcc.a(muldf3.o)
                              /Applications/ArmGNUToolchain/14.2.rel1/arm-none-eabi/lib/gcc/arm-none-eabi/14.2.1/thumb/v6-m/nofp/libgcc.a(_floatdidf.o) (__aeabi_dmul)
/Applications/ArmGNUToolchain/14.2.rel1/arm-none-eabi/lib/gcc/arm-none-eabi/14.2.1/thumb/v6-m/nofp/libgcc.a(floatsidf.o)
                              /Applications/ArmGNUToolchain/14.2.rel1/arm-none-eabi/lib/gcc/arm-none-eabi/14.2.1/thumb/v6-m/nofp/libgcc.a(_floatdidf.o) (__aeabi_i2d)
/Applications/ArmGNUToolchain/14.2.rel1/arm-none-eabi/lib/gcc/arm-none-eabi/14.2.1/thumb/v6-m/nofp/libgcc.a(floatunsidf.o)
                              /Applications/ArmGNUToolchain/14.2.rel1/arm-none-eabi/lib/gcc/arm-none-eabi/14.2.1/thumb/v6-m/nofp/libgcc.a(_floatdidf.o) (__aeabi_ui2d)
/Applications/ArmGNUToolchain/14.2.rel1/arm-none-eabi/lib/gcc/arm-none-eabi/14.2.1/thumb/v6-m/nofp/libgcc.a(extendsfdf2.o)
                              main.o (__aeabi_f2d)
/Applications/ArmGNUToolchain/14.2.rel1/arm-none-eabi/lib/gcc/arm-none-eabi/14.2.1/thumb/v6-m/nofp/libgcc.a(truncdfsf2.o)
                              main.o (__aeabi_d2f)
/Applications/ArmGNUToolchain/14.2.rel1/arm-none-eabi/lib/gcc/arm-none-eabi/14.2.1/thumb/v6-m/nofp/libgcc.a(_udivsi3.o)
                              /Applications/ArmGNUToolchain/14.2.rel1/arm-none-eabi/lib/gcc/arm-none-eabi/14.2.1/thumb/v6-m/nofp/libgcc.a(divdf3.o) (__aeabi_uidivmod)
/Applications/ArmGNUToolchain/14.2.rel1/arm-none-eabi/lib/gcc/arm-none-eabi/14.2.1/thumb/v6-m/nofp/libgcc.a(_clzsi2.o)
                              /Applications/ArmGNUToolchain/14.2.rel1/arm-none-eabi/lib/gcc/arm-none-eabi/14.2.1/thumb/v6-m/nofp/libgcc.a(divsf3.o) (__clzsi2)
/Applications/ArmGNUToolchain/14.2.rel1/arm-none-eabi/arm-none-eabi/lib/thumb/v6-m/nofp/libc_nano.a(libc_a-nano-vfprintf_float.o)
                              (_printf_float)
/Applications/ArmGNUToolchain/14.2.rel1/arm-none-eabi/arm-none-eabi/lib/thumb/v6-m/nofp/libc_nano.a(libc_a-nano-vfprintf_i.o)
                              /Applications/ArmGNUToolchain/14.2.rel1/arm-none-eabi/arm-none-eabi/lib/thumb/v6-m/nofp/libc_nano.a(libc_a-nano-vfprintf_float.o) (_printf_common)
/Applications/ArmGNUToolchain/14.2.rel1/arm-none-eabi/arm-none-eabi/lib/thumb/v6-m/nofp/libc_nano.a(libc_a-fflush.o)
                              main.o (fflush)
/Applications/ArmGNUToolchain/14.2.rel1/arm-none-eabi/arm-none-eabi/lib/thumb/v6-m/nofp/libc_nano.a(libc_a-sprintf.o)
                              main.o (sprintf)
/Applications/ArmGNUToolchain/14.2.rel1/arm-none-eabi/arm-none-eabi/lib/thumb/v6-m/nofp/libc_nano.a(libc_a-findfp.o)
                              /Applications/ArmGNUToolchain/14.2.rel1/arm-none-eabi/arm-none-eabi/lib/thumb/v6-m/nofp/libc_nano.a(libc_a-fflush.o) (__sglue)
/Applications/ArmGNUToolchain/14.2.rel1/arm-none-eabi/arm-none-eabi/lib/thumb/v6-m/nofp/libc_nano.a(libc_a-fwalk.o)
                              /Applications/ArmGNUToolchain/14.2.rel1/arm-none-eabi/arm-none-eabi/lib/thumb/v6-m/nofp/libc_nano.a(libc_a-fflush.o) (_fwalk_sglue)
/Applications/ArmGNUToolchain/14.2.rel1/arm-none-eabi/arm-none-eabi/lib/thumb/v6-m/nofp/libc_nano.a(libc_a-puts.o)
                              main.o (puts)
/Applications/ArmGNUToolchain/14.2.rel1/arm-none-eabi/arm-none-eabi/lib/thumb/v6-m/nofp/libc_nano.a(libc_a-memset.o)
[...]
Memory Configuration

Name             Origin             Length             Attributes
flash            0x08000000         0x00010000
ram              0x20000000         0x00002000
*default*        0x00000000         0xffffffff

Linker script and memory map

LOAD main.o
LOAD startup.o
LOAD serial.o
LOAD newlib_stubs.o
LOAD /Applications/ArmGNUToolchain/14.2.rel1/arm-none-eabi/arm-none-eabi/lib/thumb/v6-m/nofp/libnosys.a
LOAD /Applications/ArmGNUToolchain/14.2.rel1/arm-none-eabi/lib/gcc/arm-none-eabi/14.2.1/thumb/v6-m/nofp/libgcc.a
START GROUP
LOAD /Applications/ArmGNUToolchain/14.2.rel1/arm-none-eabi/lib/gcc/arm-none-eabi/14.2.1/thumb/v6-m/nofp/libgcc.a
LOAD /Applications/ArmGNUToolchain/14.2.rel1/arm-none-eabi/arm-none-eabi/lib/thumb/v6-m/nofp/libc_nano.a
LOAD /Applications/ArmGNUToolchain/14.2.rel1/arm-none-eabi/arm-none-eabi/lib/thumb/v6-m/nofp/libm.a
END GROUP

.text           0x08000000     0x78ac
 *(.vectors)
 .vectors       0x08000000       0xb8 startup.o
                0x08000000                Vectors
 *(.after_vectors*)
 .after_vectors
                0x080000b8       0x28 startup.o
                0x080000b8                ResetInit
 *(.text*)
 .text          0x080000e0      0x83c main.o
                0x080000e0                Delay_us
                0x08000140                waitms
                0x0800018c                LCD_pulse
                0x080001bc                LCD_byte
                0x0800033e                WriteData
                0x08000372                WriteCommand
                0x080003a6                LCD_4BIT
                0x080003f0                LCDprint
                0x0800046c                Configure_Pins
                0x080005ac                delay
                0x080005ca                wait_1ms
                0x08000604                GetPeriod
                0x080007f0                main
 .text          0x0800091c      0x1a8 startup.o
                0x08000994                initClock
                0x08000a9c                EXTI2_3_Handler
                0x08000a9c                TIM21_Handler
                0x08000a9c                SysTick_Handler
                0x08000a9c                I2C1_Handler
                0x08000a9c                PendSV_Handler
                0x08000a9c                NMI_Handler
                0x08000a9c                WWDG_Handler
                0x08000a9c                RTC_Handler
                0x08000a9c                EXTI4_15_Handler
                0x08000a9c                TIM2_Handler
                0x08000a9c                DMA_CH4_5_6_7_Handler
                0x08000a9c                Default_Handler
                0x08000a9c                LPUART1_Handler
                0x08000a9c                EXTI0_1_Handler
                0x08000a9c                DMA_CH1_Handler
                0x08000a9c                SPI2_Handler
                0x08000a9c                DMA_CH2_3_Handler
                0x08000a9c                I2C2_Handler
                0x08000a9c                SVC_Handler
                0x08000a9c                LPTIM1_Handler
                0x08000a9c                USART2_Handler
                0x08000a9c                SPI1_Handler
                0x08000a9c                RCC_Handler
                0x08000a9c                PVD_Handler
                0x08000a9c                ADC_COMP_Handler
                0x08000a9c                FLASH_Handler
                0x08000a9c                TIM22_Handler
                0x08000a9c                TIM6_Handler
                0x08000ab0                Hard_Fault_Handler
 .text          0x08000ac4      0x5b4 serial.o
                0x08000ac4                ReadCom
                0x08000b38                WriteCom
                0x08000bd8                initUART
                0x08000d28                USART1_Handler
                0x08000d54                usart_rx
                0x08000d84                usart_tx
                0x08000dec                PutBuf
                0x08000e4e                GetBuf
                0x08000ea4                GetBufCount
                0x08000eb8                eputs
                0x08000ef4                eputc
                0x08000f12                egetc
                0x08000f2c                egets
                0x08000fb8                egetc_echo
                0x08000fde                egets_echo
 .text          0x08001078      0x29c newlib_stubs.o
                0x08001078                _exit
                0x08001082                _close
                0x08001096                _execve
                0x080010b8                _fork
                0x080010d0                _fstat
                0x080010ec                _getpid
                0x080010f8                _kill
                0x08001118                _link
                0x08001138                _lseek
                0x0800114e                _stat
                0x0800116a                _times
                0x0800117e                _unlink
                0x0800119c                _wait
                0x080011bc                _isatty
                0x080011e4                _sbrk
                0x08001248                _read
                0x080012c0                _write
 .text          0x08001314        0x0 /Applications/ArmGNUToolchain/14.2.rel1/arm-none-eabi/arm-none-eabi/lib/thumb/v6-m/nofp/libnosys.a(errno.o)
 .text          0x08001314      0x1d4 /Applications/ArmGNUToolchain/14.2.rel1/arm-none-eabi/lib/gcc/arm-none-eabi/14.2.1/thumb/v6-m/nofp/libgcc.a(_divsi3.o)
                0x08001314                __aeabi_idiv
                0x08001314                __divsi3
                0x080014e0                __aeabi_idivmod
 .text          0x080014e8        0x4 /Applications/ArmGNUToolchain/14.2.rel1/arm-none-eabi/lib/gcc/arm-none-eabi/14.2.1/thumb/v6-m/nofp/libgcc.a(_dvmd_tls.o)
                0x080014e8                __aeabi_ldiv0
                0x080014e8                __aeabi_idiv0
 .text          0x080014ec        0x0 /Applications/ArmGNUToolchain/14.2.rel1/arm-none-eabi/lib/gcc/arm-none-eabi/14.2.1/thumb/v6-m/nofp/libgcc.a(_floatdidf.o)
 .text.__floatdidf
                0x080014ec       0x2c /Applications/ArmGNUToolchain/14.2.rel1/arm-none-eabi/lib/gcc/arm-none-eabi/14.2.1/thumb/v6-m/nofp/libgcc.a(_floatdidf.o)
                0x080014ec                __floatdidf
                0x080014ec                __aeabi_l2d
 .text          0x08001518        0x0 /Applications/ArmGNUToolchain/14.2.rel1/arm-none-eabi/lib/gcc/arm-none-eabi/14.2.1/thumb/v6-m/nofp/libgcc.a(divsf3.o)
 .text.__aeabi_fdiv
                0x08001518      0x22c /Applications/ArmGNUToolchain/14.2.rel1/arm-none-eabi/lib/gcc/arm-none-eabi/14.2.1/thumb/v6-m/nofp/libgcc.a(divsf3.o)
                0x08001518                __aeabi_fdiv
 .text          0x08001744        0x0 /Applications/ArmGNUToolchain/14.2.rel1/arm-none-eabi/lib/gcc/arm-none-eabi/14.2.1/thumb/v6-m/nofp/libgcc.a(adddf3.o)
 .text.__aeabi_dadd
                0x08001744      0x834 /Applications/ArmGNUToolchain/14.2.rel1/arm-none-eabi/lib/gcc/arm-none-eabi/14.2.1/thumb/v6-m/nofp/libgcc.a(adddf3.o)
                0x08001744                __aeabi_dadd
 .text          0x08001f78        0x0 /Applications/ArmGNUToolchain/14.2.rel1/arm-none-eabi/lib/gcc/arm-none-eabi/14.2.1/thumb/v6-m/nofp/libgcc.a(divdf3.o)
 .text.__aeabi_ddiv
                0x08001f78      0x63c /Applications/ArmGNUToolchain/14.2.rel1/arm-none-eabi/lib/gcc/arm-none-eabi/14.2.1/thumb/v6-m/nofp/libgcc.a(divdf3.o)
                0x08001f78                __aeabi_ddiv
 .text          0x080025b4        0x0 /Applications/ArmGNUToolchain/14.2.rel1/arm-none-eabi/lib/gcc/arm-none-eabi/14.2.1/thumb/v6-m/nofp/libgcc.a(muldf3.o)
 .text.__aeabi_dmul
                0x080025b4      0x590 /Applications/ArmGNUToolchain/14.2.rel1/arm-none-eabi/lib/gcc/arm-none-eabi/14.2.1/thumb/v6-m/nofp/libgcc.a(muldf3.o)
                0x080025b4                __aeabi_dmul
 .text          0x08002b44        0x0 /Applications/ArmGNUToolchain/14.2.rel1/arm-none-eabi/lib/gcc/arm-none-eabi/14.2.1/thumb/v6-m/nofp/libgcc.a(floatsidf.o)
 .text.__aeabi_i2d
                0x08002b44       0x5c /Applications/ArmGNUToolchain/14.2.rel1/arm-none-eabi/lib/gcc/arm-none-eabi/14.2.1/thumb/v6-m/nofp/libgcc.a(floatsidf.o)
                0x08002b44                __aeabi_i2d
 .text          0x08002ba0        0x0 /Applications/ArmGNUToolchain/14.2.rel1/arm-none-eabi/lib/gcc/arm-none-eabi/14.2.1/thumb/v6-m/nofp/libgcc.a(floatunsidf.o)
 .text.__aeabi_ui2d
                0x08002ba0       0x48 /Applications/ArmGNUToolchain/14.2.rel1/arm-none-eabi/lib/gcc/arm-none-eabi/14.2.1/thumb/v6-m/nofp/libgcc.a(floatunsidf.o)
                0x08002ba0                __aeabi_ui2d
 .text          0x08002be8        0x0 /Applications/ArmGNUToolchain/14.2.rel1/arm-none-eabi/lib/gcc/arm-none-eabi/14.2.1/thumb/v6-m/nofp/libgcc.a(extendsfdf2.o)
 .text.__aeabi_f2d
                0x08002be8       0x90 /Applications/ArmGNUToolchain/14.2.rel1/arm-none-eabi/lib/gcc/arm-none-eabi/14.2.1/thumb/v6-m/nofp/libgcc.a(extendsfdf2.o)
                0x08002be8                __aeabi_f2d
 .text          0x08002c78        0x0 /Applications/ArmGNUToolchain/14.2.rel1/arm-none-eabi/lib/gcc/arm-none-eabi/14.2.1/thumb/v6-m/nofp/libgcc.a(truncdfsf2.o)
 .text.__aeabi_d2f
                0x08002c78      0x110 /Applications/ArmGNUToolchain/14.2.rel1/arm-none-eabi/lib/gcc/arm-none-eabi/14.2.1/thumb/v6-m/nofp/libgcc.a(truncdfsf2.o)
                0x08002c78                __aeabi_d2f
 .text          0x08002d88      0x114 /Applications/ArmGNUToolchain/14.2.rel1/arm-none-eabi/lib/gcc/arm-none-eabi/14.2.1/thumb/v6-m/nofp/libgcc.a(_udivsi3.o)
                0x08002d88                __udivsi3
                0x08002d88                __aeabi_uidiv
                0x08002e94                __aeabi_uidivmod
 .text          0x08002e9c       0x3c /Applications/ArmGNUToolchain/14.2.rel1/arm-none-eabi/lib/gcc/arm-none-eabi/14.2.1/thumb/v6-m/nofp/libgcc.a(_clzsi2.o)
                0x08002e9c                __clzsi2
 .text          0x08002ed8        0x0 /Applications/ArmGNUToolchain/14.2.rel1/arm-none-eabi/arm-none-eabi/lib/thumb/v6-m/nofp/libc_nano.a(libc_a-nano-vfprintf_float.o)
 .text.__cvt    0x08002ed8       0xcc /Applications/ArmGNUToolchain/14.2.rel1/arm-none-eabi/arm-none-eabi/lib/thumb/v6-m/nofp/libc_nano.a(libc_a-nano-vfprintf_float.o)
                0x08002ed8                __cvt
 .text.__exponent
                0x08002fa4       0x82 /Applications/ArmGNUToolchain/14.2.rel1/arm-none-eabi/arm-none-eabi/lib/thumb/v6-m/nofp/libc_nano.a(libc_a-nano-vfprintf_float.o)
                0x08002fa4                __exponent
 *fill*         0x08003026        0x2 
 .text._printf_float
                0x08003028      0x45c /Applications/ArmGNUToolchain/14.2.rel1/arm-none-eabi/arm-none-eabi/lib/thumb/v6-m/nofp/libc_nano.a(libc_a-nano-vfprintf_float.o)
                0x08003028                _printf_float
 .text          0x08003484        0x0 /Applications/ArmGNUToolchain/14.2.rel1/arm-none-eabi/arm-none-eabi/lib/thumb/v6-m/nofp/libc_nano.a(libc_a-nano-vfprintf_i.o)
 .text._printf_common
                0x08003484       0xde /Applications/ArmGNUToolchain/14.2.rel1/arm-none-eabi/arm-none-eabi/lib/thumb/v6-m/nofp/libc_nano.a(libc_a-nano-vfprintf_i.o)
                0x08003484                _printf_common
 *fill*         0x08003562        0x2 
 .text._printf_i
                0x08003564      0x218 /Applications/ArmGNUToolchain/14.2.rel1/arm-none-eabi/arm-none-eabi/lib/thumb/v6-m/nofp/libc_nano.a(libc_a-nano-vfprintf_i.o)
                0x08003564                _printf_i
 .text          0x0800377c        0x0 /Applications/ArmGNUToolchain/14.2.rel1/arm-none-eabi/arm-none-eabi/lib/thumb/v6-m/nofp/libc_nano.a(libc_a-fflush.o)
 .text.__sflush_r
                0x0800377c      0x114 /Applications/ArmGNUToolchain/14.2.rel1/arm-none-eabi/arm-none-eabi/lib/thumb/v6-m/nofp/libc_nano.a(libc_a-fflush.o)
                0x0800377c                __sflush_r
 .text._fflush_r
                0x08003890       0x56 /Applications/ArmGNUToolchain/14.2.rel1/arm-none-eabi/arm-none-eabi/lib/thumb/v6-m/nofp/libc_nano.a(libc_a-fflush.o)
                0x08003890                _fflush_r
 *fill*         0x080038e6        0x2 
 .text.fflush   0x080038e8       0x30 /Applications/ArmGNUToolchain/14.2.rel1/arm-none-eabi/arm-none-eabi/lib/thumb/v6-m/nofp/libc_nano.a(libc_a-fflush.o)
                0x080038e8                fflush
 .text          0x08003918        0x0 /Applications/ArmGNUToolchain/14.2.rel1/arm-none-eabi/arm-none-eabi/lib/thumb/v6-m/nofp/libc_nano.a(libc_a-sprintf.o)
 .text._sprintf_r
                0x08003918       0x3c /Applications/ArmGNUToolchain/14.2.rel1/arm-none-eabi/arm-none-eabi/lib/thumb/v6-m/nofp/libc_nano.a(libc_a-sprintf.o)
                0x08003918                _siprintf_r
                0x08003918                _sprintf_r
 .text.sprintf  0x08003954       0x44 /Applications/ArmGNUToolchain/14.2.rel1/arm-none-eabi/arm-none-eabi/lib/thumb/v6-m/nofp/libc_nano.a(libc_a-sprintf.o)
                0x08003954                sprintf
                0x08003954                siprintf
 .text          0x08003998        0x0 /Applications/ArmGNUToolchain/14.2.rel1/arm-none-eabi/arm-none-eabi/lib/thumb/v6-m/nofp/libc_nano.a(libc_a-findfp.o)
 .text.std      0x08003998       0x6c /Applications/ArmGNUToolchain/14.2.rel1/arm-none-eabi/arm-none-eabi/lib/thumb/v6-m/nofp/libc_nano.a(libc_a-findfp.o)
 .text.stdio_exit_handler
                0x08003a04       0x1c /Applications/ArmGNUToolchain/14.2.rel1/arm-none-eabi/arm-none-eabi/lib/thumb/v6-m/nofp/libc_nano.a(libc_a-findfp.o)
 .text.cleanup_stdio
                0x08003a20       0x3c /Applications/ArmGNUToolchain/14.2.rel1/arm-none-eabi/arm-none-eabi/lib/thumb/v6-m/nofp/libc_nano.a(libc_a-findfp.o)
 .text.__fp_lock
                0x08003a5c       0x18 /Applications/ArmGNUToolchain/14.2.rel1/arm-none-eabi/arm-none-eabi/lib/thumb/v6-m/nofp/libc_nano.a(libc_a-findfp.o)
 .text.__fp_unlock
                0x08003a74       0x18 /Applications/ArmGNUToolchain/14.2.rel1/arm-none-eabi/arm-none-eabi/lib/thumb/v6-m/nofp/libc_nano.a(libc_a-findfp.o)
 .text.global_stdio_init.part.0
                0x08003a8c       0x3c /Applications/ArmGNUToolchain/14.2.rel1/arm-none-eabi/arm-none-eabi/lib/thumb/v6-m/nofp/libc_nano.a(libc_a-findfp.o)
 .text.__sfp_lock_acquire
                0x08003ac8       0x10 /Applications/ArmGNUToolchain/14.2.rel1/arm-none-eabi/arm-none-eabi/lib/thumb/v6-m/nofp/libc_nano.a(libc_a-findfp.o)
                0x08003ac8                __sfp_lock_acquire
 .text.__sfp_lock_release
                0x08003ad8       0x10 /Applications/ArmGNUToolchain/14.2.rel1/arm-none-eabi/arm-none-eabi/lib/thumb/v6-m/nofp/libc_nano.a(libc_a-findfp.o)
                0x08003ad8                __sfp_lock_release
 .text.__sfp    0x08003ae8       0xa8 /Applications/ArmGNUToolchain/14.2.rel1/arm-none-eabi/arm-none-eabi/lib/thumb/v6-m/nofp/libc_nano.a(libc_a-findfp.o)
                0x08003ae8                __sfp
 .text.__sinit  0x08003b90       0x30 /Applications/ArmGNUToolchain/14.2.rel1/arm-none-eabi/arm-none-eabi/lib/thumb/v6-m/nofp/libc_nano.a(libc_a-findfp.o)
                0x08003b90                __sinit
 .text.__fp_lock_all
                0x08003bc0       0x1c /Applications/ArmGNUToolchain/14.2.rel1/arm-none-eabi/arm-none-eabi/lib/thumb/v6-m/nofp/libc_nano.a(libc_a-findfp.o)
                0x08003bc0                __fp_lock_all
 .text.__fp_unlock_all
                0x08003bdc       0x1c /Applications/ArmGNUToolchain/14.2.rel1/arm-none-eabi/arm-none-eabi/lib/thumb/v6-m/nofp/libc_nano.a(libc_a-findfp.o)
                0x08003bdc                __fp_unlock_all
 .text          0x08003bf8        0x0 /Applications/ArmGNUToolchain/14.2.rel1/arm-none-eabi/arm-none-eabi/lib/thumb/v6-m/nofp/libc_nano.a(libc_a-fwalk.o)
 .text._fwalk_sglue
                0x08003bf8       0x38 /Applications/ArmGNUToolchain/14.2.rel1/arm-none-eabi/arm-none-eabi/lib/thumb/v6-m/nofp/libc_nano.a(libc_a-fwalk.o)
                0x08003bf8                _fwalk_sglue
 .text          0x08003c30        0x0 /Applications/ArmGNUToolchain/14.2.rel1/arm-none-eabi/arm-none-eabi/lib/thumb/v6-m/nofp/libc_nano.a(libc_a-puts.o)
 .text._puts_r  0x08003c30       0xac /Applications/ArmGNUToolchain/14.2.rel1/arm-none-eabi/arm-none-eabi/lib/thumb/v6-m/nofp/libc_nano.a(libc_a-puts.o)
                0x08003c30                _puts_r
 .text.puts     0x08003cdc       0x14 /Applications/ArmGNUToolchain/14.2.rel1/arm-none-eabi/arm-none-eabi/lib/thumb/v6-m/nofp/libc_nano.a(libc_a-puts.o)
                0x08003cdc                puts
 .text          0x08003cf0        0x0 /Applications/ArmGNUToolchain/14.2.rel1/arm-none-eabi/arm-none-eabi/lib/thumb/v6-m/nofp/libc_nano.a(libc_a-memset.o)
 .text.memset   0x08003cf0       0x10 /Applications/ArmGNUToolchain/14.2.rel1/arm-none-eabi/arm-none-eabi/lib/thumb/v6-m/nofp/libc_nano.a(libc_a-memset.o)
                0x08003cf0                memset
 .text          0x08003d00        0x0 /Applications/ArmGNUToolchain/14.2.rel1/arm-none-eabi/arm-none-eabi/lib/thumb/v6-m/nofp/libc_nano.a(libc_a-lock.o)
 .text.__retarget_lock_init
                0x08003d00        0x2 /Applications/ArmGNUToolchain/14.2.rel1/arm-none-eabi/arm-none-eabi/lib/thumb/v6-m/nofp/libc_nano.a(libc_a-lock.o)
                0x08003d00                __retarget_lock_init
 .text.__retarget_lock_init_recursive
                0x08003d02        0x2 /Applications/ArmGNUToolchain/14.2.rel1/arm-none-eabi/arm-none-eabi/lib/thumb/v6-m/nofp/libc_nano.a(libc_a-lock.o)
                0x08003d02                __retarget_lock_init_recursive
 .text.__retarget_lock_close
                0x08003d04        0x2 /Applications/ArmGNUToolchain/14.2.rel1/arm-none-eabi/arm-none-eabi/lib/thumb/v6-m/nofp/libc_nano.a(libc_a-lock.o)
                0x08003d04                __retarget_lock_close
 .text.__retarget_lock_close_recursive
                0x08003d06        0x2 /Applications/ArmGNUToolchain/14.2.rel1/arm-none-eabi/arm-none-eabi/lib/thumb/v6-m/nofp/libc_nano.a(libc_a-lock.o)
                0x08003d06                __retarget_lock_close_recursive
 .text.__retarget_lock_acquire
                0x08003d08        0x2 /Applications/ArmGNUToolchain/14.2.rel1/arm-none-eabi/arm-none-eabi/lib/thumb/v6-m/nofp/libc_nano.a(libc_a-lock.o)
                0x08003d08                __retarget_lock_acquire
 .text.__retarget_lock_acquire_recursive
                0x08003d0a        0x2 /Applications/ArmGNUToolchain/14.2.rel1/arm-none-eabi/arm-none-eabi/lib/thumb/v6-m/nofp/libc_nano.a(libc_a-lock.o)
                0x08003d0a                __retarget_lock_acquire_recursive
 .text.__retarget_lock_try_acquire
                0x08003d0c        0x4 /Applications/ArmGNUToolchain/14.2.rel1/arm-none-eabi/arm-none-eabi/lib/thumb/v6-m/nofp/libc_nano.a(libc_a-lock.o)
                0x08003d0c                __retarget_lock_try_acquire
 .text.__retarget_lock_try_acquire_recursive
                0x08003d10        0x4 /Applications/ArmGNUToolchain/14.2.rel1/arm-none-eabi/arm-none-eabi/lib/thumb/v6-m/nofp/libc_nano.a(libc_a-lock.o)
                0x08003d10                __retarget_lock_try_acquire_recursive
 .text.__retarget_lock_release
                0x08003d14        0x2 /Applications/ArmGNUToolchain/14.2.rel1/arm-none-eabi/arm-none-eabi/lib/thumb/v6-m/nofp/libc_nano.a(libc_a-lock.o)
                0x08003d14                __retarget_lock_release
 .text.__retarget_lock_release_recursive
                0x08003d16        0x2 /Applications/ArmGNUToolchain/14.2.rel1/arm-none-eabi/arm-none-eabi/lib/thumb/v6-m/nofp/libc_nano.a(libc_a-lock.o)
                0x08003d16                __retarget_lock_release_recursive
 .text          0x08003d18        0x0 /Applications/ArmGNUToolchain/14.2.rel1/arm-none-eabi/arm-none-eabi/lib/thumb/v6-m/nofp/libc_nano.a(libc_a-localeconv.o)
 .text.__localeconv_l
                0x08003d18        0x4 /Applications/ArmGNUToolchain/14.2.rel1/arm-none-eabi/arm-none-eabi/lib/thumb/v6-m/nofp/libc_nano.a(libc_a-localeconv.o)
                0x08003d18                __localeconv_l
 .text._localeconv_r
                0x08003d1c        0x8 /Applications/ArmGNUToolchain/14.2.rel1/arm-none-eabi/arm-none-eabi/lib/thumb/v6-m/nofp/libc_nano.a(libc_a-localeconv.o)
                0x08003d1c                _localeconv_r
 .text.localeconv
                0x08003d24        0x8 /Applications/ArmGNUToolchain/14.2.rel1/arm-none-eabi/arm-none-eabi/lib/thumb/v6-m/nofp/libc_nano.a(libc_a-localeconv.o)
                0x08003d24                localeconv
 .text          0x08003d2c        0x0 /Applications/ArmGNUToolchain/14.2.rel1/arm-none-eabi/arm-none-eabi/lib/thumb/v6-m/nofp/libc_nano.a(libc_a-impure.o)
 .text          0x08003d2c        0x0 /Applications/ArmGNUToolchain/14.2.rel1/arm-none-eabi/arm-none-eabi/lib/thumb/v6-m/nofp/libc_nano.a(libc_a-memchr-stub.o)
 .text.memchr   0x08003d2c       0x16 /Applications/ArmGNUToolchain/14.2.rel1/arm-none-eabi/arm-none-eabi/lib/thumb/v6-m/nofp/libc_nano.a(libc_a-memchr-stub.o)
                0x08003d2c                memchr
 .text          0x08003d42        0xe /Applications/ArmGNUToolchain/14.2.rel1/arm-none-eabi/arm-none-eabi/lib/thumb/v6-m/nofp/libc_nano.a(libc_a-strlen.o)
                0x08003d42                strlen
 .text          0x08003d50        0x0 /Applications/ArmGNUToolchain/14.2.rel1/arm-none-eabi/arm-none-eabi/lib/thumb/v6-m/nofp/libc_nano.a(libc_a-dtoa.o)
 .text.quorem   0x08003d50      0x10a /Applications/ArmGNUToolchain/14.2.rel1/arm-none-eabi/arm-none-eabi/lib/thumb/v6-m/nofp/libc_nano.a(libc_a-dtoa.o)
 *fill*         0x08003e5a        0x2 
 .text._dtoa_r  0x08003e5c      0xbd8 /Applications/ArmGNUToolchain/14.2.rel1/arm-none-eabi/arm-none-eabi/lib/thumb/v6-m/nofp/libc_nano.a(libc_a-dtoa.o)
                0x08003e5c                _dtoa_r
 .text          0x08004a34        0x0 /Applications/ArmGNUToolchain/14.2.rel1/arm-none-eabi/arm-none-eabi/lib/thumb/v6-m/nofp/libc_nano.a(libc_a-freer.o)
 .text._free_r  0x08004a34       0x94 /Applications/ArmGNUToolchain/14.2.rel1/arm-none-eabi/arm-none-eabi/lib/thumb/v6-m/nofp/libc_nano.a(libc_a-freer.o)
                0x08004a34                _free_r
 .text          0x08004ac8        0x0 /Applications/ArmGNUToolchain/14.2.rel1/arm-none-eabi/arm-none-eabi/lib/thumb/v6-m/nofp/libc_nano.a(libc_a-nano-svfprintf.o)
 .text.__ssputs_r
                0x08004ac8       0xc8 /Applications/ArmGNUToolchain/14.2.rel1/arm-none-eabi/arm-none-eabi/lib/thumb/v6-m/nofp/libc_nano.a(libc_a-nano-svfprintf.o)
                0x08004ac8                __ssputs_r
 .text.__ssprint_r
                0x08004b90       0xf8 /Applications/ArmGNUToolchain/14.2.rel1/arm-none-eabi/arm-none-eabi/lib/thumb/v6-m/nofp/libc_nano.a(libc_a-nano-svfprintf.o)
                0x08004b90                __ssprint_r
 .text._svfprintf_r
                0x08004c88      0x208 /Applications/ArmGNUToolchain/14.2.rel1/arm-none-eabi/arm-none-eabi/lib/thumb/v6-m/nofp/libc_nano.a(libc_a-nano-svfprintf.o)
                0x08004c88                _svfprintf_r
                0x08004c88                _svfiprintf_r
 .text          0x08004e90        0x0 /Applications/ArmGNUToolchain/14.2.rel1/arm-none-eabi/arm-none-eabi/lib/thumb/v6-m/nofp/libc_nano.a(libc_a-malloc.o)
 .text.malloc   0x08004e90       0x14 /Applications/ArmGNUToolchain/14.2.rel1/arm-none-eabi/arm-none-eabi/lib/thumb/v6-m/nofp/libc_nano.a(libc_a-malloc.o)
                0x08004e90                malloc
 .text.free     0x08004ea4       0x14 /Applications/ArmGNUToolchain/14.2.rel1/arm-none-eabi/arm-none-eabi/lib/thumb/v6-m/nofp/libc_nano.a(libc_a-malloc.o)
                0x08004ea4                free
 .text          0x08004eb8        0x0 /Applications/ArmGNUToolchain/14.2.rel1/arm-none-eabi/arm-none-eabi/lib/thumb/v6-m/nofp/libc_nano.a(libc_a-mallocr.o)
 .text.sbrk_aligned
                0x08004eb8       0x44 /Applications/ArmGNUToolchain/14.2.rel1/arm-none-eabi/arm-none-eabi/lib/thumb/v6-m/nofp/libc_nano.a(libc_a-mallocr.o)
 .text._malloc_r
                0x08004efc      0x100 /Applications/ArmGNUToolchain/14.2.rel1/arm-none-eabi/arm-none-eabi/lib/thumb/v6-m/nofp/libc_nano.a(libc_a-mallocr.o)
                0x08004efc                _malloc_r
 .text          0x08004ffc        0x0 /Applications/ArmGNUToolchain/14.2.rel1/arm-none-eabi/arm-none-eabi/lib/thumb/v6-m/nofp/libc_nano.a(libc_a-mlock.o)
 .text.__malloc_lock
                0x08004ffc       0x10 /Applications/ArmGNUToolchain/14.2.rel1/arm-none-eabi/arm-none-eabi/lib/thumb/v6-m/nofp/libc_nano.a(libc_a-mlock.o)
                0x08004ffc                __malloc_lock
 .text.__malloc_unlock
                0x0800500c       0x10 /Applications/ArmGNUToolchain/14.2.rel1/arm-none-eabi/arm-none-eabi/lib/thumb/v6-m/nofp/libc_nano.a(libc_a-mlock.o)
                0x0800500c                __malloc_unlock
 .text          0x0800501c        0x0 /Applications/ArmGNUToolchain/14.2.rel1/arm-none-eabi/arm-none-eabi/lib/thumb/v6-m/nofp/libc_nano.a(libc_a-mprec.o)
 .text._Balloc  0x0800501c       0x84 /Applications/ArmGNUToolchain/14.2.rel1/arm-none-eabi/arm-none-eabi/lib/thumb/v6-m/nofp/libc_nano.a(libc_a-mprec.o)
                0x0800501c                _Balloc
 .text._Bfree   0x080050a0       0x48 /Applications/ArmGNUToolchain/14.2.rel1/arm-none-eabi/arm-none-eabi/lib/thumb/v6-m/nofp/libc_nano.a(libc_a-mprec.o)
                0x080050a0                _Bfree
 .text.__multadd
                0x080050e8       0x88 /Applications/ArmGNUToolchain/14.2.rel1/arm-none-eabi/arm-none-eabi/lib/thumb/v6-m/nofp/libc_nano.a(libc_a-mprec.o)
                0x080050e8                __multadd
 .text.__s2b    0x08005170       0x98 /Applications/ArmGNUToolchain/14.2.rel1/arm-none-eabi/arm-none-eabi/lib/thumb/v6-m/nofp/libc_nano.a(libc_a-mprec.o)
                0x08005170                __s2b
 .text.__hi0bits
                0x08005208       0x42 /Applications/ArmGNUToolchain/14.2.rel1/arm-none-eabi/arm-none-eabi/lib/thumb/v6-m/nofp/libc_nano.a(libc_a-mprec.o)
                0x08005208                __hi0bits
 .text.__lo0bits
                0x0800524a       0x5c /Applications/ArmGNUToolchain/14.2.rel1/arm-none-eabi/arm-none-eabi/lib/thumb/v6-m/nofp/libc_nano.a(libc_a-mprec.o)
                0x0800524a                __lo0bits
 *fill*         0x080052a6        0x2 
 .text.__i2b    0x080052a8       0x30 /Applications/ArmGNUToolchain/14.2.rel1/arm-none-eabi/arm-none-eabi/lib/thumb/v6-m/nofp/libc_nano.a(libc_a-mprec.o)
                0x080052a8                __i2b
 .text.__multiply
                0x080052d8      0x158 /Applications/ArmGNUToolchain/14.2.rel1/arm-none-eabi/arm-none-eabi/lib/thumb/v6-m/nofp/libc_nano.a(libc_a-mprec.o)
                0x080052d8                __multiply
 .text.__pow5mult
                0x08005430       0xc4 /Applications/ArmGNUToolchain/14.2.rel1/arm-none-eabi/arm-none-eabi/lib/thumb/v6-m/nofp/libc_nano.a(libc_a-mprec.o)
                0x08005430                __pow5mult
 .text.__lshift
                0x080054f4       0xd8 /Applications/ArmGNUToolchain/14.2.rel1/arm-none-eabi/arm-none-eabi/lib/thumb/v6-m/nofp/libc_nano.a(libc_a-mprec.o)
                0x080054f4                __lshift
 .text.__mcmp   0x080055cc       0x36 /Applications/ArmGNUToolchain/14.2.rel1/arm-none-eabi/arm-none-eabi/lib/thumb/v6-m/nofp/libc_nano.a(libc_a-mprec.o)
                0x080055cc                __mcmp
 *fill*         0x08005602        0x2 
 .text.__mdiff  0x08005604      0x148 /Applications/ArmGNUToolchain/14.2.rel1/arm-none-eabi/arm-none-eabi/lib/thumb/v6-m/nofp/libc_nano.a(libc_a-mprec.o)
                0x08005604                __mdiff
 .text.__ulp    0x0800574c       0x40 /Applications/ArmGNUToolchain/14.2.rel1/arm-none-eabi/arm-none-eabi/lib/thumb/v6-m/nofp/libc_nano.a(libc_a-mprec.o)
                0x0800574c                __ulp
 .text.__b2d    0x0800578c       0x98 /Applications/ArmGNUToolchain/14.2.rel1/arm-none-eabi/arm-none-eabi/lib/thumb/v6-m/nofp/libc_nano.a(libc_a-mprec.o)
                0x0800578c                __b2d
 .text.__d2b    0x08005824       0xc0 /Applications/ArmGNUToolchain/14.2.rel1/arm-none-eabi/arm-none-eabi/lib/thumb/v6-m/nofp/libc_nano.a(libc_a-mprec.o)
                0x08005824                __d2b
 .text.__ratio  0x080058e4       0x54 /Applications/ArmGNUToolchain/14.2.rel1/arm-none-eabi/arm-none-eabi/lib/thumb/v6-m/nofp/libc_nano.a(libc_a-mprec.o)
                0x080058e4                __ratio
 .text._mprec_log10
                0x08005938       0x34 /Applications/ArmGNUToolchain/14.2.rel1/arm-none-eabi/arm-none-eabi/lib/thumb/v6-m/nofp/libc_nano.a(libc_a-mprec.o)
                0x08005938                _mprec_log10
 .text.__copybits
                0x0800596c       0x42 /Applications/ArmGNUToolchain/14.2.rel1/arm-none-eabi/arm-none-eabi/lib/thumb/v6-m/nofp/libc_nano.a(libc_a-mprec.o)
                0x0800596c                __copybits
 .text.__any_on
                0x080059ae       0x46 /Applications/ArmGNUToolchain/14.2.rel1/arm-none-eabi/arm-none-eabi/lib/thumb/v6-m/nofp/libc_nano.a(libc_a-mprec.o)
                0x080059ae                __any_on
 .text          0x080059f4        0x0 /Applications/ArmGNUToolchain/14.2.rel1/arm-none-eabi/arm-none-eabi/lib/thumb/v6-m/nofp/libc_nano.a(libc_a-stdio.o)
 .text.__sread  0x080059f4       0x28 /Applications/ArmGNUToolchain/14.2.rel1/arm-none-eabi/arm-none-eabi/lib/thumb/v6-m/nofp/libc_nano.a(libc_a-stdio.o)
                0x080059f4                __sread
 .text.__seofread
                0x08005a1c        0x4 /Applications/ArmGNUToolchain/14.2.rel1/arm-none-eabi/arm-none-eabi/lib/thumb/v6-m/nofp/libc_nano.a(libc_a-stdio.o)
                0x08005a1c                __seofread
 .text.__swrite
                0x08005a20       0x38 /Applications/ArmGNUToolchain/14.2.rel1/arm-none-eabi/arm-none-eabi/lib/thumb/v6-m/nofp/libc_nano.a(libc_a-stdio.o)
                0x08005a20                __swrite
 .text.__sseek  0x08005a58       0x2c /Applications/ArmGNUToolchain/14.2.rel1/arm-none-eabi/arm-none-eabi/lib/thumb/v6-m/nofp/libc_nano.a(libc_a-stdio.o)
                0x08005a58                __sseek
 .text.__sclose
                0x08005a84        0xc /Applications/ArmGNUToolchain/14.2.rel1/arm-none-eabi/arm-none-eabi/lib/thumb/v6-m/nofp/libc_nano.a(libc_a-stdio.o)
                0x08005a84                __sclose
 .text          0x08005a90        0x0 /Applications/ArmGNUToolchain/14.2.rel1/arm-none-eabi/arm-none-eabi/lib/thumb/v6-m/nofp/libc_nano.a(libc_a-reallocr.o)
 .text._realloc_r
                0x08005a90       0x60 /Applications/ArmGNUToolchain/14.2.rel1/arm-none-eabi/arm-none-eabi/lib/thumb/v6-m/nofp/libc_nano.a(libc_a-reallocr.o)
                0x08005a90                _realloc_r
 .text          0x08005af0        0x0 /Applications/ArmGNUToolchain/14.2.rel1/arm-none-eabi/arm-none-eabi/lib/thumb/v6-m/nofp/libc_nano.a(libc_a-wbuf.o)
 .text.__swbuf_r
                0x08005af0       0x84 /Applications/ArmGNUToolchain/14.2.rel1/arm-none-eabi/arm-none-eabi/lib/thumb/v6-m/nofp/libc_nano.a(libc_a-wbuf.o)
                0x08005af0                __swbuf_r
 .text.__swbuf  0x08005b74       0x14 /Applications/ArmGNUToolchain/14.2.rel1/arm-none-eabi/arm-none-eabi/lib/thumb/v6-m/nofp/libc_nano.a(libc_a-wbuf.o)
                0x08005b74                __swbuf
 .text          0x08005b88        0x0 /Applications/ArmGNUToolchain/14.2.rel1/arm-none-eabi/arm-none-eabi/lib/thumb/v6-m/nofp/libc_nano.a(libc_a-wsetup.o)
 .text.__swsetup_r
                0x08005b88       0xb4 /Applications/ArmGNUToolchain/14.2.rel1/arm-none-eabi/arm-none-eabi/lib/thumb/v6-m/nofp/libc_nano.a(libc_a-wsetup.o)
                0x08005b88                __swsetup_r
 .text          0x08005c3c        0x0 /Applications/ArmGNUToolchain/14.2.rel1/arm-none-eabi/arm-none-eabi/lib/thumb/v6-m/nofp/libc_nano.a(libc_a-makebuf.o)
 .text.__swhatbuf_r
                0x08005c3c       0x54 /Applications/ArmGNUToolchain/14.2.rel1/arm-none-eabi/arm-none-eabi/lib/thumb/v6-m/nofp/libc_nano.a(libc_a-makebuf.o)
                0x08005c3c                __swhatbuf_r
 .text.__smakebuf_r
                0x08005c90       0x72 /Applications/ArmGNUToolchain/14.2.rel1/arm-none-eabi/arm-none-eabi/lib/thumb/v6-m/nofp/libc_nano.a(libc_a-makebuf.o)
                0x08005c90                __smakebuf_r
 .text          0x08005d02        0x0 /Applications/ArmGNUToolchain/14.2.rel1/arm-none-eabi/arm-none-eabi/lib/thumb/v6-m/nofp/libc_nano.a(libc_a-memmove.o)
 .text.memmove  0x08005d02       0x24 /Applications/ArmGNUToolchain/14.2.rel1/arm-none-eabi/arm-none-eabi/lib/thumb/v6-m/nofp/libc_nano.a(libc_a-memmove.o)
                0x08005d02                memmove
 .text          0x08005d26        0x0 /Applications/ArmGNUToolchain/14.2.rel1/arm-none-eabi/arm-none-eabi/lib/thumb/v6-m/nofp/libc_nano.a(libc_a-isattyr.o)
 *fill*         0x08005d26        0x2 
 .text._isatty_r
                0x08005d28       0x24 /Applications/ArmGNUToolchain/14.2.rel1/arm-none-eabi/arm-none-eabi/lib/thumb/v6-m/nofp/libc_nano.a(libc_a-isattyr.o)
                0x08005d28                _isatty_r
 .text          0x08005d4c        0x0 /Applications/ArmGNUToolchain/14.2.rel1/arm-none-eabi/arm-none-eabi/lib/thumb/v6-m/nofp/libc_nano.a(libc_a-lseekr.o)
 .text._lseek_r
                0x08005d4c       0x28 /Applications/ArmGNUToolchain/14.2.rel1/arm-none-eabi/arm-none-eabi/lib/thumb/v6-m/nofp/libc_nano.a(libc_a-lseekr.o)
                0x08005d4c                _lseek_r
 .text          0x08005d74        0x0 /Applications/ArmGNUToolchain/14.2.rel1/arm-none-eabi/arm-none-eabi/lib/thumb/v6-m/nofp/libc_nano.a(libc_a-readr.o)
 .text._read_r  0x08005d74       0x28 /Applications/ArmGNUToolchain/14.2.rel1/arm-none-eabi/arm-none-eabi/lib/thumb/v6-m/nofp/libc_nano.a(libc_a-readr.o)
                0x08005d74                _read_r
 .text          0x08005d9c        0x0 /Applications/ArmGNUToolchain/14.2.rel1/arm-none-eabi/arm-none-eabi/lib/thumb/v6-m/nofp/libc_nano.a(libc_a-sbrkr.o)
 .text._sbrk_r  0x08005d9c       0x24 /Applications/ArmGNUToolchain/14.2.rel1/arm-none-eabi/arm-none-eabi/lib/thumb/v6-m/nofp/libc_nano.a(libc_a-sbrkr.o)
                0x08005d9c                _sbrk_r
 .text          0x08005dc0        0x0 /Applications/ArmGNUToolchain/14.2.rel1/arm-none-eabi/arm-none-eabi/lib/thumb/v6-m/nofp/libc_nano.a(libc_a-writer.o)
 .text._write_r
                0x08005dc0       0x28 /Applications/ArmGNUToolchain/14.2.rel1/arm-none-eabi/arm-none-eabi/lib/thumb/v6-m/nofp/libc_nano.a(libc_a-writer.o)
                0x08005dc0                _write_r
 .text          0x08005de8        0x0 /Applications/ArmGNUToolchain/14.2.rel1/arm-none-eabi/arm-none-eabi/lib/thumb/v6-m/nofp/libc_nano.a(libc_a-locale.o)
 .text._setlocale_r
                0x08005de8       0x40 /Applications/ArmGNUToolchain/14.2.rel1/arm-none-eabi/arm-none-eabi/lib/thumb/v6-m/nofp/libc_nano.a(libc_a-locale.o)
                0x08005de8                _setlocale_r
 .text.__locale_mb_cur_max
                0x08005e28       0x10 /Applications/ArmGNUToolchain/14.2.rel1/arm-none-eabi/arm-none-eabi/lib/thumb/v6-m/nofp/libc_nano.a(libc_a-locale.o)
                0x08005e28                __locale_mb_cur_max
 .text.setlocale
                0x08005e38       0x14 /Applications/ArmGNUToolchain/14.2.rel1/arm-none-eabi/arm-none-eabi/lib/thumb/v6-m/nofp/libc_nano.a(libc_a-locale.o)
                0x08005e38                setlocale
 .text          0x08005e4c        0x0 /Applications/ArmGNUToolchain/14.2.rel1/arm-none-eabi/arm-none-eabi/lib/thumb/v6-m/nofp/libc_nano.a(libc_a-closer.o)
 .text._close_r
                0x08005e4c       0x24 /Applications/ArmGNUToolchain/14.2.rel1/arm-none-eabi/arm-none-eabi/lib/thumb/v6-m/nofp/libc_nano.a(libc_a-closer.o)
                0x08005e4c                _close_r
 .text          0x08005e70        0x0 /Applications/ArmGNUToolchain/14.2.rel1/arm-none-eabi/arm-none-eabi/lib/thumb/v6-m/nofp/libc_nano.a(libc_a-fstatr.o)
 .text._fstat_r
                0x08005e70       0x24 /Applications/ArmGNUToolchain/14.2.rel1/arm-none-eabi/arm-none-eabi/lib/thumb/v6-m/nofp/libc_nano.a(libc_a-fstatr.o)
                0x08005e70                _fstat_r
 .text          0x08005e94       0x14 /Applications/ArmGNUToolchain/14.2.rel1/arm-none-eabi/arm-none-eabi/lib/thumb/v6-m/nofp/libc_nano.a(libc_a-strcmp.o)
                0x08005e94                strcmp
 .text          0x08005ea8        0x0 /Applications/ArmGNUToolchain/14.2.rel1/arm-none-eabi/arm-none-eabi/lib/thumb/v6-m/nofp/libc_nano.a(libc_a-memcpy-stub.o)
 .text.memcpy   0x08005ea8       0x12 /Applications/ArmGNUToolchain/14.2.rel1/arm-none-eabi/arm-none-eabi/lib/thumb/v6-m/nofp/libc_nano.a(libc_a-memcpy-stub.o)
                0x08005ea8                memcpy
 .text          0x08005eba        0x0 /Applications/ArmGNUToolchain/14.2.rel1/arm-none-eabi/arm-none-eabi/lib/thumb/v6-m/nofp/libc_nano.a(libc_a-ctype_.o)
 .text          0x08005eba        0x0 /Applications/ArmGNUToolchain/14.2.rel1/arm-none-eabi/arm-none-eabi/lib/thumb/v6-m/nofp/libc_nano.a(libc_a-assert.o)
 *fill*         0x08005eba        0x2 
 .text.__assert_func
                0x08005ebc       0x3c /Applications/ArmGNUToolchain/14.2.rel1/arm-none-eabi/arm-none-eabi/lib/thumb/v6-m/nofp/libc_nano.a(libc_a-assert.o)
                0x08005ebc                __assert_func
 .text.__assert
                0x08005ef8        0xa /Applications/ArmGNUToolchain/14.2.rel1/arm-none-eabi/arm-none-eabi/lib/thumb/v6-m/nofp/libc_nano.a(libc_a-assert.o)
                0x08005ef8                __assert
 .text          0x08005f02        0x0 /Applications/ArmGNUToolchain/14.2.rel1/arm-none-eabi/arm-none-eabi/lib/thumb/v6-m/nofp/libc_nano.a(libc_a-callocr.o)
 .text._calloc_r
                0x08005f02       0x5a /Applications/ArmGNUToolchain/14.2.rel1/arm-none-eabi/arm-none-eabi/lib/thumb/v6-m/nofp/libc_nano.a(libc_a-callocr.o)
                0x08005f02                _calloc_r
 .text          0x08005f5c        0x0 /Applications/ArmGNUToolchain/14.2.rel1/arm-none-eabi/arm-none-eabi/lib/thumb/v6-m/nofp/libc_nano.a(libc_a-mbtowc_r.o)
 .text._mbtowc_r
                0x08005f5c       0x14 /Applications/ArmGNUToolchain/14.2.rel1/arm-none-eabi/arm-none-eabi/lib/thumb/v6-m/nofp/libc_nano.a(libc_a-mbtowc_r.o)
                0x08005f5c                _mbtowc_r
 .text.__ascii_mbtowc
                0x08005f70       0x24 /Applications/ArmGNUToolchain/14.2.rel1/arm-none-eabi/arm-none-eabi/lib/thumb/v6-m/nofp/libc_nano.a(libc_a-mbtowc_r.o)
                0x08005f70                __ascii_mbtowc
 .text          0x08005f94        0x0 /Applications/ArmGNUToolchain/14.2.rel1/arm-none-eabi/arm-none-eabi/lib/thumb/v6-m/nofp/libc_nano.a(libc_a-msizer.o)
 .text._malloc_usable_size_r
                0x08005f94       0x10 /Applications/ArmGNUToolchain/14.2.rel1/arm-none-eabi/arm-none-eabi/lib/thumb/v6-m/nofp/libc_nano.a(libc_a-msizer.o)
                0x08005f94                _malloc_usable_size_r
 .text          0x08005fa4        0x0 /Applications/ArmGNUToolchain/14.2.rel1/arm-none-eabi/arm-none-eabi/lib/thumb/v6-m/nofp/libc_nano.a(libc_a-fprintf.o)
 .text._fprintf_r
                0x08005fa4       0x16 /Applications/ArmGNUToolchain/14.2.rel1/arm-none-eabi/arm-none-eabi/lib/thumb/v6-m/nofp/libc_nano.a(libc_a-fprintf.o)
                0x08005fa4                _fprintf_r
                0x08005fa4                _fiprintf_r
 *fill*         0x08005fba        0x2 
 .text.fprintf  0x08005fbc       0x20 /Applications/ArmGNUToolchain/14.2.rel1/arm-none-eabi/arm-none-eabi/lib/thumb/v6-m/nofp/libc_nano.a(libc_a-fprintf.o)
                0x08005fbc                fprintf
                0x08005fbc                fiprintf
 .text          0x08005fdc        0x0 /Applications/ArmGNUToolchain/14.2.rel1/arm-none-eabi/arm-none-eabi/lib/thumb/v6-m/nofp/libc_nano.a(libc_a-wctomb_r.o)
 .text._wctomb_r
                0x08005fdc       0x10 /Applications/ArmGNUToolchain/14.2.rel1/arm-none-eabi/arm-none-eabi/lib/thumb/v6-m/nofp/libc_nano.a(libc_a-wctomb_r.o)
                0x08005fdc                _wctomb_r
 .text.__ascii_wctomb
                0x08005fec       0x1a /Applications/ArmGNUToolchain/14.2.rel1/arm-none-eabi/arm-none-eabi/lib/thumb/v6-m/nofp/libc_nano.a(libc_a-wctomb_r.o)
                0x08005fec                __ascii_wctomb
 .text          0x08006006        0x0 /Applications/ArmGNUToolchain/14.2.rel1/arm-none-eabi/arm-none-eabi/lib/thumb/v6-m/nofp/libc_nano.a(libc_a-abort.o)
 .text.abort    0x08006006        0xe /Applications/ArmGNUToolchain/14.2.rel1/arm-none-eabi/arm-none-eabi/lib/thumb/v6-m/nofp/libc_nano.a(libc_a-abort.o)
                0x08006006                abort
 .text          0x08006014        0x0 /Applications/ArmGNUToolchain/14.2.rel1/arm-none-eabi/arm-none-eabi/lib/thumb/v6-m/nofp/libc_nano.a(libc_a-nano-vfprintf.o)
 .text.__sfputc_r
                0x08006014       0x2a /Applications/ArmGNUToolchain/14.2.rel1/arm-none-eabi/arm-none-eabi/lib/thumb/v6-m/nofp/libc_nano.a(libc_a-nano-vfprintf.o)
 .text.__sfputs_r
                0x0800603e       0x24 /Applications/ArmGNUToolchain/14.2.rel1/arm-none-eabi/arm-none-eabi/lib/thumb/v6-m/nofp/libc_nano.a(libc_a-nano-vfprintf.o)
                0x0800603e                __sfputs_r
 .text.__sprint_r
                0x08006062       0x20 /Applications/ArmGNUToolchain/14.2.rel1/arm-none-eabi/arm-none-eabi/lib/thumb/v6-m/nofp/libc_nano.a(libc_a-nano-vfprintf.o)
                0x08006062                __sprint_r
 *fill*         0x08006082        0x2 
 .text._vfprintf_r
                0x08006084      0x240 /Applications/ArmGNUToolchain/14.2.rel1/arm-none-eabi/arm-none-eabi/lib/thumb/v6-m/nofp/libc_nano.a(libc_a-nano-vfprintf.o)
                0x08006084                _vfiprintf_r
                0x08006084                _vfprintf_r
 .text.vfprintf
                0x080062c4       0x18 /Applications/ArmGNUToolchain/14.2.rel1/arm-none-eabi/arm-none-eabi/lib/thumb/v6-m/nofp/libc_nano.a(libc_a-nano-vfprintf.o)
                0x080062c4                vfiprintf
                0x080062c4                vfprintf
 .text          0x080062dc        0x0 /Applications/ArmGNUToolchain/14.2.rel1/arm-none-eabi/arm-none-eabi/lib/thumb/v6-m/nofp/libc_nano.a(libc_a-fvwrite.o)
 .text.__sfvwrite_r
                0x080062dc      0x2c4 /Applications/ArmGNUToolchain/14.2.rel1/arm-none-eabi/arm-none-eabi/lib/thumb/v6-m/nofp/libc_nano.a(libc_a-fvwrite.o)
                0x080062dc                __sfvwrite_r
 .text          0x080065a0        0x0 /Applications/ArmGNUToolchain/14.2.rel1/arm-none-eabi/arm-none-eabi/lib/thumb/v6-m/nofp/libc_nano.a(libc_a-signal.o)
 .text._init_signal_r
                0x080065a0       0x2a /Applications/ArmGNUToolchain/14.2.rel1/arm-none-eabi/arm-none-eabi/lib/thumb/v6-m/nofp/libc_nano.a(libc_a-signal.o)
                0x080065a0                _init_signal_r
 .text._signal_r
                0x080065ca       0x32 /Applications/ArmGNUToolchain/14.2.rel1/arm-none-eabi/arm-none-eabi/lib/thumb/v6-m/nofp/libc_nano.a(libc_a-signal.o)
                0x080065ca                _signal_r
 .text._raise_r
                0x080065fc       0x52 /Applications/ArmGNUToolchain/14.2.rel1/arm-none-eabi/arm-none-eabi/lib/thumb/v6-m/nofp/libc_nano.a(libc_a-signal.o)
                0x080065fc                _raise_r
 .text.__sigtramp_r
                0x0800664e       0x46 /Applications/ArmGNUToolchain/14.2.rel1/arm-none-eabi/arm-none-eabi/lib/thumb/v6-m/nofp/libc_nano.a(libc_a-signal.o)
                0x0800664e                __sigtramp_r
 .text.raise    0x08006694       0x14 /Applications/ArmGNUToolchain/14.2.rel1/arm-none-eabi/arm-none-eabi/lib/thumb/v6-m/nofp/libc_nano.a(libc_a-signal.o)
                0x08006694                raise
 .text.signal   0x080066a8       0x14 /Applications/ArmGNUToolchain/14.2.rel1/arm-none-eabi/arm-none-eabi/lib/thumb/v6-m/nofp/libc_nano.a(libc_a-signal.o)
                0x080066a8                signal
 .text._init_signal
                0x080066bc       0x10 /Applications/ArmGNUToolchain/14.2.rel1/arm-none-eabi/arm-none-eabi/lib/thumb/v6-m/nofp/libc_nano.a(libc_a-signal.o)
                0x080066bc                _init_signal
 .text.__sigtramp
                0x080066cc       0x14 /Applications/ArmGNUToolchain/14.2.rel1/arm-none-eabi/arm-none-eabi/lib/thumb/v6-m/nofp/libc_nano.a(libc_a-signal.o)
                0x080066cc                __sigtramp
 .text          0x080066e0        0x0 /Applications/ArmGNUToolchain/14.2.rel1/arm-none-eabi/arm-none-eabi/lib/thumb/v6-m/nofp/libc_nano.a(libc_a-signalr.o)
 .text._kill_r  0x080066e0       0x24 /Applications/ArmGNUToolchain/14.2.rel1/arm-none-eabi/arm-none-eabi/lib/thumb/v6-m/nofp/libc_nano.a(libc_a-signalr.o)
                0x080066e0                _kill_r
 .text._getpid_r
                0x08006704        0x8 /Applications/ArmGNUToolchain/14.2.rel1/arm-none-eabi/arm-none-eabi/lib/thumb/v6-m/nofp/libc_nano.a(libc_a-signalr.o)
                0x08006704                _getpid_r
 .text          0x0800670c       0x14 /Applications/ArmGNUToolchain/14.2.rel1/arm-none-eabi/lib/gcc/arm-none-eabi/14.2.1/thumb/v6-m/nofp/libgcc.a(_thumb1_case_uqi.o)
                0x0800670c                __gnu_thumb1_case_uqi
 .text          0x08006720       0x14 /Applications/ArmGNUToolchain/14.2.rel1/arm-none-eabi/lib/gcc/arm-none-eabi/14.2.1/thumb/v6-m/nofp/libgcc.a(_thumb1_case_shi.o)
                0x08006720                __gnu_thumb1_case_shi
 .text          0x08006734       0x7c /Applications/ArmGNUToolchain/14.2.rel1/arm-none-eabi/lib/gcc/arm-none-eabi/14.2.1/thumb/v6-m/nofp/libgcc.a(_arm_cmpdf2.o)
                0x08006734                __aeabi_cdrcmple
                0x08006744                __aeabi_cdcmple
                0x08006744                __aeabi_cdcmpeq
                0x08006754                __aeabi_dcmpeq
                0x08006760                __aeabi_dcmplt
                0x08006774                __aeabi_dcmple
                0x08006788                __aeabi_dcmpgt
                0x0800679c                __aeabi_dcmpge
 .text          0x080067b0        0x0 /Applications/ArmGNUToolchain/14.2.rel1/arm-none-eabi/lib/gcc/arm-none-eabi/14.2.1/thumb/v6-m/nofp/libgcc.a(eqdf2.o)
 .text.__eqdf2  0x080067b0       0x8c /Applications/ArmGNUToolchain/14.2.rel1/arm-none-eabi/lib/gcc/arm-none-eabi/14.2.1/thumb/v6-m/nofp/libgcc.a(eqdf2.o)
                0x080067b0                __eqdf2
                0x080067b0                __nedf2
 .text          0x0800683c        0x0 /Applications/ArmGNUToolchain/14.2.rel1/arm-none-eabi/lib/gcc/arm-none-eabi/14.2.1/thumb/v6-m/nofp/libgcc.a(gedf2.o)
 .text.__gedf2  0x0800683c       0xe0 /Applications/ArmGNUToolchain/14.2.rel1/arm-none-eabi/lib/gcc/arm-none-eabi/14.2.1/thumb/v6-m/nofp/libgcc.a(gedf2.o)
                0x0800683c                __gtdf2
                0x0800683c                __gedf2
 .text          0x0800691c        0x0 /Applications/ArmGNUToolchain/14.2.rel1/arm-none-eabi/lib/gcc/arm-none-eabi/14.2.1/thumb/v6-m/nofp/libgcc.a(ledf2.o)
 .text.__ledf2  0x0800691c       0xdc /Applications/ArmGNUToolchain/14.2.rel1/arm-none-eabi/lib/gcc/arm-none-eabi/14.2.1/thumb/v6-m/nofp/libgcc.a(ledf2.o)
                0x0800691c                __ltdf2
                0x0800691c                __ledf2
 .text          0x080069f8        0x0 /Applications/ArmGNUToolchain/14.2.rel1/arm-none-eabi/lib/gcc/arm-none-eabi/14.2.1/thumb/v6-m/nofp/libgcc.a(subdf3.o)
 .text.__aeabi_dsub
                0x080069f8      0x870 /Applications/ArmGNUToolchain/14.2.rel1/arm-none-eabi/lib/gcc/arm-none-eabi/14.2.1/thumb/v6-m/nofp/libgcc.a(subdf3.o)
                0x080069f8                __aeabi_dsub
 .text          0x08007268        0x0 /Applications/ArmGNUToolchain/14.2.rel1/arm-none-eabi/lib/gcc/arm-none-eabi/14.2.1/thumb/v6-m/nofp/libgcc.a(unorddf2.o)
 .text.__aeabi_dcmpun
                0x08007268       0x44 /Applications/ArmGNUToolchain/14.2.rel1/arm-none-eabi/lib/gcc/arm-none-eabi/14.2.1/thumb/v6-m/nofp/libgcc.a(unorddf2.o)
                0x08007268                __aeabi_dcmpun
 .text          0x080072ac        0x0 /Applications/ArmGNUToolchain/14.2.rel1/arm-none-eabi/lib/gcc/arm-none-eabi/14.2.1/thumb/v6-m/nofp/libgcc.a(fixdfsi.o)
 .text.__aeabi_d2iz
                0x080072ac       0x78 /Applications/ArmGNUToolchain/14.2.rel1/arm-none-eabi/lib/gcc/arm-none-eabi/14.2.1/thumb/v6-m/nofp/libgcc.a(fixdfsi.o)
                0x080072ac                __aeabi_d2iz
 *(.rodata*)
 .rodata        0x08007324       0xa3 main.o
 *fill*         0x080073c7        0x1 
 .rodata        0x080073c8       0x7c startup.o
 .rodata.__aeabi_fdiv
                0x08007444       0x7c /Applications/ArmGNUToolchain/14.2.rel1/arm-none-eabi/lib/gcc/arm-none-eabi/14.2.1/thumb/v6-m/nofp/libgcc.a(divsf3.o)
 .rodata.__aeabi_ddiv
                0x080074c0       0x40 /Applications/ArmGNUToolchain/14.2.rel1/arm-none-eabi/lib/gcc/arm-none-eabi/14.2.1/thumb/v6-m/nofp/libgcc.a(divdf3.o)
 .rodata._printf_float.str1.1
                0x08007500      0x183 /Applications/ArmGNUToolchain/14.2.rel1/arm-none-eabi/arm-none-eabi/lib/thumb/v6-m/nofp/libc_nano.a(libc_a-nano-vfprintf_float.o)
                                 0x12 (size before relaxing)
 .rodata._printf_i.str1.1
                0x08007683       0x22 /Applications/ArmGNUToolchain/14.2.rel1/arm-none-eabi/arm-none-eabi/lib/thumb/v6-m/nofp/libc_nano.a(libc_a-nano-vfprintf_i.o)
 .rodata._dtoa_r.str1.1
                0x08007683       0x98 /Applications/ArmGNUToolchain/14.2.rel1/arm-none-eabi/arm-none-eabi/lib/thumb/v6-m/nofp/libc_nano.a(libc_a-dtoa.o)
 .rodata._svfprintf_r.str1.1
                0x08007683       0x11 /Applications/ArmGNUToolchain/14.2.rel1/arm-none-eabi/arm-none-eabi/lib/thumb/v6-m/nofp/libc_nano.a(libc_a-nano-svfprintf.o)
 .rodata._Balloc.str1.1
                0x08007683       0x79 /Applications/ArmGNUToolchain/14.2.rel1/arm-none-eabi/arm-none-eabi/lib/thumb/v6-m/nofp/libc_nano.a(libc_a-mprec.o)
 .rodata.__multadd.str1.1
                0x08007683       0x11 /Applications/ArmGNUToolchain/14.2.rel1/arm-none-eabi/arm-none-eabi/lib/thumb/v6-m/nofp/libc_nano.a(libc_a-mprec.o)
 *fill*         0x08007683        0x1 
 .rodata.p05.0  0x08007684        0xc /Applications/ArmGNUToolchain/14.2.rel1/arm-none-eabi/arm-none-eabi/lib/thumb/v6-m/nofp/libc_nano.a(libc_a-mprec.o)
 .rodata.__mprec_tinytens
                0x08007690       0x28 /Applications/ArmGNUToolchain/14.2.rel1/arm-none-eabi/arm-none-eabi/lib/thumb/v6-m/nofp/libc_nano.a(libc_a-mprec.o)
                0x08007690                __mprec_tinytens
 .rodata.__mprec_bigtens
                0x080076b8       0x28 /Applications/ArmGNUToolchain/14.2.rel1/arm-none-eabi/arm-none-eabi/lib/thumb/v6-m/nofp/libc_nano.a(libc_a-mprec.o)
                0x080076b8                __mprec_bigtens
 .rodata.__mprec_tens
                0x080076e0       0xc8 /Applications/ArmGNUToolchain/14.2.rel1/arm-none-eabi/arm-none-eabi/lib/thumb/v6-m/nofp/libc_nano.a(libc_a-mprec.o)
                0x080076e0                __mprec_tens
 .rodata._setlocale_r.str1.1
                0x080077a8        0x9 /Applications/ArmGNUToolchain/14.2.rel1/arm-none-eabi/arm-none-eabi/lib/thumb/v6-m/nofp/libc_nano.a(libc_a-locale.o)
 .rodata.str1.1
                0x080077a8        0x2 /Applications/ArmGNUToolchain/14.2.rel1/arm-none-eabi/arm-none-eabi/lib/thumb/v6-m/nofp/libc_nano.a(libc_a-locale.o)
 .rodata._ctype_
                0x080077a8      0x101 /Applications/ArmGNUToolchain/14.2.rel1/arm-none-eabi/arm-none-eabi/lib/thumb/v6-m/nofp/libc_nano.a(libc_a-ctype_.o)
                0x080077a8                _ctype_
 .rodata.__assert_func.str1.1
                0x080078a9       0x3d /Applications/ArmGNUToolchain/14.2.rel1/arm-none-eabi/arm-none-eabi/lib/thumb/v6-m/nofp/libc_nano.a(libc_a-assert.o)
 .rodata._vfprintf_r.str1.1
                0x080078a9       0x11 /Applications/ArmGNUToolchain/14.2.rel1/arm-none-eabi/arm-none-eabi/lib/thumb/v6-m/nofp/libc_nano.a(libc_a-nano-vfprintf.o)
                0x080078e8                        . = ALIGN (0x4)
 *fill*         0x080078a9        0x3 
                0x080078ac                        PROVIDE (__init_array_start = .)
 *(SORT_BY_NAME(.init_array.*))
 *(.init_array)
                0x080078ac                        PROVIDE (__init_array_end = .)
                0x080078ac                        . = ALIGN (0x4)
                0x080078ac                        _etext = .

.glue_7         0x080078ac        0x0
 .glue_7        0x080078ac        0x0 linker stubs

.glue_7t        0x080078ac        0x0
 .glue_7t       0x080078ac        0x0 linker stubs

.vfp11_veneer   0x080078ac        0x0
 .vfp11_veneer  0x080078ac        0x0 linker stubs

.v4_bx          0x080078ac        0x0
 .v4_bx         0x080078ac        0x0 linker stubs

.iplt           0x080078ac        0x0
 .iplt          0x080078ac        0x0 main.o

.rel.dyn        0x080078ac        0x0
 .rel.iplt      0x080078ac        0x0 main.o

.data           0x20000000      0x1cc load address 0x080078ac
                0x20000000                        . = ALIGN (0x4)
                0x20000000                        _data = .
 *(.data*)
 .data          0x20000000        0x0 main.o
 .data          0x20000000        0x0 startup.o
 .data          0x20000000        0x0 serial.o
 .data          0x20000000        0x4 newlib_stubs.o
                0x20000000                environ
 .data          0x20000004        0x0 /Applications/ArmGNUToolchain/14.2.rel1/arm-none-eabi/arm-none-eabi/lib/thumb/v6-m/nofp/libnosys.a(errno.o)
 .data          0x20000004        0x0 /Applications/ArmGNUToolchain/14.2.rel1/arm-none-eabi/lib/gcc/arm-none-eabi/14.2.1/thumb/v6-m/nofp/libgcc.a(_divsi3.o)
 .data          0x20000004        0x0 /Applications/ArmGNUToolchain/14.2.rel1/arm-none-eabi/lib/gcc/arm-none-eabi/14.2.1/thumb/v6-m/nofp/libgcc.a(_dvmd_tls.o)
 .data          0x20000004        0x0 /Applications/ArmGNUToolchain/14.2.rel1/arm-none-eabi/lib/gcc/arm-none-eabi/14.2.1/thumb/v6-m/nofp/libgcc.a(_floatdidf.o)
 .data          0x20000004        0x0 /Applications/ArmGNUToolchain/14.2.rel1/arm-none-eabi/lib/gcc/arm-none-eabi/14.2.1/thumb/v6-m/nofp/libgcc.a(divsf3.o)
 .data          0x20000004        0x0 /Applications/ArmGNUToolchain/14.2.rel1/arm-none-eabi/lib/gcc/arm-none-eabi/14.2.1/thumb/v6-m/nofp/libgcc.a(adddf3.o)
 .data          0x20000004        0x0 /Applications/ArmGNUToolchain/14.2.rel1/arm-none-eabi/lib/gcc/arm-none-eabi/14.2.1/thumb/v6-m/nofp/libgcc.a(divdf3.o)
 .data          0x20000004        0x0 /Applications/ArmGNUToolchain/14.2.rel1/arm-none-eabi/lib/gcc/arm-none-eabi/14.2.1/thumb/v6-m/nofp/libgcc.a(muldf3.o)
 .data          0x20000004        0x0 /Applications/ArmGNUToolchain/14.2.rel1/arm-none-eabi/lib/gcc/arm-none-eabi/14.2.1/thumb/v6-m/nofp/libgcc.a(floatsidf.o)
 .data          0x20000004        0x0 /Applications/ArmGNUToolchain/14.2.rel1/arm-none-eabi/lib/gcc/arm-none-eabi/14.2.1/thumb/v6-m/nofp/libgcc.a(floatunsidf.o)
 .data          0x20000004        0x0 /Applications/ArmGNUToolchain/14.2.rel1/arm-none-eabi/lib/gcc/arm-none-eabi/14.2.1/thumb/v6-m/nofp/libgcc.a(extendsfdf2.o)
 .data          0x20000004        0x0 /Applications/ArmGNUToolchain/14.2.rel1/arm-none-eabi/lib/gcc/arm-none-eabi/14.2.1/thumb/v6-m/nofp/libgcc.a(truncdfsf2.o)
 .data          0x20000004        0x0 /Applications/ArmGNUToolchain/14.2.rel1/arm-none-eabi/lib/gcc/arm-none-eabi/14.2.1/thumb/v6-m/nofp/libgcc.a(_udivsi3.o)
 .data          0x20000004        0x0 /Applications/ArmGNUToolchain/14.2.rel1/arm-none-eabi/lib/gcc/arm-none-eabi/14.2.1/thumb/v6-m/nofp/libgcc.a(_clzsi2.o)
 .data          0x20000004        0x0 /Applications/ArmGNUToolchain/14.2.rel1/arm-none-eabi/arm-none-eabi/lib/thumb/v6-m/nofp/libc_nano.a(libc_a-nano-vfprintf_float.o)
 .data          0x20000004        0x0 /Applications/ArmGNUToolchain/14.2.rel1/arm-none-eabi/arm-none-eabi/lib/thumb/v6-m/nofp/libc_nano.a(libc_a-nano-vfprintf_i.o)
 .data          0x20000004        0x0 /Applications/ArmGNUToolchain/14.2.rel1/arm-none-eabi/arm-none-eabi/lib/thumb/v6-m/nofp/libc_nano.a(libc_a-fflush.o)
 .data          0x20000004        0x0 /Applications/ArmGNUToolchain/14.2.rel1/arm-none-eabi/arm-none-eabi/lib/thumb/v6-m/nofp/libc_nano.a(libc_a-sprintf.o)
 .data          0x20000004        0x0 /Applications/ArmGNUToolchain/14.2.rel1/arm-none-eabi/arm-none-eabi/lib/thumb/v6-m/nofp/libc_nano.a(libc_a-findfp.o)
 .data.__sglue  0x20000004        0xc /Applications/ArmGNUToolchain/14.2.rel1/arm-none-eabi/arm-none-eabi/lib/thumb/v6-m/nofp/libc_nano.a(libc_a-findfp.o)
                0x20000004                __sglue
 .data          0x20000010        0x0 /Applications/ArmGNUToolchain/14.2.rel1/arm-none-eabi/arm-none-eabi/lib/thumb/v6-m/nofp/libc_nano.a(libc_a-fwalk.o)
 .data          0x20000010        0x0 /Applications/ArmGNUToolchain/14.2.rel1/arm-none-eabi/arm-none-eabi/lib/thumb/v6-m/nofp/libc_nano.a(libc_a-puts.o)
 .data          0x20000010        0x0 /Applications/ArmGNUToolchain/14.2.rel1/arm-none-eabi/arm-none-eabi/lib/thumb/v6-m/nofp/libc_nano.a(libc_a-memset.o)
 .data          0x20000010        0x0 /Applications/ArmGNUToolchain/14.2.rel1/arm-none-eabi/arm-none-eabi/lib/thumb/v6-m/nofp/libc_nano.a(libc_a-lock.o)
 .data          0x20000010        0x0 /Applications/ArmGNUToolchain/14.2.rel1/arm-none-eabi/arm-none-eabi/lib/thumb/v6-m/nofp/libc_nano.a(libc_a-localeconv.o)
 .data          0x20000010        0x0 /Applications/ArmGNUToolchain/14.2.rel1/arm-none-eabi/arm-none-eabi/lib/thumb/v6-m/nofp/libc_nano.a(libc_a-impure.o)
 .data._impure_ptr
                0x20000010        0x4 /Applications/ArmGNUToolchain/14.2.rel1/arm-none-eabi/arm-none-eabi/lib/thumb/v6-m/nofp/libc_nano.a(libc_a-impure.o)
                0x20000010                _impure_ptr
 .data._impure_data
                0x20000014       0x4c /Applications/ArmGNUToolchain/14.2.rel1/arm-none-eabi/arm-none-eabi/lib/thumb/v6-m/nofp/libc_nano.a(libc_a-impure.o)
                0x20000014                _impure_data
 .data          0x20000060        0x0 /Applications/ArmGNUToolchain/14.2.rel1/arm-none-eabi/arm-none-eabi/lib/thumb/v6-m/nofp/libc_nano.a(libc_a-memchr-stub.o)
 .data          0x20000060        0x0 /Applications/ArmGNUToolchain/14.2.rel1/arm-none-eabi/arm-none-eabi/lib/thumb/v6-m/nofp/libc_nano.a(libc_a-strlen.o)
 .data          0x20000060        0x0 /Applications/ArmGNUToolchain/14.2.rel1/arm-none-eabi/arm-none-eabi/lib/thumb/v6-m/nofp/libc_nano.a(libc_a-dtoa.o)
 .data          0x20000060        0x0 /Applications/ArmGNUToolchain/14.2.rel1/arm-none-eabi/arm-none-eabi/lib/thumb/v6-m/nofp/libc_nano.a(libc_a-freer.o)
 .data          0x20000060        0x0 /Applications/ArmGNUToolchain/14.2.rel1/arm-none-eabi/arm-none-eabi/lib/thumb/v6-m/nofp/libc_nano.a(libc_a-nano-svfprintf.o)
 .data          0x20000060        0x0 /Applications/ArmGNUToolchain/14.2.rel1/arm-none-eabi/arm-none-eabi/lib/thumb/v6-m/nofp/libc_nano.a(libc_a-malloc.o)
 .data          0x20000060        0x0 /Applications/ArmGNUToolchain/14.2.rel1/arm-none-eabi/arm-none-eabi/lib/thumb/v6-m/nofp/libc_nano.a(libc_a-mallocr.o)
 .data          0x20000060        0x0 /Applications/ArmGNUToolchain/14.2.rel1/arm-none-eabi/arm-none-eabi/lib/thumb/v6-m/nofp/libc_nano.a(libc_a-mlock.o)
 .data          0x20000060        0x0 /Applications/ArmGNUToolchain/14.2.rel1/arm-none-eabi/arm-none-eabi/lib/thumb/v6-m/nofp/libc_nano.a(libc_a-mprec.o)
 .data          0x20000060        0x0 /Applications/ArmGNUToolchain/14.2.rel1/arm-none-eabi/arm-none-eabi/lib/thumb/v6-m/nofp/libc_nano.a(libc_a-stdio.o)
 .data          0x20000060        0x0 /Applications/ArmGNUToolchain/14.2.rel1/arm-none-eabi/arm-none-eabi/lib/thumb/v6-m/nofp/libc_nano.a(libc_a-reallocr.o)
 .data          0x20000060        0x0 /Applications/ArmGNUToolchain/14.2.rel1/arm-none-eabi/arm-none-eabi/lib/thumb/v6-m/nofp/libc_nano.a(libc_a-wbuf.o)
 .data          0x20000060        0x0 /Applications/ArmGNUToolchain/14.2.rel1/arm-none-eabi/arm-none-eabi/lib/thumb/v6-m/nofp/libc_nano.a(libc_a-wsetup.o)
 .data          0x20000060        0x0 /Applications/ArmGNUToolchain/14.2.rel1/arm-none-eabi/arm-none-eabi/lib/thumb/v6-m/nofp/libc_nano.a(libc_a-makebuf.o)
 .data          0x20000060        0x0 /Applications/ArmGNUToolchain/14.2.rel1/arm-none-eabi/arm-none-eabi/lib/thumb/v6-m/nofp/libc_nano.a(libc_a-memmove.o)
 .data          0x20000060        0x0 /Applications/ArmGNUToolchain/14.2.rel1/arm-none-eabi/arm-none-eabi/lib/thumb/v6-m/nofp/libc_nano.a(libc_a-isattyr.o)
 .data          0x20000060        0x0 /Applications/ArmGNUToolchain/14.2.rel1/arm-none-eabi/arm-none-eabi/lib/thumb/v6-m/nofp/libc_nano.a(libc_a-lseekr.o)
 .data          0x20000060        0x0 /Applications/ArmGNUToolchain/14.2.rel1/arm-none-eabi/arm-none-eabi/lib/thumb/v6-m/nofp/libc_nano.a(libc_a-readr.o)
 .data          0x20000060        0x0 /Applications/ArmGNUToolchain/14.2.rel1/arm-none-eabi/arm-none-eabi/lib/thumb/v6-m/nofp/libc_nano.a(libc_a-sbrkr.o)
 .data          0x20000060        0x0 /Applications/ArmGNUToolchain/14.2.rel1/arm-none-eabi/arm-none-eabi/lib/thumb/v6-m/nofp/libc_nano.a(libc_a-writer.o)
 .data          0x20000060        0x0 /Applications/ArmGNUToolchain/14.2.rel1/arm-none-eabi/arm-none-eabi/lib/thumb/v6-m/nofp/libc_nano.a(libc_a-locale.o)
 .data.__global_locale
                0x20000060      0x16c /Applications/ArmGNUToolchain/14.2.rel1/arm-none-eabi/arm-none-eabi/lib/thumb/v6-m/nofp/libc_nano.a(libc_a-locale.o)
                0x20000060                __global_locale
 .data          0x200001cc        0x0 /Applications/ArmGNUToolchain/14.2.rel1/arm-none-eabi/arm-none-eabi/lib/thumb/v6-m/nofp/libc_nano.a(libc_a-closer.o)
 .data          0x200001cc        0x0 /Applications/ArmGNUToolchain/14.2.rel1/arm-none-eabi/arm-none-eabi/lib/thumb/v6-m/nofp/libc_nano.a(libc_a-fstatr.o)
 .data          0x200001cc        0x0 /Applications/ArmGNUToolchain/14.2.rel1/arm-none-eabi/arm-none-eabi/lib/thumb/v6-m/nofp/libc_nano.a(libc_a-strcmp.o)
 .data          0x200001cc        0x0 /Applications/ArmGNUToolchain/14.2.rel1/arm-none-eabi/arm-none-eabi/lib/thumb/v6-m/nofp/libc_nano.a(libc_a-memcpy-stub.o)
 .data          0x200001cc        0x0 /Applications/ArmGNUToolchain/14.2.rel1/arm-none-eabi/arm-none-eabi/lib/thumb/v6-m/nofp/libc_nano.a(libc_a-ctype_.o)
 .data          0x200001cc        0x0 /Applications/ArmGNUToolchain/14.2.rel1/arm-none-eabi/arm-none-eabi/lib/thumb/v6-m/nofp/libc_nano.a(libc_a-assert.o)
 .data          0x200001cc        0x0 /Applications/ArmGNUToolchain/14.2.rel1/arm-none-eabi/arm-none-eabi/lib/thumb/v6-m/nofp/libc_nano.a(libc_a-callocr.o)
 .data          0x200001cc        0x0 /Applications/ArmGNUToolchain/14.2.rel1/arm-none-eabi/arm-none-eabi/lib/thumb/v6-m/nofp/libc_nano.a(libc_a-mbtowc_r.o)
 .data          0x200001cc        0x0 /Applications/ArmGNUToolchain/14.2.rel1/arm-none-eabi/arm-none-eabi/lib/thumb/v6-m/nofp/libc_nano.a(libc_a-msizer.o)
 .data          0x200001cc        0x0 /Applications/ArmGNUToolchain/14.2.rel1/arm-none-eabi/arm-none-eabi/lib/thumb/v6-m/nofp/libc_nano.a(libc_a-fprintf.o)
 .data          0x200001cc        0x0 /Applications/ArmGNUToolchain/14.2.rel1/arm-none-eabi/arm-none-eabi/lib/thumb/v6-m/nofp/libc_nano.a(libc_a-wctomb_r.o)
 .data          0x200001cc        0x0 /Applications/ArmGNUToolchain/14.2.rel1/arm-none-eabi/arm-none-eabi/lib/thumb/v6-m/nofp/libc_nano.a(libc_a-abort.o)
 .data          0x200001cc        0x0 /Applications/ArmGNUToolchain/14.2.rel1/arm-none-eabi/arm-none-eabi/lib/thumb/v6-m/nofp/libc_nano.a(libc_a-nano-vfprintf.o)
 .data          0x200001cc        0x0 /Applications/ArmGNUToolchain/14.2.rel1/arm-none-eabi/arm-none-eabi/lib/thumb/v6-m/nofp/libc_nano.a(libc_a-fvwrite.o)
 .data          0x200001cc        0x0 /Applications/ArmGNUToolchain/14.2.rel1/arm-none-eabi/arm-none-eabi/lib/thumb/v6-m/nofp/libc_nano.a(libc_a-signal.o)
 .data          0x200001cc        0x0 /Applications/ArmGNUToolchain/14.2.rel1/arm-none-eabi/arm-none-eabi/lib/thumb/v6-m/nofp/libc_nano.a(libc_a-signalr.o)
 .data          0x200001cc        0x0 /Applications/ArmGNUToolchain/14.2.rel1/arm-none-eabi/lib/gcc/arm-none-eabi/14.2.1/thumb/v6-m/nofp/libgcc.a(_thumb1_case_uqi.o)
 .data          0x200001cc        0x0 /Applications/ArmGNUToolchain/14.2.rel1/arm-none-eabi/lib/gcc/arm-none-eabi/14.2.1/thumb/v6-m/nofp/libgcc.a(_thumb1_case_shi.o)
 .data          0x200001cc        0x0 /Applications/ArmGNUToolchain/14.2.rel1/arm-none-eabi/lib/gcc/arm-none-eabi/14.2.1/thumb/v6-m/nofp/libgcc.a(_arm_cmpdf2.o)
 .data          0x200001cc        0x0 /Applications/ArmGNUToolchain/14.2.rel1/arm-none-eabi/lib/gcc/arm-none-eabi/14.2.1/thumb/v6-m/nofp/libgcc.a(eqdf2.o)
 .data          0x200001cc        0x0 /Applications/ArmGNUToolchain/14.2.rel1/arm-none-eabi/lib/gcc/arm-none-eabi/14.2.1/thumb/v6-m/nofp/libgcc.a(gedf2.o)
 .data          0x200001cc        0x0 /Applications/ArmGNUToolchain/14.2.rel1/arm-none-eabi/lib/gcc/arm-none-eabi/14.2.1/thumb/v6-m/nofp/libgcc.a(ledf2.o)
 .data          0x200001cc        0x0 /Applications/ArmGNUToolchain/14.2.rel1/arm-none-eabi/lib/gcc/arm-none-eabi/14.2.1/thumb/v6-m/nofp/libgcc.a(subdf3.o)
 .data          0x200001cc        0x0 /Applications/ArmGNUToolchain/14.2.rel1/arm-none-eabi/lib/gcc/arm-none-eabi/14.2.1/thumb/v6-m/nofp/libgcc.a(unorddf2.o)
 .data          0x200001cc        0x0 /Applications/ArmGNUToolchain/14.2.rel1/arm-none-eabi/lib/gcc/arm-none-eabi/14.2.1/thumb/v6-m/nofp/libgcc.a(fixdfsi.o)
                0x200001cc                        . = ALIGN (0x4)
                0x200001cc                        _edata = .

.igot.plt       0x200001cc        0x0 load address 0x08007a78
 .igot.plt      0x200001cc        0x0 main.o

.bss            0x200001cc      0x200 load address 0x08007a78
                0x200001cc                        _bss = .
 *(.bss*)
 .bss           0x200001cc        0x0 main.o
 .bss           0x200001cc        0x0 startup.o
 .bss           0x200001cc       0xa4 serial.o
                0x200001cc                ComRXBuffer
                0x20000218                ComTXBuffer
                0x20000264                ComOpen
                0x20000268                ComError
                0x2000026c                ComBusy
 .bss           0x20000270        0x8 newlib_stubs.o
                0x20000270                __env
 .bss           0x20000278        0x0 /Applications/ArmGNUToolchain/14.2.rel1/arm-none-eabi/arm-none-eabi/lib/thumb/v6-m/nofp/libnosys.a(errno.o)
 .bss.errno     0x20000278        0x4 /Applications/ArmGNUToolchain/14.2.rel1/arm-none-eabi/arm-none-eabi/lib/thumb/v6-m/nofp/libnosys.a(errno.o)
                0x20000278                errno
 .bss           0x2000027c        0x0 /Applications/ArmGNUToolchain/14.2.rel1/arm-none-eabi/lib/gcc/arm-none-eabi/14.2.1/thumb/v6-m/nofp/libgcc.a(_divsi3.o)
 .bss           0x2000027c        0x0 /Applications/ArmGNUToolchain/14.2.rel1/arm-none-eabi/lib/gcc/arm-none-eabi/14.2.1/thumb/v6-m/nofp/libgcc.a(_dvmd_tls.o)
 .bss           0x2000027c        0x0 /Applications/ArmGNUToolchain/14.2.rel1/arm-none-eabi/lib/gcc/arm-none-eabi/14.2.1/thumb/v6-m/nofp/libgcc.a(_floatdidf.o)
 .bss           0x2000027c        0x0 /Applications/ArmGNUToolchain/14.2.rel1/arm-none-eabi/lib/gcc/arm-none-eabi/14.2.1/thumb/v6-m/nofp/libgcc.a(divsf3.o)
 .bss           0x2000027c        0x0 /Applications/ArmGNUToolchain/14.2.rel1/arm-none-eabi/lib/gcc/arm-none-eabi/14.2.1/thumb/v6-m/nofp/libgcc.a(adddf3.o)
 .bss           0x2000027c        0x0 /Applications/ArmGNUToolchain/14.2.rel1/arm-none-eabi/lib/gcc/arm-none-eabi/14.2.1/thumb/v6-m/nofp/libgcc.a(divdf3.o)
 .bss           0x2000027c        0x0 /Applications/ArmGNUToolchain/14.2.rel1/arm-none-eabi/lib/gcc/arm-none-eabi/14.2.1/thumb/v6-m/nofp/libgcc.a(muldf3.o)
 .bss           0x2000027c        0x0 /Applications/ArmGNUToolchain/14.2.rel1/arm-none-eabi/lib/gcc/arm-none-eabi/14.2.1/thumb/v6-m/nofp/libgcc.a(floatsidf.o)
 .bss           0x2000027c        0x0 /Applications/ArmGNUToolchain/14.2.rel1/arm-none-eabi/lib/gcc/arm-none-eabi/14.2.1/thumb/v6-m/nofp/libgcc.a(floatunsidf.o)
 .bss           0x2000027c        0x0 /Applications/ArmGNUToolchain/14.2.rel1/arm-none-eabi/lib/gcc/arm-none-eabi/14.2.1/thumb/v6-m/nofp/libgcc.a(extendsfdf2.o)
 .bss           0x2000027c        0x0 /Applications/ArmGNUToolchain/14.2.rel1/arm-none-eabi/lib/gcc/arm-none-eabi/14.2.1/thumb/v6-m/nofp/libgcc.a(truncdfsf2.o)
 .bss           0x2000027c        0x0 /Applications/ArmGNUToolchain/14.2.rel1/arm-none-eabi/lib/gcc/arm-none-eabi/14.2.1/thumb/v6-m/nofp/libgcc.a(_udivsi3.o)
 .bss           0x2000027c        0x0 /Applications/ArmGNUToolchain/14.2.rel1/arm-none-eabi/lib/gcc/arm-none-eabi/14.2.1/thumb/v6-m/nofp/libgcc.a(_clzsi2.o)
 .bss           0x2000027c        0x0 /Applications/ArmGNUToolchain/14.2.rel1/arm-none-eabi/arm-none-eabi/lib/thumb/v6-m/nofp/libc_nano.a(libc_a-nano-vfprintf_float.o)
 .bss           0x2000027c        0x0 /Applications/ArmGNUToolchain/14.2.rel1/arm-none-eabi/arm-none-eabi/lib/thumb/v6-m/nofp/libc_nano.a(libc_a-nano-vfprintf_i.o)
 .bss           0x2000027c        0x0 /Applications/ArmGNUToolchain/14.2.rel1/arm-none-eabi/arm-none-eabi/lib/thumb/v6-m/nofp/libc_nano.a(libc_a-fflush.o)
 .bss           0x2000027c        0x0 /Applications/ArmGNUToolchain/14.2.rel1/arm-none-eabi/arm-none-eabi/lib/thumb/v6-m/nofp/libc_nano.a(libc_a-sprintf.o)
 .bss           0x2000027c        0x0 /Applications/ArmGNUToolchain/14.2.rel1/arm-none-eabi/arm-none-eabi/lib/thumb/v6-m/nofp/libc_nano.a(libc_a-findfp.o)
 .bss.__sf      0x2000027c      0x138 /Applications/ArmGNUToolchain/14.2.rel1/arm-none-eabi/arm-none-eabi/lib/thumb/v6-m/nofp/libc_nano.a(libc_a-findfp.o)
                0x2000027c                __sf
 .bss.__stdio_exit_handler
                0x200003b4        0x4 /Applications/ArmGNUToolchain/14.2.rel1/arm-none-eabi/arm-none-eabi/lib/thumb/v6-m/nofp/libc_nano.a(libc_a-findfp.o)
                0x200003b4                __stdio_exit_handler
 .bss           0x200003b8        0x0 /Applications/ArmGNUToolchain/14.2.rel1/arm-none-eabi/arm-none-eabi/lib/thumb/v6-m/nofp/libc_nano.a(libc_a-fwalk.o)
 .bss           0x200003b8        0x0 /Applications/ArmGNUToolchain/14.2.rel1/arm-none-eabi/arm-none-eabi/lib/thumb/v6-m/nofp/libc_nano.a(libc_a-puts.o)
 .bss           0x200003b8        0x0 /Applications/ArmGNUToolchain/14.2.rel1/arm-none-eabi/arm-none-eabi/lib/thumb/v6-m/nofp/libc_nano.a(libc_a-memset.o)
 .bss           0x200003b8        0x0 /Applications/ArmGNUToolchain/14.2.rel1/arm-none-eabi/arm-none-eabi/lib/thumb/v6-m/nofp/libc_nano.a(libc_a-lock.o)
 .bss.__lock___arc4random_mutex
                0x200003b8        0x1 /Applications/ArmGNUToolchain/14.2.rel1/arm-none-eabi/arm-none-eabi/lib/thumb/v6-m/nofp/libc_nano.a(libc_a-lock.o)
                0x200003b8                __lock___arc4random_mutex
 .bss.__lock___dd_hash_mutex
                0x200003b9        0x1 /Applications/ArmGNUToolchain/14.2.rel1/arm-none-eabi/arm-none-eabi/lib/thumb/v6-m/nofp/libc_nano.a(libc_a-lock.o)
                0x200003b9                __lock___dd_hash_mutex
 .bss.__lock___tz_mutex
                0x200003ba        0x1 /Applications/ArmGNUToolchain/14.2.rel1/arm-none-eabi/arm-none-eabi/lib/thumb/v6-m/nofp/libc_nano.a(libc_a-lock.o)
                0x200003ba                __lock___tz_mutex
 .bss.__lock___env_recursive_mutex
                0x200003bb        0x1 /Applications/ArmGNUToolchain/14.2.rel1/arm-none-eabi/arm-none-eabi/lib/thumb/v6-m/nofp/libc_nano.a(libc_a-lock.o)
                0x200003bb                __lock___env_recursive_mutex
 .bss.__lock___malloc_recursive_mutex
                0x200003bc        0x1 /Applications/ArmGNUToolchain/14.2.rel1/arm-none-eabi/arm-none-eabi/lib/thumb/v6-m/nofp/libc_nano.a(libc_a-lock.o)
                0x200003bc                __lock___malloc_recursive_mutex
 .bss.__lock___at_quick_exit_mutex
                0x200003bd        0x1 /Applications/ArmGNUToolchain/14.2.rel1/arm-none-eabi/arm-none-eabi/lib/thumb/v6-m/nofp/libc_nano.a(libc_a-lock.o)
                0x200003bd                __lock___at_quick_exit_mutex
 .bss.__lock___atexit_recursive_mutex
                0x200003be        0x1 /Applications/ArmGNUToolchain/14.2.rel1/arm-none-eabi/arm-none-eabi/lib/thumb/v6-m/nofp/libc_nano.a(libc_a-lock.o)
                0x200003be                __lock___atexit_recursive_mutex
 .bss.__lock___sfp_recursive_mutex
                0x200003bf        0x1 /Applications/ArmGNUToolchain/14.2.rel1/arm-none-eabi/arm-none-eabi/lib/thumb/v6-m/nofp/libc_nano.a(libc_a-lock.o)
                0x200003bf                __lock___sfp_recursive_mutex
 .bss           0x200003c0        0x0 /Applications/ArmGNUToolchain/14.2.rel1/arm-none-eabi/arm-none-eabi/lib/thumb/v6-m/nofp/libc_nano.a(libc_a-localeconv.o)
 .bss           0x200003c0        0x0 /Applications/ArmGNUToolchain/14.2.rel1/arm-none-eabi/arm-none-eabi/lib/thumb/v6-m/nofp/libc_nano.a(libc_a-impure.o)
 .bss           0x200003c0        0x0 /Applications/ArmGNUToolchain/14.2.rel1/arm-none-eabi/arm-none-eabi/lib/thumb/v6-m/nofp/libc_nano.a(libc_a-memchr-stub.o)
 .bss           0x200003c0        0x0 /Applications/ArmGNUToolchain/14.2.rel1/arm-none-eabi/arm-none-eabi/lib/thumb/v6-m/nofp/libc_nano.a(libc_a-strlen.o)
 .bss           0x200003c0        0x0 /Applications/ArmGNUToolchain/14.2.rel1/arm-none-eabi/arm-none-eabi/lib/thumb/v6-m/nofp/libc_nano.a(libc_a-dtoa.o)
 .bss           0x200003c0        0x0 /Applications/ArmGNUToolchain/14.2.rel1/arm-none-eabi/arm-none-eabi/lib/thumb/v6-m/nofp/libc_nano.a(libc_a-freer.o)
 .bss           0x200003c0        0x0 /Applications/ArmGNUToolchain/14.2.rel1/arm-none-eabi/arm-none-eabi/lib/thumb/v6-m/nofp/libc_nano.a(libc_a-nano-svfprintf.o)
 .bss           0x200003c0        0x0 /Applications/ArmGNUToolchain/14.2.rel1/arm-none-eabi/arm-none-eabi/lib/thumb/v6-m/nofp/libc_nano.a(libc_a-malloc.o)
 .bss           0x200003c0        0x0 /Applications/ArmGNUToolchain/14.2.rel1/arm-none-eabi/arm-none-eabi/lib/thumb/v6-m/nofp/libc_nano.a(libc_a-mallocr.o)
 .bss.__malloc_sbrk_start
                0x200003c0        0x4 /Applications/ArmGNUToolchain/14.2.rel1/arm-none-eabi/arm-none-eabi/lib/thumb/v6-m/nofp/libc_nano.a(libc_a-mallocr.o)
                0x200003c0                __malloc_sbrk_start
 .bss.__malloc_free_list
                0x200003c4        0x4 /Applications/ArmGNUToolchain/14.2.rel1/arm-none-eabi/arm-none-eabi/lib/thumb/v6-m/nofp/libc_nano.a(libc_a-mallocr.o)
                0x200003c4                __malloc_free_list
 .bss           0x200003c8        0x0 /Applications/ArmGNUToolchain/14.2.rel1/arm-none-eabi/arm-none-eabi/lib/thumb/v6-m/nofp/libc_nano.a(libc_a-mlock.o)
 .bss           0x200003c8        0x0 /Applications/ArmGNUToolchain/14.2.rel1/arm-none-eabi/arm-none-eabi/lib/thumb/v6-m/nofp/libc_nano.a(libc_a-mprec.o)
 .bss           0x200003c8        0x0 /Applications/ArmGNUToolchain/14.2.rel1/arm-none-eabi/arm-none-eabi/lib/thumb/v6-m/nofp/libc_nano.a(libc_a-stdio.o)
 .bss           0x200003c8        0x0 /Applications/ArmGNUToolchain/14.2.rel1/arm-none-eabi/arm-none-eabi/lib/thumb/v6-m/nofp/libc_nano.a(libc_a-reallocr.o)
 .bss           0x200003c8        0x0 /Applications/ArmGNUToolchain/14.2.rel1/arm-none-eabi/arm-none-eabi/lib/thumb/v6-m/nofp/libc_nano.a(libc_a-wbuf.o)
 .bss           0x200003c8        0x0 /Applications/ArmGNUToolchain/14.2.rel1/arm-none-eabi/arm-none-eabi/lib/thumb/v6-m/nofp/libc_nano.a(libc_a-wsetup.o)
 .bss           0x200003c8        0x0 /Applications/ArmGNUToolchain/14.2.rel1/arm-none-eabi/arm-none-eabi/lib/thumb/v6-m/nofp/libc_nano.a(libc_a-makebuf.o)
 .bss           0x200003c8        0x0 /Applications/ArmGNUToolchain/14.2.rel1/arm-none-eabi/arm-none-eabi/lib/thumb/v6-m/nofp/libc_nano.a(libc_a-memmove.o)
 .bss           0x200003c8        0x0 /Applications/ArmGNUToolchain/14.2.rel1/arm-none-eabi/arm-none-eabi/lib/thumb/v6-m/nofp/libc_nano.a(libc_a-isattyr.o)
 .bss           0x200003c8        0x0 /Applications/ArmGNUToolchain/14.2.rel1/arm-none-eabi/arm-none-eabi/lib/thumb/v6-m/nofp/libc_nano.a(libc_a-lseekr.o)
 .bss           0x200003c8        0x0 /Applications/ArmGNUToolchain/14.2.rel1/arm-none-eabi/arm-none-eabi/lib/thumb/v6-m/nofp/libc_nano.a(libc_a-readr.o)
 .bss           0x200003c8        0x0 /Applications/ArmGNUToolchain/14.2.rel1/arm-none-eabi/arm-none-eabi/lib/thumb/v6-m/nofp/libc_nano.a(libc_a-sbrkr.o)
 .bss           0x200003c8        0x0 /Applications/ArmGNUToolchain/14.2.rel1/arm-none-eabi/arm-none-eabi/lib/thumb/v6-m/nofp/libc_nano.a(libc_a-writer.o)
 .bss           0x200003c8        0x0 /Applications/ArmGNUToolchain/14.2.rel1/arm-none-eabi/arm-none-eabi/lib/thumb/v6-m/nofp/libc_nano.a(libc_a-locale.o)
 .bss._PathLocale
                0x200003c8        0x4 /Applications/ArmGNUToolchain/14.2.rel1/arm-none-eabi/arm-none-eabi/lib/thumb/v6-m/nofp/libc_nano.a(libc_a-locale.o)
                0x200003c8                _PathLocale
 .bss           0x200003cc        0x0 /Applications/ArmGNUToolchain/14.2.rel1/arm-none-eabi/arm-none-eabi/lib/thumb/v6-m/nofp/libc_nano.a(libc_a-closer.o)
 .bss           0x200003cc        0x0 /Applications/ArmGNUToolchain/14.2.rel1/arm-none-eabi/arm-none-eabi/lib/thumb/v6-m/nofp/libc_nano.a(libc_a-fstatr.o)
 .bss           0x200003cc        0x0 /Applications/ArmGNUToolchain/14.2.rel1/arm-none-eabi/arm-none-eabi/lib/thumb/v6-m/nofp/libc_nano.a(libc_a-strcmp.o)
 .bss           0x200003cc        0x0 /Applications/ArmGNUToolchain/14.2.rel1/arm-none-eabi/arm-none-eabi/lib/thumb/v6-m/nofp/libc_nano.a(libc_a-memcpy-stub.o)
 .bss           0x200003cc        0x0 /Applications/ArmGNUToolchain/14.2.rel1/arm-none-eabi/arm-none-eabi/lib/thumb/v6-m/nofp/libc_nano.a(libc_a-ctype_.o)
 .bss           0x200003cc        0x0 /Applications/ArmGNUToolchain/14.2.rel1/arm-none-eabi/arm-none-eabi/lib/thumb/v6-m/nofp/libc_nano.a(libc_a-assert.o)
 .bss           0x200003cc        0x0 /Applications/ArmGNUToolchain/14.2.rel1/arm-none-eabi/arm-none-eabi/lib/thumb/v6-m/nofp/libc_nano.a(libc_a-callocr.o)
 .bss           0x200003cc        0x0 /Applications/ArmGNUToolchain/14.2.rel1/arm-none-eabi/arm-none-eabi/lib/thumb/v6-m/nofp/libc_nano.a(libc_a-mbtowc_r.o)
 .bss           0x200003cc        0x0 /Applications/ArmGNUToolchain/14.2.rel1/arm-none-eabi/arm-none-eabi/lib/thumb/v6-m/nofp/libc_nano.a(libc_a-msizer.o)
 .bss           0x200003cc        0x0 /Applications/ArmGNUToolchain/14.2.rel1/arm-none-eabi/arm-none-eabi/lib/thumb/v6-m/nofp/libc_nano.a(libc_a-fprintf.o)
 .bss           0x200003cc        0x0 /Applications/ArmGNUToolchain/14.2.rel1/arm-none-eabi/arm-none-eabi/lib/thumb/v6-m/nofp/libc_nano.a(libc_a-wctomb_r.o)
 .bss           0x200003cc        0x0 /Applications/ArmGNUToolchain/14.2.rel1/arm-none-eabi/arm-none-eabi/lib/thumb/v6-m/nofp/libc_nano.a(libc_a-abort.o)
 .bss           0x200003cc        0x0 /Applications/ArmGNUToolchain/14.2.rel1/arm-none-eabi/arm-none-eabi/lib/thumb/v6-m/nofp/libc_nano.a(libc_a-nano-vfprintf.o)
 .bss           0x200003cc        0x0 /Applications/ArmGNUToolchain/14.2.rel1/arm-none-eabi/arm-none-eabi/lib/thumb/v6-m/nofp/libc_nano.a(libc_a-fvwrite.o)
 .bss           0x200003cc        0x0 /Applications/ArmGNUToolchain/14.2.rel1/arm-none-eabi/arm-none-eabi/lib/thumb/v6-m/nofp/libc_nano.a(libc_a-signal.o)
 .bss           0x200003cc        0x0 /Applications/ArmGNUToolchain/14.2.rel1/arm-none-eabi/arm-none-eabi/lib/thumb/v6-m/nofp/libc_nano.a(libc_a-signalr.o)
 .bss           0x200003cc        0x0 /Applications/ArmGNUToolchain/14.2.rel1/arm-none-eabi/lib/gcc/arm-none-eabi/14.2.1/thumb/v6-m/nofp/libgcc.a(_thumb1_case_uqi.o)
 .bss           0x200003cc        0x0 /Applications/ArmGNUToolchain/14.2.rel1/arm-none-eabi/lib/gcc/arm-none-eabi/14.2.1/thumb/v6-m/nofp/libgcc.a(_thumb1_case_shi.o)
 .bss           0x200003cc        0x0 /Applications/ArmGNUToolchain/14.2.rel1/arm-none-eabi/lib/gcc/arm-none-eabi/14.2.1/thumb/v6-m/nofp/libgcc.a(_arm_cmpdf2.o)
 .bss           0x200003cc        0x0 /Applications/ArmGNUToolchain/14.2.rel1/arm-none-eabi/lib/gcc/arm-none-eabi/14.2.1/thumb/v6-m/nofp/libgcc.a(eqdf2.o)
 .bss           0x200003cc        0x0 /Applications/ArmGNUToolchain/14.2.rel1/arm-none-eabi/lib/gcc/arm-none-eabi/14.2.1/thumb/v6-m/nofp/libgcc.a(gedf2.o)
 .bss           0x200003cc        0x0 /Applications/ArmGNUToolchain/14.2.rel1/arm-none-eabi/lib/gcc/arm-none-eabi/14.2.1/thumb/v6-m/nofp/libgcc.a(ledf2.o)
 .bss           0x200003cc        0x0 /Applications/ArmGNUToolchain/14.2.rel1/arm-none-eabi/lib/gcc/arm-none-eabi/14.2.1/thumb/v6-m/nofp/libgcc.a(subdf3.o)
 .bss           0x200003cc        0x0 /Applications/ArmGNUToolchain/14.2.rel1/arm-none-eabi/lib/gcc/arm-none-eabi/14.2.1/thumb/v6-m/nofp/libgcc.a(unorddf2.o)
 .bss           0x200003cc        0x0 /Applications/ArmGNUToolchain/14.2.rel1/arm-none-eabi/lib/gcc/arm-none-eabi/14.2.1/thumb/v6-m/nofp/libgcc.a(fixdfsi.o)
 *(COMMON)
                0x200003cc                        . = ALIGN (0x4)
                0x200003cc                        _ebss = .
                [!provide]                        PROVIDE (end = .)
                0x200003cc                        PROVIDE (_HeapStart = .)
                0x20002000                        PROVIDE (_StackTop = (ORIGIN (ram) + LENGTH (ram)))
OUTPUT(main.elf elf32-littlearm)
LOAD linker stubs

.debug_info     0x00000000     0x1e3d
 .debug_info    0x00000000      0xc0a main.o
 .debug_info    0x00000c0a      0x391 startup.o
 .debug_info    0x00000f9b      0x79e serial.o
 .debug_info    0x00001739      0x704 newlib_stubs.o

.debug_abbrev   0x00000000      0x82f
 .debug_abbrev  0x00000000      0x2b2 main.o
 .debug_abbrev  0x000002b2      0x1c2 startup.o
 .debug_abbrev  0x00000474      0x208 serial.o
 .debug_abbrev  0x0000067c      0x1b3 newlib_stubs.o

.debug_aranges  0x00000000       0x88
 .debug_aranges
                0x00000000       0x20 main.o
 .debug_aranges
                0x00000020       0x28 startup.o
 .debug_aranges
                0x00000048       0x20 serial.o
 .debug_aranges
                0x00000068       0x20 newlib_stubs.o

.debug_line     0x00000000     0x106e
 .debug_line    0x00000000      0x5ec main.o
 .debug_line    0x000005ec      0x2ab startup.o
 .debug_line    0x00000897      0x50a serial.o
 .debug_line    0x00000da1      0x2cd newlib_stubs.o

.debug_str      0x00000000      0xa2f
 .debug_str     0x00000000      0xa2f main.o
                                0x60f (size before relaxing)
 .debug_str     0x00000a2f      0x2c2 startup.o
 .debug_str     0x00000a2f      0x381 serial.o
 .debug_str     0x00000a2f      0x3b3 newlib_stubs.o

.comment        0x00000000       0x45
 .comment       0x00000000       0x45 main.o
                                 0x46 (size before relaxing)
 .comment       0x00000045       0x46 startup.o
 .comment       0x00000045       0x46 serial.o
 .comment       0x00000045       0x46 newlib_stubs.o

.ARM.attributes
                0x00000000       0x2a
 .ARM.attributes
                0x00000000       0x2c main.o
 .ARM.attributes
                0x0000002c       0x2c startup.o
 .ARM.attributes
                0x00000058       0x2c serial.o
 .ARM.attributes
                0x00000084       0x2c newlib_stubs.o
 .ARM.attributes
                0x000000b0       0x2c /Applications/ArmGNUToolchain/14.2.rel1/arm-none-eabi/arm-none-eabi/lib/thumb/v6-m/nofp/libnosys.a(errno.o)
 .ARM.attributes
                0x000000dc       0x1e /Applications/ArmGNUToolchain/14.2.rel1/arm-none-eabi/lib/gcc/arm-none-eabi/14.2.1/thumb/v6-m/nofp/libgcc.a(_divsi3.o)
 .ARM.attributes
                0x000000fa       0x1e /Applications/ArmGNUToolchain/14.2.rel1/arm-none-eabi/lib/gcc/arm-none-eabi/14.2.1/thumb/v6-m/nofp/libgcc.a(_dvmd_tls.o)
 .ARM.attributes
                0x00000118       0x2c /Applications/ArmGNUToolchain/14.2.rel1/arm-none-eabi/lib/gcc/arm-none-eabi/14.2.1/thumb/v6-m/nofp/libgcc.a(_floatdidf.o)
 .ARM.attributes
                0x00000144       0x2c /Applications/ArmGNUToolchain/14.2.rel1/arm-none-eabi/lib/gcc/arm-none-eabi/14.2.1/thumb/v6-m/nofp/libgcc.a(divsf3.o)
 .ARM.attributes
                0x00000170       0x2c /Applications/ArmGNUToolchain/14.2.rel1/arm-none-eabi/lib/gcc/arm-none-eabi/14.2.1/thumb/v6-m/nofp/libgcc.a(adddf3.o)
 .ARM.attributes
                0x0000019c       0x2c /Applications/ArmGNUToolchain/14.2.rel1/arm-none-eabi/lib/gcc/arm-none-eabi/14.2.1/thumb/v6-m/nofp/libgcc.a(divdf3.o)
 .ARM.attributes
                0x000001c8       0x2c /Applications/ArmGNUToolchain/14.2.rel1/arm-none-eabi/lib/gcc/arm-none-eabi/14.2.1/thumb/v6-m/nofp/libgcc.a(muldf3.o)
 .ARM.attributes
                0x000001f4       0x2c /Applications/ArmGNUToolchain/14.2.rel1/arm-none-eabi/lib/gcc/arm-none-eabi/14.2.1/thumb/v6-m/nofp/libgcc.a(floatsidf.o)
 .ARM.attributes
                0x00000220       0x2c /Applications/ArmGNUToolchain/14.2.rel1/arm-none-eabi/lib/gcc/arm-none-eabi/14.2.1/thumb/v6-m/nofp/libgcc.a(floatunsidf.o)
 .ARM.attributes
                0x0000024c       0x2c /Applications/ArmGNUToolchain/14.2.rel1/arm-none-eabi/lib/gcc/arm-none-eabi/14.2.1/thumb/v6-m/nofp/libgcc.a(extendsfdf2.o)
 .ARM.attributes
                0x00000278       0x2c /Applications/ArmGNUToolchain/14.2.rel1/arm-none-eabi/lib/gcc/arm-none-eabi/14.2.1/thumb/v6-m/nofp/libgcc.a(truncdfsf2.o)
 .ARM.attributes
                0x000002a4       0x1e /Applications/ArmGNUToolchain/14.2.rel1/arm-none-eabi/lib/gcc/arm-none-eabi/14.2.1/thumb/v6-m/nofp/libgcc.a(_udivsi3.o)
 .ARM.attributes
                0x000002c2       0x1e /Applications/ArmGNUToolchain/14.2.rel1/arm-none-eabi/lib/gcc/arm-none-eabi/14.2.1/thumb/v6-m/nofp/libgcc.a(_clzsi2.o)
 .ARM.attributes
                0x000002e0       0x2c /Applications/ArmGNUToolchain/14.2.rel1/arm-none-eabi/arm-none-eabi/lib/thumb/v6-m/nofp/libc_nano.a(libc_a-nano-vfprintf_float.o)
 .ARM.attributes
                0x0000030c       0x2c /Applications/ArmGNUToolchain/14.2.rel1/arm-none-eabi/arm-none-eabi/lib/thumb/v6-m/nofp/libc_nano.a(libc_a-nano-vfprintf_i.o)
 .ARM.attributes
                0x00000338       0x2c /Applications/ArmGNUToolchain/14.2.rel1/arm-none-eabi/arm-none-eabi/lib/thumb/v6-m/nofp/libc_nano.a(libc_a-fflush.o)
 .ARM.attributes
                0x00000364       0x2c /Applications/ArmGNUToolchain/14.2.rel1/arm-none-eabi/arm-none-eabi/lib/thumb/v6-m/nofp/libc_nano.a(libc_a-sprintf.o)
 .ARM.attributes
                0x00000390       0x2c /Applications/ArmGNUToolchain/14.2.rel1/arm-none-eabi/arm-none-eabi/lib/thumb/v6-m/nofp/libc_nano.a(libc_a-findfp.o)
 .ARM.attributes
                0x000003bc       0x2c /Applications/ArmGNUToolchain/14.2.rel1/arm-none-eabi/arm-none-eabi/lib/thumb/v6-m/nofp/libc_nano.a(libc_a-fwalk.o)
 .ARM.attributes
                0x000003e8       0x2c /Applications/ArmGNUToolchain/14.2.rel1/arm-none-eabi/arm-none-eabi/lib/thumb/v6-m/nofp/libc_nano.a(libc_a-puts.o)
 .ARM.attributes
                0x00000414       0x2c /Applications/ArmGNUToolchain/14.2.rel1/arm-none-eabi/arm-none-eabi/lib/thumb/v6-m/nofp/libc_nano.a(libc_a-memset.o)
 .ARM.attributes
                0x00000440       0x2c /Applications/ArmGNUToolchain/14.2.rel1/arm-none-eabi/arm-none-eabi/lib/thumb/v6-m/nofp/libc_nano.a(libc_a-lock.o)
 .ARM.attributes
                0x0000046c       0x2c /Applications/ArmGNUToolchain/14.2.rel1/arm-none-eabi/arm-none-eabi/lib/thumb/v6-m/nofp/libc_nano.a(libc_a-localeconv.o)
 .ARM.attributes
                0x00000498       0x2c /Applications/ArmGNUToolchain/14.2.rel1/arm-none-eabi/arm-none-eabi/lib/thumb/v6-m/nofp/libc_nano.a(libc_a-impure.o)
 .ARM.attributes
                0x000004c4       0x2c /Applications/ArmGNUToolchain/14.2.rel1/arm-none-eabi/arm-none-eabi/lib/thumb/v6-m/nofp/libc_nano.a(libc_a-memchr-stub.o)
 .ARM.attributes
                0x000004f0       0x1c /Applications/ArmGNUToolchain/14.2.rel1/arm-none-eabi/arm-none-eabi/lib/thumb/v6-m/nofp/libc_nano.a(libc_a-strlen.o)
 .ARM.attributes
                0x0000050c       0x2c /Applications/ArmGNUToolchain/14.2.rel1/arm-none-eabi/arm-none-eabi/lib/thumb/v6-m/nofp/libc_nano.a(libc_a-dtoa.o)
 .ARM.attributes
                0x00000538       0x2c /Applications/ArmGNUToolchain/14.2.rel1/arm-none-eabi/arm-none-eabi/lib/thumb/v6-m/nofp/libc_nano.a(libc_a-freer.o)
 .ARM.attributes
                0x00000564       0x2c /Applications/ArmGNUToolchain/14.2.rel1/arm-none-eabi/arm-none-eabi/lib/thumb/v6-m/nofp/libc_nano.a(libc_a-nano-svfprintf.o)
 .ARM.attributes
                0x00000590       0x2c /Applications/ArmGNUToolchain/14.2.rel1/arm-none-eabi/arm-none-eabi/lib/thumb/v6-m/nofp/libc_nano.a(libc_a-malloc.o)
 .ARM.attributes
                0x000005bc       0x2c /Applications/ArmGNUToolchain/14.2.rel1/arm-none-eabi/arm-none-eabi/lib/thumb/v6-m/nofp/libc_nano.a(libc_a-mallocr.o)
 .ARM.attributes
                0x000005e8       0x2c /Applications/ArmGNUToolchain/14.2.rel1/arm-none-eabi/arm-none-eabi/lib/thumb/v6-m/nofp/libc_nano.a(libc_a-mlock.o)
 .ARM.attributes
                0x00000614       0x2c /Applications/ArmGNUToolchain/14.2.rel1/arm-none-eabi/arm-none-eabi/lib/thumb/v6-m/nofp/libc_nano.a(libc_a-mprec.o)
 .ARM.attributes
                0x00000640       0x2c /Applications/ArmGNUToolchain/14.2.rel1/arm-none-eabi/arm-none-eabi/lib/thumb/v6-m/nofp/libc_nano.a(libc_a-stdio.o)
 .ARM.attributes
                0x0000066c       0x2c /Applications/ArmGNUToolchain/14.2.rel1/arm-none-eabi/arm-none-eabi/lib/thumb/v6-m/nofp/libc_nano.a(libc_a-reallocr.o)
 .ARM.attributes
                0x00000698       0x2c /Applications/ArmGNUToolchain/14.2.rel1/arm-none-eabi/arm-none-eabi/lib/thumb/v6-m/nofp/libc_nano.a(libc_a-wbuf.o)
 .ARM.attributes
                0x000006c4       0x2c /Applications/ArmGNUToolchain/14.2.rel1/arm-none-eabi/arm-none-eabi/lib/thumb/v6-m/nofp/libc_nano.a(libc_a-wsetup.o)
 .ARM.attributes
                0x000006f0       0x2c /Applications/ArmGNUToolchain/14.2.rel1/arm-none-eabi/arm-none-eabi/lib/thumb/v6-m/nofp/libc_nano.a(libc_a-makebuf.o)
 .ARM.attributes
                0x0000071c       0x2c /Applications/ArmGNUToolchain/14.2.rel1/arm-none-eabi/arm-none-eabi/lib/thumb/v6-m/nofp/libc_nano.a(libc_a-memmove.o)
 .ARM.attributes
                0x00000748       0x2c /Applications/ArmGNUToolchain/14.2.rel1/arm-none-eabi/arm-none-eabi/lib/thumb/v6-m/nofp/libc_nano.a(libc_a-isattyr.o)
 .ARM.attributes
                0x00000774       0x2c /Applications/ArmGNUToolchain/14.2.rel1/arm-none-eabi/arm-none-eabi/lib/thumb/v6-m/nofp/libc_nano.a(libc_a-lseekr.o)
 .ARM.attributes
                0x000007a0       0x2c /Applications/ArmGNUToolchain/14.2.rel1/arm-none-eabi/arm-none-eabi/lib/thumb/v6-m/nofp/libc_nano.a(libc_a-readr.o)
 .ARM.attributes
                0x000007cc       0x2c /Applications/ArmGNUToolchain/14.2.rel1/arm-none-eabi/arm-none-eabi/lib/thumb/v6-m/nofp/libc_nano.a(libc_a-sbrkr.o)
 .ARM.attributes
                0x000007f8       0x2c /Applications/ArmGNUToolchain/14.2.rel1/arm-none-eabi/arm-none-eabi/lib/thumb/v6-m/nofp/libc_nano.a(libc_a-writer.o)
 .ARM.attributes
                0x00000824       0x2c /Applications/ArmGNUToolchain/14.2.rel1/arm-none-eabi/arm-none-eabi/lib/thumb/v6-m/nofp/libc_nano.a(libc_a-locale.o)
 .ARM.attributes
                0x00000850       0x2c /Applications/ArmGNUToolchain/14.2.rel1/arm-none-eabi/arm-none-eabi/lib/thumb/v6-m/nofp/libc_nano.a(libc_a-closer.o)
 .ARM.attributes
                0x0000087c       0x2c /Applications/ArmGNUToolchain/14.2.rel1/arm-none-eabi/arm-none-eabi/lib/thumb/v6-m/nofp/libc_nano.a(libc_a-fstatr.o)
 .ARM.attributes
                0x000008a8       0x1c /Applications/ArmGNUToolchain/14.2.rel1/arm-none-eabi/arm-none-eabi/lib/thumb/v6-m/nofp/libc_nano.a(libc_a-strcmp.o)
 .ARM.attributes
                0x000008c4       0x2c /Applications/ArmGNUToolchain/14.2.rel1/arm-none-eabi/arm-none-eabi/lib/thumb/v6-m/nofp/libc_nano.a(libc_a-memcpy-stub.o)
 .ARM.attributes
                0x000008f0       0x2c /Applications/ArmGNUToolchain/14.2.rel1/arm-none-eabi/arm-none-eabi/lib/thumb/v6-m/nofp/libc_nano.a(libc_a-ctype_.o)
 .ARM.attributes
                0x0000091c       0x2c /Applications/ArmGNUToolchain/14.2.rel1/arm-none-eabi/arm-none-eabi/lib/thumb/v6-m/nofp/libc_nano.a(libc_a-assert.o)
 .ARM.attributes
                0x00000948       0x2c /Applications/ArmGNUToolchain/14.2.rel1/arm-none-eabi/arm-none-eabi/lib/thumb/v6-m/nofp/libc_nano.a(libc_a-callocr.o)
 .ARM.attributes
                0x00000974       0x2c /Applications/ArmGNUToolchain/14.2.rel1/arm-none-eabi/arm-none-eabi/lib/thumb/v6-m/nofp/libc_nano.a(libc_a-mbtowc_r.o)
 .ARM.attributes
                0x000009a0       0x2c /Applications/ArmGNUToolchain/14.2.rel1/arm-none-eabi/arm-none-eabi/lib/thumb/v6-m/nofp/libc_nano.a(libc_a-msizer.o)
 .ARM.attributes
                0x000009cc       0x2c /Applications/ArmGNUToolchain/14.2.rel1/arm-none-eabi/arm-none-eabi/lib/thumb/v6-m/nofp/libc_nano.a(libc_a-fprintf.o)
 .ARM.attributes
                0x000009f8       0x2c /Applications/ArmGNUToolchain/14.2.rel1/arm-none-eabi/arm-none-eabi/lib/thumb/v6-m/nofp/libc_nano.a(libc_a-wctomb_r.o)
 .ARM.attributes
                0x00000a24       0x2c /Applications/ArmGNUToolchain/14.2.rel1/arm-none-eabi/arm-none-eabi/lib/thumb/v6-m/nofp/libc_nano.a(libc_a-abort.o)
 .ARM.attributes
                0x00000a50       0x2c /Applications/ArmGNUToolchain/14.2.rel1/arm-none-eabi/arm-none-eabi/lib/thumb/v6-m/nofp/libc_nano.a(libc_a-nano-vfprintf.o)
 .ARM.attributes
                0x00000a7c       0x2c /Applications/ArmGNUToolchain/14.2.rel1/arm-none-eabi/arm-none-eabi/lib/thumb/v6-m/nofp/libc_nano.a(libc_a-fvwrite.o)
 .ARM.attributes
                0x00000aa8       0x2c /Applications/ArmGNUToolchain/14.2.rel1/arm-none-eabi/arm-none-eabi/lib/thumb/v6-m/nofp/libc_nano.a(libc_a-signal.o)
 .ARM.attributes
                0x00000ad4       0x2c /Applications/ArmGNUToolchain/14.2.rel1/arm-none-eabi/arm-none-eabi/lib/thumb/v6-m/nofp/libc_nano.a(libc_a-signalr.o)
 .ARM.attributes
                0x00000b00       0x1e /Applications/ArmGNUToolchain/14.2.rel1/arm-none-eabi/lib/gcc/arm-none-eabi/14.2.1/thumb/v6-m/nofp/libgcc.a(_thumb1_case_uqi.o)
 .ARM.attributes
                0x00000b1e       0x1e /Applications/ArmGNUToolchain/14.2.rel1/arm-none-eabi/lib/gcc/arm-none-eabi/14.2.1/thumb/v6-m/nofp/libgcc.a(_thumb1_case_shi.o)
 .ARM.attributes
                0x00000b3c       0x1e /Applications/ArmGNUToolchain/14.2.rel1/arm-none-eabi/lib/gcc/arm-none-eabi/14.2.1/thumb/v6-m/nofp/libgcc.a(_arm_cmpdf2.o)
 .ARM.attributes
                0x00000b5a       0x2c /Applications/ArmGNUToolchain/14.2.rel1/arm-none-eabi/lib/gcc/arm-none-eabi/14.2.1/thumb/v6-m/nofp/libgcc.a(eqdf2.o)
 .ARM.attributes
                0x00000b86       0x2c /Applications/ArmGNUToolchain/14.2.rel1/arm-none-eabi/lib/gcc/arm-none-eabi/14.2.1/thumb/v6-m/nofp/libgcc.a(gedf2.o)